ARM GAS  C:\Users\nosak\AppData\Local\Temp\ccm1FIH8.s 			page 1


   1              		.syntax unified
   2              		.cpu cortex-m3
   3              		.fpu softvfp
   4              		.eabi_attribute 20, 1
   5              		.eabi_attribute 21, 1
   6              		.eabi_attribute 23, 3
   7              		.eabi_attribute 24, 1
   8              		.eabi_attribute 25, 1
   9              		.eabi_attribute 26, 1
  10              		.eabi_attribute 30, 1
  11              		.eabi_attribute 34, 1
  12              		.eabi_attribute 18, 4
  13              		.thumb
  14              		.file	"P_out_2.c"
  15              		.text
  16              	.Ltext0:
  17              		.cfi_sections	.debug_frame
  18              		.section	.text.P_out_2_Write,"ax",%progbits
  19              		.align	2
  20              		.global	P_out_2_Write
  21              		.thumb
  22              		.thumb_func
  23              		.type	P_out_2_Write, %function
  24              	P_out_2_Write:
  25              	.LFB0:
  26              		.file 1 ".\\Generated_Source\\PSoC5\\P_out_2.c"
   1:.\Generated_Source\PSoC5/P_out_2.c **** /*******************************************************************************
   2:.\Generated_Source\PSoC5/P_out_2.c **** * File Name: P_out_2.c  
   3:.\Generated_Source\PSoC5/P_out_2.c **** * Version 2.20
   4:.\Generated_Source\PSoC5/P_out_2.c **** *
   5:.\Generated_Source\PSoC5/P_out_2.c **** * Description:
   6:.\Generated_Source\PSoC5/P_out_2.c **** *  This file contains API to enable firmware control of a Pins component.
   7:.\Generated_Source\PSoC5/P_out_2.c **** *
   8:.\Generated_Source\PSoC5/P_out_2.c **** * Note:
   9:.\Generated_Source\PSoC5/P_out_2.c **** *
  10:.\Generated_Source\PSoC5/P_out_2.c **** ********************************************************************************
  11:.\Generated_Source\PSoC5/P_out_2.c **** * Copyright 2008-2015, Cypress Semiconductor Corporation.  All rights reserved.
  12:.\Generated_Source\PSoC5/P_out_2.c **** * You may use this file only in accordance with the license, terms, conditions, 
  13:.\Generated_Source\PSoC5/P_out_2.c **** * disclaimers, and limitations in the end user license agreement accompanying 
  14:.\Generated_Source\PSoC5/P_out_2.c **** * the software package with which this file was provided.
  15:.\Generated_Source\PSoC5/P_out_2.c **** *******************************************************************************/
  16:.\Generated_Source\PSoC5/P_out_2.c **** 
  17:.\Generated_Source\PSoC5/P_out_2.c **** #include "cytypes.h"
  18:.\Generated_Source\PSoC5/P_out_2.c **** #include "P_out_2.h"
  19:.\Generated_Source\PSoC5/P_out_2.c **** 
  20:.\Generated_Source\PSoC5/P_out_2.c **** /* APIs are not generated for P15[7:6] on PSoC 5 */
  21:.\Generated_Source\PSoC5/P_out_2.c **** #if !(CY_PSOC5A &&\
  22:.\Generated_Source\PSoC5/P_out_2.c **** 	 P_out_2__PORT == 15 && ((P_out_2__MASK & 0xC0) != 0))
  23:.\Generated_Source\PSoC5/P_out_2.c **** 
  24:.\Generated_Source\PSoC5/P_out_2.c **** 
  25:.\Generated_Source\PSoC5/P_out_2.c **** /*******************************************************************************
  26:.\Generated_Source\PSoC5/P_out_2.c **** * Function Name: P_out_2_Write
  27:.\Generated_Source\PSoC5/P_out_2.c **** ****************************************************************************//**
  28:.\Generated_Source\PSoC5/P_out_2.c **** *
  29:.\Generated_Source\PSoC5/P_out_2.c **** * \brief Writes the value to the physical port (data output register), masking
  30:.\Generated_Source\PSoC5/P_out_2.c **** *  and shifting the bits appropriately. 
  31:.\Generated_Source\PSoC5/P_out_2.c **** *
ARM GAS  C:\Users\nosak\AppData\Local\Temp\ccm1FIH8.s 			page 2


  32:.\Generated_Source\PSoC5/P_out_2.c **** * The data output register controls the signal applied to the physical pin in 
  33:.\Generated_Source\PSoC5/P_out_2.c **** * conjunction with the drive mode parameter. This function avoids changing 
  34:.\Generated_Source\PSoC5/P_out_2.c **** * other bits in the port by using the appropriate method (read-modify-write or
  35:.\Generated_Source\PSoC5/P_out_2.c **** * bit banding).
  36:.\Generated_Source\PSoC5/P_out_2.c **** *
  37:.\Generated_Source\PSoC5/P_out_2.c **** * <b>Note</b> This function should not be used on a hardware digital output pin 
  38:.\Generated_Source\PSoC5/P_out_2.c **** * as it is driven by the hardware signal attached to it.
  39:.\Generated_Source\PSoC5/P_out_2.c **** *
  40:.\Generated_Source\PSoC5/P_out_2.c **** * \param value
  41:.\Generated_Source\PSoC5/P_out_2.c **** *  Value to write to the component instance.
  42:.\Generated_Source\PSoC5/P_out_2.c **** *
  43:.\Generated_Source\PSoC5/P_out_2.c **** * \return 
  44:.\Generated_Source\PSoC5/P_out_2.c **** *  None 
  45:.\Generated_Source\PSoC5/P_out_2.c **** *
  46:.\Generated_Source\PSoC5/P_out_2.c **** * \sideeffect
  47:.\Generated_Source\PSoC5/P_out_2.c **** *  If you use read-modify-write operations that are not atomic; the Interrupt 
  48:.\Generated_Source\PSoC5/P_out_2.c **** *  Service Routines (ISR) can cause corruption of this function. An ISR that 
  49:.\Generated_Source\PSoC5/P_out_2.c **** *  interrupts this function and performs writes to the Pins component data 
  50:.\Generated_Source\PSoC5/P_out_2.c **** *  register can cause corrupted port data. To avoid this issue, you should 
  51:.\Generated_Source\PSoC5/P_out_2.c **** *  either use the Per-Pin APIs (primary method) or disable interrupts around 
  52:.\Generated_Source\PSoC5/P_out_2.c **** *  this function.
  53:.\Generated_Source\PSoC5/P_out_2.c **** *
  54:.\Generated_Source\PSoC5/P_out_2.c **** * \funcusage
  55:.\Generated_Source\PSoC5/P_out_2.c **** *  \snippet P_out_2_SUT.c usage_P_out_2_Write
  56:.\Generated_Source\PSoC5/P_out_2.c **** *******************************************************************************/
  57:.\Generated_Source\PSoC5/P_out_2.c **** void P_out_2_Write(uint8 value)
  58:.\Generated_Source\PSoC5/P_out_2.c **** {
  27              		.loc 1 58 0
  28              		.cfi_startproc
  29              		@ args = 0, pretend = 0, frame = 0
  30              		@ frame_needed = 0, uses_anonymous_args = 0
  31              		@ link register save eliminated.
  32              	.LVL0:
  59:.\Generated_Source\PSoC5/P_out_2.c ****     uint8 staticBits = (P_out_2_DR & (uint8)(~P_out_2_MASK));
  33              		.loc 1 59 0
  34 0000 044A     		ldr	r2, .L2
  35 0002 1378     		ldrb	r3, [r2]	@ zero_extendqisi2
  36 0004 03F03F03 		and	r3, r3, #63
  37              	.LVL1:
  60:.\Generated_Source\PSoC5/P_out_2.c ****     P_out_2_DR = staticBits | ((uint8)(value << P_out_2_SHIFT) & P_out_2_MASK);
  38              		.loc 1 60 0
  39 0008 8001     		lsls	r0, r0, #6
  40              	.LVL2:
  41 000a C0B2     		uxtb	r0, r0
  42 000c 0343     		orrs	r3, r3, r0
  43              	.LVL3:
  44 000e 1370     		strb	r3, [r2]
  45 0010 7047     		bx	lr
  46              	.L3:
  47 0012 00BF     		.align	2
  48              	.L2:
  49 0014 60510040 		.word	1073762656
  50              		.cfi_endproc
  51              	.LFE0:
  52              		.size	P_out_2_Write, .-P_out_2_Write
  53              		.section	.text.P_out_2_SetDriveMode,"ax",%progbits
  54              		.align	2
ARM GAS  C:\Users\nosak\AppData\Local\Temp\ccm1FIH8.s 			page 3


  55              		.global	P_out_2_SetDriveMode
  56              		.thumb
  57              		.thumb_func
  58              		.type	P_out_2_SetDriveMode, %function
  59              	P_out_2_SetDriveMode:
  60              	.LFB1:
  61:.\Generated_Source\PSoC5/P_out_2.c **** }
  62:.\Generated_Source\PSoC5/P_out_2.c **** 
  63:.\Generated_Source\PSoC5/P_out_2.c **** 
  64:.\Generated_Source\PSoC5/P_out_2.c **** /*******************************************************************************
  65:.\Generated_Source\PSoC5/P_out_2.c **** * Function Name: P_out_2_SetDriveMode
  66:.\Generated_Source\PSoC5/P_out_2.c **** ****************************************************************************//**
  67:.\Generated_Source\PSoC5/P_out_2.c **** *
  68:.\Generated_Source\PSoC5/P_out_2.c **** * \brief Sets the drive mode for each of the Pins component's pins.
  69:.\Generated_Source\PSoC5/P_out_2.c **** * 
  70:.\Generated_Source\PSoC5/P_out_2.c **** * <b>Note</b> This affects all pins in the Pins component instance. Use the
  71:.\Generated_Source\PSoC5/P_out_2.c **** * Per-Pin APIs if you wish to control individual pin's drive modes.
  72:.\Generated_Source\PSoC5/P_out_2.c **** *
  73:.\Generated_Source\PSoC5/P_out_2.c **** * \param mode
  74:.\Generated_Source\PSoC5/P_out_2.c **** *  Mode for the selected signals. Valid options are documented in 
  75:.\Generated_Source\PSoC5/P_out_2.c **** *  \ref driveMode.
  76:.\Generated_Source\PSoC5/P_out_2.c **** *
  77:.\Generated_Source\PSoC5/P_out_2.c **** * \return
  78:.\Generated_Source\PSoC5/P_out_2.c **** *  None
  79:.\Generated_Source\PSoC5/P_out_2.c **** *
  80:.\Generated_Source\PSoC5/P_out_2.c **** * \sideeffect
  81:.\Generated_Source\PSoC5/P_out_2.c **** *  If you use read-modify-write operations that are not atomic, the ISR can
  82:.\Generated_Source\PSoC5/P_out_2.c **** *  cause corruption of this function. An ISR that interrupts this function 
  83:.\Generated_Source\PSoC5/P_out_2.c **** *  and performs writes to the Pins component Drive Mode registers can cause 
  84:.\Generated_Source\PSoC5/P_out_2.c **** *  corrupted port data. To avoid this issue, you should either use the Per-Pin
  85:.\Generated_Source\PSoC5/P_out_2.c **** *  APIs (primary method) or disable interrupts around this function.
  86:.\Generated_Source\PSoC5/P_out_2.c **** *
  87:.\Generated_Source\PSoC5/P_out_2.c **** * \funcusage
  88:.\Generated_Source\PSoC5/P_out_2.c **** *  \snippet P_out_2_SUT.c usage_P_out_2_SetDriveMode
  89:.\Generated_Source\PSoC5/P_out_2.c **** *******************************************************************************/
  90:.\Generated_Source\PSoC5/P_out_2.c **** void P_out_2_SetDriveMode(uint8 mode)
  91:.\Generated_Source\PSoC5/P_out_2.c **** {
  61              		.loc 1 91 0
  62              		.cfi_startproc
  63              		@ args = 0, pretend = 0, frame = 0
  64              		@ frame_needed = 0, uses_anonymous_args = 0
  65              		@ link register save eliminated.
  66              	.LVL4:
  92:.\Generated_Source\PSoC5/P_out_2.c **** 	CyPins_SetPinDriveMode(P_out_2_0, mode);
  67              		.loc 1 92 0
  68 0000 074A     		ldr	r2, .L5
  69 0002 1378     		ldrb	r3, [r2]	@ zero_extendqisi2
  70 0004 00F00E00 		and	r0, r0, #14
  71              	.LVL5:
  72 0008 03F0F103 		and	r3, r3, #241
  73 000c 0343     		orrs	r3, r3, r0
  74 000e 1370     		strb	r3, [r2]
  93:.\Generated_Source\PSoC5/P_out_2.c **** 	CyPins_SetPinDriveMode(P_out_2_1, mode);
  75              		.loc 1 93 0
  76 0010 0132     		adds	r2, r2, #1
  77 0012 1378     		ldrb	r3, [r2]	@ zero_extendqisi2
  78 0014 03F0F103 		and	r3, r3, #241
ARM GAS  C:\Users\nosak\AppData\Local\Temp\ccm1FIH8.s 			page 4


  79 0018 1843     		orrs	r0, r0, r3
  80 001a 1070     		strb	r0, [r2]
  81 001c 7047     		bx	lr
  82              	.L6:
  83 001e 00BF     		.align	2
  84              	.L5:
  85 0020 36500040 		.word	1073762358
  86              		.cfi_endproc
  87              	.LFE1:
  88              		.size	P_out_2_SetDriveMode, .-P_out_2_SetDriveMode
  89              		.section	.text.P_out_2_Read,"ax",%progbits
  90              		.align	2
  91              		.global	P_out_2_Read
  92              		.thumb
  93              		.thumb_func
  94              		.type	P_out_2_Read, %function
  95              	P_out_2_Read:
  96              	.LFB2:
  94:.\Generated_Source\PSoC5/P_out_2.c **** }
  95:.\Generated_Source\PSoC5/P_out_2.c **** 
  96:.\Generated_Source\PSoC5/P_out_2.c **** 
  97:.\Generated_Source\PSoC5/P_out_2.c **** /*******************************************************************************
  98:.\Generated_Source\PSoC5/P_out_2.c **** * Function Name: P_out_2_Read
  99:.\Generated_Source\PSoC5/P_out_2.c **** ****************************************************************************//**
 100:.\Generated_Source\PSoC5/P_out_2.c **** *
 101:.\Generated_Source\PSoC5/P_out_2.c **** * \brief Reads the associated physical port (pin status register) and masks 
 102:.\Generated_Source\PSoC5/P_out_2.c **** *  the required bits according to the width and bit position of the component
 103:.\Generated_Source\PSoC5/P_out_2.c **** *  instance. 
 104:.\Generated_Source\PSoC5/P_out_2.c **** *
 105:.\Generated_Source\PSoC5/P_out_2.c **** * The pin's status register returns the current logic level present on the 
 106:.\Generated_Source\PSoC5/P_out_2.c **** * physical pin.
 107:.\Generated_Source\PSoC5/P_out_2.c **** *
 108:.\Generated_Source\PSoC5/P_out_2.c **** * \return 
 109:.\Generated_Source\PSoC5/P_out_2.c **** *  The current value for the pins in the component as a right justified number.
 110:.\Generated_Source\PSoC5/P_out_2.c **** *
 111:.\Generated_Source\PSoC5/P_out_2.c **** * \funcusage
 112:.\Generated_Source\PSoC5/P_out_2.c **** *  \snippet P_out_2_SUT.c usage_P_out_2_Read  
 113:.\Generated_Source\PSoC5/P_out_2.c **** *******************************************************************************/
 114:.\Generated_Source\PSoC5/P_out_2.c **** uint8 P_out_2_Read(void)
 115:.\Generated_Source\PSoC5/P_out_2.c **** {
  97              		.loc 1 115 0
  98              		.cfi_startproc
  99              		@ args = 0, pretend = 0, frame = 0
 100              		@ frame_needed = 0, uses_anonymous_args = 0
 101              		@ link register save eliminated.
 116:.\Generated_Source\PSoC5/P_out_2.c ****     return (P_out_2_PS & P_out_2_MASK) >> P_out_2_SHIFT;
 102              		.loc 1 116 0
 103 0000 014B     		ldr	r3, .L8
 104 0002 1878     		ldrb	r0, [r3]	@ zero_extendqisi2
 117:.\Generated_Source\PSoC5/P_out_2.c **** }
 105              		.loc 1 117 0
 106 0004 8009     		lsrs	r0, r0, #6
 107 0006 7047     		bx	lr
 108              	.L9:
 109              		.align	2
 110              	.L8:
 111 0008 61510040 		.word	1073762657
ARM GAS  C:\Users\nosak\AppData\Local\Temp\ccm1FIH8.s 			page 5


 112              		.cfi_endproc
 113              	.LFE2:
 114              		.size	P_out_2_Read, .-P_out_2_Read
 115              		.section	.text.P_out_2_ReadDataReg,"ax",%progbits
 116              		.align	2
 117              		.global	P_out_2_ReadDataReg
 118              		.thumb
 119              		.thumb_func
 120              		.type	P_out_2_ReadDataReg, %function
 121              	P_out_2_ReadDataReg:
 122              	.LFB3:
 118:.\Generated_Source\PSoC5/P_out_2.c **** 
 119:.\Generated_Source\PSoC5/P_out_2.c **** 
 120:.\Generated_Source\PSoC5/P_out_2.c **** /*******************************************************************************
 121:.\Generated_Source\PSoC5/P_out_2.c **** * Function Name: P_out_2_ReadDataReg
 122:.\Generated_Source\PSoC5/P_out_2.c **** ****************************************************************************//**
 123:.\Generated_Source\PSoC5/P_out_2.c **** *
 124:.\Generated_Source\PSoC5/P_out_2.c **** * \brief Reads the associated physical port's data output register and masks 
 125:.\Generated_Source\PSoC5/P_out_2.c **** *  the correct bits according to the width and bit position of the component 
 126:.\Generated_Source\PSoC5/P_out_2.c **** *  instance. 
 127:.\Generated_Source\PSoC5/P_out_2.c **** *
 128:.\Generated_Source\PSoC5/P_out_2.c **** * The data output register controls the signal applied to the physical pin in 
 129:.\Generated_Source\PSoC5/P_out_2.c **** * conjunction with the drive mode parameter. This is not the same as the 
 130:.\Generated_Source\PSoC5/P_out_2.c **** * preferred P_out_2_Read() API because the 
 131:.\Generated_Source\PSoC5/P_out_2.c **** * P_out_2_ReadDataReg() reads the data register instead of the status 
 132:.\Generated_Source\PSoC5/P_out_2.c **** * register. For output pins this is a useful function to determine the value 
 133:.\Generated_Source\PSoC5/P_out_2.c **** * just written to the pin.
 134:.\Generated_Source\PSoC5/P_out_2.c **** *
 135:.\Generated_Source\PSoC5/P_out_2.c **** * \return 
 136:.\Generated_Source\PSoC5/P_out_2.c **** *  The current value of the data register masked and shifted into a right 
 137:.\Generated_Source\PSoC5/P_out_2.c **** *  justified number for the component instance.
 138:.\Generated_Source\PSoC5/P_out_2.c **** *
 139:.\Generated_Source\PSoC5/P_out_2.c **** * \funcusage
 140:.\Generated_Source\PSoC5/P_out_2.c **** *  \snippet P_out_2_SUT.c usage_P_out_2_ReadDataReg 
 141:.\Generated_Source\PSoC5/P_out_2.c **** *******************************************************************************/
 142:.\Generated_Source\PSoC5/P_out_2.c **** uint8 P_out_2_ReadDataReg(void)
 143:.\Generated_Source\PSoC5/P_out_2.c **** {
 123              		.loc 1 143 0
 124              		.cfi_startproc
 125              		@ args = 0, pretend = 0, frame = 0
 126              		@ frame_needed = 0, uses_anonymous_args = 0
 127              		@ link register save eliminated.
 144:.\Generated_Source\PSoC5/P_out_2.c ****     return (P_out_2_DR & P_out_2_MASK) >> P_out_2_SHIFT;
 128              		.loc 1 144 0
 129 0000 014B     		ldr	r3, .L11
 130 0002 1878     		ldrb	r0, [r3]	@ zero_extendqisi2
 145:.\Generated_Source\PSoC5/P_out_2.c **** }
 131              		.loc 1 145 0
 132 0004 8009     		lsrs	r0, r0, #6
 133 0006 7047     		bx	lr
 134              	.L12:
 135              		.align	2
 136              	.L11:
 137 0008 60510040 		.word	1073762656
 138              		.cfi_endproc
 139              	.LFE3:
 140              		.size	P_out_2_ReadDataReg, .-P_out_2_ReadDataReg
ARM GAS  C:\Users\nosak\AppData\Local\Temp\ccm1FIH8.s 			page 6


 141              		.text
 142              	.Letext0:
 143              		.file 2 ".\\Generated_Source\\PSoC5\\cytypes.h"
 144              		.section	.debug_info,"",%progbits
 145              	.Ldebug_info0:
 146 0000 1D010000 		.4byte	0x11d
 147 0004 0400     		.2byte	0x4
 148 0006 00000000 		.4byte	.Ldebug_abbrev0
 149 000a 04       		.byte	0x4
 150 000b 01       		.uleb128 0x1
 151 000c BB000000 		.4byte	.LASF20
 152 0010 01       		.byte	0x1
 153 0011 B7010000 		.4byte	.LASF21
 154 0015 71000000 		.4byte	.LASF22
 155 0019 00000000 		.4byte	.Ldebug_ranges0+0
 156 001d 00000000 		.4byte	0
 157 0021 00000000 		.4byte	.Ldebug_line0
 158 0025 02       		.uleb128 0x2
 159 0026 01       		.byte	0x1
 160 0027 06       		.byte	0x6
 161 0028 E3010000 		.4byte	.LASF0
 162 002c 02       		.uleb128 0x2
 163 002d 01       		.byte	0x1
 164 002e 08       		.byte	0x8
 165 002f 39000000 		.4byte	.LASF1
 166 0033 02       		.uleb128 0x2
 167 0034 02       		.byte	0x2
 168 0035 05       		.byte	0x5
 169 0036 A7010000 		.4byte	.LASF2
 170 003a 02       		.uleb128 0x2
 171 003b 02       		.byte	0x2
 172 003c 07       		.byte	0x7
 173 003d 5E000000 		.4byte	.LASF3
 174 0041 02       		.uleb128 0x2
 175 0042 04       		.byte	0x4
 176 0043 05       		.byte	0x5
 177 0044 DA010000 		.4byte	.LASF4
 178 0048 02       		.uleb128 0x2
 179 0049 04       		.byte	0x4
 180 004a 07       		.byte	0x7
 181 004b 4C000000 		.4byte	.LASF5
 182 004f 02       		.uleb128 0x2
 183 0050 08       		.byte	0x8
 184 0051 05       		.byte	0x5
 185 0052 94010000 		.4byte	.LASF6
 186 0056 02       		.uleb128 0x2
 187 0057 08       		.byte	0x8
 188 0058 07       		.byte	0x7
 189 0059 6A010000 		.4byte	.LASF7
 190 005d 03       		.uleb128 0x3
 191 005e 04       		.byte	0x4
 192 005f 05       		.byte	0x5
 193 0060 696E7400 		.ascii	"int\000"
 194 0064 02       		.uleb128 0x2
 195 0065 04       		.byte	0x4
 196 0066 07       		.byte	0x7
 197 0067 49010000 		.4byte	.LASF8
ARM GAS  C:\Users\nosak\AppData\Local\Temp\ccm1FIH8.s 			page 7


 198 006b 04       		.uleb128 0x4
 199 006c B1010000 		.4byte	.LASF12
 200 0070 02       		.byte	0x2
 201 0071 3801     		.2byte	0x138
 202 0073 2C000000 		.4byte	0x2c
 203 0077 02       		.uleb128 0x2
 204 0078 04       		.byte	0x4
 205 0079 04       		.byte	0x4
 206 007a 1E000000 		.4byte	.LASF9
 207 007e 02       		.uleb128 0x2
 208 007f 08       		.byte	0x8
 209 0080 04       		.byte	0x4
 210 0081 B4000000 		.4byte	.LASF10
 211 0085 02       		.uleb128 0x2
 212 0086 01       		.byte	0x1
 213 0087 08       		.byte	0x8
 214 0088 A2010000 		.4byte	.LASF11
 215 008c 04       		.uleb128 0x4
 216 008d 47000000 		.4byte	.LASF13
 217 0091 02       		.byte	0x2
 218 0092 E201     		.2byte	0x1e2
 219 0094 98000000 		.4byte	0x98
 220 0098 05       		.uleb128 0x5
 221 0099 6B000000 		.4byte	0x6b
 222 009d 06       		.uleb128 0x6
 223 009e 86010000 		.4byte	.LASF14
 224 00a2 01       		.byte	0x1
 225 00a3 39       		.byte	0x39
 226 00a4 00000000 		.4byte	.LFB0
 227 00a8 18000000 		.4byte	.LFE0-.LFB0
 228 00ac 01       		.uleb128 0x1
 229 00ad 9C       		.byte	0x9c
 230 00ae D1000000 		.4byte	0xd1
 231 00b2 07       		.uleb128 0x7
 232 00b3 00000000 		.4byte	.LASF16
 233 00b7 01       		.byte	0x1
 234 00b8 39       		.byte	0x39
 235 00b9 6B000000 		.4byte	0x6b
 236 00bd 00000000 		.4byte	.LLST0
 237 00c1 08       		.uleb128 0x8
 238 00c2 06000000 		.4byte	.LASF23
 239 00c6 01       		.byte	0x1
 240 00c7 3B       		.byte	0x3b
 241 00c8 6B000000 		.4byte	0x6b
 242 00cc 21000000 		.4byte	.LLST1
 243 00d0 00       		.byte	0
 244 00d1 06       		.uleb128 0x6
 245 00d2 24000000 		.4byte	.LASF15
 246 00d6 01       		.byte	0x1
 247 00d7 5A       		.byte	0x5a
 248 00d8 00000000 		.4byte	.LFB1
 249 00dc 24000000 		.4byte	.LFE1-.LFB1
 250 00e0 01       		.uleb128 0x1
 251 00e1 9C       		.byte	0x9c
 252 00e2 F6000000 		.4byte	0xf6
 253 00e6 07       		.uleb128 0x7
 254 00e7 81010000 		.4byte	.LASF17
ARM GAS  C:\Users\nosak\AppData\Local\Temp\ccm1FIH8.s 			page 8


 255 00eb 01       		.byte	0x1
 256 00ec 5A       		.byte	0x5a
 257 00ed 6B000000 		.4byte	0x6b
 258 00f1 34000000 		.4byte	.LLST2
 259 00f5 00       		.byte	0
 260 00f6 09       		.uleb128 0x9
 261 00f7 11000000 		.4byte	.LASF18
 262 00fb 01       		.byte	0x1
 263 00fc 72       		.byte	0x72
 264 00fd 6B000000 		.4byte	0x6b
 265 0101 00000000 		.4byte	.LFB2
 266 0105 0C000000 		.4byte	.LFE2-.LFB2
 267 0109 01       		.uleb128 0x1
 268 010a 9C       		.byte	0x9c
 269 010b 09       		.uleb128 0x9
 270 010c 56010000 		.4byte	.LASF19
 271 0110 01       		.byte	0x1
 272 0111 8E       		.byte	0x8e
 273 0112 6B000000 		.4byte	0x6b
 274 0116 00000000 		.4byte	.LFB3
 275 011a 0C000000 		.4byte	.LFE3-.LFB3
 276 011e 01       		.uleb128 0x1
 277 011f 9C       		.byte	0x9c
 278 0120 00       		.byte	0
 279              		.section	.debug_abbrev,"",%progbits
 280              	.Ldebug_abbrev0:
 281 0000 01       		.uleb128 0x1
 282 0001 11       		.uleb128 0x11
 283 0002 01       		.byte	0x1
 284 0003 25       		.uleb128 0x25
 285 0004 0E       		.uleb128 0xe
 286 0005 13       		.uleb128 0x13
 287 0006 0B       		.uleb128 0xb
 288 0007 03       		.uleb128 0x3
 289 0008 0E       		.uleb128 0xe
 290 0009 1B       		.uleb128 0x1b
 291 000a 0E       		.uleb128 0xe
 292 000b 55       		.uleb128 0x55
 293 000c 17       		.uleb128 0x17
 294 000d 11       		.uleb128 0x11
 295 000e 01       		.uleb128 0x1
 296 000f 10       		.uleb128 0x10
 297 0010 17       		.uleb128 0x17
 298 0011 00       		.byte	0
 299 0012 00       		.byte	0
 300 0013 02       		.uleb128 0x2
 301 0014 24       		.uleb128 0x24
 302 0015 00       		.byte	0
 303 0016 0B       		.uleb128 0xb
 304 0017 0B       		.uleb128 0xb
 305 0018 3E       		.uleb128 0x3e
 306 0019 0B       		.uleb128 0xb
 307 001a 03       		.uleb128 0x3
 308 001b 0E       		.uleb128 0xe
 309 001c 00       		.byte	0
 310 001d 00       		.byte	0
 311 001e 03       		.uleb128 0x3
ARM GAS  C:\Users\nosak\AppData\Local\Temp\ccm1FIH8.s 			page 9


 312 001f 24       		.uleb128 0x24
 313 0020 00       		.byte	0
 314 0021 0B       		.uleb128 0xb
 315 0022 0B       		.uleb128 0xb
 316 0023 3E       		.uleb128 0x3e
 317 0024 0B       		.uleb128 0xb
 318 0025 03       		.uleb128 0x3
 319 0026 08       		.uleb128 0x8
 320 0027 00       		.byte	0
 321 0028 00       		.byte	0
 322 0029 04       		.uleb128 0x4
 323 002a 16       		.uleb128 0x16
 324 002b 00       		.byte	0
 325 002c 03       		.uleb128 0x3
 326 002d 0E       		.uleb128 0xe
 327 002e 3A       		.uleb128 0x3a
 328 002f 0B       		.uleb128 0xb
 329 0030 3B       		.uleb128 0x3b
 330 0031 05       		.uleb128 0x5
 331 0032 49       		.uleb128 0x49
 332 0033 13       		.uleb128 0x13
 333 0034 00       		.byte	0
 334 0035 00       		.byte	0
 335 0036 05       		.uleb128 0x5
 336 0037 35       		.uleb128 0x35
 337 0038 00       		.byte	0
 338 0039 49       		.uleb128 0x49
 339 003a 13       		.uleb128 0x13
 340 003b 00       		.byte	0
 341 003c 00       		.byte	0
 342 003d 06       		.uleb128 0x6
 343 003e 2E       		.uleb128 0x2e
 344 003f 01       		.byte	0x1
 345 0040 3F       		.uleb128 0x3f
 346 0041 19       		.uleb128 0x19
 347 0042 03       		.uleb128 0x3
 348 0043 0E       		.uleb128 0xe
 349 0044 3A       		.uleb128 0x3a
 350 0045 0B       		.uleb128 0xb
 351 0046 3B       		.uleb128 0x3b
 352 0047 0B       		.uleb128 0xb
 353 0048 27       		.uleb128 0x27
 354 0049 19       		.uleb128 0x19
 355 004a 11       		.uleb128 0x11
 356 004b 01       		.uleb128 0x1
 357 004c 12       		.uleb128 0x12
 358 004d 06       		.uleb128 0x6
 359 004e 40       		.uleb128 0x40
 360 004f 18       		.uleb128 0x18
 361 0050 9742     		.uleb128 0x2117
 362 0052 19       		.uleb128 0x19
 363 0053 01       		.uleb128 0x1
 364 0054 13       		.uleb128 0x13
 365 0055 00       		.byte	0
 366 0056 00       		.byte	0
 367 0057 07       		.uleb128 0x7
 368 0058 05       		.uleb128 0x5
ARM GAS  C:\Users\nosak\AppData\Local\Temp\ccm1FIH8.s 			page 10


 369 0059 00       		.byte	0
 370 005a 03       		.uleb128 0x3
 371 005b 0E       		.uleb128 0xe
 372 005c 3A       		.uleb128 0x3a
 373 005d 0B       		.uleb128 0xb
 374 005e 3B       		.uleb128 0x3b
 375 005f 0B       		.uleb128 0xb
 376 0060 49       		.uleb128 0x49
 377 0061 13       		.uleb128 0x13
 378 0062 02       		.uleb128 0x2
 379 0063 17       		.uleb128 0x17
 380 0064 00       		.byte	0
 381 0065 00       		.byte	0
 382 0066 08       		.uleb128 0x8
 383 0067 34       		.uleb128 0x34
 384 0068 00       		.byte	0
 385 0069 03       		.uleb128 0x3
 386 006a 0E       		.uleb128 0xe
 387 006b 3A       		.uleb128 0x3a
 388 006c 0B       		.uleb128 0xb
 389 006d 3B       		.uleb128 0x3b
 390 006e 0B       		.uleb128 0xb
 391 006f 49       		.uleb128 0x49
 392 0070 13       		.uleb128 0x13
 393 0071 02       		.uleb128 0x2
 394 0072 17       		.uleb128 0x17
 395 0073 00       		.byte	0
 396 0074 00       		.byte	0
 397 0075 09       		.uleb128 0x9
 398 0076 2E       		.uleb128 0x2e
 399 0077 00       		.byte	0
 400 0078 3F       		.uleb128 0x3f
 401 0079 19       		.uleb128 0x19
 402 007a 03       		.uleb128 0x3
 403 007b 0E       		.uleb128 0xe
 404 007c 3A       		.uleb128 0x3a
 405 007d 0B       		.uleb128 0xb
 406 007e 3B       		.uleb128 0x3b
 407 007f 0B       		.uleb128 0xb
 408 0080 27       		.uleb128 0x27
 409 0081 19       		.uleb128 0x19
 410 0082 49       		.uleb128 0x49
 411 0083 13       		.uleb128 0x13
 412 0084 11       		.uleb128 0x11
 413 0085 01       		.uleb128 0x1
 414 0086 12       		.uleb128 0x12
 415 0087 06       		.uleb128 0x6
 416 0088 40       		.uleb128 0x40
 417 0089 18       		.uleb128 0x18
 418 008a 9742     		.uleb128 0x2117
 419 008c 19       		.uleb128 0x19
 420 008d 00       		.byte	0
 421 008e 00       		.byte	0
 422 008f 00       		.byte	0
 423              		.section	.debug_loc,"",%progbits
 424              	.Ldebug_loc0:
 425              	.LLST0:
ARM GAS  C:\Users\nosak\AppData\Local\Temp\ccm1FIH8.s 			page 11


 426 0000 00000000 		.4byte	.LVL0
 427 0004 0A000000 		.4byte	.LVL2
 428 0008 0100     		.2byte	0x1
 429 000a 50       		.byte	0x50
 430 000b 0A000000 		.4byte	.LVL2
 431 000f 18000000 		.4byte	.LFE0
 432 0013 0400     		.2byte	0x4
 433 0015 F3       		.byte	0xf3
 434 0016 01       		.uleb128 0x1
 435 0017 50       		.byte	0x50
 436 0018 9F       		.byte	0x9f
 437 0019 00000000 		.4byte	0
 438 001d 00000000 		.4byte	0
 439              	.LLST1:
 440 0021 08000000 		.4byte	.LVL1
 441 0025 0E000000 		.4byte	.LVL3
 442 0029 0100     		.2byte	0x1
 443 002b 53       		.byte	0x53
 444 002c 00000000 		.4byte	0
 445 0030 00000000 		.4byte	0
 446              	.LLST2:
 447 0034 00000000 		.4byte	.LVL4
 448 0038 08000000 		.4byte	.LVL5
 449 003c 0100     		.2byte	0x1
 450 003e 50       		.byte	0x50
 451 003f 08000000 		.4byte	.LVL5
 452 0043 24000000 		.4byte	.LFE1
 453 0047 0400     		.2byte	0x4
 454 0049 F3       		.byte	0xf3
 455 004a 01       		.uleb128 0x1
 456 004b 50       		.byte	0x50
 457 004c 9F       		.byte	0x9f
 458 004d 00000000 		.4byte	0
 459 0051 00000000 		.4byte	0
 460              		.section	.debug_aranges,"",%progbits
 461 0000 34000000 		.4byte	0x34
 462 0004 0200     		.2byte	0x2
 463 0006 00000000 		.4byte	.Ldebug_info0
 464 000a 04       		.byte	0x4
 465 000b 00       		.byte	0
 466 000c 0000     		.2byte	0
 467 000e 0000     		.2byte	0
 468 0010 00000000 		.4byte	.LFB0
 469 0014 18000000 		.4byte	.LFE0-.LFB0
 470 0018 00000000 		.4byte	.LFB1
 471 001c 24000000 		.4byte	.LFE1-.LFB1
 472 0020 00000000 		.4byte	.LFB2
 473 0024 0C000000 		.4byte	.LFE2-.LFB2
 474 0028 00000000 		.4byte	.LFB3
 475 002c 0C000000 		.4byte	.LFE3-.LFB3
 476 0030 00000000 		.4byte	0
 477 0034 00000000 		.4byte	0
 478              		.section	.debug_ranges,"",%progbits
 479              	.Ldebug_ranges0:
 480 0000 00000000 		.4byte	.LFB0
 481 0004 18000000 		.4byte	.LFE0
 482 0008 00000000 		.4byte	.LFB1
ARM GAS  C:\Users\nosak\AppData\Local\Temp\ccm1FIH8.s 			page 12


 483 000c 24000000 		.4byte	.LFE1
 484 0010 00000000 		.4byte	.LFB2
 485 0014 0C000000 		.4byte	.LFE2
 486 0018 00000000 		.4byte	.LFB3
 487 001c 0C000000 		.4byte	.LFE3
 488 0020 00000000 		.4byte	0
 489 0024 00000000 		.4byte	0
 490              		.section	.debug_line,"",%progbits
 491              	.Ldebug_line0:
 492 0000 93000000 		.section	.debug_str,"MS",%progbits,1
 492      02004600 
 492      00000201 
 492      FB0E0D00 
 492      01010101 
 493              	.LASF16:
 494 0000 76616C75 		.ascii	"value\000"
 494      6500
 495              	.LASF23:
 496 0006 73746174 		.ascii	"staticBits\000"
 496      69634269 
 496      747300
 497              	.LASF18:
 498 0011 505F6F75 		.ascii	"P_out_2_Read\000"
 498      745F325F 
 498      52656164 
 498      00
 499              	.LASF9:
 500 001e 666C6F61 		.ascii	"float\000"
 500      7400
 501              	.LASF15:
 502 0024 505F6F75 		.ascii	"P_out_2_SetDriveMode\000"
 502      745F325F 
 502      53657444 
 502      72697665 
 502      4D6F6465 
 503              	.LASF1:
 504 0039 756E7369 		.ascii	"unsigned char\000"
 504      676E6564 
 504      20636861 
 504      7200
 505              	.LASF13:
 506 0047 72656738 		.ascii	"reg8\000"
 506      00
 507              	.LASF5:
 508 004c 6C6F6E67 		.ascii	"long unsigned int\000"
 508      20756E73 
 508      69676E65 
 508      6420696E 
 508      7400
 509              	.LASF3:
 510 005e 73686F72 		.ascii	"short unsigned int\000"
 510      7420756E 
 510      7369676E 
 510      65642069 
 510      6E7400
 511              	.LASF22:
 512 0071 433A5C54 		.ascii	"C:\\TIRI\\k3g2pmpm_20211223\\trobot_psoc_v6_73\\tro"
ARM GAS  C:\Users\nosak\AppData\Local\Temp\ccm1FIH8.s 			page 13


 512      4952495C 
 512      6B336732 
 512      706D706D 
 512      5F323032 
 513 00a0 626F7436 		.ascii	"bot6_cir2_2wd.cydsn\000"
 513      5F636972 
 513      325F3277 
 513      642E6379 
 513      64736E00 
 514              	.LASF10:
 515 00b4 646F7562 		.ascii	"double\000"
 515      6C6500
 516              	.LASF20:
 517 00bb 474E5520 		.ascii	"GNU C 4.9.3 20150303 (release) [ARM/embedded-4_9-br"
 517      4320342E 
 517      392E3320 
 517      32303135 
 517      30333033 
 518 00ee 616E6368 		.ascii	"anch revision 221220] -mcpu=cortex-m3 -mthumb -g -O"
 518      20726576 
 518      6973696F 
 518      6E203232 
 518      31323230 
 519 0121 67202D66 		.ascii	"g -ffunction-sections -ffat-lto-objects\000"
 519      66756E63 
 519      74696F6E 
 519      2D736563 
 519      74696F6E 
 520              	.LASF8:
 521 0149 756E7369 		.ascii	"unsigned int\000"
 521      676E6564 
 521      20696E74 
 521      00
 522              	.LASF19:
 523 0156 505F6F75 		.ascii	"P_out_2_ReadDataReg\000"
 523      745F325F 
 523      52656164 
 523      44617461 
 523      52656700 
 524              	.LASF7:
 525 016a 6C6F6E67 		.ascii	"long long unsigned int\000"
 525      206C6F6E 
 525      6720756E 
 525      7369676E 
 525      65642069 
 526              	.LASF17:
 527 0181 6D6F6465 		.ascii	"mode\000"
 527      00
 528              	.LASF14:
 529 0186 505F6F75 		.ascii	"P_out_2_Write\000"
 529      745F325F 
 529      57726974 
 529      6500
 530              	.LASF6:
 531 0194 6C6F6E67 		.ascii	"long long int\000"
 531      206C6F6E 
 531      6720696E 
ARM GAS  C:\Users\nosak\AppData\Local\Temp\ccm1FIH8.s 			page 14


 531      7400
 532              	.LASF11:
 533 01a2 63686172 		.ascii	"char\000"
 533      00
 534              	.LASF2:
 535 01a7 73686F72 		.ascii	"short int\000"
 535      7420696E 
 535      7400
 536              	.LASF12:
 537 01b1 75696E74 		.ascii	"uint8\000"
 537      3800
 538              	.LASF21:
 539 01b7 2E5C4765 		.ascii	".\\Generated_Source\\PSoC5\\P_out_2.c\000"
 539      6E657261 
 539      7465645F 
 539      536F7572 
 539      63655C50 
 540              	.LASF4:
 541 01da 6C6F6E67 		.ascii	"long int\000"
 541      20696E74 
 541      00
 542              	.LASF0:
 543 01e3 7369676E 		.ascii	"signed char\000"
 543      65642063 
 543      68617200 
 544              		.ident	"GCC: (GNU Tools for ARM Embedded Processors) 4.9.3 20150303 (release) [ARM/embedded-4_9-br
