ARM GAS  C:\Users\nosak\AppData\Local\Temp\ccAuB64A.s 			page 1


   1              		.syntax unified
   2              		.cpu cortex-m3
   3              		.fpu softvfp
   4              		.eabi_attribute 20, 1
   5              		.eabi_attribute 21, 1
   6              		.eabi_attribute 23, 3
   7              		.eabi_attribute 24, 1
   8              		.eabi_attribute 25, 1
   9              		.eabi_attribute 26, 1
  10              		.eabi_attribute 30, 1
  11              		.eabi_attribute 34, 1
  12              		.eabi_attribute 18, 4
  13              		.thumb
  14              		.file	"SelfTest_CPU.c"
  15              		.text
  16              	.Ltext0:
  17              		.cfi_sections	.debug_frame
  18              		.section	.text.SelfTest_CPU_Registers,"ax",%progbits
  19              		.align	2
  20              		.global	SelfTest_CPU_Registers
  21              		.thumb
  22              		.thumb_func
  23              		.type	SelfTest_CPU_Registers, %function
  24              	SelfTest_CPU_Registers:
  25              	.LFB63:
  26              		.file 1 ".\\SelfTest_CPU.c"
   1:.\SelfTest_CPU.c **** /*******************************************************************************
   2:.\SelfTest_CPU.c **** * File Name: SelfTest_CPU.c 
   3:.\SelfTest_CPU.c **** * Version 1.0
   4:.\SelfTest_CPU.c **** *
   5:.\SelfTest_CPU.c **** * Description:
   6:.\SelfTest_CPU.c **** * This file provides the source code for the CPU register self tests for 
   7:.\SelfTest_CPU.c **** * PSoC 3 and PSoC 5LP.
   8:.\SelfTest_CPU.c **** *
   9:.\SelfTest_CPU.c **** * Note:
  10:.\SelfTest_CPU.c **** *
  11:.\SelfTest_CPU.c **** ********************************************************************************
  12:.\SelfTest_CPU.c **** * Copyright (2013), Cypress Semiconductor Corporation.
  13:.\SelfTest_CPU.c **** ********************************************************************************
  14:.\SelfTest_CPU.c **** * This software is owned by Cypress Semiconductor Corporation (Cypress) and is
  15:.\SelfTest_CPU.c **** * protected by and subject to worldwide patent protection (United States and
  16:.\SelfTest_CPU.c **** * foreign), United States copyright laws and international treaty provisions.
  17:.\SelfTest_CPU.c **** * Cypress hereby grants to licensee a personal, non-exclusive, non-transferable
  18:.\SelfTest_CPU.c **** * license to copy, use, modify, create derivative works of, and compile the
  19:.\SelfTest_CPU.c **** * Cypress Source Code and derivative works for the sole purpose of creating
  20:.\SelfTest_CPU.c **** * custom software in support of licensee product to be used only in conjunction
  21:.\SelfTest_CPU.c **** * with a Cypress integrated circuit as specified in the applicable agreement.
  22:.\SelfTest_CPU.c **** * Any reproduction, modification, translation, compilation, or representation of
  23:.\SelfTest_CPU.c **** * this software except as specified above is prohibited without the express
  24:.\SelfTest_CPU.c **** * written permission of Cypress.
  25:.\SelfTest_CPU.c **** *
  26:.\SelfTest_CPU.c **** * Disclaimer: CYPRESS MAKES NO WARRANTY OF ANY KIND, EXPRESS OR IMPLIED, WITH
  27:.\SelfTest_CPU.c **** * REGARD TO THIS MATERIAL, INCLUDING, BUT NOT LIMITED TO, THE IMPLIED
  28:.\SelfTest_CPU.c **** * WARRANTIES OF MERCHANTABILITY AND FITNESS FOR A PARTICULAR PURPOSE.
  29:.\SelfTest_CPU.c **** * Cypress reserves the right to make changes without further notice to the
  30:.\SelfTest_CPU.c **** * materials described herein. Cypress does not assume any liability arising out
  31:.\SelfTest_CPU.c **** * of the application or use of any product or circuit described herein. Cypress
ARM GAS  C:\Users\nosak\AppData\Local\Temp\ccAuB64A.s 			page 2


  32:.\SelfTest_CPU.c **** * does not authorize its products for use as critical components in life-support
  33:.\SelfTest_CPU.c **** * systems where a malfunction or failure may reasonably be expected to result in
  34:.\SelfTest_CPU.c **** * significant injury to the user. The inclusion of Cypress product in a life*
  35:.\SelfTest_CPU.c **** support systems application implies that the manufacturer assumes all risk of
  36:.\SelfTest_CPU.c **** * such use and in doing so indemnifies Cypress against all charges. Use may be
  37:.\SelfTest_CPU.c **** * limited by and subject to the applicable Cypress software license agreement.
  38:.\SelfTest_CPU.c **** *******************************************************************************/
  39:.\SelfTest_CPU.c **** 
  40:.\SelfTest_CPU.c **** #include <device.h>
  41:.\SelfTest_CPU.c **** #include "SelfTest_CPU.h"
  42:.\SelfTest_CPU.c **** #include "SelfTest_CPU_asm.h"
  43:.\SelfTest_CPU.c **** #include "SelfTest_Flash.h"
  44:.\SelfTest_CPU.c **** #include "TestConfiguration.h"
  45:.\SelfTest_CPU.c **** 
  46:.\SelfTest_CPU.c **** 
  47:.\SelfTest_CPU.c **** static volatile uint8 SelfTestA;
  48:.\SelfTest_CPU.c **** static volatile uint16 SelfTestB;
  49:.\SelfTest_CPU.c **** static volatile uint32 SelfTestC;
  50:.\SelfTest_CPU.c **** 
  51:.\SelfTest_CPU.c **** 
  52:.\SelfTest_CPU.c **** /* definition of section for SelfTest_PC5555() and SelfTest_PCAAAA() functions 
  53:.\SelfTest_CPU.c ****    for GCC compiler */
  54:.\SelfTest_CPU.c **** #if defined(__GNUC__) || defined(__ARMCC_VERSION)
  55:.\SelfTest_CPU.c ****     static uint8 SelfTest_PC5555 (void) __attribute__ ((used, section ("PC5555")));
  56:.\SelfTest_CPU.c ****     static uint8 SelfTest_PCAAAA (void) __attribute__ ((used, section ("PCAAAA")));
  57:.\SelfTest_CPU.c **** #endif
  58:.\SelfTest_CPU.c **** 
  59:.\SelfTest_CPU.c **** static uint8 SelfTest_PC5555(void);
  60:.\SelfTest_CPU.c **** static uint8 SelfTest_PCAAAA(void);
  61:.\SelfTest_CPU.c **** 
  62:.\SelfTest_CPU.c **** /*******************************************************************************
  63:.\SelfTest_CPU.c **** * Function Name: SelfTest_CPU_RAM
  64:.\SelfTest_CPU.c **** ********************************************************************************
  65:.\SelfTest_CPU.c **** *
  66:.\SelfTest_CPU.c **** * Summary: 
  67:.\SelfTest_CPU.c **** *  This function performs checkerboard test for all CPU registers except the PC 
  68:.\SelfTest_CPU.c **** *  register.
  69:.\SelfTest_CPU.c **** *
  70:.\SelfTest_CPU.c **** * Parameters:
  71:.\SelfTest_CPU.c **** *  None.
  72:.\SelfTest_CPU.c **** *                           
  73:.\SelfTest_CPU.c **** * Return:
  74:.\SelfTest_CPU.c **** *  Result of test:  "0" - pass test; "1" - fail test.
  75:.\SelfTest_CPU.c **** * 
  76:.\SelfTest_CPU.c **** **********************************************************************************/
  77:.\SelfTest_CPU.c **** uint8 SelfTest_CPU_Registers(void)
  78:.\SelfTest_CPU.c **** {	   
  27              		.loc 1 78 0
  28              		.cfi_startproc
  29              		@ args = 0, pretend = 0, frame = 0
  30              		@ frame_needed = 0, uses_anonymous_args = 0
  31 0000 08B5     		push	{r3, lr}
  32              		.cfi_def_cfa_offset 8
  33              		.cfi_offset 3, -8
  34              		.cfi_offset 14, -4
  79:.\SelfTest_CPU.c ****     #if defined(__C51__) || defined(__GNUC__)
  80:.\SelfTest_CPU.c ****         return CPU_PSoC_Asm();	
ARM GAS  C:\Users\nosak\AppData\Local\Temp\ccAuB64A.s 			page 3


  35              		.loc 1 80 0
  36 0002 FFF7FEFF 		bl	CPU_PSoC_Asm
  37              	.LVL0:
  81:.\SelfTest_CPU.c ****     #elif defined(__CC_ARM)
  82:.\SelfTest_CPU.c ****   	    return CPU_PSoC_5_Asm();	
  83:.\SelfTest_CPU.c ****     #else
  84:.\SelfTest_CPU.c ****         return ERROR_STATUS;
  85:.\SelfTest_CPU.c ****     #endif   
  86:.\SelfTest_CPU.c **** }
  38              		.loc 1 86 0
  39 0006 08BD     		pop	{r3, pc}
  40              		.cfi_endproc
  41              	.LFE63:
  42              		.size	SelfTest_CPU_Registers, .-SelfTest_CPU_Registers
  43              		.section	PCAAAA,"ax",%progbits
  44              		.align	2
  45              		.thumb
  46              		.thumb_func
  47              		.type	SelfTest_PCAAAA, %function
  48              	SelfTest_PCAAAA:
  49              	.LFB65:
  87:.\SelfTest_CPU.c **** 
  88:.\SelfTest_CPU.c **** 
  89:.\SelfTest_CPU.c **** /*******************************************************************************
  90:.\SelfTest_CPU.c **** * Function Name: SelfTest_PC
  91:.\SelfTest_CPU.c **** ********************************************************************************
  92:.\SelfTest_CPU.c **** *
  93:.\SelfTest_CPU.c **** * Summary: 
  94:.\SelfTest_CPU.c **** *  This function performs the test of the PC register. Function calls SelfTest_PC5555() 
  95:.\SelfTest_CPU.c **** *  and SelfTest_PCAAAA() which are placed at 0x5555 and 0xAAAA addresses
  96:.\SelfTest_CPU.c **** *  in flash for PSoC 3. And at 0x15555 and 0x0AAAA addresses in flash for PSoC 5.
  97:.\SelfTest_CPU.c **** *  These functions must return unique values to SelfTestA, SelfTestB and 
  98:.\SelfTest_CPU.c **** *  SelfTestC variables if PC is working correctly.
  99:.\SelfTest_CPU.c **** *
 100:.\SelfTest_CPU.c **** * Parameters:
 101:.\SelfTest_CPU.c **** *  None.
 102:.\SelfTest_CPU.c **** *                           
 103:.\SelfTest_CPU.c **** * Return:
 104:.\SelfTest_CPU.c **** *  Result of test:  "0" - pass test; "1" - fail test.
 105:.\SelfTest_CPU.c **** * 
 106:.\SelfTest_CPU.c **** **********************************************************************************/
 107:.\SelfTest_CPU.c **** uint8 SelfTest_PC(void)
 108:.\SelfTest_CPU.c **** { 
 109:.\SelfTest_CPU.c ****     uint8 returned_value;
 110:.\SelfTest_CPU.c **** 
 111:.\SelfTest_CPU.c ****     /* Clear global variables for test */
 112:.\SelfTest_CPU.c ****     SelfTestA = 0x00u;
 113:.\SelfTest_CPU.c **** 	SelfTestB = 0x0000u;
 114:.\SelfTest_CPU.c **** 	SelfTestC = 0x00000000u;
 115:.\SelfTest_CPU.c **** 	
 116:.\SelfTest_CPU.c ****     returned_value = SelfTest_PC5555();
 117:.\SelfTest_CPU.c ****     
 118:.\SelfTest_CPU.c **** 	/* Check if SelfTest_PC5555() returned and wrote correct values to global variables*/
 119:.\SelfTest_CPU.c **** 	if((SelfTestA == SELF_TEST_A_1) && (SelfTestB == SELF_TEST_B_1) && (SelfTestC == SELF_TEST_C_1) 
 120:.\SelfTest_CPU.c **** 	   && (returned_value == CHECKERBOARD_PATTERN_55))
 121:.\SelfTest_CPU.c **** 	{
 122:.\SelfTest_CPU.c ****     
ARM GAS  C:\Users\nosak\AppData\Local\Temp\ccAuB64A.s 			page 4


 123:.\SelfTest_CPU.c ****         /* Clear global variables for next test */
 124:.\SelfTest_CPU.c **** 	    SelfTestA = 0x00u;
 125:.\SelfTest_CPU.c **** 	    SelfTestB = 0x0000u;
 126:.\SelfTest_CPU.c **** 	    SelfTestC = 0x00000000u;
 127:.\SelfTest_CPU.c **** 		
 128:.\SelfTest_CPU.c **** 		returned_value = SelfTest_PCAAAA();
 129:.\SelfTest_CPU.c ****         
 130:.\SelfTest_CPU.c **** 		/* Check if SelfTest_PCAAAA() returned and wrote correct values to global variables*/
 131:.\SelfTest_CPU.c **** 		if((SelfTestA == SELF_TEST_A_2) && (SelfTestB == SELF_TEST_B_2) && (SelfTestC == SELF_TEST_C_2) 
 132:.\SelfTest_CPU.c **** 		   && (returned_value == CHECKERBOARD_PATTERN_AA))
 133:.\SelfTest_CPU.c ****         {   
 134:.\SelfTest_CPU.c **** 	        returned_value = OK_STATUS;
 135:.\SelfTest_CPU.c ****         }    
 136:.\SelfTest_CPU.c **** 		else	
 137:.\SelfTest_CPU.c ****         {
 138:.\SelfTest_CPU.c **** 		    returned_value = ERROR_STATUS;	
 139:.\SelfTest_CPU.c ****         }    
 140:.\SelfTest_CPU.c **** 	}
 141:.\SelfTest_CPU.c **** 	else
 142:.\SelfTest_CPU.c ****     {
 143:.\SelfTest_CPU.c **** 	    returned_value = ERROR_STATUS;
 144:.\SelfTest_CPU.c **** 	}
 145:.\SelfTest_CPU.c **** 	return returned_value;	
 146:.\SelfTest_CPU.c **** }
 147:.\SelfTest_CPU.c **** 
 148:.\SelfTest_CPU.c **** 
 149:.\SelfTest_CPU.c **** /*******************************************************************************
 150:.\SelfTest_CPU.c **** * Function Name: SelfTest_PCAAAA
 151:.\SelfTest_CPU.c **** ********************************************************************************
 152:.\SelfTest_CPU.c **** *
 153:.\SelfTest_CPU.c **** * Summary: 
 154:.\SelfTest_CPU.c **** *  This function performs a test for the PC register. Function is placed at 0xAAAA address
 155:.\SelfTest_CPU.c **** *  in flash for PSoC 3. And at 0x0AAAA address in flash for PSoC 5. This function
 156:.\SelfTest_CPU.c **** *  must return value 0xAA and write unique value to SelfTestA, SelfTestB and 
 157:.\SelfTest_CPU.c **** *  SelfTestC variables if PC is working correctly. Also this function executes a cycle 
 158:.\SelfTest_CPU.c **** *  loop for additional checking if the PC is working.
 159:.\SelfTest_CPU.c **** *
 160:.\SelfTest_CPU.c **** * Parameters:
 161:.\SelfTest_CPU.c **** *  None.
 162:.\SelfTest_CPU.c **** *                           
 163:.\SelfTest_CPU.c **** * Return:
 164:.\SelfTest_CPU.c **** *  SelfTestA:  write unique value to variable for this function SELF_TEST_A_2.
 165:.\SelfTest_CPU.c **** *  SelfTestB:  write unique value to variable for this function SELF_TEST_B_2.
 166:.\SelfTest_CPU.c **** *  SelfTestC:  write to unique value to variable for this function SELF_TEST_C_2.
 167:.\SelfTest_CPU.c **** *  Return unique value for this function CHECKERBOARD_PATTERN_AA.
 168:.\SelfTest_CPU.c **** *
 169:.\SelfTest_CPU.c **** **********************************************************************************/
 170:.\SelfTest_CPU.c **** static uint8 SelfTest_PCAAAA(void)
 171:.\SelfTest_CPU.c **** {
  50              		.loc 1 171 0
  51              		.cfi_startproc
  52              		@ args = 0, pretend = 0, frame = 0
  53              		@ frame_needed = 0, uses_anonymous_args = 0
  54              		@ link register save eliminated.
 172:.\SelfTest_CPU.c **** 
 173:.\SelfTest_CPU.c ****     SelfTestA = SELF_TEST_A_2;
  55              		.loc 1 173 0
ARM GAS  C:\Users\nosak\AppData\Local\Temp\ccAuB64A.s 			page 5


  56 0000 044B     		ldr	r3, .L4
  57 0002 F522     		movs	r2, #245
  58 0004 1A70     		strb	r2, [r3]
 174:.\SelfTest_CPU.c ****       
 175:.\SelfTest_CPU.c **** 	SelfTestB = SELF_TEST_B_2;
  59              		.loc 1 175 0
  60 0006 45F6F142 		movw	r2, #23793
  61 000a 5A80     		strh	r2, [r3, #2]	@ movhi
 176:.\SelfTest_CPU.c ****     
 177:.\SelfTest_CPU.c **** 	SelfTestC = SELF_TEST_C_2;
  62              		.loc 1 177 0
  63 000c 024A     		ldr	r2, .L4+4
  64 000e 5A60     		str	r2, [r3, #4]
 178:.\SelfTest_CPU.c **** 	
 179:.\SelfTest_CPU.c ****     #if ERROR_IN_PROGRAM_COUNTER    
 180:.\SelfTest_CPU.c ****     	return (CHECKERBOARD_PATTERN_AA + 1u);
 181:.\SelfTest_CPU.c ****     #else    
 182:.\SelfTest_CPU.c ****         return CHECKERBOARD_PATTERN_AA;
 183:.\SelfTest_CPU.c ****     #endif    
 184:.\SelfTest_CPU.c **** }
  65              		.loc 1 184 0
  66 0010 AA20     		movs	r0, #170
  67 0012 7047     		bx	lr
  68              	.L5:
  69              		.align	2
  70              	.L4:
  71 0014 00000000 		.word	.LANCHOR0
  72 0018 B5C4F672 		.word	1928774837
  73              		.cfi_endproc
  74              	.LFE65:
  75              		.size	SelfTest_PCAAAA, .-SelfTest_PCAAAA
  76              		.section	PC5555,"ax",%progbits
  77              		.align	2
  78              		.thumb
  79              		.thumb_func
  80              		.type	SelfTest_PC5555, %function
  81              	SelfTest_PC5555:
  82              	.LFB66:
 185:.\SelfTest_CPU.c **** 
 186:.\SelfTest_CPU.c **** 
 187:.\SelfTest_CPU.c **** /*******************************************************************************
 188:.\SelfTest_CPU.c **** * Function Name: SelfTest_PC5555
 189:.\SelfTest_CPU.c **** ********************************************************************************
 190:.\SelfTest_CPU.c **** *
 191:.\SelfTest_CPU.c **** * Summary: 
 192:.\SelfTest_CPU.c **** *  This function performs a test for the PC register. Function is placed at 0x5555 address
 193:.\SelfTest_CPU.c **** *  in flash for PSoC 3. And at 0x15555 address in flash for PSoC 5. This function
 194:.\SelfTest_CPU.c **** *  must return value 0x55 and write unique value to SelfTestA, SelfTestB and 
 195:.\SelfTest_CPU.c **** *  SelfTestC variables if PC is working correctly. Also this function executes a cycle 
 196:.\SelfTest_CPU.c **** *  loop for additional checking if the PC is working.
 197:.\SelfTest_CPU.c **** *
 198:.\SelfTest_CPU.c **** * Parameters:
 199:.\SelfTest_CPU.c **** *  None.
 200:.\SelfTest_CPU.c **** *                           
 201:.\SelfTest_CPU.c **** * Return:
 202:.\SelfTest_CPU.c **** *  SelfTestA:  write unique value to variable for this function SELF_TEST_A_1.
 203:.\SelfTest_CPU.c **** *  SelfTestB:  write unique value to variable for this function SELF_TEST_B_1.
ARM GAS  C:\Users\nosak\AppData\Local\Temp\ccAuB64A.s 			page 6


 204:.\SelfTest_CPU.c **** *  SelfTestC:  write unique value to variable for this function SELF_TEST_C_1.
 205:.\SelfTest_CPU.c **** *  Return unique value for this function CHECKERBOARD_PATTERN_55.
 206:.\SelfTest_CPU.c **** *
 207:.\SelfTest_CPU.c **** **********************************************************************************/
 208:.\SelfTest_CPU.c **** static uint8 SelfTest_PC5555(void)
 209:.\SelfTest_CPU.c **** {
  83              		.loc 1 209 0
  84              		.cfi_startproc
  85              		@ args = 0, pretend = 0, frame = 0
  86              		@ frame_needed = 0, uses_anonymous_args = 0
  87              		@ link register save eliminated.
 210:.\SelfTest_CPU.c **** 	
 211:.\SelfTest_CPU.c ****     SelfTestA = SELF_TEST_A_1;
  88              		.loc 1 211 0
  89 0000 044B     		ldr	r3, .L7
  90 0002 5A22     		movs	r2, #90
  91 0004 1A70     		strb	r2, [r3]
 212:.\SelfTest_CPU.c ****     	
 213:.\SelfTest_CPU.c **** 	SelfTestB = SELF_TEST_B_1;
  92              		.loc 1 213 0
  93 0006 4BF65172 		movw	r2, #48977
  94 000a 5A80     		strh	r2, [r3, #2]	@ movhi
 214:.\SelfTest_CPU.c ****     
 215:.\SelfTest_CPU.c **** 	SelfTestC = SELF_TEST_C_1;
  95              		.loc 1 215 0
  96 000c 024A     		ldr	r2, .L7+4
  97 000e 5A60     		str	r2, [r3, #4]
 216:.\SelfTest_CPU.c **** 
 217:.\SelfTest_CPU.c ****     #if ERROR_IN_PROGRAM_COUNTER    
 218:.\SelfTest_CPU.c ****     	return (CHECKERBOARD_PATTERN_55 + 1u);
 219:.\SelfTest_CPU.c ****     #else    
 220:.\SelfTest_CPU.c ****         return CHECKERBOARD_PATTERN_55;
 221:.\SelfTest_CPU.c ****     #endif      
 222:.\SelfTest_CPU.c **** 	
 223:.\SelfTest_CPU.c **** }
  98              		.loc 1 223 0
  99 0010 5520     		movs	r0, #85
 100 0012 7047     		bx	lr
 101              	.L8:
 102              		.align	2
 103              	.L7:
 104 0014 00000000 		.word	.LANCHOR0
 105 0018 F8D382CA 		.word	-897395720
 106              		.cfi_endproc
 107              	.LFE66:
 108              		.size	SelfTest_PC5555, .-SelfTest_PC5555
 109              		.section	.text.SelfTest_PC,"ax",%progbits
 110              		.align	2
 111              		.global	SelfTest_PC
 112              		.thumb
 113              		.thumb_func
 114              		.type	SelfTest_PC, %function
 115              	SelfTest_PC:
 116              	.LFB64:
 108:.\SelfTest_CPU.c ****     uint8 returned_value;
 117              		.loc 1 108 0
 118              		.cfi_startproc
ARM GAS  C:\Users\nosak\AppData\Local\Temp\ccAuB64A.s 			page 7


 119              		@ args = 0, pretend = 0, frame = 0
 120              		@ frame_needed = 0, uses_anonymous_args = 0
 121 0000 10B5     		push	{r4, lr}
 122              		.cfi_def_cfa_offset 8
 123              		.cfi_offset 4, -8
 124              		.cfi_offset 14, -4
 112:.\SelfTest_CPU.c **** 	SelfTestB = 0x0000u;
 125              		.loc 1 112 0
 126 0002 1F4C     		ldr	r4, .L20
 127 0004 0023     		movs	r3, #0
 128 0006 2370     		strb	r3, [r4]
 113:.\SelfTest_CPU.c **** 	SelfTestC = 0x00000000u;
 129              		.loc 1 113 0
 130 0008 6380     		strh	r3, [r4, #2]	@ movhi
 114:.\SelfTest_CPU.c **** 	
 131              		.loc 1 114 0
 132 000a 6360     		str	r3, [r4, #4]
 116:.\SelfTest_CPU.c ****     
 133              		.loc 1 116 0
 134 000c FFF7FEFF 		bl	SelfTest_PC5555
 135              	.LVL1:
 119:.\SelfTest_CPU.c **** 	   && (returned_value == CHECKERBOARD_PATTERN_55))
 136              		.loc 1 119 0
 137 0010 2378     		ldrb	r3, [r4]	@ zero_extendqisi2
 138 0012 DBB2     		uxtb	r3, r3
 139 0014 5A2B     		cmp	r3, #90
 140 0016 23D1     		bne	.L11
 119:.\SelfTest_CPU.c **** 	   && (returned_value == CHECKERBOARD_PATTERN_55))
 141              		.loc 1 119 0 is_stmt 0 discriminator 1
 142 0018 6388     		ldrh	r3, [r4, #2]
 143 001a 9BB2     		uxth	r3, r3
 144 001c 4BF65172 		movw	r2, #48977
 145 0020 9342     		cmp	r3, r2
 146 0022 1FD1     		bne	.L12
 119:.\SelfTest_CPU.c **** 	   && (returned_value == CHECKERBOARD_PATTERN_55))
 147              		.loc 1 119 0 discriminator 2
 148 0024 6268     		ldr	r2, [r4, #4]
 149 0026 174B     		ldr	r3, .L20+4
 150 0028 9A42     		cmp	r2, r3
 151 002a 1DD1     		bne	.L13
 120:.\SelfTest_CPU.c **** 	{
 152              		.loc 1 120 0 is_stmt 1
 153 002c 5528     		cmp	r0, #85
 154 002e 1DD1     		bne	.L14
 124:.\SelfTest_CPU.c **** 	    SelfTestB = 0x0000u;
 155              		.loc 1 124 0
 156 0030 0023     		movs	r3, #0
 157 0032 2370     		strb	r3, [r4]
 125:.\SelfTest_CPU.c **** 	    SelfTestC = 0x00000000u;
 158              		.loc 1 125 0
 159 0034 6380     		strh	r3, [r4, #2]	@ movhi
 126:.\SelfTest_CPU.c **** 		
 160              		.loc 1 126 0
 161 0036 6360     		str	r3, [r4, #4]
 128:.\SelfTest_CPU.c ****         
 162              		.loc 1 128 0
 163 0038 FFF7FEFF 		bl	SelfTest_PCAAAA
ARM GAS  C:\Users\nosak\AppData\Local\Temp\ccAuB64A.s 			page 8


 164              	.LVL2:
 131:.\SelfTest_CPU.c **** 		   && (returned_value == CHECKERBOARD_PATTERN_AA))
 165              		.loc 1 131 0
 166 003c 2378     		ldrb	r3, [r4]	@ zero_extendqisi2
 167 003e DBB2     		uxtb	r3, r3
 168 0040 F52B     		cmp	r3, #245
 169 0042 15D1     		bne	.L15
 131:.\SelfTest_CPU.c **** 		   && (returned_value == CHECKERBOARD_PATTERN_AA))
 170              		.loc 1 131 0 is_stmt 0 discriminator 1
 171 0044 6388     		ldrh	r3, [r4, #2]
 172 0046 9BB2     		uxth	r3, r3
 173 0048 45F6F142 		movw	r2, #23793
 174 004c 9342     		cmp	r3, r2
 175 004e 11D1     		bne	.L16
 131:.\SelfTest_CPU.c **** 		   && (returned_value == CHECKERBOARD_PATTERN_AA))
 176              		.loc 1 131 0 discriminator 2
 177 0050 6268     		ldr	r2, [r4, #4]
 178 0052 0D4B     		ldr	r3, .L20+8
 179 0054 9A42     		cmp	r2, r3
 180 0056 0FD1     		bne	.L17
 132:.\SelfTest_CPU.c ****         {   
 181              		.loc 1 132 0 is_stmt 1
 182 0058 AA28     		cmp	r0, #170
 183 005a 0FD0     		beq	.L18
 138:.\SelfTest_CPU.c ****         }    
 184              		.loc 1 138 0
 185 005c 0120     		movs	r0, #1
 186              	.LVL3:
 187 005e 10BD     		pop	{r4, pc}
 188              	.LVL4:
 189              	.L11:
 143:.\SelfTest_CPU.c **** 	}
 190              		.loc 1 143 0
 191 0060 0120     		movs	r0, #1
 192              	.LVL5:
 193 0062 10BD     		pop	{r4, pc}
 194              	.LVL6:
 195              	.L12:
 196 0064 0120     		movs	r0, #1
 197              	.LVL7:
 198 0066 10BD     		pop	{r4, pc}
 199              	.LVL8:
 200              	.L13:
 201 0068 0120     		movs	r0, #1
 202              	.LVL9:
 203 006a 10BD     		pop	{r4, pc}
 204              	.LVL10:
 205              	.L14:
 206 006c 0120     		movs	r0, #1
 207              	.LVL11:
 208 006e 10BD     		pop	{r4, pc}
 209              	.LVL12:
 210              	.L15:
 138:.\SelfTest_CPU.c ****         }    
 211              		.loc 1 138 0
 212 0070 0120     		movs	r0, #1
 213              	.LVL13:
ARM GAS  C:\Users\nosak\AppData\Local\Temp\ccAuB64A.s 			page 9


 214 0072 10BD     		pop	{r4, pc}
 215              	.LVL14:
 216              	.L16:
 217 0074 0120     		movs	r0, #1
 218              	.LVL15:
 219 0076 10BD     		pop	{r4, pc}
 220              	.LVL16:
 221              	.L17:
 222 0078 0120     		movs	r0, #1
 223              	.LVL17:
 224 007a 10BD     		pop	{r4, pc}
 225              	.LVL18:
 226              	.L18:
 134:.\SelfTest_CPU.c ****         }    
 227              		.loc 1 134 0
 228 007c 0020     		movs	r0, #0
 229              	.LVL19:
 146:.\SelfTest_CPU.c **** 
 230              		.loc 1 146 0
 231 007e 10BD     		pop	{r4, pc}
 232              	.L21:
 233              		.align	2
 234              	.L20:
 235 0080 00000000 		.word	.LANCHOR0
 236 0084 F8D382CA 		.word	-897395720
 237 0088 B5C4F672 		.word	1928774837
 238              		.cfi_endproc
 239              	.LFE64:
 240              		.size	SelfTest_PC, .-SelfTest_PC
 241              		.bss
 242              		.align	2
 243              		.set	.LANCHOR0,. + 0
 244              		.type	SelfTestA, %object
 245              		.size	SelfTestA, 1
 246              	SelfTestA:
 247 0000 00       		.space	1
 248 0001 00       		.space	1
 249              		.type	SelfTestB, %object
 250              		.size	SelfTestB, 2
 251              	SelfTestB:
 252 0002 0000     		.space	2
 253              		.type	SelfTestC, %object
 254              		.size	SelfTestC, 4
 255              	SelfTestC:
 256 0004 00000000 		.space	4
 257              		.text
 258              	.Letext0:
 259              		.file 2 "c:\\program files (x86)\\cypress\\psoc creator\\3.3\\psoc creator\\import\\gnu\\arm\\4.9.
 260              		.file 3 "c:\\program files (x86)\\cypress\\psoc creator\\3.3\\psoc creator\\import\\gnu\\arm\\4.9.
 261              		.file 4 "Generated_Source\\PSoC5/cytypes.h"
 262              		.file 5 "Generated_Source\\PSoC5/core_cm3.h"
 263              		.file 6 ".\\SelfTest_CPU_asm.h"
 264              		.section	.debug_info,"",%progbits
 265              	.Ldebug_info0:
 266 0000 A4010000 		.4byte	0x1a4
 267 0004 0400     		.2byte	0x4
 268 0006 00000000 		.4byte	.Ldebug_abbrev0
ARM GAS  C:\Users\nosak\AppData\Local\Temp\ccAuB64A.s 			page 10


 269 000a 04       		.byte	0x4
 270 000b 01       		.uleb128 0x1
 271 000c 11010000 		.4byte	.LASF26
 272 0010 01       		.byte	0x1
 273 0011 D4000000 		.4byte	.LASF27
 274 0015 84000000 		.4byte	.LASF28
 275 0019 00000000 		.4byte	.Ldebug_ranges0+0
 276 001d 00000000 		.4byte	0
 277 0021 00000000 		.4byte	.Ldebug_line0
 278 0025 02       		.uleb128 0x2
 279 0026 01       		.byte	0x1
 280 0027 06       		.byte	0x6
 281 0028 19020000 		.4byte	.LASF0
 282 002c 02       		.uleb128 0x2
 283 002d 01       		.byte	0x1
 284 002e 08       		.byte	0x8
 285 002f 51000000 		.4byte	.LASF1
 286 0033 02       		.uleb128 0x2
 287 0034 02       		.byte	0x2
 288 0035 05       		.byte	0x5
 289 0036 F6010000 		.4byte	.LASF2
 290 003a 02       		.uleb128 0x2
 291 003b 02       		.byte	0x2
 292 003c 07       		.byte	0x7
 293 003d 71000000 		.4byte	.LASF3
 294 0041 03       		.uleb128 0x3
 295 0042 00000000 		.4byte	.LASF9
 296 0046 02       		.byte	0x2
 297 0047 3F       		.byte	0x3f
 298 0048 4C000000 		.4byte	0x4c
 299 004c 02       		.uleb128 0x2
 300 004d 04       		.byte	0x4
 301 004e 05       		.byte	0x5
 302 004f 10020000 		.4byte	.LASF4
 303 0053 02       		.uleb128 0x2
 304 0054 04       		.byte	0x4
 305 0055 07       		.byte	0x7
 306 0056 5F000000 		.4byte	.LASF5
 307 005a 02       		.uleb128 0x2
 308 005b 08       		.byte	0x8
 309 005c 05       		.byte	0x5
 310 005d D4010000 		.4byte	.LASF6
 311 0061 02       		.uleb128 0x2
 312 0062 08       		.byte	0x8
 313 0063 07       		.byte	0x7
 314 0064 AC010000 		.4byte	.LASF7
 315 0068 04       		.uleb128 0x4
 316 0069 04       		.byte	0x4
 317 006a 05       		.byte	0x5
 318 006b 696E7400 		.ascii	"int\000"
 319 006f 02       		.uleb128 0x2
 320 0070 04       		.byte	0x4
 321 0071 07       		.byte	0x7
 322 0072 9F010000 		.4byte	.LASF8
 323 0076 03       		.uleb128 0x3
 324 0077 C3010000 		.4byte	.LASF10
 325 007b 03       		.byte	0x3
ARM GAS  C:\Users\nosak\AppData\Local\Temp\ccAuB64A.s 			page 11


 326 007c 2C       		.byte	0x2c
 327 007d 41000000 		.4byte	0x41
 328 0081 05       		.uleb128 0x5
 329 0082 00020000 		.4byte	.LASF11
 330 0086 04       		.byte	0x4
 331 0087 3801     		.2byte	0x138
 332 0089 2C000000 		.4byte	0x2c
 333 008d 05       		.uleb128 0x5
 334 008e 03010000 		.4byte	.LASF12
 335 0092 04       		.byte	0x4
 336 0093 3901     		.2byte	0x139
 337 0095 3A000000 		.4byte	0x3a
 338 0099 05       		.uleb128 0x5
 339 009a 0A010000 		.4byte	.LASF13
 340 009e 04       		.byte	0x4
 341 009f 3A01     		.2byte	0x13a
 342 00a1 53000000 		.4byte	0x53
 343 00a5 02       		.uleb128 0x2
 344 00a6 04       		.byte	0x4
 345 00a7 04       		.byte	0x4
 346 00a8 3B000000 		.4byte	.LASF14
 347 00ac 02       		.uleb128 0x2
 348 00ad 08       		.byte	0x8
 349 00ae 04       		.byte	0x4
 350 00af E5000000 		.4byte	.LASF15
 351 00b3 02       		.uleb128 0x2
 352 00b4 01       		.byte	0x1
 353 00b5 08       		.byte	0x8
 354 00b6 E2010000 		.4byte	.LASF16
 355 00ba 06       		.uleb128 0x6
 356 00bb 81000000 		.4byte	0x81
 357 00bf 06       		.uleb128 0x6
 358 00c0 8D000000 		.4byte	0x8d
 359 00c4 06       		.uleb128 0x6
 360 00c5 99000000 		.4byte	0x99
 361 00c9 02       		.uleb128 0x2
 362 00ca 04       		.byte	0x4
 363 00cb 07       		.byte	0x7
 364 00cc CB010000 		.4byte	.LASF17
 365 00d0 07       		.uleb128 0x7
 366 00d1 EC000000 		.4byte	.LASF20
 367 00d5 01       		.byte	0x1
 368 00d6 4D       		.byte	0x4d
 369 00d7 81000000 		.4byte	0x81
 370 00db 00000000 		.4byte	.LFB63
 371 00df 08000000 		.4byte	.LFE63-.LFB63
 372 00e3 01       		.uleb128 0x1
 373 00e4 9C       		.byte	0x9c
 374 00e5 F3000000 		.4byte	0xf3
 375 00e9 08       		.uleb128 0x8
 376 00ea 06000000 		.4byte	.LVL0
 377 00ee 9C010000 		.4byte	0x19c
 378 00f2 00       		.byte	0
 379 00f3 09       		.uleb128 0x9
 380 00f4 41000000 		.4byte	.LASF18
 381 00f8 01       		.byte	0x1
 382 00f9 AA       		.byte	0xaa
ARM GAS  C:\Users\nosak\AppData\Local\Temp\ccAuB64A.s 			page 12


 383 00fa 81000000 		.4byte	0x81
 384 00fe 00000000 		.4byte	.LFB65
 385 0102 1C000000 		.4byte	.LFE65-.LFB65
 386 0106 01       		.uleb128 0x1
 387 0107 9C       		.byte	0x9c
 388 0108 09       		.uleb128 0x9
 389 0109 21000000 		.4byte	.LASF19
 390 010d 01       		.byte	0x1
 391 010e D0       		.byte	0xd0
 392 010f 81000000 		.4byte	0x81
 393 0113 00000000 		.4byte	.LFB66
 394 0117 1C000000 		.4byte	.LFE66-.LFB66
 395 011b 01       		.uleb128 0x1
 396 011c 9C       		.byte	0x9c
 397 011d 07       		.uleb128 0x7
 398 011e 25020000 		.4byte	.LASF21
 399 0122 01       		.byte	0x1
 400 0123 6B       		.byte	0x6b
 401 0124 81000000 		.4byte	0x81
 402 0128 00000000 		.4byte	.LFB64
 403 012c 8C000000 		.4byte	.LFE64-.LFB64
 404 0130 01       		.uleb128 0x1
 405 0131 9C       		.byte	0x9c
 406 0132 58010000 		.4byte	0x158
 407 0136 0A       		.uleb128 0xa
 408 0137 E7010000 		.4byte	.LASF22
 409 013b 01       		.byte	0x1
 410 013c 6D       		.byte	0x6d
 411 013d 81000000 		.4byte	0x81
 412 0141 00000000 		.4byte	.LLST0
 413 0145 08       		.uleb128 0x8
 414 0146 10000000 		.4byte	.LVL1
 415 014a 08010000 		.4byte	0x108
 416 014e 08       		.uleb128 0x8
 417 014f 3C000000 		.4byte	.LVL2
 418 0153 F3000000 		.4byte	0xf3
 419 0157 00       		.byte	0
 420 0158 0B       		.uleb128 0xb
 421 0159 17000000 		.4byte	.LASF23
 422 015d 01       		.byte	0x1
 423 015e 2F       		.byte	0x2f
 424 015f BA000000 		.4byte	0xba
 425 0163 05       		.uleb128 0x5
 426 0164 03       		.byte	0x3
 427 0165 00000000 		.4byte	SelfTestA
 428 0169 0B       		.uleb128 0xb
 429 016a 06020000 		.4byte	.LASF24
 430 016e 01       		.byte	0x1
 431 016f 30       		.byte	0x30
 432 0170 BF000000 		.4byte	0xbf
 433 0174 05       		.uleb128 0x5
 434 0175 03       		.byte	0x3
 435 0176 02000000 		.4byte	SelfTestB
 436 017a 0B       		.uleb128 0xb
 437 017b 31000000 		.4byte	.LASF25
 438 017f 01       		.byte	0x1
 439 0180 31       		.byte	0x31
ARM GAS  C:\Users\nosak\AppData\Local\Temp\ccAuB64A.s 			page 13


 440 0181 C4000000 		.4byte	0xc4
 441 0185 05       		.uleb128 0x5
 442 0186 03       		.byte	0x3
 443 0187 04000000 		.4byte	SelfTestC
 444 018b 0C       		.uleb128 0xc
 445 018c C7000000 		.4byte	.LASF29
 446 0190 05       		.byte	0x5
 447 0191 5506     		.2byte	0x655
 448 0193 97010000 		.4byte	0x197
 449 0197 06       		.uleb128 0x6
 450 0198 76000000 		.4byte	0x76
 451 019c 0D       		.uleb128 0xd
 452 019d 0A000000 		.4byte	.LASF30
 453 01a1 06       		.byte	0x6
 454 01a2 34       		.byte	0x34
 455 01a3 81000000 		.4byte	0x81
 456 01a7 00       		.byte	0
 457              		.section	.debug_abbrev,"",%progbits
 458              	.Ldebug_abbrev0:
 459 0000 01       		.uleb128 0x1
 460 0001 11       		.uleb128 0x11
 461 0002 01       		.byte	0x1
 462 0003 25       		.uleb128 0x25
 463 0004 0E       		.uleb128 0xe
 464 0005 13       		.uleb128 0x13
 465 0006 0B       		.uleb128 0xb
 466 0007 03       		.uleb128 0x3
 467 0008 0E       		.uleb128 0xe
 468 0009 1B       		.uleb128 0x1b
 469 000a 0E       		.uleb128 0xe
 470 000b 55       		.uleb128 0x55
 471 000c 17       		.uleb128 0x17
 472 000d 11       		.uleb128 0x11
 473 000e 01       		.uleb128 0x1
 474 000f 10       		.uleb128 0x10
 475 0010 17       		.uleb128 0x17
 476 0011 00       		.byte	0
 477 0012 00       		.byte	0
 478 0013 02       		.uleb128 0x2
 479 0014 24       		.uleb128 0x24
 480 0015 00       		.byte	0
 481 0016 0B       		.uleb128 0xb
 482 0017 0B       		.uleb128 0xb
 483 0018 3E       		.uleb128 0x3e
 484 0019 0B       		.uleb128 0xb
 485 001a 03       		.uleb128 0x3
 486 001b 0E       		.uleb128 0xe
 487 001c 00       		.byte	0
 488 001d 00       		.byte	0
 489 001e 03       		.uleb128 0x3
 490 001f 16       		.uleb128 0x16
 491 0020 00       		.byte	0
 492 0021 03       		.uleb128 0x3
 493 0022 0E       		.uleb128 0xe
 494 0023 3A       		.uleb128 0x3a
 495 0024 0B       		.uleb128 0xb
 496 0025 3B       		.uleb128 0x3b
ARM GAS  C:\Users\nosak\AppData\Local\Temp\ccAuB64A.s 			page 14


 497 0026 0B       		.uleb128 0xb
 498 0027 49       		.uleb128 0x49
 499 0028 13       		.uleb128 0x13
 500 0029 00       		.byte	0
 501 002a 00       		.byte	0
 502 002b 04       		.uleb128 0x4
 503 002c 24       		.uleb128 0x24
 504 002d 00       		.byte	0
 505 002e 0B       		.uleb128 0xb
 506 002f 0B       		.uleb128 0xb
 507 0030 3E       		.uleb128 0x3e
 508 0031 0B       		.uleb128 0xb
 509 0032 03       		.uleb128 0x3
 510 0033 08       		.uleb128 0x8
 511 0034 00       		.byte	0
 512 0035 00       		.byte	0
 513 0036 05       		.uleb128 0x5
 514 0037 16       		.uleb128 0x16
 515 0038 00       		.byte	0
 516 0039 03       		.uleb128 0x3
 517 003a 0E       		.uleb128 0xe
 518 003b 3A       		.uleb128 0x3a
 519 003c 0B       		.uleb128 0xb
 520 003d 3B       		.uleb128 0x3b
 521 003e 05       		.uleb128 0x5
 522 003f 49       		.uleb128 0x49
 523 0040 13       		.uleb128 0x13
 524 0041 00       		.byte	0
 525 0042 00       		.byte	0
 526 0043 06       		.uleb128 0x6
 527 0044 35       		.uleb128 0x35
 528 0045 00       		.byte	0
 529 0046 49       		.uleb128 0x49
 530 0047 13       		.uleb128 0x13
 531 0048 00       		.byte	0
 532 0049 00       		.byte	0
 533 004a 07       		.uleb128 0x7
 534 004b 2E       		.uleb128 0x2e
 535 004c 01       		.byte	0x1
 536 004d 3F       		.uleb128 0x3f
 537 004e 19       		.uleb128 0x19
 538 004f 03       		.uleb128 0x3
 539 0050 0E       		.uleb128 0xe
 540 0051 3A       		.uleb128 0x3a
 541 0052 0B       		.uleb128 0xb
 542 0053 3B       		.uleb128 0x3b
 543 0054 0B       		.uleb128 0xb
 544 0055 27       		.uleb128 0x27
 545 0056 19       		.uleb128 0x19
 546 0057 49       		.uleb128 0x49
 547 0058 13       		.uleb128 0x13
 548 0059 11       		.uleb128 0x11
 549 005a 01       		.uleb128 0x1
 550 005b 12       		.uleb128 0x12
 551 005c 06       		.uleb128 0x6
 552 005d 40       		.uleb128 0x40
 553 005e 18       		.uleb128 0x18
ARM GAS  C:\Users\nosak\AppData\Local\Temp\ccAuB64A.s 			page 15


 554 005f 9742     		.uleb128 0x2117
 555 0061 19       		.uleb128 0x19
 556 0062 01       		.uleb128 0x1
 557 0063 13       		.uleb128 0x13
 558 0064 00       		.byte	0
 559 0065 00       		.byte	0
 560 0066 08       		.uleb128 0x8
 561 0067 898201   		.uleb128 0x4109
 562 006a 00       		.byte	0
 563 006b 11       		.uleb128 0x11
 564 006c 01       		.uleb128 0x1
 565 006d 31       		.uleb128 0x31
 566 006e 13       		.uleb128 0x13
 567 006f 00       		.byte	0
 568 0070 00       		.byte	0
 569 0071 09       		.uleb128 0x9
 570 0072 2E       		.uleb128 0x2e
 571 0073 00       		.byte	0
 572 0074 03       		.uleb128 0x3
 573 0075 0E       		.uleb128 0xe
 574 0076 3A       		.uleb128 0x3a
 575 0077 0B       		.uleb128 0xb
 576 0078 3B       		.uleb128 0x3b
 577 0079 0B       		.uleb128 0xb
 578 007a 27       		.uleb128 0x27
 579 007b 19       		.uleb128 0x19
 580 007c 49       		.uleb128 0x49
 581 007d 13       		.uleb128 0x13
 582 007e 11       		.uleb128 0x11
 583 007f 01       		.uleb128 0x1
 584 0080 12       		.uleb128 0x12
 585 0081 06       		.uleb128 0x6
 586 0082 40       		.uleb128 0x40
 587 0083 18       		.uleb128 0x18
 588 0084 9742     		.uleb128 0x2117
 589 0086 19       		.uleb128 0x19
 590 0087 00       		.byte	0
 591 0088 00       		.byte	0
 592 0089 0A       		.uleb128 0xa
 593 008a 34       		.uleb128 0x34
 594 008b 00       		.byte	0
 595 008c 03       		.uleb128 0x3
 596 008d 0E       		.uleb128 0xe
 597 008e 3A       		.uleb128 0x3a
 598 008f 0B       		.uleb128 0xb
 599 0090 3B       		.uleb128 0x3b
 600 0091 0B       		.uleb128 0xb
 601 0092 49       		.uleb128 0x49
 602 0093 13       		.uleb128 0x13
 603 0094 02       		.uleb128 0x2
 604 0095 17       		.uleb128 0x17
 605 0096 00       		.byte	0
 606 0097 00       		.byte	0
 607 0098 0B       		.uleb128 0xb
 608 0099 34       		.uleb128 0x34
 609 009a 00       		.byte	0
 610 009b 03       		.uleb128 0x3
ARM GAS  C:\Users\nosak\AppData\Local\Temp\ccAuB64A.s 			page 16


 611 009c 0E       		.uleb128 0xe
 612 009d 3A       		.uleb128 0x3a
 613 009e 0B       		.uleb128 0xb
 614 009f 3B       		.uleb128 0x3b
 615 00a0 0B       		.uleb128 0xb
 616 00a1 49       		.uleb128 0x49
 617 00a2 13       		.uleb128 0x13
 618 00a3 02       		.uleb128 0x2
 619 00a4 18       		.uleb128 0x18
 620 00a5 00       		.byte	0
 621 00a6 00       		.byte	0
 622 00a7 0C       		.uleb128 0xc
 623 00a8 34       		.uleb128 0x34
 624 00a9 00       		.byte	0
 625 00aa 03       		.uleb128 0x3
 626 00ab 0E       		.uleb128 0xe
 627 00ac 3A       		.uleb128 0x3a
 628 00ad 0B       		.uleb128 0xb
 629 00ae 3B       		.uleb128 0x3b
 630 00af 05       		.uleb128 0x5
 631 00b0 49       		.uleb128 0x49
 632 00b1 13       		.uleb128 0x13
 633 00b2 3F       		.uleb128 0x3f
 634 00b3 19       		.uleb128 0x19
 635 00b4 3C       		.uleb128 0x3c
 636 00b5 19       		.uleb128 0x19
 637 00b6 00       		.byte	0
 638 00b7 00       		.byte	0
 639 00b8 0D       		.uleb128 0xd
 640 00b9 2E       		.uleb128 0x2e
 641 00ba 00       		.byte	0
 642 00bb 3F       		.uleb128 0x3f
 643 00bc 19       		.uleb128 0x19
 644 00bd 03       		.uleb128 0x3
 645 00be 0E       		.uleb128 0xe
 646 00bf 3A       		.uleb128 0x3a
 647 00c0 0B       		.uleb128 0xb
 648 00c1 3B       		.uleb128 0x3b
 649 00c2 0B       		.uleb128 0xb
 650 00c3 27       		.uleb128 0x27
 651 00c4 19       		.uleb128 0x19
 652 00c5 49       		.uleb128 0x49
 653 00c6 13       		.uleb128 0x13
 654 00c7 3C       		.uleb128 0x3c
 655 00c8 19       		.uleb128 0x19
 656 00c9 00       		.byte	0
 657 00ca 00       		.byte	0
 658 00cb 00       		.byte	0
 659              		.section	.debug_loc,"",%progbits
 660              	.Ldebug_loc0:
 661              	.LLST0:
 662 0000 10000000 		.4byte	.LVL1
 663 0004 3B000000 		.4byte	.LVL2-1
 664 0008 0100     		.2byte	0x1
 665 000a 50       		.byte	0x50
 666 000b 3C000000 		.4byte	.LVL2
 667 000f 5E000000 		.4byte	.LVL3
ARM GAS  C:\Users\nosak\AppData\Local\Temp\ccAuB64A.s 			page 17


 668 0013 0100     		.2byte	0x1
 669 0015 50       		.byte	0x50
 670 0016 60000000 		.4byte	.LVL4
 671 001a 62000000 		.4byte	.LVL5
 672 001e 0100     		.2byte	0x1
 673 0020 50       		.byte	0x50
 674 0021 64000000 		.4byte	.LVL6
 675 0025 66000000 		.4byte	.LVL7
 676 0029 0100     		.2byte	0x1
 677 002b 50       		.byte	0x50
 678 002c 68000000 		.4byte	.LVL8
 679 0030 6A000000 		.4byte	.LVL9
 680 0034 0100     		.2byte	0x1
 681 0036 50       		.byte	0x50
 682 0037 6C000000 		.4byte	.LVL10
 683 003b 6E000000 		.4byte	.LVL11
 684 003f 0100     		.2byte	0x1
 685 0041 50       		.byte	0x50
 686 0042 70000000 		.4byte	.LVL12
 687 0046 72000000 		.4byte	.LVL13
 688 004a 0100     		.2byte	0x1
 689 004c 50       		.byte	0x50
 690 004d 74000000 		.4byte	.LVL14
 691 0051 76000000 		.4byte	.LVL15
 692 0055 0100     		.2byte	0x1
 693 0057 50       		.byte	0x50
 694 0058 78000000 		.4byte	.LVL16
 695 005c 7A000000 		.4byte	.LVL17
 696 0060 0100     		.2byte	0x1
 697 0062 50       		.byte	0x50
 698 0063 7C000000 		.4byte	.LVL18
 699 0067 8C000000 		.4byte	.LFE64
 700 006b 0100     		.2byte	0x1
 701 006d 50       		.byte	0x50
 702 006e 00000000 		.4byte	0
 703 0072 00000000 		.4byte	0
 704              		.section	.debug_aranges,"",%progbits
 705 0000 34000000 		.4byte	0x34
 706 0004 0200     		.2byte	0x2
 707 0006 00000000 		.4byte	.Ldebug_info0
 708 000a 04       		.byte	0x4
 709 000b 00       		.byte	0
 710 000c 0000     		.2byte	0
 711 000e 0000     		.2byte	0
 712 0010 00000000 		.4byte	.LFB63
 713 0014 08000000 		.4byte	.LFE63-.LFB63
 714 0018 00000000 		.4byte	.LFB65
 715 001c 1C000000 		.4byte	.LFE65-.LFB65
 716 0020 00000000 		.4byte	.LFB66
 717 0024 1C000000 		.4byte	.LFE66-.LFB66
 718 0028 00000000 		.4byte	.LFB64
 719 002c 8C000000 		.4byte	.LFE64-.LFB64
 720 0030 00000000 		.4byte	0
 721 0034 00000000 		.4byte	0
 722              		.section	.debug_ranges,"",%progbits
 723              	.Ldebug_ranges0:
 724 0000 00000000 		.4byte	.LFB63
ARM GAS  C:\Users\nosak\AppData\Local\Temp\ccAuB64A.s 			page 18


 725 0004 08000000 		.4byte	.LFE63
 726 0008 00000000 		.4byte	.LFB65
 727 000c 1C000000 		.4byte	.LFE65
 728 0010 00000000 		.4byte	.LFB66
 729 0014 1C000000 		.4byte	.LFE66
 730 0018 00000000 		.4byte	.LFB64
 731 001c 8C000000 		.4byte	.LFE64
 732 0020 00000000 		.4byte	0
 733 0024 00000000 		.4byte	0
 734              		.section	.debug_line,"",%progbits
 735              	.Ldebug_line0:
 736 0000 E4010000 		.section	.debug_str,"MS",%progbits,1
 736      02006901 
 736      00000201 
 736      FB0E0D00 
 736      01010101 
 737              	.LASF9:
 738 0000 5F5F696E 		.ascii	"__int32_t\000"
 738      7433325F 
 738      7400
 739              	.LASF30:
 740 000a 4350555F 		.ascii	"CPU_PSoC_Asm\000"
 740      50536F43 
 740      5F41736D 
 740      00
 741              	.LASF23:
 742 0017 53656C66 		.ascii	"SelfTestA\000"
 742      54657374 
 742      4100
 743              	.LASF19:
 744 0021 53656C66 		.ascii	"SelfTest_PC5555\000"
 744      54657374 
 744      5F504335 
 744      35353500 
 745              	.LASF25:
 746 0031 53656C66 		.ascii	"SelfTestC\000"
 746      54657374 
 746      4300
 747              	.LASF14:
 748 003b 666C6F61 		.ascii	"float\000"
 748      7400
 749              	.LASF18:
 750 0041 53656C66 		.ascii	"SelfTest_PCAAAA\000"
 750      54657374 
 750      5F504341 
 750      41414100 
 751              	.LASF1:
 752 0051 756E7369 		.ascii	"unsigned char\000"
 752      676E6564 
 752      20636861 
 752      7200
 753              	.LASF5:
 754 005f 6C6F6E67 		.ascii	"long unsigned int\000"
 754      20756E73 
 754      69676E65 
 754      6420696E 
 754      7400
ARM GAS  C:\Users\nosak\AppData\Local\Temp\ccAuB64A.s 			page 19


 755              	.LASF3:
 756 0071 73686F72 		.ascii	"short unsigned int\000"
 756      7420756E 
 756      7369676E 
 756      65642069 
 756      6E7400
 757              	.LASF28:
 758 0084 433A5C54 		.ascii	"C:\\TIRI\\k3g2pmpm_20211223\\trobot_psoc_v6_73\\tro"
 758      4952495C 
 758      6B336732 
 758      706D706D 
 758      5F323032 
 759 00b3 626F7436 		.ascii	"bot6_cir2_2wd.cydsn\000"
 759      5F636972 
 759      325F3277 
 759      642E6379 
 759      64736E00 
 760              	.LASF29:
 761 00c7 49544D5F 		.ascii	"ITM_RxBuffer\000"
 761      52784275 
 761      66666572 
 761      00
 762              	.LASF27:
 763 00d4 2E5C5365 		.ascii	".\\SelfTest_CPU.c\000"
 763      6C665465 
 763      73745F43 
 763      50552E63 
 763      00
 764              	.LASF15:
 765 00e5 646F7562 		.ascii	"double\000"
 765      6C6500
 766              	.LASF20:
 767 00ec 53656C66 		.ascii	"SelfTest_CPU_Registers\000"
 767      54657374 
 767      5F435055 
 767      5F526567 
 767      69737465 
 768              	.LASF12:
 769 0103 75696E74 		.ascii	"uint16\000"
 769      313600
 770              	.LASF13:
 771 010a 75696E74 		.ascii	"uint32\000"
 771      333200
 772              	.LASF26:
 773 0111 474E5520 		.ascii	"GNU C 4.9.3 20150303 (release) [ARM/embedded-4_9-br"
 773      4320342E 
 773      392E3320 
 773      32303135 
 773      30333033 
 774 0144 616E6368 		.ascii	"anch revision 221220] -mcpu=cortex-m3 -mthumb -g -O"
 774      20726576 
 774      6973696F 
 774      6E203232 
 774      31323230 
 775 0177 67202D66 		.ascii	"g -ffunction-sections -ffat-lto-objects\000"
 775      66756E63 
 775      74696F6E 
ARM GAS  C:\Users\nosak\AppData\Local\Temp\ccAuB64A.s 			page 20


 775      2D736563 
 775      74696F6E 
 776              	.LASF8:
 777 019f 756E7369 		.ascii	"unsigned int\000"
 777      676E6564 
 777      20696E74 
 777      00
 778              	.LASF7:
 779 01ac 6C6F6E67 		.ascii	"long long unsigned int\000"
 779      206C6F6E 
 779      6720756E 
 779      7369676E 
 779      65642069 
 780              	.LASF10:
 781 01c3 696E7433 		.ascii	"int32_t\000"
 781      325F7400 
 782              	.LASF17:
 783 01cb 73697A65 		.ascii	"sizetype\000"
 783      74797065 
 783      00
 784              	.LASF6:
 785 01d4 6C6F6E67 		.ascii	"long long int\000"
 785      206C6F6E 
 785      6720696E 
 785      7400
 786              	.LASF16:
 787 01e2 63686172 		.ascii	"char\000"
 787      00
 788              	.LASF22:
 789 01e7 72657475 		.ascii	"returned_value\000"
 789      726E6564 
 789      5F76616C 
 789      756500
 790              	.LASF2:
 791 01f6 73686F72 		.ascii	"short int\000"
 791      7420696E 
 791      7400
 792              	.LASF11:
 793 0200 75696E74 		.ascii	"uint8\000"
 793      3800
 794              	.LASF24:
 795 0206 53656C66 		.ascii	"SelfTestB\000"
 795      54657374 
 795      4200
 796              	.LASF4:
 797 0210 6C6F6E67 		.ascii	"long int\000"
 797      20696E74 
 797      00
 798              	.LASF0:
 799 0219 7369676E 		.ascii	"signed char\000"
 799      65642063 
 799      68617200 
 800              	.LASF21:
 801 0225 53656C66 		.ascii	"SelfTest_PC\000"
 801      54657374 
 801      5F504300 
 802              		.ident	"GCC: (GNU Tools for ARM Embedded Processors) 4.9.3 20150303 (release) [ARM/embedded-4_9-br
ARM GAS  C:\Users\nosak\AppData\Local\Temp\ccAuB64A.s 			page 21


