Archive member included because of file (symbol)

.\CortexM3\ARM_GCC_493\Debug\trobot6_cir2_2wd.a(cyfitter_cfg.o)
                              .\CortexM3\ARM_GCC_493\Debug\Cm3Start.o (cyfitter_cfg)
.\CortexM3\ARM_GCC_493\Debug\trobot6_cir2_2wd.a(motor_contl_reg_0.o)
                              .\CortexM3\ARM_GCC_493\Debug\main.o (motor_contl_reg_0_Write)
.\CortexM3\ARM_GCC_493\Debug\trobot6_cir2_2wd.a(USBUART_1.o)
                              .\CortexM3\ARM_GCC_493\Debug\main.o (USBUART_1_Start)
.\CortexM3\ARM_GCC_493\Debug\trobot6_cir2_2wd.a(USBUART_1_cdc.o)
                              .\CortexM3\ARM_GCC_493\Debug\main.o (USBUART_1_CDC_Init)
.\CortexM3\ARM_GCC_493\Debug\trobot6_cir2_2wd.a(USBUART_1_drv.o)
                              .\CortexM3\ARM_GCC_493\Debug\trobot6_cir2_2wd.a(USBUART_1.o) (USBUART_1_lastPacketSize)
.\CortexM3\ARM_GCC_493\Debug\trobot6_cir2_2wd.a(USBUART_1_episr.o)
                              .\CortexM3\ARM_GCC_493\Debug\trobot6_cir2_2wd.a(USBUART_1.o) (USBUART_1_EP_1_ISR)
.\CortexM3\ARM_GCC_493\Debug\trobot6_cir2_2wd.a(USBUART_1_pm.o)
                              .\CortexM3\ARM_GCC_493\Debug\trobot6_cir2_2wd.a(USBUART_1.o) (USBUART_1_DP_ISR)
.\CortexM3\ARM_GCC_493\Debug\trobot6_cir2_2wd.a(USBUART_1_std.o)
                              .\CortexM3\ARM_GCC_493\Debug\trobot6_cir2_2wd.a(USBUART_1_pm.o) (USBUART_1_ConfigReg)
.\CortexM3\ARM_GCC_493\Debug\trobot6_cir2_2wd.a(USBUART_1_vnd.o)
                              .\CortexM3\ARM_GCC_493\Debug\trobot6_cir2_2wd.a(USBUART_1_drv.o) (USBUART_1_HandleVendorRqst)
.\CortexM3\ARM_GCC_493\Debug\trobot6_cir2_2wd.a(sub_cycle_int.o)
                              .\CortexM3\ARM_GCC_493\Debug\main.o (sub_cycle_int_StartEx)
.\CortexM3\ARM_GCC_493\Debug\trobot6_cir2_2wd.a(P_out.o)
                              .\CortexM3\ARM_GCC_493\Debug\main.o (P_out_Write)
.\CortexM3\ARM_GCC_493\Debug\trobot6_cir2_2wd.a(Timer_PWM.o)
                              .\CortexM3\ARM_GCC_493\Debug\main.o (Timer_PWM_Start)
.\CortexM3\ARM_GCC_493\Debug\trobot6_cir2_2wd.a(Timer_cycle.o)
                              .\CortexM3\ARM_GCC_493\Debug\main.o (Timer_cycle_WriteCounter)
.\CortexM3\ARM_GCC_493\Debug\trobot6_cir2_2wd.a(FirstLine.o)
                              .\CortexM3\ARM_GCC_493\Debug\main.o (FirstLine_Write)
.\CortexM3\ARM_GCC_493\Debug\trobot6_cir2_2wd.a(CycleStart.o)
                              .\CortexM3\ARM_GCC_493\Debug\sk_debug.o (CycleStart_Read)
.\CortexM3\ARM_GCC_493\Debug\trobot6_cir2_2wd.a(ADC_SAR_1.o)
                              .\CortexM3\ARM_GCC_493\Debug\main.o (ADC_SAR_1_Enable)
.\CortexM3\ARM_GCC_493\Debug\trobot6_cir2_2wd.a(ADC_SAR_1_INT.o)
                              .\CortexM3\ARM_GCC_493\Debug\trobot6_cir2_2wd.a(ADC_SAR_1.o) (ADC_SAR_1_ISR)
.\CortexM3\ARM_GCC_493\Debug\trobot6_cir2_2wd.a(AMux_1.o)
                              .\CortexM3\ARM_GCC_493\Debug\main.o (AMux_1_Start)
.\CortexM3\ARM_GCC_493\Debug\trobot6_cir2_2wd.a(VDAC8_1.o)
                              .\CortexM3\ARM_GCC_493\Debug\main.o (VDAC8_1_Start)
.\CortexM3\ARM_GCC_493\Debug\trobot6_cir2_2wd.a(DieTemp_1.o)
                              .\CortexM3\ARM_GCC_493\Debug\main.o (DieTemp_1_Start)
.\CortexM3\ARM_GCC_493\Debug\trobot6_cir2_2wd.a(P_out_1.o)
                              .\CortexM3\ARM_GCC_493\Debug\main.o (P_out_1_Write)
.\CortexM3\ARM_GCC_493\Debug\trobot6_cir2_2wd.a(Timer_sub_cycle.o)
                              .\CortexM3\ARM_GCC_493\Debug\main.o (Timer_sub_cycle_Start)
.\CortexM3\ARM_GCC_493\Debug\trobot6_cir2_2wd.a(P_out_2.o)
                              .\CortexM3\ARM_GCC_493\Debug\main.o (P_out_2_Write)
.\CortexM3\ARM_GCC_493\Debug\trobot6_cir2_2wd.a(SPIM_1.o)
                              .\CortexM3\ARM_GCC_493\Debug\main.o (SPIM_1_ReadTxStatus)
.\CortexM3\ARM_GCC_493\Debug\trobot6_cir2_2wd.a(SS0_B.o)
                              .\CortexM3\ARM_GCC_493\Debug\main.o (SS0_B_Write)
.\CortexM3\ARM_GCC_493\Debug\trobot6_cir2_2wd.a(motor_en_reg.o)
                              .\CortexM3\ARM_GCC_493\Debug\main.o (motor_en_reg_Write)
.\CortexM3\ARM_GCC_493\Debug\trobot6_cir2_2wd.a(motor_contl_reg_1.o)
                              .\CortexM3\ARM_GCC_493\Debug\main.o (motor_contl_reg_1_Write)
.\CortexM3\ARM_GCC_493\Debug\trobot6_cir2_2wd.a(BMP_SW.o)
                              .\CortexM3\ARM_GCC_493\Debug\main.o (BMP_SW_Read)
.\CortexM3\ARM_GCC_493\Debug\trobot6_cir2_2wd.a(MOTOR_FAULT.o)
                              .\CortexM3\ARM_GCC_493\Debug\main.o (MOTOR_FAULT_Read)
.\CortexM3\ARM_GCC_493\Debug\trobot6_cir2_2wd.a(USBUART_1_Dp.o)
                              .\CortexM3\ARM_GCC_493\Debug\trobot6_cir2_2wd.a(USBUART_1_pm.o) (USBUART_1_Dp_ClearInterrupt)
.\CortexM3\ARM_GCC_493\Debug\trobot6_cir2_2wd.a(ADC_SAR_1_theACLK.o)
                              .\CortexM3\ARM_GCC_493\Debug\trobot6_cir2_2wd.a(ADC_SAR_1.o) (ADC_SAR_1_theACLK_SetModeRegister)
[...]
Memory Configuration

Name             Origin             Length             Attributes
rom              0x00000000         0x00040000         xr
ram              0x1fff8000         0x00010000         xrw
*default*        0x00000000         0xffffffff

Linker script and memory map

LOAD c:/program files (x86)/cypress/psoc creator/3.3/psoc creator/import/gnu/arm/4.9.3/bin/../lib/gcc/arm-none-eabi/4.9.3/armv7-m/crti.o
LOAD c:/program files (x86)/cypress/psoc creator/3.3/psoc creator/import/gnu/arm/4.9.3/bin/../lib/gcc/arm-none-eabi/4.9.3/armv7-m/crtbegin.o
LOAD c:/program files (x86)/cypress/psoc creator/3.3/psoc creator/import/gnu/arm/4.9.3/bin/../lib/gcc/arm-none-eabi/4.9.3/../../../../arm-none-eabi/lib/armv7-m/crt0.o
START GROUP
LOAD .\CortexM3\ARM_GCC_493\Debug\main.o
LOAD .\CortexM3\ARM_GCC_493\Debug\Motor_Contl4_3.o
LOAD .\CortexM3\ARM_GCC_493\Debug\Motor_Contl4_3_data.o
LOAD .\CortexM3\ARM_GCC_493\Debug\SelfTest_CPU.o
LOAD .\CortexM3\ARM_GCC_493\Debug\SelfTest_CPU_asm.o
LOAD .\CortexM3\ARM_GCC_493\Debug\sk_debug.o
LOAD .\CortexM3\ARM_GCC_493\Debug\sk_uart.o
LOAD .\CortexM3\ARM_GCC_493\Debug\cymetadata.o
LOAD .\CortexM3\ARM_GCC_493\Debug\Cm3Start.o
LOAD .\CortexM3\ARM_GCC_493\Debug\trobot6_cir2_2wd.a
LOAD C:\Program Files (x86)\Cypress\PSoC Creator\3.3\PSoC Creator\psoc\content\cycomponentlibrary\CyComponentLibrary.cylib\CortexM3\ARM_GCC_493\Debug\CyComponentLibrary.a
END GROUP
START GROUP
LOAD c:/program files (x86)/cypress/psoc creator/3.3/psoc creator/import/gnu/arm/4.9.3/bin/../lib/gcc/arm-none-eabi/4.9.3/armv7-m\libgcc.a
LOAD c:/program files (x86)/cypress/psoc creator/3.3/psoc creator/import/gnu/arm/4.9.3/bin/../lib/gcc/arm-none-eabi/4.9.3/../../../../arm-none-eabi/lib/armv7-m\libg_nano.a
LOAD c:/program files (x86)/cypress/psoc creator/3.3/psoc creator/import/gnu/arm/4.9.3/bin/../lib/gcc/arm-none-eabi/4.9.3/../../../../arm-none-eabi/lib/armv7-m\libc_nano.a
END GROUP
START GROUP
LOAD c:/program files (x86)/cypress/psoc creator/3.3/psoc creator/import/gnu/arm/4.9.3/bin/../lib/gcc/arm-none-eabi/4.9.3/armv7-m\libgcc.a
LOAD c:/program files (x86)/cypress/psoc creator/3.3/psoc creator/import/gnu/arm/4.9.3/bin/../lib/gcc/arm-none-eabi/4.9.3/../../../../arm-none-eabi/lib/armv7-m\libc_nano.a
END GROUP
LOAD c:/program files (x86)/cypress/psoc creator/3.3/psoc creator/import/gnu/arm/4.9.3/bin/../lib/gcc/arm-none-eabi/4.9.3/armv7-m/crtend.o
LOAD c:/program files (x86)/cypress/psoc creator/3.3/psoc creator/import/gnu/arm/4.9.3/bin/../lib/gcc/arm-none-eabi/4.9.3/armv7-m/crtn.o
START GROUP
LOAD c:/program files (x86)/cypress/psoc creator/3.3/psoc creator/import/gnu/arm/4.9.3/bin/../lib/gcc/arm-none-eabi/4.9.3/armv7-m\libgcc.a
LOAD c:/program files (x86)/cypress/psoc creator/3.3/psoc creator/import/gnu/arm/4.9.3/bin/../lib/gcc/arm-none-eabi/4.9.3/../../../../arm-none-eabi/lib/armv7-m\libc.a
LOAD c:/program files (x86)/cypress/psoc creator/3.3/psoc creator/import/gnu/arm/4.9.3/bin/../lib/gcc/arm-none-eabi/4.9.3/../../../../arm-none-eabi/lib/armv7-m\libnosys.a
END GROUP
                0x00000000                CY_APPL_ORIGIN = 0x0
                0x00000100                CY_FLASH_ROW_SIZE = 0x100
                0x00000020                CY_ECC_ROW_SIZE = 0x20
                0x00000000                CY_EE_IN_BTLDR = 0x0
                0x00000000                CY_APPL_LOADABLE = 0x0
                0x00000800                CY_EE_SIZE = 0x800
                0x00000001                CY_APPL_NUM = 0x1
                0x00000001                CY_APPL_MAX = 0x1
                0x00000040                CY_METADATA_SIZE = 0x40
                0x00000000                CY_APPL_LOADABLE = 0x0
                0x00000000                CY_CHECKSUM_EXCLUDE_SIZE = ALIGN (0x0, CY_FLASH_ROW_SIZE)
                0x200036c0                PROVIDE (__cy_heap_start, _end)
                0x00000001                PROVIDE (__cy_region_num, ((__cy_regions_end - __cy_regions) / 0x10))
                0x20008000                PROVIDE (__cy_stack, (ORIGIN (ram) + 0x10000))
                0x20007800                PROVIDE (__cy_heap_end, (__cy_stack - 0x800))

.cybootloader   0x00000000        0x0
 *(.cybootloader)
                0x00000000                appl1_start = CY_APPL_ORIGIN?CY_APPL_ORIGIN:ALIGN (CY_FLASH_ROW_SIZE)
                0x0001ff00                appl2_start = (appl1_start + ALIGN ((((0x40000 - appl1_start) - (0x2 * CY_FLASH_ROW_SIZE)) / 0x2), CY_FLASH_ROW_SIZE))
                0x00000000                appl_start = (CY_APPL_NUM == 0x1)?appl1_start:appl2_start
                0x00000000                ecc_offset = ((appl_start / CY_FLASH_ROW_SIZE) * CY_ECC_ROW_SIZE)
                0x00000000                ee_offset = (CY_APPL_LOADABLE && ! (CY_EE_IN_BTLDR))?((CY_EE_SIZE / CY_APPL_MAX) * (CY_APPL_NUM - 0x1)):0x0
                0x00000800                ee_size = (CY_APPL_LOADABLE && ! (CY_EE_IN_BTLDR))?(CY_EE_SIZE / CY_APPL_MAX):CY_EE_SIZE
                0x00000000                PROVIDE (CY_ECC_OFFSET, ecc_offset)

.text           0x00000000     0xcbbc
 CREATE_OBJECT_SYMBOLS
                0x00000000                PROVIDE (__cy_interrupt_vector, RomVectors)
 *(.romvectors)
 .romvectors    0x00000000       0x10 .\CortexM3\ARM_GCC_493\Debug\Cm3Start.o
                0x00000000                RomVectors
                0x00000001                ASSERT ((. != __cy_interrupt_vector), No interrupt vector)
                0x00000001                ASSERT (CY_APPL_ORIGIN?(SIZEOF (.cybootloader) <= CY_APPL_ORIGIN):0x1, Wrong image location)
                0x00000010                PROVIDE (__cy_reset, Reset)
 *(.text.Reset)
 .text.Reset    0x00000010       0x18 .\CortexM3\ARM_GCC_493\Debug\Cm3Start.o
                0x00000010                Reset
                0x00000001                ASSERT ((. != __cy_reset), No reset code)
 *(.dma_init)
                0x00000001                ASSERT ((((appl_start + .) <= 0x10000) || 0x1), DMA Init must be within the first 64k of flash)
 *(.text .text.* .gnu.linkonce.t.*)
 .text          0x00000028       0x5c c:/program files (x86)/cypress/psoc creator/3.3/psoc creator/import/gnu/arm/4.9.3/bin/../lib/gcc/arm-none-eabi/4.9.3/armv7-m/crtbegin.o
 .text.Chk_Bumper
                0x00000084      0x1a0 .\CortexM3\ARM_GCC_493\Debug\main.o
                0x00000084                Chk_Bumper
 .text.rt_OneStep
                0x00000224       0x34 .\CortexM3\ARM_GCC_493\Debug\main.o
                0x00000224                rt_OneStep
 .text.pout     0x00000258       0x20 .\CortexM3\ARM_GCC_493\Debug\main.o
                0x00000258                pout
 .text.Sub_Enc  0x00000278      0x260 .\CortexM3\ARM_GCC_493\Debug\main.o
                0x00000278                Sub_Enc
 .text.McpuOP   0x000004d8      0x2bc .\CortexM3\ARM_GCC_493\Debug\main.o
                0x000004d8                McpuOP
 .text.Sub_Calc1
                0x00000794      0x700 .\CortexM3\ARM_GCC_493\Debug\main.o
                0x00000794                Sub_Calc1
 .text.McpuOP2  0x00000e94       0xc8 .\CortexM3\ARM_GCC_493\Debug\main.o
                0x00000e94                McpuOP2
 .text.main2pc  0x00000f5c      0x224 .\CortexM3\ARM_GCC_493\Debug\main.o
                0x00000f5c                main2pc
 .text.WheelStop
                0x00001180      0x14c .\CortexM3\ARM_GCC_493\Debug\main.o
                0x00001180                WheelStop
 .text.spi_drv_init
                0x000012cc      0x24c .\CortexM3\ARM_GCC_493\Debug\main.o
                0x000012cc                spi_drv_init
 .text.spi_drv_read
                0x00001518      0x2b8 .\CortexM3\ARM_GCC_493\Debug\main.o
                0x00001518                spi_drv_read
 .text.spi_drv_set
                0x000017d0      0x2a4 .\CortexM3\ARM_GCC_493\Debug\main.o
                0x000017d0                spi_drv_set
 *fill*         0x00001a74        0x4 
 .text.pc2main  0x00001a78      0xd08 .\CortexM3\ARM_GCC_493\Debug\main.o
                0x00001a78                pc2main
 .text.InterruptHandler
                0x00002780      0x270 .\CortexM3\ARM_GCC_493\Debug\main.o
                0x00002780                InterruptHandler
 .text.variable_initialize
                0x000029f0      0x250 .\CortexM3\ARM_GCC_493\Debug\main.o
                0x000029f0                variable_initialize
 .text.start_get_die_temp
                0x00002c40       0x2c .\CortexM3\ARM_GCC_493\Debug\main.o
                0x00002c40                start_get_die_temp
 .text.get_die_temp
                0x00002c6c       0xb8 .\CortexM3\ARM_GCC_493\Debug\main.o
                0x00002c6c                get_die_temp
 .text.get_adc_value
                0x00002d24       0x54 .\CortexM3\ARM_GCC_493\Debug\main.o
                0x00002d24                get_adc_value
 .text.spi_read_bytes
                0x00002d78       0x90 .\CortexM3\ARM_GCC_493\Debug\main.o
                0x00002d78                spi_read_bytes
 .text.diag_sense
                0x00002e08      0x768 .\CortexM3\ARM_GCC_493\Debug\main.o
                0x00002e08                diag_sense
 .text.spi2_clr_buff
                0x00003570       0x4c .\CortexM3\ARM_GCC_493\Debug\main.o
                0x00003570                spi2_clr_buff
 .text.spi_write_byte
                0x000035bc       0x94 .\CortexM3\ARM_GCC_493\Debug\main.o
                0x000035bc                spi_write_byte
 .text.ini_spi2
                0x00003650       0xac .\CortexM3\ARM_GCC_493\Debug\main.o
                0x00003650                ini_spi2
 .text.subp_init
                0x000036fc      0x1f4 .\CortexM3\ARM_GCC_493\Debug\main.o
                0x000036fc                subp_init
 .text.main_init
                0x000038f0      0x310 .\CortexM3\ARM_GCC_493\Debug\main.o
                0x000038f0                main_init
 .text.main     0x00003c00      0x1bc .\CortexM3\ARM_GCC_493\Debug\main.o
                0x00003c00                main
 .text.Motor_Contl4_3_derivatives
                0x00003dbc      0x1a0 .\CortexM3\ARM_GCC_493\Debug\Motor_Contl4_3.o
                0x00003dbc                Motor_Contl4_3_derivatives
 .text.rt_ertODEUpdateContinuousStates
                0x00003f5c      0x33c .\CortexM3\ARM_GCC_493\Debug\Motor_Contl4_3.o
 .text.Motor_Contl4_3_step
                0x00004298      0x374 .\CortexM3\ARM_GCC_493\Debug\Motor_Contl4_3.o
                0x00004298                Motor_Contl4_3_step
 .text.Motor_Contl4_3_initialize
                0x0000460c      0x11c .\CortexM3\ARM_GCC_493\Debug\Motor_Contl4_3.o
                0x0000460c                Motor_Contl4_3_initialize
 .text.SelfTest_CPU_Registers
                0x00004728        0x8 .\CortexM3\ARM_GCC_493\Debug\SelfTest_CPU.o
                0x00004728                SelfTest_CPU_Registers
 .text.CPU_PSoC_Asm
                0x00004730      0x164 .\CortexM3\ARM_GCC_493\Debug\SelfTest_CPU_asm.o
                0x00004730                CPU_PSoC_Asm
 .text.Check_0001ms
                0x00004894       0x14 .\CortexM3\ARM_GCC_493\Debug\sk_debug.o
                0x00004894                Check_0001ms
 .text.Check_0010ms
                0x000048a8       0x14 .\CortexM3\ARM_GCC_493\Debug\sk_debug.o
                0x000048a8                Check_0010ms
 .text.Check_0100ms
                0x000048bc       0x14 .\CortexM3\ARM_GCC_493\Debug\sk_debug.o
                0x000048bc                Check_0100ms
 .text.Check_1000ms
                0x000048d0       0x14 .\CortexM3\ARM_GCC_493\Debug\sk_debug.o
                0x000048d0                Check_1000ms
 .text.debug_init
                0x000048e4       0x18 .\CortexM3\ARM_GCC_493\Debug\sk_debug.o
                0x000048e4                debug_init
 .text.debug_main
                0x000048fc       0x18 .\CortexM3\ARM_GCC_493\Debug\sk_debug.o
                0x000048fc                debug_main
 .text.Menu03   0x00004914       0x90 .\CortexM3\ARM_GCC_493\Debug\sk_debug.o
                0x00004914                Menu03
 .text.Menu04   0x000049a4       0x44 .\CortexM3\ARM_GCC_493\Debug\sk_debug.o
                0x000049a4                Menu04
 .text.Menu05   0x000049e8       0x80 .\CortexM3\ARM_GCC_493\Debug\sk_debug.o
                0x000049e8                Menu05
 .text.SKOutput_param_Disp
                0x00004a68      0x128 .\CortexM3\ARM_GCC_493\Debug\sk_debug.o
                0x00004a68                SKOutput_param_Disp
 .text.Display_parameter
                0x00004b90      0xa08 .\CortexM3\ARM_GCC_493\Debug\sk_debug.o
                0x00004b90                Display_parameter
 .text.Display_parameter2
                0x00005598      0x47c .\CortexM3\ARM_GCC_493\Debug\sk_debug.o
                0x00005598                Display_parameter2
 .text.Display_Com_parameter
                0x00005a14       0x9c .\CortexM3\ARM_GCC_493\Debug\sk_debug.o
                0x00005a14                Display_Com_parameter
 .text.Display_MotCtrl_Com
                0x00005ab0       0x98 .\CortexM3\ARM_GCC_493\Debug\sk_debug.o
                0x00005ab0                Display_MotCtrl_Com
 .text.RTC_Display
                0x00005b48       0x68 .\CortexM3\ARM_GCC_493\Debug\sk_debug.o
                0x00005b48                RTC_Display
 .text.sk_log_int
                0x00005bb0       0xc4 .\CortexM3\ARM_GCC_493\Debug\sk_debug.o
                0x00005bb0                sk_log_int
 .text.My_KeisokuTimer_isr_Interrupt
                0x00005c74       0x8c .\CortexM3\ARM_GCC_493\Debug\sk_debug.o
                0x00005c74                My_KeisokuTimer_isr_Interrupt
 .text.sk_log_int_string
                0x00005d00       0xb4 .\CortexM3\ARM_GCC_493\Debug\sk_debug.o
                0x00005d00                sk_log_int_string
 .text.sk_log_int_int32
                0x00005db4       0x30 .\CortexM3\ARM_GCC_493\Debug\sk_debug.o
                0x00005db4                sk_log_int_int32
 .text.sk_log_int_uint16
                0x00005de4      0x124 .\CortexM3\ARM_GCC_493\Debug\sk_debug.o
                0x00005de4                sk_log_int_uint16
 .text.sk_log_int_int16
                0x00005f08       0x30 .\CortexM3\ARM_GCC_493\Debug\sk_debug.o
                0x00005f08                sk_log_int_int16
 .text.Set_f2c  0x00005f38       0xc0 .\CortexM3\ARM_GCC_493\Debug\sk_debug.o
                0x00005f38                Set_f2c
 .text.sk_log_int_float
                0x00005ff8       0x34 .\CortexM3\ARM_GCC_493\Debug\sk_debug.o
                0x00005ff8                sk_log_int_float
 .text.sk_adc_debug
                0x0000602c      0x260 .\CortexM3\ARM_GCC_493\Debug\sk_debug.o
                0x0000602c                sk_adc_debug
 .text.sk_PutString_float
                0x0000628c       0x28 .\CortexM3\ARM_GCC_493\Debug\sk_debug.o
                0x0000628c                sk_PutString_float
 .text.Display_parameter3
                0x000062b4      0x470 .\CortexM3\ARM_GCC_493\Debug\sk_debug.o
                0x000062b4                Display_parameter3
 .text.Set_realT2c
                0x00006724       0xf0 .\CortexM3\ARM_GCC_493\Debug\sk_debug.o
                0x00006724                Set_realT2c
 *fill*         0x00006814        0x4 
 .text.Menu00   0x00006818       0xe8 .\CortexM3\ARM_GCC_493\Debug\sk_debug.o
                0x00006818                Menu00
 .text.sk_log_int_realT
                0x00006900       0x3c .\CortexM3\ARM_GCC_493\Debug\sk_debug.o
                0x00006900                sk_log_int_realT
 .text.sk_PutString_realT
                0x0000693c       0x40 .\CortexM3\ARM_GCC_493\Debug\sk_debug.o
                0x0000693c                sk_PutString_realT
 .text.MoterCtrl_data_Display
                0x0000697c      0x3ac .\CortexM3\ARM_GCC_493\Debug\sk_debug.o
                0x0000697c                MoterCtrl_data_Display
 .text.MoterCtrl_data2_Display
                0x00006d28      0x54c .\CortexM3\ARM_GCC_493\Debug\sk_debug.o
                0x00006d28                MoterCtrl_data2_Display
 .text.Menu01   0x00007274       0x94 .\CortexM3\ARM_GCC_493\Debug\sk_debug.o
                0x00007274                Menu01
 .text.skSet_time
                0x00007308       0xdc .\CortexM3\ARM_GCC_493\Debug\sk_debug.o
                0x00007308                skSet_time
 .text.sk_log_out
                0x000073e4       0xd4 .\CortexM3\ARM_GCC_493\Debug\sk_debug.o
                0x000073e4                sk_log_out
 .text.sk_log_main
                0x000074b8       0x18 .\CortexM3\ARM_GCC_493\Debug\sk_debug.o
                0x000074b8                sk_log_main
 .text.sk_log_Display
                0x000074d0       0xd4 .\CortexM3\ARM_GCC_493\Debug\sk_debug.o
                0x000074d0                sk_log_Display
 .text.Menu02   0x000075a4      0x7c4 .\CortexM3\ARM_GCC_493\Debug\sk_debug.o
                0x000075a4                Menu02
 .text.debug_menue
                0x00007d68      0x158 .\CortexM3\ARM_GCC_493\Debug\sk_debug.o
                0x00007d68                debug_menue
 .text.SKLog_sub_cycl_int
                0x00007ec0        0x4 .\CortexM3\ARM_GCC_493\Debug\sk_debug.o
                0x00007ec0                SKLog_sub_cycl_int
 .text.MyRTC_1_EverySecondHandler
                0x00007ec4       0x3c .\CortexM3\ARM_GCC_493\Debug\sk_debug.o
                0x00007ec4                MyRTC_1_EverySecondHandler
 .text.MyRTC_1_EveryMinuteHandler
                0x00007f00        0x4 .\CortexM3\ARM_GCC_493\Debug\sk_debug.o
                0x00007f00                MyRTC_1_EveryMinuteHandler
 .text.MyRTC_1_EveryHourHandler
                0x00007f04        0x4 .\CortexM3\ARM_GCC_493\Debug\sk_debug.o
                0x00007f04                MyRTC_1_EveryHourHandler
 .text.SK_Rtc_init
                0x00007f08       0x4c .\CortexM3\ARM_GCC_493\Debug\sk_debug.o
                0x00007f08                SK_Rtc_init
 .text.SK_1ms_main_loop
                0x00007f54       0x20 .\CortexM3\ARM_GCC_493\Debug\sk_debug.o
                0x00007f54                SK_1ms_main_loop
 .text.SK_10ms_main_loop
                0x00007f74       0x20 .\CortexM3\ARM_GCC_493\Debug\sk_debug.o
                0x00007f74                SK_10ms_main_loop
 .text.SK_100ms_main_loop
                0x00007f94       0x20 .\CortexM3\ARM_GCC_493\Debug\sk_debug.o
                0x00007f94                SK_100ms_main_loop
 .text.SK_1000ms_main_loop
                0x00007fb4       0x20 .\CortexM3\ARM_GCC_493\Debug\sk_debug.o
                0x00007fb4                SK_1000ms_main_loop
 .text.sk_mt_ctrl
                0x00007fd4      0x274 .\CortexM3\ARM_GCC_493\Debug\sk_debug.o
                0x00007fd4                sk_mt_ctrl
 .text.sk_pwm_debug
                0x00008248      0x1f8 .\CortexM3\ARM_GCC_493\Debug\sk_debug.o
                0x00008248                sk_pwm_debug
 .text.sk_PutString01
                0x00008440       0x28 .\CortexM3\ARM_GCC_493\Debug\sk_uart.o
                0x00008440                sk_PutString01
 .text.sk_uart_init
                0x00008468       0x14 .\CortexM3\ARM_GCC_493\Debug\sk_uart.o
                0x00008468                sk_uart_init
 .text.sk_PutString03
                0x0000847c       0x54 .\CortexM3\ARM_GCC_493\Debug\sk_uart.o
                0x0000847c                sk_PutString03
 .text.sk_PutString04
                0x000084d0       0x54 .\CortexM3\ARM_GCC_493\Debug\sk_uart.o
                0x000084d0                sk_PutString04
 .text.sk_PutString06
                0x00008524       0xa4 .\CortexM3\ARM_GCC_493\Debug\sk_uart.o
                0x00008524                sk_PutString06
 .text.sk_int32toChar
                0x000085c8       0x94 .\CortexM3\ARM_GCC_493\Debug\sk_uart.o
                0x000085c8                sk_int32toChar
 .text.sk_int16toChar
                0x0000865c       0x9c .\CortexM3\ARM_GCC_493\Debug\sk_uart.o
                0x0000865c                sk_int16toChar
 .text.sk_int8toChar
                0x000086f8       0x98 .\CortexM3\ARM_GCC_493\Debug\sk_uart.o
                0x000086f8                sk_int8toChar
 .text.sk_PutString_uint32
                0x00008790       0x34 .\CortexM3\ARM_GCC_493\Debug\sk_uart.o
                0x00008790                sk_PutString_uint32
 .text.sk_PutString_int32
                0x000087c4       0x24 .\CortexM3\ARM_GCC_493\Debug\sk_uart.o
                0x000087c4                sk_PutString_int32
 .text.sk_PutString_int16
                0x000087e8       0x24 .\CortexM3\ARM_GCC_493\Debug\sk_uart.o
                0x000087e8                sk_PutString_int16
 .text.sk_PutString_int8
                0x0000880c       0x24 .\CortexM3\ARM_GCC_493\Debug\sk_uart.o
                0x0000880c                sk_PutString_int8
 .text.sk_PutString05
                0x00008830      0x190 .\CortexM3\ARM_GCC_493\Debug\sk_uart.o
                0x00008830                sk_PutString05
 .text.SK_GetChar_uart
                0x000089c0        0x8 .\CortexM3\ARM_GCC_493\Debug\sk_uart.o
                0x000089c0                SK_GetChar_uart
 .text.IntDefaultHandler
                0x000089c8        0x4 .\CortexM3\ARM_GCC_493\Debug\Cm3Start.o
                0x000089c8                IntDefaultHandler
 .text.Start_c  0x000089cc       0x4c .\CortexM3\ARM_GCC_493\Debug\Cm3Start.o
                0x000089cc                Start_c
 .text.initialize_psoc
                0x00008a18       0x74 .\CortexM3\ARM_GCC_493\Debug\Cm3Start.o
                0x00008a18                initialize_psoc
 .text.CyClockStartupError
                0x00008a8c        0x4 .\CortexM3\ARM_GCC_493\Debug\trobot6_cir2_2wd.a(cyfitter_cfg.o)
 .text.cfg_write_bytes32
                0x00008a90       0x34 .\CortexM3\ARM_GCC_493\Debug\trobot6_cir2_2wd.a(cyfitter_cfg.o)
 .text.CYMEMZERO
                0x00008ac4        0xc .\CortexM3\ARM_GCC_493\Debug\trobot6_cir2_2wd.a(cyfitter_cfg.o)
 .text.ClockSetup
                0x00008ad0      0x160 .\CortexM3\ARM_GCC_493\Debug\trobot6_cir2_2wd.a(cyfitter_cfg.o)
 .text.AnalogSetDefault
                0x00008c30       0x78 .\CortexM3\ARM_GCC_493\Debug\trobot6_cir2_2wd.a(cyfitter_cfg.o)
 .text.CYCONFIGCPY
                0x00008ca8        0x8 .\CortexM3\ARM_GCC_493\Debug\trobot6_cir2_2wd.a(cyfitter_cfg.o)
 .text.AMux_1_Set
                0x00008cb0       0x3c .\CortexM3\ARM_GCC_493\Debug\trobot6_cir2_2wd.a(cyfitter_cfg.o)
                0x00008cb0                AMux_1_Set
 .text.AMux_1_Unset
                0x00008cec       0x40 .\CortexM3\ARM_GCC_493\Debug\trobot6_cir2_2wd.a(cyfitter_cfg.o)
                0x00008cec                AMux_1_Unset
 .text.cyfitter_cfg
                0x00008d2c      0x188 .\CortexM3\ARM_GCC_493\Debug\trobot6_cir2_2wd.a(cyfitter_cfg.o)
                0x00008d2c                cyfitter_cfg
 .text.motor_contl_reg_0_Write
                0x00008eb4        0xc .\CortexM3\ARM_GCC_493\Debug\trobot6_cir2_2wd.a(motor_contl_reg_0.o)
                0x00008eb4                motor_contl_reg_0_Write
 .text.USBUART_1_Init
                0x00008ec0      0x140 .\CortexM3\ARM_GCC_493\Debug\trobot6_cir2_2wd.a(USBUART_1.o)
                0x00008ec0                USBUART_1_Init
 .text.USBUART_1_InitComponent
                0x00009000       0xb8 .\CortexM3\ARM_GCC_493\Debug\trobot6_cir2_2wd.a(USBUART_1.o)
                0x00009000                USBUART_1_InitComponent
 .text.USBUART_1_Start
                0x000090b8       0x24 .\CortexM3\ARM_GCC_493\Debug\trobot6_cir2_2wd.a(USBUART_1.o)
                0x000090b8                USBUART_1_Start
 .text.USBUART_1_ReInitComponent
                0x000090dc       0x4c .\CortexM3\ARM_GCC_493\Debug\trobot6_cir2_2wd.a(USBUART_1.o)
                0x000090dc                USBUART_1_ReInitComponent
 .text.USBUART_1_GetConfiguration
                0x00009128        0xc .\CortexM3\ARM_GCC_493\Debug\trobot6_cir2_2wd.a(USBUART_1.o)
                0x00009128                USBUART_1_GetConfiguration
 .text.USBUART_1_GetEPState
                0x00009134       0x14 .\CortexM3\ARM_GCC_493\Debug\trobot6_cir2_2wd.a(USBUART_1.o)
                0x00009134                USBUART_1_GetEPState
 .text.USBUART_1_GetEPCount
                0x00009148       0x28 .\CortexM3\ARM_GCC_493\Debug\trobot6_cir2_2wd.a(USBUART_1.o)
                0x00009148                USBUART_1_GetEPCount
 .text.USBUART_1_LoadInEP
                0x00009170       0x94 .\CortexM3\ARM_GCC_493\Debug\trobot6_cir2_2wd.a(USBUART_1.o)
                0x00009170                USBUART_1_LoadInEP
 .text.USBUART_1_EnableOutEP
                0x00009204       0x2c .\CortexM3\ARM_GCC_493\Debug\trobot6_cir2_2wd.a(USBUART_1.o)
                0x00009204                USBUART_1_EnableOutEP
 .text.USBUART_1_ReadOutEP
                0x00009230       0x50 .\CortexM3\ARM_GCC_493\Debug\trobot6_cir2_2wd.a(USBUART_1.o)
                0x00009230                USBUART_1_ReadOutEP
 .text.USBUART_1_GetInterfaceComPort
                0x00009280       0x3c .\CortexM3\ARM_GCC_493\Debug\trobot6_cir2_2wd.a(USBUART_1_cdc.o)
                0x00009280                USBUART_1_GetInterfaceComPort
 .text.USBUART_1_DispatchCDCClassRqst
                0x000092bc       0x98 .\CortexM3\ARM_GCC_493\Debug\trobot6_cir2_2wd.a(USBUART_1_cdc.o)
                0x000092bc                USBUART_1_DispatchCDCClassRqst
 .text.USBUART_1_CDC_Init
                0x00009354       0x98 .\CortexM3\ARM_GCC_493\Debug\trobot6_cir2_2wd.a(USBUART_1_cdc.o)
                0x00009354                USBUART_1_CDC_Init
 .text.USBUART_1_PutData
                0x000093ec       0x4c .\CortexM3\ARM_GCC_493\Debug\trobot6_cir2_2wd.a(USBUART_1_cdc.o)
                0x000093ec                USBUART_1_PutData
 .text.USBUART_1_DataIsReady
                0x00009438       0x18 .\CortexM3\ARM_GCC_493\Debug\trobot6_cir2_2wd.a(USBUART_1_cdc.o)
                0x00009438                USBUART_1_DataIsReady
 .text.USBUART_1_CDCIsReady
                0x00009450       0x18 .\CortexM3\ARM_GCC_493\Debug\trobot6_cir2_2wd.a(USBUART_1_cdc.o)
                0x00009450                USBUART_1_CDCIsReady
 .text.USBUART_1_GetAll
                0x00009468       0x30 .\CortexM3\ARM_GCC_493\Debug\trobot6_cir2_2wd.a(USBUART_1_cdc.o)
                0x00009468                USBUART_1_GetAll
 .text.USBUART_1_Cdc_EpInit
                0x00009498       0x50 .\CortexM3\ARM_GCC_493\Debug\trobot6_cir2_2wd.a(USBUART_1_cdc.o)
                0x00009498                USBUART_1_Cdc_EpInit
 .text.USBUART_1_LoadEP0
                0x000094e8       0x94 .\CortexM3\ARM_GCC_493\Debug\trobot6_cir2_2wd.a(USBUART_1_drv.o)
                0x000094e8                USBUART_1_LoadEP0
 .text.USBUART_1_InitZeroLengthControlTransfer
                0x0000957c       0x34 .\CortexM3\ARM_GCC_493\Debug\trobot6_cir2_2wd.a(USBUART_1_drv.o)
                0x0000957c                USBUART_1_InitZeroLengthControlTransfer
 .text.USBUART_1_ControlReadDataStage
                0x000095b0        0x8 .\CortexM3\ARM_GCC_493\Debug\trobot6_cir2_2wd.a(USBUART_1_drv.o)
                0x000095b0                USBUART_1_ControlReadDataStage
 .text.USBUART_1_ControlWriteDataStage
                0x000095b8       0x80 .\CortexM3\ARM_GCC_493\Debug\trobot6_cir2_2wd.a(USBUART_1_drv.o)
                0x000095b8                USBUART_1_ControlWriteDataStage
 .text.USBUART_1_InitNoDataControlTransfer
                0x00009638       0x2c .\CortexM3\ARM_GCC_493\Debug\trobot6_cir2_2wd.a(USBUART_1_drv.o)
                0x00009638                USBUART_1_InitNoDataControlTransfer
 .text.USBUART_1_UpdateStatusBlock
                0x00009664       0x24 .\CortexM3\ARM_GCC_493\Debug\trobot6_cir2_2wd.a(USBUART_1_drv.o)
                0x00009664                USBUART_1_UpdateStatusBlock
 .text.USBUART_1_HandleSetup
                0x00009688       0x5c .\CortexM3\ARM_GCC_493\Debug\trobot6_cir2_2wd.a(USBUART_1_drv.o)
                0x00009688                USBUART_1_HandleSetup
 .text.USBUART_1_ControlReadStatusStage
                0x000096e4       0x34 .\CortexM3\ARM_GCC_493\Debug\trobot6_cir2_2wd.a(USBUART_1_drv.o)
                0x000096e4                USBUART_1_ControlReadStatusStage
 .text.USBUART_1_HandleOUT
                0x00009718       0x38 .\CortexM3\ARM_GCC_493\Debug\trobot6_cir2_2wd.a(USBUART_1_drv.o)
                0x00009718                USBUART_1_HandleOUT
 .text.USBUART_1_ControlWriteStatusStage
                0x00009750       0x20 .\CortexM3\ARM_GCC_493\Debug\trobot6_cir2_2wd.a(USBUART_1_drv.o)
                0x00009750                USBUART_1_ControlWriteStatusStage
 .text.USBUART_1_NoDataControlStatusStage
                0x00009770       0x40 .\CortexM3\ARM_GCC_493\Debug\trobot6_cir2_2wd.a(USBUART_1_drv.o)
                0x00009770                USBUART_1_NoDataControlStatusStage
 .text.USBUART_1_HandleIN
                0x000097b0       0x2c .\CortexM3\ARM_GCC_493\Debug\trobot6_cir2_2wd.a(USBUART_1_drv.o)
                0x000097b0                USBUART_1_HandleIN
 .text.USBUART_1_EP_0_ISR
                0x000097dc       0xb8 .\CortexM3\ARM_GCC_493\Debug\trobot6_cir2_2wd.a(USBUART_1_drv.o)
                0x000097dc                USBUART_1_EP_0_ISR
 .text.USBUART_1_InitializeStatusBlock
                0x00009894       0x24 .\CortexM3\ARM_GCC_493\Debug\trobot6_cir2_2wd.a(USBUART_1_drv.o)
                0x00009894                USBUART_1_InitializeStatusBlock
 .text.USBUART_1_InitControlRead
                0x000098b8       0x50 .\CortexM3\ARM_GCC_493\Debug\trobot6_cir2_2wd.a(USBUART_1_drv.o)
                0x000098b8                USBUART_1_InitControlRead
 .text.USBUART_1_InitControlWrite
                0x00009908       0x48 .\CortexM3\ARM_GCC_493\Debug\trobot6_cir2_2wd.a(USBUART_1_drv.o)
                0x00009908                USBUART_1_InitControlWrite
 .text.USBUART_1_EP_1_ISR
                0x00009950       0x38 .\CortexM3\ARM_GCC_493\Debug\trobot6_cir2_2wd.a(USBUART_1_episr.o)
                0x00009950                USBUART_1_EP_1_ISR
 .text.USBUART_1_EP_2_ISR
                0x00009988       0x3c .\CortexM3\ARM_GCC_493\Debug\trobot6_cir2_2wd.a(USBUART_1_episr.o)
                0x00009988                USBUART_1_EP_2_ISR
 .text.USBUART_1_EP_3_ISR
                0x000099c4       0x44 .\CortexM3\ARM_GCC_493\Debug\trobot6_cir2_2wd.a(USBUART_1_episr.o)
                0x000099c4                USBUART_1_EP_3_ISR
 .text.USBUART_1_SOF_ISR
                0x00009a08        0x4 .\CortexM3\ARM_GCC_493\Debug\trobot6_cir2_2wd.a(USBUART_1_episr.o)
                0x00009a08                USBUART_1_SOF_ISR
 .text.USBUART_1_BUS_RESET_ISR
                0x00009a0c        0x8 .\CortexM3\ARM_GCC_493\Debug\trobot6_cir2_2wd.a(USBUART_1_episr.o)
                0x00009a0c                USBUART_1_BUS_RESET_ISR
 .text.USBUART_1_DP_ISR
                0x00009a14        0x8 .\CortexM3\ARM_GCC_493\Debug\trobot6_cir2_2wd.a(USBUART_1_pm.o)
                0x00009a14                USBUART_1_DP_ISR
 .text.USBUART_1_ReadDieID
                0x00009a1c       0x6c .\CortexM3\ARM_GCC_493\Debug\trobot6_cir2_2wd.a(USBUART_1_std.o)
                0x00009a1c                USBUART_1_ReadDieID
 .text.USBUART_1_ConfigReg
                0x00009a88       0xa4 .\CortexM3\ARM_GCC_493\Debug\trobot6_cir2_2wd.a(USBUART_1_std.o)
                0x00009a88                USBUART_1_ConfigReg
 .text.USBUART_1_GetConfigTablePtr
                0x00009b2c       0x28 .\CortexM3\ARM_GCC_493\Debug\trobot6_cir2_2wd.a(USBUART_1_std.o)
                0x00009b2c                USBUART_1_GetConfigTablePtr
 .text.USBUART_1_ConfigAltChanged
                0x00009b54      0x11c .\CortexM3\ARM_GCC_493\Debug\trobot6_cir2_2wd.a(USBUART_1_std.o)
                0x00009b54                USBUART_1_ConfigAltChanged
 .text.USBUART_1_GetDeviceTablePtr
                0x00009c70       0x18 .\CortexM3\ARM_GCC_493\Debug\trobot6_cir2_2wd.a(USBUART_1_std.o)
                0x00009c70                USBUART_1_GetDeviceTablePtr
 .text.USBUART_1_GetInterfaceClassTablePtr
                0x00009c88       0x24 .\CortexM3\ARM_GCC_493\Debug\trobot6_cir2_2wd.a(USBUART_1_std.o)
                0x00009c88                USBUART_1_GetInterfaceClassTablePtr
 .text.USBUART_1_Config
                0x00009cac      0x1e4 .\CortexM3\ARM_GCC_493\Debug\trobot6_cir2_2wd.a(USBUART_1_std.o)
                0x00009cac                USBUART_1_Config
 .text.USBUART_1_SetEndpointHalt
                0x00009e90       0x64 .\CortexM3\ARM_GCC_493\Debug\trobot6_cir2_2wd.a(USBUART_1_std.o)
                0x00009e90                USBUART_1_SetEndpointHalt
 .text.USBUART_1_ClearEndpointHalt
                0x00009ef4       0xa8 .\CortexM3\ARM_GCC_493\Debug\trobot6_cir2_2wd.a(USBUART_1_std.o)
                0x00009ef4                USBUART_1_ClearEndpointHalt
 .text.USBUART_1_ValidateAlternateSetting
                0x00009f9c       0x4c .\CortexM3\ARM_GCC_493\Debug\trobot6_cir2_2wd.a(USBUART_1_std.o)
                0x00009f9c                USBUART_1_ValidateAlternateSetting
 .text.USBUART_1_HandleStandardRqst
                0x00009fe8      0x35c .\CortexM3\ARM_GCC_493\Debug\trobot6_cir2_2wd.a(USBUART_1_std.o)
                0x00009fe8                USBUART_1_HandleStandardRqst
 .text.USBUART_1_HandleVendorRqst
                0x0000a344       0x3c .\CortexM3\ARM_GCC_493\Debug\trobot6_cir2_2wd.a(USBUART_1_vnd.o)
                0x0000a344                USBUART_1_HandleVendorRqst
 .text.sub_cycle_int_SetVector
                0x0000a380       0x10 .\CortexM3\ARM_GCC_493\Debug\trobot6_cir2_2wd.a(sub_cycle_int.o)
                0x0000a380                sub_cycle_int_SetVector
 .text.sub_cycle_int_SetPriority
                0x0000a390       0x10 .\CortexM3\ARM_GCC_493\Debug\trobot6_cir2_2wd.a(sub_cycle_int.o)
                0x0000a390                sub_cycle_int_SetPriority
 .text.sub_cycle_int_Enable
                0x0000a3a0       0x10 .\CortexM3\ARM_GCC_493\Debug\trobot6_cir2_2wd.a(sub_cycle_int.o)
                0x0000a3a0                sub_cycle_int_Enable
 .text.sub_cycle_int_Disable
                0x0000a3b0       0x10 .\CortexM3\ARM_GCC_493\Debug\trobot6_cir2_2wd.a(sub_cycle_int.o)
                0x0000a3b0                sub_cycle_int_Disable
 .text.sub_cycle_int_StartEx
                0x0000a3c0       0x1c .\CortexM3\ARM_GCC_493\Debug\trobot6_cir2_2wd.a(sub_cycle_int.o)
                0x0000a3c0                sub_cycle_int_StartEx
 .text.P_out_Write
                0x0000a3dc       0x18 .\CortexM3\ARM_GCC_493\Debug\trobot6_cir2_2wd.a(P_out.o)
                0x0000a3dc                P_out_Write
 .text.P_out_Read
                0x0000a3f4        0xc .\CortexM3\ARM_GCC_493\Debug\trobot6_cir2_2wd.a(P_out.o)
                0x0000a3f4                P_out_Read
 .text.Timer_PWM_Enable
                0x0000a400       0x10 .\CortexM3\ARM_GCC_493\Debug\trobot6_cir2_2wd.a(Timer_PWM.o)
                0x0000a400                Timer_PWM_Enable
 .text.Timer_PWM_SetInterruptMode
                0x0000a410        0xc .\CortexM3\ARM_GCC_493\Debug\trobot6_cir2_2wd.a(Timer_PWM.o)
                0x0000a410                Timer_PWM_SetInterruptMode
 .text.Timer_PWM_ReadStatusRegister
                0x0000a41c        0xc .\CortexM3\ARM_GCC_493\Debug\trobot6_cir2_2wd.a(Timer_PWM.o)
                0x0000a41c                Timer_PWM_ReadStatusRegister
 .text.Timer_PWM_WritePeriod
                0x0000a428        0xc .\CortexM3\ARM_GCC_493\Debug\trobot6_cir2_2wd.a(Timer_PWM.o)
                0x0000a428                Timer_PWM_WritePeriod
 .text.Timer_PWM_ReadCapture
                0x0000a434        0xc .\CortexM3\ARM_GCC_493\Debug\trobot6_cir2_2wd.a(Timer_PWM.o)
                0x0000a434                Timer_PWM_ReadCapture
 .text.Timer_PWM_WriteCounter
                0x0000a440        0xc .\CortexM3\ARM_GCC_493\Debug\trobot6_cir2_2wd.a(Timer_PWM.o)
                0x0000a440                Timer_PWM_WriteCounter
 .text.Timer_PWM_ClearFIFO
                0x0000a44c       0x14 .\CortexM3\ARM_GCC_493\Debug\trobot6_cir2_2wd.a(Timer_PWM.o)
                0x0000a44c                Timer_PWM_ClearFIFO
 .text.Timer_PWM_Init
                0x0000a460       0x30 .\CortexM3\ARM_GCC_493\Debug\trobot6_cir2_2wd.a(Timer_PWM.o)
                0x0000a460                Timer_PWM_Init
 .text.Timer_PWM_Start
                0x0000a490       0x1c .\CortexM3\ARM_GCC_493\Debug\trobot6_cir2_2wd.a(Timer_PWM.o)
                0x0000a490                Timer_PWM_Start
 .text.Timer_cycle_Enable
                0x0000a4ac       0x10 .\CortexM3\ARM_GCC_493\Debug\trobot6_cir2_2wd.a(Timer_cycle.o)
                0x0000a4ac                Timer_cycle_Enable
 .text.Timer_cycle_SetInterruptMode
                0x0000a4bc        0xc .\CortexM3\ARM_GCC_493\Debug\trobot6_cir2_2wd.a(Timer_cycle.o)
                0x0000a4bc                Timer_cycle_SetInterruptMode
 .text.Timer_cycle_ReadStatusRegister
                0x0000a4c8        0xc .\CortexM3\ARM_GCC_493\Debug\trobot6_cir2_2wd.a(Timer_cycle.o)
                0x0000a4c8                Timer_cycle_ReadStatusRegister
 .text.Timer_cycle_WritePeriod
                0x0000a4d4        0xc .\CortexM3\ARM_GCC_493\Debug\trobot6_cir2_2wd.a(Timer_cycle.o)
                0x0000a4d4                Timer_cycle_WritePeriod
 .text.Timer_cycle_ReadCapture
                0x0000a4e0        0xc .\CortexM3\ARM_GCC_493\Debug\trobot6_cir2_2wd.a(Timer_cycle.o)
                0x0000a4e0                Timer_cycle_ReadCapture
 .text.Timer_cycle_WriteCounter
                0x0000a4ec        0xc .\CortexM3\ARM_GCC_493\Debug\trobot6_cir2_2wd.a(Timer_cycle.o)
                0x0000a4ec                Timer_cycle_WriteCounter
 .text.Timer_cycle_ClearFIFO
                0x0000a4f8       0x14 .\CortexM3\ARM_GCC_493\Debug\trobot6_cir2_2wd.a(Timer_cycle.o)
                0x0000a4f8                Timer_cycle_ClearFIFO
 .text.Timer_cycle_Init
                0x0000a50c       0x30 .\CortexM3\ARM_GCC_493\Debug\trobot6_cir2_2wd.a(Timer_cycle.o)
                0x0000a50c                Timer_cycle_Init
 .text.Timer_cycle_Start
                0x0000a53c       0x1c .\CortexM3\ARM_GCC_493\Debug\trobot6_cir2_2wd.a(Timer_cycle.o)
                0x0000a53c                Timer_cycle_Start
 .text.FirstLine_Write
                0x0000a558       0x18 .\CortexM3\ARM_GCC_493\Debug\trobot6_cir2_2wd.a(FirstLine.o)
                0x0000a558                FirstLine_Write
 .text.CycleStart_Read
                0x0000a570       0x10 .\CortexM3\ARM_GCC_493\Debug\trobot6_cir2_2wd.a(CycleStart.o)
                0x0000a570                CycleStart_Read
 .text.ADC_SAR_1_CalcGain
                0x0000a580       0x64 .\CortexM3\ARM_GCC_493\Debug\trobot6_cir2_2wd.a(ADC_SAR_1.o)
 .text.ADC_SAR_1_Enable
                0x0000a5e4       0x94 .\CortexM3\ARM_GCC_493\Debug\trobot6_cir2_2wd.a(ADC_SAR_1.o)
                0x0000a5e4                ADC_SAR_1_Enable
 .text.ADC_SAR_1_SetResolution
                0x0000a678       0x38 .\CortexM3\ARM_GCC_493\Debug\trobot6_cir2_2wd.a(ADC_SAR_1.o)
                0x0000a678                ADC_SAR_1_SetResolution
 .text.ADC_SAR_1_Init
                0x0000a6b0       0x3c .\CortexM3\ARM_GCC_493\Debug\trobot6_cir2_2wd.a(ADC_SAR_1.o)
                0x0000a6b0                ADC_SAR_1_Init
 .text.ADC_SAR_1_Start
                0x0000a6ec       0x1c .\CortexM3\ARM_GCC_493\Debug\trobot6_cir2_2wd.a(ADC_SAR_1.o)
                0x0000a6ec                ADC_SAR_1_Start
 .text.ADC_SAR_1_StartConvert
                0x0000a708       0x18 .\CortexM3\ARM_GCC_493\Debug\trobot6_cir2_2wd.a(ADC_SAR_1.o)
                0x0000a708                ADC_SAR_1_StartConvert
 .text.ADC_SAR_1_IsEndConversion
                0x0000a720       0x24 .\CortexM3\ARM_GCC_493\Debug\trobot6_cir2_2wd.a(ADC_SAR_1.o)
                0x0000a720                ADC_SAR_1_IsEndConversion
 .text.ADC_SAR_1_GetResult16
                0x0000a744       0x18 .\CortexM3\ARM_GCC_493\Debug\trobot6_cir2_2wd.a(ADC_SAR_1.o)
                0x0000a744                ADC_SAR_1_GetResult16
 .text.ADC_SAR_1_ISR
                0x0000a75c        0x4 .\CortexM3\ARM_GCC_493\Debug\trobot6_cir2_2wd.a(ADC_SAR_1_INT.o)
                0x0000a75c                ADC_SAR_1_ISR
 .text.AMux_1_Start
                0x0000a760       0x20 .\CortexM3\ARM_GCC_493\Debug\trobot6_cir2_2wd.a(AMux_1.o)
                0x0000a760                AMux_1_Start
 .text.AMux_1_FastSelect
                0x0000a780       0x20 .\CortexM3\ARM_GCC_493\Debug\trobot6_cir2_2wd.a(AMux_1.o)
                0x0000a780                AMux_1_FastSelect
 .text.VDAC8_1_Enable
                0x0000a7a0       0x1c .\CortexM3\ARM_GCC_493\Debug\trobot6_cir2_2wd.a(VDAC8_1.o)
                0x0000a7a0                VDAC8_1_Enable
 .text.VDAC8_1_SetSpeed
                0x0000a7bc       0x1c .\CortexM3\ARM_GCC_493\Debug\trobot6_cir2_2wd.a(VDAC8_1.o)
                0x0000a7bc                VDAC8_1_SetSpeed
 .text.VDAC8_1_SetValue
                0x0000a7d8        0xc .\CortexM3\ARM_GCC_493\Debug\trobot6_cir2_2wd.a(VDAC8_1.o)
                0x0000a7d8                VDAC8_1_SetValue
 .text.VDAC8_1_DacTrim
                0x0000a7e4       0x24 .\CortexM3\ARM_GCC_493\Debug\trobot6_cir2_2wd.a(VDAC8_1.o)
                0x0000a7e4                VDAC8_1_DacTrim
 .text.VDAC8_1_SetRange
                0x0000a808       0x20 .\CortexM3\ARM_GCC_493\Debug\trobot6_cir2_2wd.a(VDAC8_1.o)
                0x0000a808                VDAC8_1_SetRange
 .text.VDAC8_1_Init
                0x0000a828       0x20 .\CortexM3\ARM_GCC_493\Debug\trobot6_cir2_2wd.a(VDAC8_1.o)
                0x0000a828                VDAC8_1_Init
 .text.VDAC8_1_Start
                0x0000a848       0x24 .\CortexM3\ARM_GCC_493\Debug\trobot6_cir2_2wd.a(VDAC8_1.o)
                0x0000a848                VDAC8_1_Start
 .text.DieTemp_1_Start
                0x0000a86c       0x2c .\CortexM3\ARM_GCC_493\Debug\trobot6_cir2_2wd.a(DieTemp_1.o)
                0x0000a86c                DieTemp_1_Start
 .text.DieTemp_1_Query
                0x0000a898       0x60 .\CortexM3\ARM_GCC_493\Debug\trobot6_cir2_2wd.a(DieTemp_1.o)
                0x0000a898                DieTemp_1_Query
 .text.P_out_1_Write
                0x0000a8f8       0x18 .\CortexM3\ARM_GCC_493\Debug\trobot6_cir2_2wd.a(P_out_1.o)
                0x0000a8f8                P_out_1_Write
 .text.P_out_1_Read
                0x0000a910       0x10 .\CortexM3\ARM_GCC_493\Debug\trobot6_cir2_2wd.a(P_out_1.o)
                0x0000a910                P_out_1_Read
 .text.Timer_sub_cycle_Enable
                0x0000a920       0x28 .\CortexM3\ARM_GCC_493\Debug\trobot6_cir2_2wd.a(Timer_sub_cycle.o)
                0x0000a920                Timer_sub_cycle_Enable
 .text.Timer_sub_cycle_SetInterruptMode
                0x0000a948        0xc .\CortexM3\ARM_GCC_493\Debug\trobot6_cir2_2wd.a(Timer_sub_cycle.o)
                0x0000a948                Timer_sub_cycle_SetInterruptMode
 .text.Timer_sub_cycle_WritePeriod
                0x0000a954        0xc .\CortexM3\ARM_GCC_493\Debug\trobot6_cir2_2wd.a(Timer_sub_cycle.o)
                0x0000a954                Timer_sub_cycle_WritePeriod
 .text.Timer_sub_cycle_WriteCounter
                0x0000a960        0xc .\CortexM3\ARM_GCC_493\Debug\trobot6_cir2_2wd.a(Timer_sub_cycle.o)
                0x0000a960                Timer_sub_cycle_WriteCounter
 .text.Timer_sub_cycle_Init
                0x0000a96c       0x8c .\CortexM3\ARM_GCC_493\Debug\trobot6_cir2_2wd.a(Timer_sub_cycle.o)
                0x0000a96c                Timer_sub_cycle_Init
 .text.Timer_sub_cycle_Start
                0x0000a9f8       0x1c .\CortexM3\ARM_GCC_493\Debug\trobot6_cir2_2wd.a(Timer_sub_cycle.o)
                0x0000a9f8                Timer_sub_cycle_Start
 .text.P_out_2_Write
                0x0000aa14       0x18 .\CortexM3\ARM_GCC_493\Debug\trobot6_cir2_2wd.a(P_out_2.o)
                0x0000aa14                P_out_2_Write
 .text.P_out_2_Read
                0x0000aa2c        0xc .\CortexM3\ARM_GCC_493\Debug\trobot6_cir2_2wd.a(P_out_2.o)
                0x0000aa2c                P_out_2_Read
 .text.SPIM_1_Enable
                0x0000aa38       0x34 .\CortexM3\ARM_GCC_493\Debug\trobot6_cir2_2wd.a(SPIM_1.o)
                0x0000aa38                SPIM_1_Enable
 .text.SPIM_1_ReadTxStatus
                0x0000aa6c        0xc .\CortexM3\ARM_GCC_493\Debug\trobot6_cir2_2wd.a(SPIM_1.o)
                0x0000aa6c                SPIM_1_ReadTxStatus
 .text.SPIM_1_ReadRxStatus
                0x0000aa78        0xc .\CortexM3\ARM_GCC_493\Debug\trobot6_cir2_2wd.a(SPIM_1.o)
                0x0000aa78                SPIM_1_ReadRxStatus
 .text.SPIM_1_WriteTxData
                0x0000aa84       0x18 .\CortexM3\ARM_GCC_493\Debug\trobot6_cir2_2wd.a(SPIM_1.o)
                0x0000aa84                SPIM_1_WriteTxData
 .text.SPIM_1_ReadRxData
                0x0000aa9c        0xc .\CortexM3\ARM_GCC_493\Debug\trobot6_cir2_2wd.a(SPIM_1.o)
                0x0000aa9c                SPIM_1_ReadRxData
 .text.SPIM_1_GetRxBufferSize
                0x0000aaa8       0x18 .\CortexM3\ARM_GCC_493\Debug\trobot6_cir2_2wd.a(SPIM_1.o)
                0x0000aaa8                SPIM_1_GetRxBufferSize
 .text.SPIM_1_ClearRxBuffer
                0x0000aac0       0x1c .\CortexM3\ARM_GCC_493\Debug\trobot6_cir2_2wd.a(SPIM_1.o)
                0x0000aac0                SPIM_1_ClearRxBuffer
 .text.SPIM_1_ClearTxBuffer
                0x0000aadc       0x34 .\CortexM3\ARM_GCC_493\Debug\trobot6_cir2_2wd.a(SPIM_1.o)
                0x0000aadc                SPIM_1_ClearTxBuffer
 .text.SPIM_1_ClearFIFO
                0x0000ab10       0x4c .\CortexM3\ARM_GCC_493\Debug\trobot6_cir2_2wd.a(SPIM_1.o)
                0x0000ab10                SPIM_1_ClearFIFO
 .text.SPIM_1_Init
                0x0000ab5c       0x2c .\CortexM3\ARM_GCC_493\Debug\trobot6_cir2_2wd.a(SPIM_1.o)
                0x0000ab5c                SPIM_1_Init
 .text.SPIM_1_Start
                0x0000ab88       0x1c .\CortexM3\ARM_GCC_493\Debug\trobot6_cir2_2wd.a(SPIM_1.o)
                0x0000ab88                SPIM_1_Start
 .text.SS0_B_Write
                0x0000aba4        0xc .\CortexM3\ARM_GCC_493\Debug\trobot6_cir2_2wd.a(SS0_B.o)
                0x0000aba4                SS0_B_Write
 .text.SS0_B_Read
                0x0000abb0        0xc .\CortexM3\ARM_GCC_493\Debug\trobot6_cir2_2wd.a(SS0_B.o)
                0x0000abb0                SS0_B_Read
 .text.motor_en_reg_Write
                0x0000abbc        0xc .\CortexM3\ARM_GCC_493\Debug\trobot6_cir2_2wd.a(motor_en_reg.o)
                0x0000abbc                motor_en_reg_Write
 .text.motor_en_reg_Read
                0x0000abc8        0xc .\CortexM3\ARM_GCC_493\Debug\trobot6_cir2_2wd.a(motor_en_reg.o)
                0x0000abc8                motor_en_reg_Read
 .text.motor_contl_reg_1_Write
                0x0000abd4        0xc .\CortexM3\ARM_GCC_493\Debug\trobot6_cir2_2wd.a(motor_contl_reg_1.o)
                0x0000abd4                motor_contl_reg_1_Write
 .text.BMP_SW_Read
                0x0000abe0        0xc .\CortexM3\ARM_GCC_493\Debug\trobot6_cir2_2wd.a(BMP_SW.o)
                0x0000abe0                BMP_SW_Read
 .text.MOTOR_FAULT_Read
                0x0000abec       0x10 .\CortexM3\ARM_GCC_493\Debug\trobot6_cir2_2wd.a(MOTOR_FAULT.o)
                0x0000abec                MOTOR_FAULT_Read
 .text.USBUART_1_Dp_ClearInterrupt
                0x0000abfc       0x10 .\CortexM3\ARM_GCC_493\Debug\trobot6_cir2_2wd.a(USBUART_1_Dp.o)
                0x0000abfc                USBUART_1_Dp_ClearInterrupt
 .text.ADC_SAR_1_theACLK_SetModeRegister
                0x0000ac0c       0x14 .\CortexM3\ARM_GCC_493\Debug\trobot6_cir2_2wd.a(ADC_SAR_1_theACLK.o)
                0x0000ac0c                ADC_SAR_1_theACLK_SetModeRegister
 .text.SPIM_1_IntClock_Start
                0x0000ac20       0x1c .\CortexM3\ARM_GCC_493\Debug\trobot6_cir2_2wd.a(SPIM_1_IntClock.o)
                0x0000ac20                SPIM_1_IntClock_Start
 *fill*         0x0000ac3c        0x4 
 .text          0x0000ac40       0x20 .\CortexM3\ARM_GCC_493\Debug\trobot6_cir2_2wd.a(CyBootAsmGnu.o)
                0x0000ac40                CyDelayCycles
                0x0000ac50                CyEnterCriticalSection
                0x0000ac58                CyExitCriticalSection
 .text.CyHalt   0x0000ac60        0x4 .\CortexM3\ARM_GCC_493\Debug\trobot6_cir2_2wd.a(CyLib.o)
                0x0000ac60                CyHalt
 .text.CyDelayUs
                0x0000ac64       0x14 .\CortexM3\ARM_GCC_493\Debug\trobot6_cir2_2wd.a(CyLib.o)
                0x0000ac64                CyDelayUs
 .text.CyWdtStart
                0x0000ac78       0x40 .\CortexM3\ARM_GCC_493\Debug\trobot6_cir2_2wd.a(CyLib.o)
                0x0000ac78                CyWdtStart
 .text.CyWdtClear
                0x0000acb8        0xc .\CortexM3\ARM_GCC_493\Debug\trobot6_cir2_2wd.a(CyLib.o)
                0x0000acb8                CyWdtClear
 .text.CyIntSetVector
                0x0000acc4       0x28 .\CortexM3\ARM_GCC_493\Debug\trobot6_cir2_2wd.a(CyLib.o)
                0x0000acc4                CyIntSetVector
 .text.CyIntSetPriority
                0x0000acec       0x30 .\CortexM3\ARM_GCC_493\Debug\trobot6_cir2_2wd.a(CyLib.o)
                0x0000acec                CyIntSetPriority
 .text.CyGetUniqueId
                0x0000ad1c       0x70 .\CortexM3\ARM_GCC_493\Debug\trobot6_cir2_2wd.a(CyLib.o)
                0x0000ad1c                CyGetUniqueId
 .text.CyPmReadStatus
                0x0000ad8c       0x30 .\CortexM3\ARM_GCC_493\Debug\trobot6_cir2_2wd.a(cyPm.o)
                0x0000ad8c                CyPmReadStatus
 .text.CySpcStart
                0x0000adbc       0x24 .\CortexM3\ARM_GCC_493\Debug\trobot6_cir2_2wd.a(CySpc.o)
                0x0000adbc                CySpcStart
 .text.CySpcReadData
                0x0000ade0       0x34 .\CortexM3\ARM_GCC_493\Debug\trobot6_cir2_2wd.a(CySpc.o)
                0x0000ade0                CySpcReadData
 .text.CySpcGetTemp
                0x0000ae14       0x3c .\CortexM3\ARM_GCC_493\Debug\trobot6_cir2_2wd.a(CySpc.o)
                0x0000ae14                CySpcGetTemp
 .text.CySpcLock
                0x0000ae50       0x4c .\CortexM3\ARM_GCC_493\Debug\trobot6_cir2_2wd.a(CySpc.o)
                0x0000ae50                CySpcLock
 .text.CySpcUnlock
                0x0000ae9c       0x38 .\CortexM3\ARM_GCC_493\Debug\trobot6_cir2_2wd.a(CySpc.o)
                0x0000ae9c                CySpcUnlock
 .text.SPIM_2_Enable
                0x0000aed4       0x34 .\CortexM3\ARM_GCC_493\Debug\trobot6_cir2_2wd.a(SPIM_2.o)
                0x0000aed4                SPIM_2_Enable
 .text.SPIM_2_ReadTxStatus
                0x0000af08        0xc .\CortexM3\ARM_GCC_493\Debug\trobot6_cir2_2wd.a(SPIM_2.o)
                0x0000af08                SPIM_2_ReadTxStatus
 .text.SPIM_2_ReadRxStatus
                0x0000af14        0xc .\CortexM3\ARM_GCC_493\Debug\trobot6_cir2_2wd.a(SPIM_2.o)
                0x0000af14                SPIM_2_ReadRxStatus
 .text.SPIM_2_WriteTxData
                0x0000af20       0x18 .\CortexM3\ARM_GCC_493\Debug\trobot6_cir2_2wd.a(SPIM_2.o)
                0x0000af20                SPIM_2_WriteTxData
 .text.SPIM_2_ReadRxData
                0x0000af38        0xc .\CortexM3\ARM_GCC_493\Debug\trobot6_cir2_2wd.a(SPIM_2.o)
                0x0000af38                SPIM_2_ReadRxData
 .text.SPIM_2_ClearRxBuffer
                0x0000af44       0x1c .\CortexM3\ARM_GCC_493\Debug\trobot6_cir2_2wd.a(SPIM_2.o)
                0x0000af44                SPIM_2_ClearRxBuffer
 .text.SPIM_2_ClearTxBuffer
                0x0000af60       0x24 .\CortexM3\ARM_GCC_493\Debug\trobot6_cir2_2wd.a(SPIM_2.o)
                0x0000af60                SPIM_2_ClearTxBuffer
 .text.SPIM_2_ClearFIFO
                0x0000af84       0x3c .\CortexM3\ARM_GCC_493\Debug\trobot6_cir2_2wd.a(SPIM_2.o)
                0x0000af84                SPIM_2_ClearFIFO
 .text.SPIM_2_Init
                0x0000afc0       0x28 .\CortexM3\ARM_GCC_493\Debug\trobot6_cir2_2wd.a(SPIM_2.o)
                0x0000afc0                SPIM_2_Init
 .text.SPIM_2_Start
                0x0000afe8       0x1c .\CortexM3\ARM_GCC_493\Debug\trobot6_cir2_2wd.a(SPIM_2.o)
                0x0000afe8                SPIM_2_Start
 .text.SPIM_2_IntClock_Start
                0x0000b004       0x1c .\CortexM3\ARM_GCC_493\Debug\trobot6_cir2_2wd.a(SPIM_2_IntClock.o)
                0x0000b004                SPIM_2_IntClock_Start
 .text.dist8_SW_DET_Read
                0x0000b020       0x10 .\CortexM3\ARM_GCC_493\Debug\trobot6_cir2_2wd.a(dist8_SW_DET.o)
                0x0000b020                dist8_SW_DET_Read
 .text.Sonr_TRG_x4_Write
                0x0000b030       0x18 .\CortexM3\ARM_GCC_493\Debug\trobot6_cir2_2wd.a(Sonr_TRG_x4.o)
                0x0000b030                Sonr_TRG_x4_Write
 .text.RTC_1_DayOfWeek
                0x0000b048       0x54 .\CortexM3\ARM_GCC_493\Debug\trobot6_cir2_2wd.a(RTC_1.o)
 .text.RTC_1_SetInitValues
                0x0000b09c      0x288 .\CortexM3\ARM_GCC_493\Debug\trobot6_cir2_2wd.a(RTC_1.o)
 .text.RTC_1_EnableInt
                0x0000b324        0xc .\CortexM3\ARM_GCC_493\Debug\trobot6_cir2_2wd.a(RTC_1.o)
                0x0000b324                RTC_1_EnableInt
 .text.RTC_1_DisableInt
                0x0000b330        0xc .\CortexM3\ARM_GCC_493\Debug\trobot6_cir2_2wd.a(RTC_1.o)
                0x0000b330                RTC_1_DisableInt
 .text.RTC_1_Init
                0x0000b33c       0x28 .\CortexM3\ARM_GCC_493\Debug\trobot6_cir2_2wd.a(RTC_1.o)
                0x0000b33c                RTC_1_Init
 .text.RTC_1_Enable
                0x0000b364       0x24 .\CortexM3\ARM_GCC_493\Debug\trobot6_cir2_2wd.a(RTC_1.o)
                0x0000b364                RTC_1_Enable
 .text.RTC_1_Start
                0x0000b388       0x1c .\CortexM3\ARM_GCC_493\Debug\trobot6_cir2_2wd.a(RTC_1.o)
                0x0000b388                RTC_1_Start
 .text.RTC_1_ReadTime
                0x0000b3a4        0x8 .\CortexM3\ARM_GCC_493\Debug\trobot6_cir2_2wd.a(RTC_1.o)
                0x0000b3a4                RTC_1_ReadTime
 .text.RTC_1_WriteTime
                0x0000b3ac       0x38 .\CortexM3\ARM_GCC_493\Debug\trobot6_cir2_2wd.a(RTC_1.o)
                0x0000b3ac                RTC_1_WriteTime
 .text.RTC_1_WriteIntervalMask
                0x0000b3e4        0xc .\CortexM3\ARM_GCC_493\Debug\trobot6_cir2_2wd.a(RTC_1.o)
                0x0000b3e4                RTC_1_WriteIntervalMask
 .text.RTC_1_EveryHourHandler
                0x0000b3f0        0x8 .\CortexM3\ARM_GCC_493\Debug\trobot6_cir2_2wd.a(RTC_1_INT.o)
 .text.RTC_1_EveryMinuteHandler
                0x0000b3f8        0x8 .\CortexM3\ARM_GCC_493\Debug\trobot6_cir2_2wd.a(RTC_1_INT.o)
 .text.RTC_1_EverySecondHandler
                0x0000b400        0x8 .\CortexM3\ARM_GCC_493\Debug\trobot6_cir2_2wd.a(RTC_1_INT.o)
 .text.RTC_1_ISR
                0x0000b408      0x444 .\CortexM3\ARM_GCC_493\Debug\trobot6_cir2_2wd.a(RTC_1_INT.o)
                0x0000b408                RTC_1_ISR
 .text.DEB_UART_Init
                0x0000b84c       0x24 .\CortexM3\ARM_GCC_493\Debug\trobot6_cir2_2wd.a(DEB_UART.o)
                0x0000b84c                DEB_UART_Init
 .text.DEB_UART_Enable
                0x0000b870       0x38 .\CortexM3\ARM_GCC_493\Debug\trobot6_cir2_2wd.a(DEB_UART.o)
                0x0000b870                DEB_UART_Enable
 .text.DEB_UART_Start
                0x0000b8a8       0x1c .\CortexM3\ARM_GCC_493\Debug\trobot6_cir2_2wd.a(DEB_UART.o)
                0x0000b8a8                DEB_UART_Start
 .text.DEB_UART_GetChar
                0x0000b8c4       0x2c .\CortexM3\ARM_GCC_493\Debug\trobot6_cir2_2wd.a(DEB_UART.o)
                0x0000b8c4                DEB_UART_GetChar
 .text.DEB_UART_PutChar
                0x0000b8f0       0x18 .\CortexM3\ARM_GCC_493\Debug\trobot6_cir2_2wd.a(DEB_UART.o)
                0x0000b8f0                DEB_UART_PutChar
 .text.DEB_UART_PutString
                0x0000b908       0x24 .\CortexM3\ARM_GCC_493\Debug\trobot6_cir2_2wd.a(DEB_UART.o)
                0x0000b908                DEB_UART_PutString
 .text.DEB_UART_PutCRLF
                0x0000b92c       0x20 .\CortexM3\ARM_GCC_493\Debug\trobot6_cir2_2wd.a(DEB_UART.o)
                0x0000b92c                DEB_UART_PutCRLF
 .text.DEB_UART_IntClock_Start
                0x0000b94c       0x1c .\CortexM3\ARM_GCC_493\Debug\trobot6_cir2_2wd.a(DEB_UART_IntClock.o)
                0x0000b94c                DEB_UART_IntClock_Start
 .text.KeisokuTimer_Enable
                0x0000b968       0x28 .\CortexM3\ARM_GCC_493\Debug\trobot6_cir2_2wd.a(KeisokuTimer.o)
                0x0000b968                KeisokuTimer_Enable
 .text.KeisokuTimer_SetInterruptMode
                0x0000b990        0xc .\CortexM3\ARM_GCC_493\Debug\trobot6_cir2_2wd.a(KeisokuTimer.o)
                0x0000b990                KeisokuTimer_SetInterruptMode
 .text.KeisokuTimer_WritePeriod
                0x0000b99c        0xc .\CortexM3\ARM_GCC_493\Debug\trobot6_cir2_2wd.a(KeisokuTimer.o)
                0x0000b99c                KeisokuTimer_WritePeriod
 .text.KeisokuTimer_WriteCounter
                0x0000b9a8        0xc .\CortexM3\ARM_GCC_493\Debug\trobot6_cir2_2wd.a(KeisokuTimer.o)
                0x0000b9a8                KeisokuTimer_WriteCounter
 .text.KeisokuTimer_Init
                0x0000b9b4       0x8c .\CortexM3\ARM_GCC_493\Debug\trobot6_cir2_2wd.a(KeisokuTimer.o)
                0x0000b9b4                KeisokuTimer_Init
 .text.KeisokuTimer_Start
                0x0000ba40       0x1c .\CortexM3\ARM_GCC_493\Debug\trobot6_cir2_2wd.a(KeisokuTimer.o)
                0x0000ba40                KeisokuTimer_Start
 .text.KeisokuTimer_isr_Interrupt
                0x0000ba5c        0x8 .\CortexM3\ARM_GCC_493\Debug\trobot6_cir2_2wd.a(KeisokuTimer_isr.o)
                0x0000ba5c                KeisokuTimer_isr_Interrupt
 .text.KeisokuTimer_isr_SetVector
                0x0000ba64       0x10 .\CortexM3\ARM_GCC_493\Debug\trobot6_cir2_2wd.a(KeisokuTimer_isr.o)
                0x0000ba64                KeisokuTimer_isr_SetVector
 .text.KeisokuTimer_isr_SetPriority
                0x0000ba74       0x10 .\CortexM3\ARM_GCC_493\Debug\trobot6_cir2_2wd.a(KeisokuTimer_isr.o)
                0x0000ba74                KeisokuTimer_isr_SetPriority
 .text.KeisokuTimer_isr_Enable
                0x0000ba84       0x10 .\CortexM3\ARM_GCC_493\Debug\trobot6_cir2_2wd.a(KeisokuTimer_isr.o)
                0x0000ba84                KeisokuTimer_isr_Enable
 .text.KeisokuTimer_isr_Disable
                0x0000ba94       0x10 .\CortexM3\ARM_GCC_493\Debug\trobot6_cir2_2wd.a(KeisokuTimer_isr.o)
                0x0000ba94                KeisokuTimer_isr_Disable
 .text.KeisokuTimer_isr_StartEx
                0x0000baa4       0x1c .\CortexM3\ARM_GCC_493\Debug\trobot6_cir2_2wd.a(KeisokuTimer_isr.o)
                0x0000baa4                KeisokuTimer_isr_StartEx
 .text.USBUART_1_DispatchClassRqst
                0x0000bac0       0x58 .\CortexM3\ARM_GCC_493\Debug\trobot6_cir2_2wd.a(USBUART_1_cls.o)
                0x0000bac0                USBUART_1_DispatchClassRqst
 .text          0x0000bb18      0x370 c:/program files (x86)/cypress/psoc creator/3.3/psoc creator/import/gnu/arm/4.9.3/bin/../lib/gcc/arm-none-eabi/4.9.3/armv7-m\libgcc.a(_arm_addsubdf3.o)
                0x0000bb18                __aeabi_drsub
                0x0000bb20                __aeabi_dsub
                0x0000bb20                __subdf3
                0x0000bb24                __aeabi_dadd
                0x0000bb24                __adddf3
                0x0000bd9c                __floatunsidf
                0x0000bd9c                __aeabi_ui2d
                0x0000bdbc                __floatsidf
                0x0000bdbc                __aeabi_i2d
                0x0000bde0                __aeabi_f2d
                0x0000bde0                __extendsfdf2
                0x0000be1c                __floatundidf
                0x0000be1c                __aeabi_ul2d
                0x0000be2c                __floatdidf
                0x0000be2c                __aeabi_l2d
 .text          0x0000be88      0x424 c:/program files (x86)/cypress/psoc creator/3.3/psoc creator/import/gnu/arm/4.9.3/bin/../lib/gcc/arm-none-eabi/4.9.3/armv7-m\libgcc.a(_arm_muldivdf3.o)
                0x0000be88                __aeabi_dmul
                0x0000be88                __muldf3
                0x0000c0dc                __divdf3
                0x0000c0dc                __aeabi_ddiv
 .text          0x0000c2ac      0x110 c:/program files (x86)/cypress/psoc creator/3.3/psoc creator/import/gnu/arm/4.9.3/bin/../lib/gcc/arm-none-eabi/4.9.3/armv7-m\libgcc.a(_arm_cmpdf2.o)
                0x0000c2ac                __gtdf2
                0x0000c2ac                __gedf2
                0x0000c2b4                __ltdf2
                0x0000c2b4                __ledf2
                0x0000c2bc                __nedf2
                0x0000c2bc                __eqdf2
                0x0000c2bc                __cmpdf2
                0x0000c338                __aeabi_cdrcmple
                0x0000c348                __aeabi_cdcmpeq
                0x0000c348                __aeabi_cdcmple
                0x0000c358                __aeabi_dcmpeq
                0x0000c36c                __aeabi_dcmplt
                0x0000c380                __aeabi_dcmple
                0x0000c394                __aeabi_dcmpge
                0x0000c3a8                __aeabi_dcmpgt
 .text          0x0000c3bc       0x50 c:/program files (x86)/cypress/psoc creator/3.3/psoc creator/import/gnu/arm/4.9.3/bin/../lib/gcc/arm-none-eabi/4.9.3/armv7-m\libgcc.a(_arm_fixdfsi.o)
                0x0000c3bc                __aeabi_d2iz
                0x0000c3bc                __fixdfsi
 .text          0x0000c40c       0xa0 c:/program files (x86)/cypress/psoc creator/3.3/psoc creator/import/gnu/arm/4.9.3/bin/../lib/gcc/arm-none-eabi/4.9.3/armv7-m\libgcc.a(_arm_truncdfsf2.o)
                0x0000c40c                __truncdfsf2
                0x0000c40c                __aeabi_d2f
 .text          0x0000c4ac      0x21c c:/program files (x86)/cypress/psoc creator/3.3/psoc creator/import/gnu/arm/4.9.3/bin/../lib/gcc/arm-none-eabi/4.9.3/armv7-m\libgcc.a(_arm_addsubsf3.o)
                0x0000c4ac                __aeabi_frsub
                0x0000c4b4                __subsf3
                0x0000c4b4                __aeabi_fsub
                0x0000c4b8                __aeabi_fadd
                0x0000c4b8                __addsf3
                0x0000c618                __aeabi_ui2f
                0x0000c618                __floatunsisf
                0x0000c620                __aeabi_i2f
                0x0000c620                __floatsisf
                0x0000c63c                __aeabi_ul2f
                0x0000c63c                __floatundisf
                0x0000c64c                __aeabi_l2f
                0x0000c64c                __floatdisf
 .text          0x0000c6c8      0x2a0 c:/program files (x86)/cypress/psoc creator/3.3/psoc creator/import/gnu/arm/4.9.3/bin/../lib/gcc/arm-none-eabi/4.9.3/armv7-m\libgcc.a(_arm_muldivsf3.o)
                0x0000c6c8                __mulsf3
                0x0000c6c8                __aeabi_fmul
                0x0000c830                __aeabi_fdiv
                0x0000c830                __divsf3
 .text          0x0000c968       0xec c:/program files (x86)/cypress/psoc creator/3.3/psoc creator/import/gnu/arm/4.9.3/bin/../lib/gcc/arm-none-eabi/4.9.3/armv7-m\libgcc.a(_arm_cmpsf2.o)
                0x0000c968                __gesf2
                0x0000c968                __gtsf2
                0x0000c970                __lesf2
                0x0000c970                __ltsf2
                0x0000c978                __nesf2
                0x0000c978                __eqsf2
                0x0000c978                __cmpsf2
                0x0000c9d8                __aeabi_cfrcmple
                0x0000c9e0                __aeabi_cfcmpeq
                0x0000c9e0                __aeabi_cfcmple
                0x0000c9f0                __aeabi_fcmpeq
                0x0000ca04                __aeabi_fcmplt
                0x0000ca18                __aeabi_fcmple
                0x0000ca2c                __aeabi_fcmpge
                0x0000ca40                __aeabi_fcmpgt
 .text          0x0000ca54       0x4c c:/program files (x86)/cypress/psoc creator/3.3/psoc creator/import/gnu/arm/4.9.3/bin/../lib/gcc/arm-none-eabi/4.9.3/armv7-m\libgcc.a(_arm_fixsfsi.o)
                0x0000ca54                __aeabi_f2iz
                0x0000ca54                __fixsfsi
 .text.__libc_init_array
                0x0000caa0       0x4c c:/program files (x86)/cypress/psoc creator/3.3/psoc creator/import/gnu/arm/4.9.3/bin/../lib/gcc/arm-none-eabi/4.9.3/../../../../arm-none-eabi/lib/armv7-m\libg_nano.a(lib_a-init.o)
                0x0000caa0                __libc_init_array
 .text.__itoa   0x0000caec       0x2e c:/program files (x86)/cypress/psoc creator/3.3/psoc creator/import/gnu/arm/4.9.3/bin/../lib/gcc/arm-none-eabi/4.9.3/../../../../arm-none-eabi/lib/armv7-m\libg_nano.a(lib_a-itoa.o)
                0x0000caec                __itoa
 .text.itoa     0x0000cb1a        0x4 c:/program files (x86)/cypress/psoc creator/3.3/psoc creator/import/gnu/arm/4.9.3/bin/../lib/gcc/arm-none-eabi/4.9.3/../../../../arm-none-eabi/lib/armv7-m\libg_nano.a(lib_a-itoa.o)
                0x0000cb1a                itoa
 .text.memcpy   0x0000cb1e       0x16 c:/program files (x86)/cypress/psoc creator/3.3/psoc creator/import/gnu/arm/4.9.3/bin/../lib/gcc/arm-none-eabi/4.9.3/../../../../arm-none-eabi/lib/armv7-m\libg_nano.a(lib_a-memcpy.o)
                0x0000cb1e                memcpy
 .text.memset   0x0000cb34       0x10 c:/program files (x86)/cypress/psoc creator/3.3/psoc creator/import/gnu/arm/4.9.3/bin/../lib/gcc/arm-none-eabi/4.9.3/../../../../arm-none-eabi/lib/armv7-m\libg_nano.a(lib_a-memset.o)
                0x0000cb34                memset
 .text.__utoa   0x0000cb44       0x78 c:/program files (x86)/cypress/psoc creator/3.3/psoc creator/import/gnu/arm/4.9.3/bin/../lib/gcc/arm-none-eabi/4.9.3/../../../../arm-none-eabi/lib/armv7-m\libg_nano.a(lib_a-utoa.o)
                0x0000cb44                __utoa
 *(.plt)
 *(.gnu.warning)
 *(.glue_7t)
 .glue_7t       0x00000000        0x0 linker stubs
 *(.glue_7)
 .glue_7        0x00000000        0x0 linker stubs
 *(.vfp11_veneer)
 .vfp11_veneer  0x00000000        0x0 linker stubs
 *(.bootloader)
 *(.ARM.extab* .gnu.linkonce.armextab.*)
 *(.gcc_except_table)

.v4_bx          0x0000cbbc        0x0
 .v4_bx         0x00000000        0x0 linker stubs

.iplt           0x0000cbbc        0x0
 .iplt          0x00000000        0x0 c:/program files (x86)/cypress/psoc creator/3.3/psoc creator/import/gnu/arm/4.9.3/bin/../lib/gcc/arm-none-eabi/4.9.3/armv7-m/crtbegin.o

.eh_frame_hdr
 *(.eh_frame_hdr)

.eh_frame       0x0000cbbc        0x4
 *(.eh_frame)
 .eh_frame      0x0000cbbc        0x0 c:/program files (x86)/cypress/psoc creator/3.3/psoc creator/import/gnu/arm/4.9.3/bin/../lib/gcc/arm-none-eabi/4.9.3/armv7-m/crtbegin.o
 .eh_frame      0x0000cbbc        0x4 c:/program files (x86)/cypress/psoc creator/3.3/psoc creator/import/gnu/arm/4.9.3/bin/../lib/gcc/arm-none-eabi/4.9.3/armv7-m/crtend.o
                0x0000cbc0                PROVIDE (__exidx_start, .)

.ARM.exidx
 *(.ARM.exidx* .gnu.linkonce.armexidx.*)
                0x0000cbc0                __exidx_end = .

.rodata         0x0000cbc0     0x3d98
 *(.rodata .rodata.* .gnu.linkonce.r.*)
 .rodata.str1.4
                0x0000cbc0      0x807 .\CortexM3\ARM_GCC_493\Debug\main.o
                                0x814 (size before relaxing)
 *fill*         0x0000d3c7        0x1 
 .rodata        0x0000d3c8       0x50 .\CortexM3\ARM_GCC_493\Debug\Motor_Contl4_3.o
                0x0000d410                Motor_Contl4_3_M
 .rodata.str1.4
                0x0000d418        0x5 .\CortexM3\ARM_GCC_493\Debug\Motor_Contl4_3.o
                                  0x8 (size before relaxing)
 *fill*         0x0000d41d        0x3 
 .rodata        0x0000d420     0x1094 .\CortexM3\ARM_GCC_493\Debug\sk_debug.o
                0x0000d420                compara_dital
                0x0000dd18                MenueList
                0x0000dd48                MAX_MENBER
                0x0000dd4c                Deb_menue05
                0x0000dda8                Deb_menue04
                0x0000de04                Deb_menue03
                0x0000def4                Deb_menue02
                0x0000e278                Deb_menue01
                0x0000e3c4                Deb_menue00
 .rodata.str1.4
                0x0000e4b4     0x21d7 .\CortexM3\ARM_GCC_493\Debug\sk_debug.o
                               0x2300 (size before relaxing)
 *fill*         0x0001068b        0x1 
 .rodata.str1.4
                0x0001068c       0x16 .\CortexM3\ARM_GCC_493\Debug\sk_uart.o
                                 0x18 (size before relaxing)
 *fill*         0x000106a2        0x2 
 .rodata        0x000106a4       0x90 .\CortexM3\ARM_GCC_493\Debug\trobot6_cir2_2wd.a(cyfitter_cfg.o)
                0x000106a4                AMux_1__addrTable
                0x000106e4                AMux_1__maskTable
 .rodata.str1.4
                0x00010734       0x14 .\CortexM3\ARM_GCC_493\Debug\trobot6_cir2_2wd.a(USBUART_1_std.o)
 .rodata        0x00010748       0x18 .\CortexM3\ARM_GCC_493\Debug\trobot6_cir2_2wd.a(RTC_1.o)
                0x00010754                RTC_1_daysInMonths
 .rodata        0x00010760      0x19c .\CortexM3\ARM_GCC_493\Debug\trobot6_cir2_2wd.a(USBUART_1_descr.o)
                0x00010760                USBUART_1_MSOS_CONFIGURATION_DESCR
                0x00010788                USBUART_1_MSOS_DESCRIPTOR
                0x0001079c                USBUART_1_TABLE
                0x000107a4                USBUART_1_DEVICE0_TABLE
                0x000107bc                USBUART_1_DEVICE0_CONFIGURATION0_TABLE
                0x000107e4                USBUART_1_DEVICE0_CONFIGURATION0_INTERFACE_CLASS
                0x000107e8                USBUART_1_DEVICE0_CONFIGURATION0_EP_SETTINGS_TABLE
                0x00010800                USBUART_1_SN_STRING_DESCRIPTOR
                0x00010804                USBUART_1_STRING_DESCRIPTORS
                0x000108a4                USBUART_1_DEVICE0_CONFIGURATION0_DESCR
                0x000108e8                USBUART_1_DEVICE0_DESCR
 .rodata.str1.1
                0x000108fc       0x25 c:/program files (x86)/cypress/psoc creator/3.3/psoc creator/import/gnu/arm/4.9.3/bin/../lib/gcc/arm-none-eabi/4.9.3/../../../../arm-none-eabi/lib/armv7-m\libg_nano.a(lib_a-utoa.o)
                0x00010924                . = ALIGN (0x4)
 *fill*         0x00010921        0x3 
 *(.init)
 .init          0x00010924        0x4 c:/program files (x86)/cypress/psoc creator/3.3/psoc creator/import/gnu/arm/4.9.3/bin/../lib/gcc/arm-none-eabi/4.9.3/armv7-m/crti.o
                0x00010924                _init
 .init          0x00010928        0x8 c:/program files (x86)/cypress/psoc creator/3.3/psoc creator/import/gnu/arm/4.9.3/bin/../lib/gcc/arm-none-eabi/4.9.3/armv7-m/crtn.o
                0x00010930                . = ALIGN (0x4)
                0x00010930                __preinit_array_start = .
 *(.preinit_array)
                0x00010930                __preinit_array_end = .
                0x00010930                . = ALIGN (0x4)
                0x00010930                __init_array_start = .
 *(SORT(.init_array.*))
 *(.init_array)
 .init_array    0x00010930        0x4 c:/program files (x86)/cypress/psoc creator/3.3/psoc creator/import/gnu/arm/4.9.3/bin/../lib/gcc/arm-none-eabi/4.9.3/armv7-m/crtbegin.o
 .init_array    0x00010934        0x4 .\CortexM3\ARM_GCC_493\Debug\Cm3Start.o
                0x00010938                __init_array_end = .
                0x00010938                . = ALIGN (0x4)
 *(.fini)
 .fini          0x00010938        0x4 c:/program files (x86)/cypress/psoc creator/3.3/psoc creator/import/gnu/arm/4.9.3/bin/../lib/gcc/arm-none-eabi/4.9.3/armv7-m/crti.o
                0x00010938                _fini
 .fini          0x0001093c        0x8 c:/program files (x86)/cypress/psoc creator/3.3/psoc creator/import/gnu/arm/4.9.3/bin/../lib/gcc/arm-none-eabi/4.9.3/armv7-m/crtn.o
                0x00010944                . = ALIGN (0x4)
                0x00010944                __fini_array_start = .
 *(.fini_array)
 .fini_array    0x00010944        0x4 c:/program files (x86)/cypress/psoc creator/3.3/psoc creator/import/gnu/arm/4.9.3/bin/../lib/gcc/arm-none-eabi/4.9.3/armv7-m/crtbegin.o
 *(SORT(.fini_array.*))
                0x00010948                __fini_array_end = .
                0x00010948                . = ALIGN (0x4)
 *crtbegin.o(.ctors)
 *(EXCLUDE_FILE(*crtend.o) .ctors)
 *(SORT(.ctors.*))
 *crtend.o(.ctors)
                0x00010948                . = ALIGN (0x4)
 *crtbegin.o(.dtors)
 *(EXCLUDE_FILE(*crtend.o) .dtors)
 *(SORT(.dtors.*))
 *crtend.o(.dtors)
                0x00010948                . = ALIGN (0x4)
                0x00010948                __cy_regions = .
                0x00010948        0x4 LONG 0x10958 __cy_region_init_ram
                0x0001094c        0x4 LONG 0x1fff8108 __cy_region_start_data
                0x00010950        0x4 LONG 0x160 __cy_region_init_size_ram
                0x00010954        0x4 LONG 0xb458 __cy_region_zero_size_ram
                0x00010958                __cy_regions_end = .
                0x00010958                . = ALIGN (0x8)
                0x00010958                _etext = .

.cy_checksum_exclude
                0x00010958        0x0
 *(.cy_checksum_exclude)

.ramvectors     0x1fff8000      0x100
                0x1fff8000                __cy_region_start_ram = .
 *(.ramvectors)
 .ramvectors    0x1fff8000      0x100 .\CortexM3\ARM_GCC_493\Debug\Cm3Start.o
                0x1fff8000                CyRamVectors

.noinit         0x1fff8100        0x5
 *(.noinit)
 .noinit        0x1fff8100        0x4 .\CortexM3\ARM_GCC_493\Debug\Cm3Start.o
 .noinit        0x1fff8104        0x1 .\CortexM3\ARM_GCC_493\Debug\trobot6_cir2_2wd.a(CyLib.o)
                0x1fff8104                CyResetStatus

.data           0x1fff8108      0x160 load address 0x00010958
                0x1fff8108                __cy_region_start_data = .
 *(.jcr)
 .jcr           0x1fff8108        0x0 c:/program files (x86)/cypress/psoc creator/3.3/psoc creator/import/gnu/arm/4.9.3/bin/../lib/gcc/arm-none-eabi/4.9.3/armv7-m/crtbegin.o
 .jcr           0x1fff8108        0x4 c:/program files (x86)/cypress/psoc creator/3.3/psoc creator/import/gnu/arm/4.9.3/bin/../lib/gcc/arm-none-eabi/4.9.3/armv7-m/crtend.o
 *(.got.plt)
 *(.got)
 *(.shdata)
 *(.data .data.* .gnu.linkonce.d.*)
 .data          0x1fff810c       0x54 .\CortexM3\ARM_GCC_493\Debug\main.o
                0x1fff810c                encd0
                0x1fff810d                encd2
                0x1fff8110                encassign
                0x1fff8114                logmode
                0x1fff8115                trans_line
                0x1fff8118                sk_speed_lf
                0x1fff811c                sk_speed_rf
                0x1fff8120                getcom_watch
                0x1fff8124                use_smooth_chg
                0x1fff8125                state
                0x1fff8126                pwm_period
                0x1fff8128                speedratio
                0x1fff812c                motorassign
                0x1fff8130                cw0
                0x1fff8131                cw2
                0x1fff8132                drive_wheels
                0x1fff8133                blk1
                0x1fff8134                blk0
                0x1fff8135                blk3
                0x1fff8136                blk2
                0x1fff8137                sub_cycle_count
                0x1fff8138                max_spd_chg
                0x1fff813c                no_getcom_loop_cnt
                0x1fff8140                em_stop_en
                0x1fff8141                measure_sensor
                0x1fff8142                max_rpm
                0x1fff8144                samp_rate
                0x1fff8146                enc_count
                0x1fff8148                gear_ratio
                0x1fff814c                dim_wheel
                0x1fff8150                dist_wheel
                0x1fff8154                calc_ratio
                0x1fff8155                Status
                0x1fff8158                sk_speed_rr
                0x1fff815c                sk_speed_lr
 .data          0x1fff8160       0xa0 .\CortexM3\ARM_GCC_493\Debug\Motor_Contl4_3_data.o
                0x1fff8160                Motor_Contl4_3_P
 .data          0x1fff8200        0xc .\CortexM3\ARM_GCC_493\Debug\sk_debug.o
                0x1fff8200                sk_0001ms_flg
                0x1fff8201                sk_0010ms_flg
                0x1fff8202                sk_0100ms_flg
                0x1fff8203                sk_1000ms_flg
                0x1fff8204                sk_1000ms_cnt
                0x1fff8206                sk_0100ms_cnt
                0x1fff8208                sk_0010ms_cnt
                0x1fff820a                sk_log_flg2
 .data          0x1fff820c       0x10 .\CortexM3\ARM_GCC_493\Debug\sk_uart.o
                0x1fff820c                CharConv
 .data          0x1fff821c       0x1c .\CortexM3\ARM_GCC_493\Debug\trobot6_cir2_2wd.a(USBUART_1_cdc.o)
                0x1fff821c                USBUART_1_linesCoding
 .data          0x1fff8238        0x1 .\CortexM3\ARM_GCC_493\Debug\trobot6_cir2_2wd.a(AMux_1.o)
 *fill*         0x1fff8239        0x3 
 .data          0x1fff823c       0x10 .\CortexM3\ARM_GCC_493\Debug\trobot6_cir2_2wd.a(CyLib.o)
                0x1fff823c                cydelay_32k_ms
                0x1fff8240                cydelay_freq_khz
                0x1fff8244                cydelay_freq_mhz
                0x1fff8248                cydelay_freq_hz
 .data          0x1fff824c       0x18 .\CortexM3\ARM_GCC_493\Debug\trobot6_cir2_2wd.a(RTC_1.o)
                0x1fff824c                RTC_1_currentTimeDate
                0x1fff8258                RTC_1_alarmCfgTimeDate
                0x1fff8268                . = ALIGN (0x8)
 *fill*         0x1fff8264        0x4 
 *(.ram)
                0x1fff8268                _edata = .

.igot.plt       0x1fff8268        0x0 load address 0x00010ab8
 .igot.plt      0x00000000        0x0 c:/program files (x86)/cypress/psoc creator/3.3/psoc creator/import/gnu/arm/4.9.3/bin/../lib/gcc/arm-none-eabi/4.9.3/armv7-m/crtbegin.o

.bss            0x1fff8268     0xb458 load address 0x00010ab8
                0x1fff8268                PROVIDE (__bss_start__, .)
 *(.shbss)
 *(.bss .bss.* .gnu.linkonce.b.*)
 .bss           0x1fff8268       0x1c c:/program files (x86)/cypress/psoc creator/3.3/psoc creator/import/gnu/arm/4.9.3/bin/../lib/gcc/arm-none-eabi/4.9.3/armv7-m/crtbegin.o
 .bss           0x1fff8284       0xc0 .\CortexM3\ARM_GCC_493\Debug\main.o
                0x1fff8284                speed_lf_buf
                0x1fff8288                speed_rf_buf
                0x1fff828c                speed_lr_buf
                0x1fff8290                speed_rr_buf
                0x1fff8295                encd1
                0x1fff8296                encd3
                0x1fff8298                enc_malti
                0x1fff829c                speed_lf
                0x1fff82a0                speed_rf
                0x1fff82a4                speed_lr
                0x1fff82a8                speed_rr
                0x1fff82ac                cycle_count_pre
                0x1fff82ad                cycle_count
                0x1fff82ae                cycle_count_buf
                0x1fff82b0                speed_lf_pre
                0x1fff82b4                speed_rf_pre
                0x1fff82b8                speed_lr_pre
                0x1fff82bc                speed_rr_pre
                0x1fff82c0                speed_lf_delta
                0x1fff82c4                speed_rf_delta
                0x1fff82c8                speed_lr_delta
                0x1fff82cc                speed_rr_delta
                0x1fff82d0                ms00_pw
                0x1fff82d4                ms01_pw
                0x1fff82d8                ms02_pw
                0x1fff82dc                ms03_pw
                0x1fff82e0                direct_cnt
                0x1fff82e1                cw1
                0x1fff82e2                cw3
                0x1fff82e3                pwm_width0
                0x1fff82e4                sign0
                0x1fff82e5                pwm_width1
                0x1fff82e6                sign1
                0x1fff82e7                pwm_width2
                0x1fff82e8                sign2
                0x1fff82e9                pwm_width3
                0x1fff82ea                sign3
                0x1fff82eb                direct
                0x1fff82ec                out2_tag_cycle
                0x1fff82f0                getcom_flag
                0x1fff82f4                sendcom_flag
                0x1fff82f8                out2_tagpos
                0x1fff8300                getcom_count_buf
                0x1fff8304                getcom_count
                0x1fff8308                getcom_count_para
                0x1fff830c                sk_speed_lf_buf
                0x1fff8310                sk_speed_rf_buf
                0x1fff8314                sk_speed_lr_buf
                0x1fff8318                sk_speed_rr_buf
                0x1fff831c                status1
                0x1fff8320                interruptcnt
                0x1fff8324                frame_count
                0x1fff8325                sense_diagflag
                0x1fff8328                irqt1
                0x1fff832c                status0
                0x1fff832d                diag_count
                0x1fff832e                die_temp_16
                0x1fff8330                flt_dtm_tmover
                0x1fff8332                v_bat_16
                0x1fff8334                flt_bat_tmover
                0x1fff8335                flt_msw_tmover
                0x1fff8336                ems_sig_tmover
                0x1fff8338                pvm1_16
                0x1fff833a                ems_pvm_tmover
                0x1fff833c                pvm2_16
                0x1fff833e                ems_drv_tmover
                0x1fff833f                ems_osp_tmover
                0x1fff8340                status2_tset
                0x1fff8341                status1_test
 .bss           0x1fff8344       0x1a .\CortexM3\ARM_GCC_493\Debug\sk_debug.o
                0x1fff8344                MenueNum
                0x1fff8345                sk_log_flg4
                0x1fff8346                sk_mt_start
                0x1fff8348                sk_input_ofst
                0x1fff834a                sk_input_data
                0x1fff834c                sk_log_flg5
                0x1fff834e                ck_mtrlog_cnt
                0x1fff8350                sk_sub_cycl_int_cnt_av
                0x1fff8352                sk_sub_cycl_int_cnt
                0x1fff8354                sk_log_flg
                0x1fff8356                sk_0001ms_cnt
                0x1fff8358                sk_log_flg3
                0x1fff835a                sk_log_cnt
                0x1fff835c                sk_measure_cnt
 .bss           0x1fff835e        0x1 .\CortexM3\ARM_GCC_493\Debug\trobot6_cir2_2wd.a(USBUART_1.o)
                0x1fff835e                USBUART_1_initVar
 .bss           0x1fff835f        0x1 .\CortexM3\ARM_GCC_493\Debug\trobot6_cir2_2wd.a(USBUART_1_cdc.o)
 .bss           0x1fff8360        0x4 .\CortexM3\ARM_GCC_493\Debug\trobot6_cir2_2wd.a(USBUART_1_std.o)
 .bss           0x1fff8364        0x1 .\CortexM3\ARM_GCC_493\Debug\trobot6_cir2_2wd.a(Timer_PWM.o)
                0x1fff8364                Timer_PWM_initVar
 .bss           0x1fff8365        0x1 .\CortexM3\ARM_GCC_493\Debug\trobot6_cir2_2wd.a(Timer_cycle.o)
                0x1fff8365                Timer_cycle_initVar
 .bss           0x1fff8366        0x1 .\CortexM3\ARM_GCC_493\Debug\trobot6_cir2_2wd.a(ADC_SAR_1.o)
                0x1fff8366                ADC_SAR_1_initVar
 .bss           0x1fff8367        0x1 .\CortexM3\ARM_GCC_493\Debug\trobot6_cir2_2wd.a(VDAC8_1.o)
                0x1fff8367                VDAC8_1_initVar
 .bss           0x1fff8368        0x1 .\CortexM3\ARM_GCC_493\Debug\trobot6_cir2_2wd.a(Timer_sub_cycle.o)
                0x1fff8368                Timer_sub_cycle_initVar
 .bss           0x1fff8369        0x1 .\CortexM3\ARM_GCC_493\Debug\trobot6_cir2_2wd.a(SPIM_1.o)
                0x1fff8369                SPIM_1_initVar
 *fill*         0x1fff836a        0x2 
 .bss           0x1fff836c       0x44 .\CortexM3\ARM_GCC_493\Debug\trobot6_cir2_2wd.a(cyPm.o)
 .bss           0x1fff83b0        0x8 .\CortexM3\ARM_GCC_493\Debug\trobot6_cir2_2wd.a(CySpc.o)
                0x1fff83b0                SpcLockState
 .bss           0x1fff83b8        0x1 .\CortexM3\ARM_GCC_493\Debug\trobot6_cir2_2wd.a(SPIM_2.o)
                0x1fff83b8                SPIM_2_initVar
 .bss           0x1fff83b9        0x5 .\CortexM3\ARM_GCC_493\Debug\trobot6_cir2_2wd.a(RTC_1.o)
                0x1fff83b9                RTC_1_statusDateTime
                0x1fff83ba                RTC_1_alarmCfgMask
                0x1fff83bb                RTC_1_alarmCurStatus
                0x1fff83bc                RTC_1_initVar
                0x1fff83bd                RTC_1_intervalCfgMask
 .bss           0x1fff83be        0x2 .\CortexM3\ARM_GCC_493\Debug\trobot6_cir2_2wd.a(DEB_UART.o)
                0x1fff83be                DEB_UART_initVar
 .bss           0x1fff83c0        0x1 .\CortexM3\ARM_GCC_493\Debug\trobot6_cir2_2wd.a(KeisokuTimer.o)
                0x1fff83c0                KeisokuTimer_initVar
 *(COMMON)
 *fill*         0x1fff83c1        0x3 
 COMMON         0x1fff83c4      0x39c .\CortexM3\ARM_GCC_493\Debug\main.o
                0x1fff83c4                acc_limit_f
                0x1fff83c8                tmp
                0x1fff83cc                seq_code
                0x1fff83cd                adin
                0x1fff83ce                dim_wheel_i16
                0x1fff83d0                acc_limit_r_i16
                0x1fff83d4                err_wdt_sa_ocp
                0x1fff83d8                kdl_i16
                0x1fff83da                err_wdt_atm_spi
                0x1fff83dc                MS_RF_MAIN
                0x1fff83e2                bwp_sw
                0x1fff83e4                err_wdt_ov_spd
                0x1fff83e8                output2_tag
                0x1fff840a                kcp_i16
                0x1fff840c                com_status
                0x1fff8410                acc_limit_s
                0x1fff8414                sk_ms0_main
                0x1fff841c                speed_const_i16
                0x1fff841e                err_wdt_mot_fault
                0x1fff8420                err_wdt_otw
                0x1fff8424                err_wdt_pvm_low
                0x1fff8426                acc_limit_s_i16
                0x1fff8428                sk_pwm_width1
                0x1fff842c                kdl
                0x1fff8430                speed_const
                0x1fff8434                kci
                0x1fff8438                kdr
                0x1fff843c                ms_rf_com_tx
                0x1fff8440                toruque_const
                0x1fff8444                dist_fl
                0x1fff8446                kvi_i16
                0x1fff8448                command
                0x1fff8488                satv_i16
                0x1fff848a                ms_lr_pc
                0x1fff848c                dist_wheel_i16
                0x1fff848e                sk_pwm_width0
                0x1fff848f                err_wdt_die_otp
                0x1fff8490                gear_motor
                0x1fff8494                err_wdt_pvm_ocur
                0x1fff8498                spd_torq_grad
                0x1fff849c                err_wdt_uvlo
                0x1fff84a0                dist_rear
                0x1fff84a2                kvp_i16
                0x1fff84a4                ratio_rpm
                0x1fff84a8                rpm2velo_ratio
                0x1fff84ac                safty_const
                0x1fff84b0                kvi
                0x1fff84b4                toruque_const_i16
                0x1fff84b8                err_wdt_sa_ocpat
                0x1fff84bc                satv
                0x1fff84c0                MS_LR_MAIN
                0x1fff84c8                outbuff3
                0x1fff84e8                outbuff1
                0x1fff8524                ms_rr_com_tx
                0x1fff8526                ms_lf_pc
                0x1fff8528                err_wdt_vbat_low
                0x1fff8529                sk_pwm_period
                0x1fff852a                die_status
                0x1fff852c                acc_limit_f_i16
                0x1fff852e                trobot_status1
                0x1fff8530                kcp
                0x1fff8534                err_wdt_em_stop_out
                0x1fff8535                err_wdt_usb_if
                0x1fff8536                spi_sel
                0x1fff8538                spd_torq_grad_i16
                0x1fff853c                out2len
                0x1fff8540                kci_i16
                0x1fff8544                motor_para_1
                0x1fff8554                MS_RR_MAIN
                0x1fff855c                err_wdt_pvm_ocpat
                0x1fff855e                mes_adc_val
                0x1fff8560                die_temp
                0x1fff8562                pvm1
                0x1fff8564                err_wdt_vds_ocp
                0x1fff8568                err_wdt_gdf
                0x1fff856c                gear_ratio_i16
                0x1fff856e                trobot_status2
                0x1fff8570                kvp
                0x1fff8574                output_tmp
                0x1fff8584                axis9
                0x1fff85ac                err_wdt_otsd
                0x1fff85b0                safty_const_i16
                0x1fff85b2                dist_st
                0x1fff85b4                command_buf
                0x1fff85f4                satc_i16
                0x1fff85f6                dist_fr
                0x1fff85f8                MS_LF_MAIN
                0x1fff8600                err_wdt_cpuv
                0x1fff8604                ms_rr_pc
                0x1fff8606                ms_rf_pc
                0x1fff8608                err_wdt_axis9_spi
                0x1fff860a                gear_output
                0x1fff860c                kdr_i16
                0x1fff860e                err_wdt_drv_dis
                0x1fff8610                satc
                0x1fff8614                pvm2
                0x1fff8615                pwm_control
                0x1fff8618                err_wdt_body_oh
                0x1fff861b                err_wdt_sw_dt
                0x1fff861c                outbuff2
                0x1fff8654                output2
                0x1fff86c4                acc_limit_r
                0x1fff86c8                motor_parag_1
                0x1fff8708                ms_lf_com_tx
                0x1fff870a                loop_max
                0x1fff870b                sk_bwp_sw
                0x1fff870c                command_para
                0x1fff874c                output2_tag_head
                0x1fff874f                sk_pwm_control
                0x1fff8750                dist_front
                0x1fff8754                out2pos
                0x1fff8758                err_wdt_drv_spi
                0x1fff875c                die_temp_flag
                0x1fff875e                ms_lr_com_tx
 COMMON         0x1fff8760      0x288 .\CortexM3\ARM_GCC_493\Debug\Motor_Contl4_3.o
                0x1fff8760                Motor_Contl4_3_M_
                0x1fff8928                Motor_Contl4_3_Y
                0x1fff8968                Motor_Contl4_3_U
                0x1fff89a8                Motor_Contl4_3_B
                0x1fff89c8                Motor_Contl4_3_X
 COMMON         0x1fff89e8     0xabf1 .\CortexM3\ARM_GCC_493\Debug\sk_debug.o
                0x1fff89e8                sk_log_flg3_pre
                0x1fff89ec                Deblog
                0x20002630                timerlog
                0x200035d4                Timer_log_sem
                0x200035d6                sk_mt_speed
                0x200035d8                sk_CycleStart_Reg
 *fill*         0x200035d9        0x3 
 COMMON         0x200035dc       0x18 .\CortexM3\ARM_GCC_493\Debug\trobot6_cir2_2wd.a(USBUART_1_cdc.o)