Archive member included because of file (symbol)

.\CortexM3\ARM_GCC_493\Debug\trobot6_cir2_2wd.a(cyfitter_cfg.o)
                              .\CortexM3\ARM_GCC_493\Debug\Cm3Start.o (cyfitter_cfg)
.\CortexM3\ARM_GCC_493\Debug\trobot6_cir2_2wd.a(motor_contl_reg_0.o)
                              .\CortexM3\ARM_GCC_493\Debug\main.o (motor_contl_reg_0_Write)
.\CortexM3\ARM_GCC_493\Debug\trobot6_cir2_2wd.a(USBUART_1.o)
                              .\CortexM3\ARM_GCC_493\Debug\main.o (USBUART_1_Start)
.\CortexM3\ARM_GCC_493\Debug\trobot6_cir2_2wd.a(USBUART_1_cdc.o)
                              .\CortexM3\ARM_GCC_493\Debug\main.o (USBUART_1_CDC_Init)
.\CortexM3\ARM_GCC_493\Debug\trobot6_cir2_2wd.a(USBUART_1_drv.o)
                              .\CortexM3\ARM_GCC_493\Debug\trobot6_cir2_2wd.a(USBUART_1.o) (USBUART_1_lastPacketSize)
.\CortexM3\ARM_GCC_493\Debug\trobot6_cir2_2wd.a(USBUART_1_episr.o)
                              .\CortexM3\ARM_GCC_493\Debug\trobot6_cir2_2wd.a(USBUART_1.o) (USBUART_1_EP_1_ISR)
.\CortexM3\ARM_GCC_493\Debug\trobot6_cir2_2wd.a(USBUART_1_pm.o)
                              .\CortexM3\ARM_GCC_493\Debug\trobot6_cir2_2wd.a(USBUART_1.o) (USBUART_1_DP_ISR)
.\CortexM3\ARM_GCC_493\Debug\trobot6_cir2_2wd.a(USBUART_1_std.o)
                              .\CortexM3\ARM_GCC_493\Debug\trobot6_cir2_2wd.a(USBUART_1_pm.o) (USBUART_1_ConfigReg)
.\CortexM3\ARM_GCC_493\Debug\trobot6_cir2_2wd.a(USBUART_1_vnd.o)
                              .\CortexM3\ARM_GCC_493\Debug\trobot6_cir2_2wd.a(USBUART_1_drv.o) (USBUART_1_HandleVendorRqst)
.\CortexM3\ARM_GCC_493\Debug\trobot6_cir2_2wd.a(sub_cycle_int.o)
                              .\CortexM3\ARM_GCC_493\Debug\main.o (sub_cycle_int_StartEx)
.\CortexM3\ARM_GCC_493\Debug\trobot6_cir2_2wd.a(P_out.o)
                              .\CortexM3\ARM_GCC_493\Debug\main.o (P_out_Write)
.\CortexM3\ARM_GCC_493\Debug\trobot6_cir2_2wd.a(Timer_PWM.o)
                              .\CortexM3\ARM_GCC_493\Debug\main.o (Timer_PWM_Start)
.\CortexM3\ARM_GCC_493\Debug\trobot6_cir2_2wd.a(Timer_cycle.o)
                              .\CortexM3\ARM_GCC_493\Debug\main.o (Timer_cycle_WriteCounter)
.\CortexM3\ARM_GCC_493\Debug\trobot6_cir2_2wd.a(FirstLine.o)
                              .\CortexM3\ARM_GCC_493\Debug\main.o (FirstLine_Write)
.\CortexM3\ARM_GCC_493\Debug\trobot6_cir2_2wd.a(ADC_SAR_1.o)
                              .\CortexM3\ARM_GCC_493\Debug\main.o (ADC_SAR_1_Enable)
.\CortexM3\ARM_GCC_493\Debug\trobot6_cir2_2wd.a(ADC_SAR_1_INT.o)
                              .\CortexM3\ARM_GCC_493\Debug\trobot6_cir2_2wd.a(ADC_SAR_1.o) (ADC_SAR_1_ISR)
.\CortexM3\ARM_GCC_493\Debug\trobot6_cir2_2wd.a(AMux_1.o)
                              .\CortexM3\ARM_GCC_493\Debug\main.o (AMux_1_Start)
.\CortexM3\ARM_GCC_493\Debug\trobot6_cir2_2wd.a(VDAC8_1.o)
                              .\CortexM3\ARM_GCC_493\Debug\main.o (VDAC8_1_Start)
.\CortexM3\ARM_GCC_493\Debug\trobot6_cir2_2wd.a(DieTemp_1.o)
                              .\CortexM3\ARM_GCC_493\Debug\main.o (DieTemp_1_Start)
.\CortexM3\ARM_GCC_493\Debug\trobot6_cir2_2wd.a(P_out_1.o)
                              .\CortexM3\ARM_GCC_493\Debug\main.o (P_out_1_Write)
.\CortexM3\ARM_GCC_493\Debug\trobot6_cir2_2wd.a(Timer_sub_cycle.o)
                              .\CortexM3\ARM_GCC_493\Debug\main.o (Timer_sub_cycle_Start)
.\CortexM3\ARM_GCC_493\Debug\trobot6_cir2_2wd.a(P_out_2.o)
                              .\CortexM3\ARM_GCC_493\Debug\main.o (P_out_2_Write)
.\CortexM3\ARM_GCC_493\Debug\trobot6_cir2_2wd.a(SPIM_1.o)
                              .\CortexM3\ARM_GCC_493\Debug\main.o (SPIM_1_ReadTxStatus)
.\CortexM3\ARM_GCC_493\Debug\trobot6_cir2_2wd.a(SS0_B.o)
                              .\CortexM3\ARM_GCC_493\Debug\main.o (SS0_B_Write)
.\CortexM3\ARM_GCC_493\Debug\trobot6_cir2_2wd.a(motor_en_reg.o)
                              .\CortexM3\ARM_GCC_493\Debug\main.o (motor_en_reg_Write)
.\CortexM3\ARM_GCC_493\Debug\trobot6_cir2_2wd.a(motor_contl_reg_1.o)
                              .\CortexM3\ARM_GCC_493\Debug\main.o (motor_contl_reg_1_Write)
.\CortexM3\ARM_GCC_493\Debug\trobot6_cir2_2wd.a(BMP_SW.o)
                              .\CortexM3\ARM_GCC_493\Debug\main.o (BMP_SW_Read)
.\CortexM3\ARM_GCC_493\Debug\trobot6_cir2_2wd.a(MOTOR_FAULT.o)
                              .\CortexM3\ARM_GCC_493\Debug\main.o (MOTOR_FAULT_Read)
.\CortexM3\ARM_GCC_493\Debug\trobot6_cir2_2wd.a(USBUART_1_Dp.o)
                              .\CortexM3\ARM_GCC_493\Debug\trobot6_cir2_2wd.a(USBUART_1_pm.o) (USBUART_1_Dp_ClearInterrupt)
.\CortexM3\ARM_GCC_493\Debug\trobot6_cir2_2wd.a(ADC_SAR_1_theACLK.o)
                              .\CortexM3\ARM_GCC_493\Debug\trobot6_cir2_2wd.a(ADC_SAR_1.o) (ADC_SAR_1_theACLK_SetModeRegister)
.\CortexM3\ARM_GCC_493\Debug\trobot6_cir2_2wd.a(SPIM_1_IntClock.o)
                              .\CortexM3\ARM_GCC_493\Debug\trobot6_cir2_2wd.a(SPIM_1.o) (SPIM_1_IntClock_Start)
[...]
Memory Configuration

Name             Origin             Length             Attributes
rom              0x00000000         0x00040000         xr
ram              0x1fff8000         0x00010000         xrw
*default*        0x00000000         0xffffffff

Linker script and memory map

LOAD c:/program files (x86)/cypress/psoc creator/3.3/psoc creator/import/gnu/arm/4.9.3/bin/../lib/gcc/arm-none-eabi/4.9.3/armv7-m/crti.o
LOAD c:/program files (x86)/cypress/psoc creator/3.3/psoc creator/import/gnu/arm/4.9.3/bin/../lib/gcc/arm-none-eabi/4.9.3/armv7-m/crtbegin.o
LOAD c:/program files (x86)/cypress/psoc creator/3.3/psoc creator/import/gnu/arm/4.9.3/bin/../lib/gcc/arm-none-eabi/4.9.3/../../../../arm-none-eabi/lib/armv7-m/crt0.o
START GROUP
LOAD .\CortexM3\ARM_GCC_493\Debug\main.o
LOAD .\CortexM3\ARM_GCC_493\Debug\Motor_Contl4_3.o
LOAD .\CortexM3\ARM_GCC_493\Debug\Motor_Contl4_3_data.o
LOAD .\CortexM3\ARM_GCC_493\Debug\SelfTest_CPU.o
LOAD .\CortexM3\ARM_GCC_493\Debug\SelfTest_CPU_asm.o
LOAD .\CortexM3\ARM_GCC_493\Debug\cymetadata.o
LOAD .\CortexM3\ARM_GCC_493\Debug\Cm3Start.o
LOAD .\CortexM3\ARM_GCC_493\Debug\trobot6_cir2_2wd.a
LOAD C:\Program Files (x86)\Cypress\PSoC Creator\3.3\PSoC Creator\psoc\content\cycomponentlibrary\CyComponentLibrary.cylib\CortexM3\ARM_GCC_493\Debug\CyComponentLibrary.a
END GROUP
START GROUP
LOAD c:/program files (x86)/cypress/psoc creator/3.3/psoc creator/import/gnu/arm/4.9.3/bin/../lib/gcc/arm-none-eabi/4.9.3/armv7-m\libgcc.a
LOAD c:/program files (x86)/cypress/psoc creator/3.3/psoc creator/import/gnu/arm/4.9.3/bin/../lib/gcc/arm-none-eabi/4.9.3/../../../../arm-none-eabi/lib/armv7-m\libg_nano.a
LOAD c:/program files (x86)/cypress/psoc creator/3.3/psoc creator/import/gnu/arm/4.9.3/bin/../lib/gcc/arm-none-eabi/4.9.3/../../../../arm-none-eabi/lib/armv7-m\libc_nano.a
END GROUP
START GROUP
LOAD c:/program files (x86)/cypress/psoc creator/3.3/psoc creator/import/gnu/arm/4.9.3/bin/../lib/gcc/arm-none-eabi/4.9.3/armv7-m\libgcc.a
LOAD c:/program files (x86)/cypress/psoc creator/3.3/psoc creator/import/gnu/arm/4.9.3/bin/../lib/gcc/arm-none-eabi/4.9.3/../../../../arm-none-eabi/lib/armv7-m\libc_nano.a
END GROUP
LOAD c:/program files (x86)/cypress/psoc creator/3.3/psoc creator/import/gnu/arm/4.9.3/bin/../lib/gcc/arm-none-eabi/4.9.3/armv7-m/crtend.o
LOAD c:/program files (x86)/cypress/psoc creator/3.3/psoc creator/import/gnu/arm/4.9.3/bin/../lib/gcc/arm-none-eabi/4.9.3/armv7-m/crtn.o
START GROUP
LOAD c:/program files (x86)/cypress/psoc creator/3.3/psoc creator/import/gnu/arm/4.9.3/bin/../lib/gcc/arm-none-eabi/4.9.3/armv7-m\libgcc.a
LOAD c:/program files (x86)/cypress/psoc creator/3.3/psoc creator/import/gnu/arm/4.9.3/bin/../lib/gcc/arm-none-eabi/4.9.3/../../../../arm-none-eabi/lib/armv7-m\libc.a
LOAD c:/program files (x86)/cypress/psoc creator/3.3/psoc creator/import/gnu/arm/4.9.3/bin/../lib/gcc/arm-none-eabi/4.9.3/../../../../arm-none-eabi/lib/armv7-m\libnosys.a
END GROUP
                0x00000000                CY_APPL_ORIGIN = 0x0
                0x00000100                CY_FLASH_ROW_SIZE = 0x100
                0x00000020                CY_ECC_ROW_SIZE = 0x20
                0x00000000                CY_EE_IN_BTLDR = 0x0
                0x00000000                CY_APPL_LOADABLE = 0x0
                0x00000800                CY_EE_SIZE = 0x800
                0x00000001                CY_APPL_NUM = 0x1
                0x00000001                CY_APPL_MAX = 0x1
                0x00000040                CY_METADATA_SIZE = 0x40
                0x00000000                CY_APPL_LOADABLE = 0x0
                0x00000000                CY_CHECKSUM_EXCLUDE_SIZE = ALIGN (0x0, CY_FLASH_ROW_SIZE)
                0x1fff8a00                PROVIDE (__cy_heap_start, _end)
                0x00000001                PROVIDE (__cy_region_num, ((__cy_regions_end - __cy_regions) / 0x10))
                0x20008000                PROVIDE (__cy_stack, (ORIGIN (ram) + 0x10000))
                0x20007800                PROVIDE (__cy_heap_end, (__cy_stack - 0x800))

.cybootloader   0x00000000        0x0
 *(.cybootloader)
                0x00000000                appl1_start = CY_APPL_ORIGIN?CY_APPL_ORIGIN:ALIGN (CY_FLASH_ROW_SIZE)
                0x0001ff00                appl2_start = (appl1_start + ALIGN ((((0x40000 - appl1_start) - (0x2 * CY_FLASH_ROW_SIZE)) / 0x2), CY_FLASH_ROW_SIZE))
                0x00000000                appl_start = (CY_APPL_NUM == 0x1)?appl1_start:appl2_start
                0x00000000                ecc_offset = ((appl_start / CY_FLASH_ROW_SIZE) * CY_ECC_ROW_SIZE)
                0x00000000                ee_offset = (CY_APPL_LOADABLE && ! (CY_EE_IN_BTLDR))?((CY_EE_SIZE / CY_APPL_MAX) * (CY_APPL_NUM - 0x1)):0x0
                0x00000800                ee_size = (CY_APPL_LOADABLE && ! (CY_EE_IN_BTLDR))?(CY_EE_SIZE / CY_APPL_MAX):CY_EE_SIZE
                0x00000000                PROVIDE (CY_ECC_OFFSET, ecc_offset)

.text           0x00000000     0x6de2
 CREATE_OBJECT_SYMBOLS
                0x00000000                PROVIDE (__cy_interrupt_vector, RomVectors)
 *(.romvectors)
 .romvectors    0x00000000       0x10 .\CortexM3\ARM_GCC_493\Debug\Cm3Start.o
                0x00000000                RomVectors
                0x00000001                ASSERT ((. != __cy_interrupt_vector), No interrupt vector)
                0x00000001                ASSERT (CY_APPL_ORIGIN?(SIZEOF (.cybootloader) <= CY_APPL_ORIGIN):0x1, Wrong image location)
                0x00000010                PROVIDE (__cy_reset, Reset)
 *(.text.Reset)
 .text.Reset    0x00000010       0x18 .\CortexM3\ARM_GCC_493\Debug\Cm3Start.o
                0x00000010                Reset
                0x00000001                ASSERT ((. != __cy_reset), No reset code)
 *(.dma_init)
                0x00000001                ASSERT ((((appl_start + .) <= 0x10000) || 0x1), DMA Init must be within the first 64k of flash)
 *(.text .text.* .gnu.linkonce.t.*)
 .text          0x00000028       0x5c c:/program files (x86)/cypress/psoc creator/3.3/psoc creator/import/gnu/arm/4.9.3/bin/../lib/gcc/arm-none-eabi/4.9.3/armv7-m/crtbegin.o
 .text.Chk_Bumper
                0x00000084      0x124 .\CortexM3\ARM_GCC_493\Debug\main.o
                0x00000084                Chk_Bumper
 .text.rt_OneStep
                0x000001a8       0x30 .\CortexM3\ARM_GCC_493\Debug\main.o
                0x000001a8                rt_OneStep
 .text.pout     0x000001d8       0x20 .\CortexM3\ARM_GCC_493\Debug\main.o
                0x000001d8                pout
 .text.Sub_Enc  0x000001f8      0x16c .\CortexM3\ARM_GCC_493\Debug\main.o
                0x000001f8                Sub_Enc
 .text.McpuOP   0x00000364      0x1b4 .\CortexM3\ARM_GCC_493\Debug\main.o
                0x00000364                McpuOP
 .text.Sub_Calc1
                0x00000518      0x464 .\CortexM3\ARM_GCC_493\Debug\main.o
                0x00000518                Sub_Calc1
 .text.Set_PWM  0x0000097c      0x170 .\CortexM3\ARM_GCC_493\Debug\main.o
                0x0000097c                Set_PWM
 .text.McpuOP2  0x00000aec       0xc8 .\CortexM3\ARM_GCC_493\Debug\main.o
                0x00000aec                McpuOP2
 .text.main2pc  0x00000bb4      0x1b4 .\CortexM3\ARM_GCC_493\Debug\main.o
                0x00000bb4                main2pc
 .text.WheelStop
                0x00000d68      0x100 .\CortexM3\ARM_GCC_493\Debug\main.o
                0x00000d68                WheelStop
 .text.spi_drv_init
                0x00000e68      0x22c .\CortexM3\ARM_GCC_493\Debug\main.o
                0x00000e68                spi_drv_init
 .text.spi_drv_read
                0x00001094      0x1b0 .\CortexM3\ARM_GCC_493\Debug\main.o
                0x00001094                spi_drv_read
 .text.spi_drv_set
                0x00001244      0x1b8 .\CortexM3\ARM_GCC_493\Debug\main.o
                0x00001244                spi_drv_set
 *fill*         0x000013fc        0x4 
 .text.pc2main  0x00001400      0x888 .\CortexM3\ARM_GCC_493\Debug\main.o
                0x00001400                pc2main
 .text.InterruptHandler
                0x00001c88      0x114 .\CortexM3\ARM_GCC_493\Debug\main.o
                0x00001c88                InterruptHandler
 *fill*         0x00001d9c        0x4 
 .text.variable_initialize
                0x00001da0      0x250 .\CortexM3\ARM_GCC_493\Debug\main.o
                0x00001da0                variable_initialize
 .text.start_get_die_temp
                0x00001ff0       0x2c .\CortexM3\ARM_GCC_493\Debug\main.o
                0x00001ff0                start_get_die_temp
 .text.get_die_temp
                0x0000201c       0x8c .\CortexM3\ARM_GCC_493\Debug\main.o
                0x0000201c                get_die_temp
 .text.get_adc_value
                0x000020a8       0x48 .\CortexM3\ARM_GCC_493\Debug\main.o
                0x000020a8                get_adc_value
 .text.spi_read_bytes
                0x000020f0       0x90 .\CortexM3\ARM_GCC_493\Debug\main.o
                0x000020f0                spi_read_bytes
 .text.diag_sense
                0x00002180      0x65c .\CortexM3\ARM_GCC_493\Debug\main.o
                0x00002180                diag_sense
 .text.spi2_clr_buff
                0x000027dc       0x4c .\CortexM3\ARM_GCC_493\Debug\main.o
                0x000027dc                spi2_clr_buff
 .text.spi_write_byte
                0x00002828       0x44 .\CortexM3\ARM_GCC_493\Debug\main.o
                0x00002828                spi_write_byte
 .text.ini_spi2
                0x0000286c       0xac .\CortexM3\ARM_GCC_493\Debug\main.o
                0x0000286c                ini_spi2
 .text.subp_init
                0x00002918      0x188 .\CortexM3\ARM_GCC_493\Debug\main.o
                0x00002918                subp_init
 .text.main_init
                0x00002aa0      0x2a0 .\CortexM3\ARM_GCC_493\Debug\main.o
                0x00002aa0                main_init
 .text.main     0x00002d40       0xdc .\CortexM3\ARM_GCC_493\Debug\main.o
                0x00002d40                main
 .text.Motor_Contl4_3_derivatives
                0x00002e1c      0x16c .\CortexM3\ARM_GCC_493\Debug\Motor_Contl4_3.o
                0x00002e1c                Motor_Contl4_3_derivatives
 .text.rt_ertODEUpdateContinuousStates
                0x00002f88      0x274 .\CortexM3\ARM_GCC_493\Debug\Motor_Contl4_3.o
 .text.Motor_Contl4_3_step
                0x000031fc      0x2e0 .\CortexM3\ARM_GCC_493\Debug\Motor_Contl4_3.o
                0x000031fc                Motor_Contl4_3_step
 .text.Motor_Contl4_3_initialize
                0x000034dc      0x11c .\CortexM3\ARM_GCC_493\Debug\Motor_Contl4_3.o
                0x000034dc                Motor_Contl4_3_initialize
 .text.SelfTest_CPU_Registers
                0x000035f8        0x8 .\CortexM3\ARM_GCC_493\Debug\SelfTest_CPU.o
                0x000035f8                SelfTest_CPU_Registers
 .text.CPU_PSoC_Asm
                0x00003600      0x164 .\CortexM3\ARM_GCC_493\Debug\SelfTest_CPU_asm.o
                0x00003600                CPU_PSoC_Asm
 .text.IntDefaultHandler
                0x00003764        0x4 .\CortexM3\ARM_GCC_493\Debug\Cm3Start.o
                0x00003764                IntDefaultHandler
 .text.Start_c  0x00003768       0x4c .\CortexM3\ARM_GCC_493\Debug\Cm3Start.o
                0x00003768                Start_c
 .text.initialize_psoc
                0x000037b4       0x74 .\CortexM3\ARM_GCC_493\Debug\Cm3Start.o
                0x000037b4                initialize_psoc
 .text.CyClockStartupError
                0x00003828        0x4 .\CortexM3\ARM_GCC_493\Debug\trobot6_cir2_2wd.a(cyfitter_cfg.o)
 .text.cfg_write_bytes32
                0x0000382c       0x34 .\CortexM3\ARM_GCC_493\Debug\trobot6_cir2_2wd.a(cyfitter_cfg.o)
 .text.CYMEMZERO
                0x00003860        0xc .\CortexM3\ARM_GCC_493\Debug\trobot6_cir2_2wd.a(cyfitter_cfg.o)
 .text.ClockSetup
                0x0000386c      0x158 .\CortexM3\ARM_GCC_493\Debug\trobot6_cir2_2wd.a(cyfitter_cfg.o)
 .text.AnalogSetDefault
                0x000039c4       0x78 .\CortexM3\ARM_GCC_493\Debug\trobot6_cir2_2wd.a(cyfitter_cfg.o)
 .text.CYCONFIGCPY
                0x00003a3c        0x8 .\CortexM3\ARM_GCC_493\Debug\trobot6_cir2_2wd.a(cyfitter_cfg.o)
 .text.AMux_1_Set
                0x00003a44       0x3c .\CortexM3\ARM_GCC_493\Debug\trobot6_cir2_2wd.a(cyfitter_cfg.o)
                0x00003a44                AMux_1_Set
 .text.AMux_1_Unset
                0x00003a80       0x40 .\CortexM3\ARM_GCC_493\Debug\trobot6_cir2_2wd.a(cyfitter_cfg.o)
                0x00003a80                AMux_1_Unset
 .text.cyfitter_cfg
                0x00003ac0      0x17c .\CortexM3\ARM_GCC_493\Debug\trobot6_cir2_2wd.a(cyfitter_cfg.o)
                0x00003ac0                cyfitter_cfg
 .text.motor_contl_reg_0_Write
                0x00003c3c        0xc .\CortexM3\ARM_GCC_493\Debug\trobot6_cir2_2wd.a(motor_contl_reg_0.o)
                0x00003c3c                motor_contl_reg_0_Write
 .text.USBUART_1_Init
                0x00003c48      0x140 .\CortexM3\ARM_GCC_493\Debug\trobot6_cir2_2wd.a(USBUART_1.o)
                0x00003c48                USBUART_1_Init
 .text.USBUART_1_InitComponent
                0x00003d88       0xb8 .\CortexM3\ARM_GCC_493\Debug\trobot6_cir2_2wd.a(USBUART_1.o)
                0x00003d88                USBUART_1_InitComponent
 .text.USBUART_1_Start
                0x00003e40       0x24 .\CortexM3\ARM_GCC_493\Debug\trobot6_cir2_2wd.a(USBUART_1.o)
                0x00003e40                USBUART_1_Start
 .text.USBUART_1_ReInitComponent
                0x00003e64       0x4c .\CortexM3\ARM_GCC_493\Debug\trobot6_cir2_2wd.a(USBUART_1.o)
                0x00003e64                USBUART_1_ReInitComponent
 .text.USBUART_1_GetConfiguration
                0x00003eb0        0xc .\CortexM3\ARM_GCC_493\Debug\trobot6_cir2_2wd.a(USBUART_1.o)
                0x00003eb0                USBUART_1_GetConfiguration
 .text.USBUART_1_GetEPState
                0x00003ebc       0x14 .\CortexM3\ARM_GCC_493\Debug\trobot6_cir2_2wd.a(USBUART_1.o)
                0x00003ebc                USBUART_1_GetEPState
 .text.USBUART_1_GetEPCount
                0x00003ed0       0x28 .\CortexM3\ARM_GCC_493\Debug\trobot6_cir2_2wd.a(USBUART_1.o)
                0x00003ed0                USBUART_1_GetEPCount
 .text.USBUART_1_LoadInEP
                0x00003ef8       0x94 .\CortexM3\ARM_GCC_493\Debug\trobot6_cir2_2wd.a(USBUART_1.o)
                0x00003ef8                USBUART_1_LoadInEP
 .text.USBUART_1_EnableOutEP
                0x00003f8c       0x2c .\CortexM3\ARM_GCC_493\Debug\trobot6_cir2_2wd.a(USBUART_1.o)
                0x00003f8c                USBUART_1_EnableOutEP
 .text.USBUART_1_ReadOutEP
                0x00003fb8       0x50 .\CortexM3\ARM_GCC_493\Debug\trobot6_cir2_2wd.a(USBUART_1.o)
                0x00003fb8                USBUART_1_ReadOutEP
 .text.USBUART_1_GetInterfaceComPort
                0x00004008       0x3c .\CortexM3\ARM_GCC_493\Debug\trobot6_cir2_2wd.a(USBUART_1_cdc.o)
                0x00004008                USBUART_1_GetInterfaceComPort
 .text.USBUART_1_DispatchCDCClassRqst
                0x00004044       0x98 .\CortexM3\ARM_GCC_493\Debug\trobot6_cir2_2wd.a(USBUART_1_cdc.o)
                0x00004044                USBUART_1_DispatchCDCClassRqst
 .text.USBUART_1_CDC_Init
                0x000040dc       0x98 .\CortexM3\ARM_GCC_493\Debug\trobot6_cir2_2wd.a(USBUART_1_cdc.o)
                0x000040dc                USBUART_1_CDC_Init
 .text.USBUART_1_PutData
                0x00004174       0x4c .\CortexM3\ARM_GCC_493\Debug\trobot6_cir2_2wd.a(USBUART_1_cdc.o)
                0x00004174                USBUART_1_PutData
 .text.USBUART_1_DataIsReady
                0x000041c0       0x18 .\CortexM3\ARM_GCC_493\Debug\trobot6_cir2_2wd.a(USBUART_1_cdc.o)
                0x000041c0                USBUART_1_DataIsReady
 .text.USBUART_1_CDCIsReady
                0x000041d8       0x18 .\CortexM3\ARM_GCC_493\Debug\trobot6_cir2_2wd.a(USBUART_1_cdc.o)
                0x000041d8                USBUART_1_CDCIsReady
 .text.USBUART_1_GetAll
                0x000041f0       0x30 .\CortexM3\ARM_GCC_493\Debug\trobot6_cir2_2wd.a(USBUART_1_cdc.o)
                0x000041f0                USBUART_1_GetAll
 .text.USBUART_1_Cdc_EpInit
                0x00004220       0x50 .\CortexM3\ARM_GCC_493\Debug\trobot6_cir2_2wd.a(USBUART_1_cdc.o)
                0x00004220                USBUART_1_Cdc_EpInit
 .text.USBUART_1_LoadEP0
                0x00004270       0x94 .\CortexM3\ARM_GCC_493\Debug\trobot6_cir2_2wd.a(USBUART_1_drv.o)
                0x00004270                USBUART_1_LoadEP0
 .text.USBUART_1_InitZeroLengthControlTransfer
                0x00004304       0x34 .\CortexM3\ARM_GCC_493\Debug\trobot6_cir2_2wd.a(USBUART_1_drv.o)
                0x00004304                USBUART_1_InitZeroLengthControlTransfer
 .text.USBUART_1_ControlReadDataStage
                0x00004338        0x8 .\CortexM3\ARM_GCC_493\Debug\trobot6_cir2_2wd.a(USBUART_1_drv.o)
                0x00004338                USBUART_1_ControlReadDataStage
 .text.USBUART_1_ControlWriteDataStage
                0x00004340       0x80 .\CortexM3\ARM_GCC_493\Debug\trobot6_cir2_2wd.a(USBUART_1_drv.o)
                0x00004340                USBUART_1_ControlWriteDataStage
 .text.USBUART_1_InitNoDataControlTransfer
                0x000043c0       0x2c .\CortexM3\ARM_GCC_493\Debug\trobot6_cir2_2wd.a(USBUART_1_drv.o)
                0x000043c0                USBUART_1_InitNoDataControlTransfer
 .text.USBUART_1_UpdateStatusBlock
                0x000043ec       0x24 .\CortexM3\ARM_GCC_493\Debug\trobot6_cir2_2wd.a(USBUART_1_drv.o)
                0x000043ec                USBUART_1_UpdateStatusBlock
 .text.USBUART_1_HandleSetup
                0x00004410       0x5c .\CortexM3\ARM_GCC_493\Debug\trobot6_cir2_2wd.a(USBUART_1_drv.o)
                0x00004410                USBUART_1_HandleSetup
 .text.USBUART_1_ControlReadStatusStage
                0x0000446c       0x34 .\CortexM3\ARM_GCC_493\Debug\trobot6_cir2_2wd.a(USBUART_1_drv.o)
                0x0000446c                USBUART_1_ControlReadStatusStage
 .text.USBUART_1_HandleOUT
                0x000044a0       0x38 .\CortexM3\ARM_GCC_493\Debug\trobot6_cir2_2wd.a(USBUART_1_drv.o)
                0x000044a0                USBUART_1_HandleOUT
 .text.USBUART_1_ControlWriteStatusStage
                0x000044d8       0x20 .\CortexM3\ARM_GCC_493\Debug\trobot6_cir2_2wd.a(USBUART_1_drv.o)
                0x000044d8                USBUART_1_ControlWriteStatusStage
 .text.USBUART_1_NoDataControlStatusStage
                0x000044f8       0x40 .\CortexM3\ARM_GCC_493\Debug\trobot6_cir2_2wd.a(USBUART_1_drv.o)
                0x000044f8                USBUART_1_NoDataControlStatusStage
 .text.USBUART_1_HandleIN
                0x00004538       0x2c .\CortexM3\ARM_GCC_493\Debug\trobot6_cir2_2wd.a(USBUART_1_drv.o)
                0x00004538                USBUART_1_HandleIN
 .text.USBUART_1_EP_0_ISR
                0x00004564       0xb8 .\CortexM3\ARM_GCC_493\Debug\trobot6_cir2_2wd.a(USBUART_1_drv.o)
                0x00004564                USBUART_1_EP_0_ISR
 .text.USBUART_1_InitializeStatusBlock
                0x0000461c       0x24 .\CortexM3\ARM_GCC_493\Debug\trobot6_cir2_2wd.a(USBUART_1_drv.o)
                0x0000461c                USBUART_1_InitializeStatusBlock
 .text.USBUART_1_InitControlRead
                0x00004640       0x50 .\CortexM3\ARM_GCC_493\Debug\trobot6_cir2_2wd.a(USBUART_1_drv.o)
                0x00004640                USBUART_1_InitControlRead
 .text.USBUART_1_InitControlWrite
                0x00004690       0x48 .\CortexM3\ARM_GCC_493\Debug\trobot6_cir2_2wd.a(USBUART_1_drv.o)
                0x00004690                USBUART_1_InitControlWrite
 .text.USBUART_1_EP_1_ISR
                0x000046d8       0x38 .\CortexM3\ARM_GCC_493\Debug\trobot6_cir2_2wd.a(USBUART_1_episr.o)
                0x000046d8                USBUART_1_EP_1_ISR
 .text.USBUART_1_EP_2_ISR
                0x00004710       0x3c .\CortexM3\ARM_GCC_493\Debug\trobot6_cir2_2wd.a(USBUART_1_episr.o)
                0x00004710                USBUART_1_EP_2_ISR
 .text.USBUART_1_EP_3_ISR
                0x0000474c       0x44 .\CortexM3\ARM_GCC_493\Debug\trobot6_cir2_2wd.a(USBUART_1_episr.o)
                0x0000474c                USBUART_1_EP_3_ISR
 .text.USBUART_1_SOF_ISR
                0x00004790        0x4 .\CortexM3\ARM_GCC_493\Debug\trobot6_cir2_2wd.a(USBUART_1_episr.o)
                0x00004790                USBUART_1_SOF_ISR
 .text.USBUART_1_BUS_RESET_ISR
                0x00004794        0x8 .\CortexM3\ARM_GCC_493\Debug\trobot6_cir2_2wd.a(USBUART_1_episr.o)
                0x00004794                USBUART_1_BUS_RESET_ISR
 .text.USBUART_1_DP_ISR
                0x0000479c        0x8 .\CortexM3\ARM_GCC_493\Debug\trobot6_cir2_2wd.a(USBUART_1_pm.o)
                0x0000479c                USBUART_1_DP_ISR
 .text.USBUART_1_ReadDieID
                0x000047a4       0x6c .\CortexM3\ARM_GCC_493\Debug\trobot6_cir2_2wd.a(USBUART_1_std.o)
                0x000047a4                USBUART_1_ReadDieID
 .text.USBUART_1_ConfigReg
                0x00004810       0xa4 .\CortexM3\ARM_GCC_493\Debug\trobot6_cir2_2wd.a(USBUART_1_std.o)
                0x00004810                USBUART_1_ConfigReg
 .text.USBUART_1_GetConfigTablePtr
                0x000048b4       0x28 .\CortexM3\ARM_GCC_493\Debug\trobot6_cir2_2wd.a(USBUART_1_std.o)
                0x000048b4                USBUART_1_GetConfigTablePtr
 .text.USBUART_1_ConfigAltChanged
                0x000048dc      0x11c .\CortexM3\ARM_GCC_493\Debug\trobot6_cir2_2wd.a(USBUART_1_std.o)
                0x000048dc                USBUART_1_ConfigAltChanged
 .text.USBUART_1_GetDeviceTablePtr
                0x000049f8       0x18 .\CortexM3\ARM_GCC_493\Debug\trobot6_cir2_2wd.a(USBUART_1_std.o)
                0x000049f8                USBUART_1_GetDeviceTablePtr
 .text.USBUART_1_GetInterfaceClassTablePtr
                0x00004a10       0x24 .\CortexM3\ARM_GCC_493\Debug\trobot6_cir2_2wd.a(USBUART_1_std.o)
                0x00004a10                USBUART_1_GetInterfaceClassTablePtr
 .text.USBUART_1_Config
                0x00004a34      0x1e4 .\CortexM3\ARM_GCC_493\Debug\trobot6_cir2_2wd.a(USBUART_1_std.o)
                0x00004a34                USBUART_1_Config
 .text.USBUART_1_SetEndpointHalt
                0x00004c18       0x64 .\CortexM3\ARM_GCC_493\Debug\trobot6_cir2_2wd.a(USBUART_1_std.o)
                0x00004c18                USBUART_1_SetEndpointHalt
 .text.USBUART_1_ClearEndpointHalt
                0x00004c7c       0xa8 .\CortexM3\ARM_GCC_493\Debug\trobot6_cir2_2wd.a(USBUART_1_std.o)
                0x00004c7c                USBUART_1_ClearEndpointHalt
 .text.USBUART_1_ValidateAlternateSetting
                0x00004d24       0x4c .\CortexM3\ARM_GCC_493\Debug\trobot6_cir2_2wd.a(USBUART_1_std.o)
                0x00004d24                USBUART_1_ValidateAlternateSetting
 .text.USBUART_1_HandleStandardRqst
                0x00004d70      0x35c .\CortexM3\ARM_GCC_493\Debug\trobot6_cir2_2wd.a(USBUART_1_std.o)
                0x00004d70                USBUART_1_HandleStandardRqst
 .text.USBUART_1_HandleVendorRqst
                0x000050cc       0x3c .\CortexM3\ARM_GCC_493\Debug\trobot6_cir2_2wd.a(USBUART_1_vnd.o)
                0x000050cc                USBUART_1_HandleVendorRqst
 .text.sub_cycle_int_SetVector
                0x00005108       0x10 .\CortexM3\ARM_GCC_493\Debug\trobot6_cir2_2wd.a(sub_cycle_int.o)
                0x00005108                sub_cycle_int_SetVector
 .text.sub_cycle_int_SetPriority
                0x00005118       0x10 .\CortexM3\ARM_GCC_493\Debug\trobot6_cir2_2wd.a(sub_cycle_int.o)
                0x00005118                sub_cycle_int_SetPriority
 .text.sub_cycle_int_Enable
                0x00005128       0x10 .\CortexM3\ARM_GCC_493\Debug\trobot6_cir2_2wd.a(sub_cycle_int.o)
                0x00005128                sub_cycle_int_Enable
 .text.sub_cycle_int_Disable
                0x00005138       0x10 .\CortexM3\ARM_GCC_493\Debug\trobot6_cir2_2wd.a(sub_cycle_int.o)
                0x00005138                sub_cycle_int_Disable
 .text.sub_cycle_int_StartEx
                0x00005148       0x1c .\CortexM3\ARM_GCC_493\Debug\trobot6_cir2_2wd.a(sub_cycle_int.o)
                0x00005148                sub_cycle_int_StartEx
 .text.P_out_Write
                0x00005164       0x18 .\CortexM3\ARM_GCC_493\Debug\trobot6_cir2_2wd.a(P_out.o)
                0x00005164                P_out_Write
 .text.P_out_Read
                0x0000517c        0xc .\CortexM3\ARM_GCC_493\Debug\trobot6_cir2_2wd.a(P_out.o)
                0x0000517c                P_out_Read
 .text.Timer_PWM_Enable
                0x00005188       0x10 .\CortexM3\ARM_GCC_493\Debug\trobot6_cir2_2wd.a(Timer_PWM.o)
                0x00005188                Timer_PWM_Enable
 .text.Timer_PWM_SetInterruptMode
                0x00005198        0xc .\CortexM3\ARM_GCC_493\Debug\trobot6_cir2_2wd.a(Timer_PWM.o)
                0x00005198                Timer_PWM_SetInterruptMode
 .text.Timer_PWM_ReadStatusRegister
                0x000051a4        0xc .\CortexM3\ARM_GCC_493\Debug\trobot6_cir2_2wd.a(Timer_PWM.o)
                0x000051a4                Timer_PWM_ReadStatusRegister
 .text.Timer_PWM_WritePeriod
                0x000051b0        0xc .\CortexM3\ARM_GCC_493\Debug\trobot6_cir2_2wd.a(Timer_PWM.o)
                0x000051b0                Timer_PWM_WritePeriod
 .text.Timer_PWM_ReadCapture
                0x000051bc        0xc .\CortexM3\ARM_GCC_493\Debug\trobot6_cir2_2wd.a(Timer_PWM.o)
                0x000051bc                Timer_PWM_ReadCapture
 .text.Timer_PWM_WriteCounter
                0x000051c8        0xc .\CortexM3\ARM_GCC_493\Debug\trobot6_cir2_2wd.a(Timer_PWM.o)
                0x000051c8                Timer_PWM_WriteCounter
 .text.Timer_PWM_ClearFIFO
                0x000051d4       0x14 .\CortexM3\ARM_GCC_493\Debug\trobot6_cir2_2wd.a(Timer_PWM.o)
                0x000051d4                Timer_PWM_ClearFIFO
 .text.Timer_PWM_Init
                0x000051e8       0x30 .\CortexM3\ARM_GCC_493\Debug\trobot6_cir2_2wd.a(Timer_PWM.o)
                0x000051e8                Timer_PWM_Init
 .text.Timer_PWM_Start
                0x00005218       0x1c .\CortexM3\ARM_GCC_493\Debug\trobot6_cir2_2wd.a(Timer_PWM.o)
                0x00005218                Timer_PWM_Start
 .text.Timer_cycle_Enable
                0x00005234       0x10 .\CortexM3\ARM_GCC_493\Debug\trobot6_cir2_2wd.a(Timer_cycle.o)
                0x00005234                Timer_cycle_Enable
 .text.Timer_cycle_SetInterruptMode
                0x00005244        0xc .\CortexM3\ARM_GCC_493\Debug\trobot6_cir2_2wd.a(Timer_cycle.o)
                0x00005244                Timer_cycle_SetInterruptMode
 .text.Timer_cycle_ReadStatusRegister
                0x00005250        0xc .\CortexM3\ARM_GCC_493\Debug\trobot6_cir2_2wd.a(Timer_cycle.o)
                0x00005250                Timer_cycle_ReadStatusRegister
 .text.Timer_cycle_WritePeriod
                0x0000525c        0xc .\CortexM3\ARM_GCC_493\Debug\trobot6_cir2_2wd.a(Timer_cycle.o)
                0x0000525c                Timer_cycle_WritePeriod
 .text.Timer_cycle_ReadCapture
                0x00005268        0xc .\CortexM3\ARM_GCC_493\Debug\trobot6_cir2_2wd.a(Timer_cycle.o)
                0x00005268                Timer_cycle_ReadCapture
 .text.Timer_cycle_WriteCounter
                0x00005274        0xc .\CortexM3\ARM_GCC_493\Debug\trobot6_cir2_2wd.a(Timer_cycle.o)
                0x00005274                Timer_cycle_WriteCounter
 .text.Timer_cycle_ClearFIFO
                0x00005280       0x14 .\CortexM3\ARM_GCC_493\Debug\trobot6_cir2_2wd.a(Timer_cycle.o)
                0x00005280                Timer_cycle_ClearFIFO
 .text.Timer_cycle_Init
                0x00005294       0x30 .\CortexM3\ARM_GCC_493\Debug\trobot6_cir2_2wd.a(Timer_cycle.o)
                0x00005294                Timer_cycle_Init
 .text.Timer_cycle_Start
                0x000052c4       0x1c .\CortexM3\ARM_GCC_493\Debug\trobot6_cir2_2wd.a(Timer_cycle.o)
                0x000052c4                Timer_cycle_Start
 .text.FirstLine_Write
                0x000052e0       0x18 .\CortexM3\ARM_GCC_493\Debug\trobot6_cir2_2wd.a(FirstLine.o)
                0x000052e0                FirstLine_Write
 .text.ADC_SAR_1_CalcGain
                0x000052f8       0x64 .\CortexM3\ARM_GCC_493\Debug\trobot6_cir2_2wd.a(ADC_SAR_1.o)
 .text.ADC_SAR_1_Enable
                0x0000535c       0x94 .\CortexM3\ARM_GCC_493\Debug\trobot6_cir2_2wd.a(ADC_SAR_1.o)
                0x0000535c                ADC_SAR_1_Enable
 .text.ADC_SAR_1_SetResolution
                0x000053f0       0x38 .\CortexM3\ARM_GCC_493\Debug\trobot6_cir2_2wd.a(ADC_SAR_1.o)
                0x000053f0                ADC_SAR_1_SetResolution
 .text.ADC_SAR_1_Init
                0x00005428       0x3c .\CortexM3\ARM_GCC_493\Debug\trobot6_cir2_2wd.a(ADC_SAR_1.o)
                0x00005428                ADC_SAR_1_Init
 .text.ADC_SAR_1_Start
                0x00005464       0x1c .\CortexM3\ARM_GCC_493\Debug\trobot6_cir2_2wd.a(ADC_SAR_1.o)
                0x00005464                ADC_SAR_1_Start
 .text.ADC_SAR_1_StartConvert
                0x00005480       0x18 .\CortexM3\ARM_GCC_493\Debug\trobot6_cir2_2wd.a(ADC_SAR_1.o)
                0x00005480                ADC_SAR_1_StartConvert
 .text.ADC_SAR_1_IsEndConversion
                0x00005498       0x24 .\CortexM3\ARM_GCC_493\Debug\trobot6_cir2_2wd.a(ADC_SAR_1.o)
                0x00005498                ADC_SAR_1_IsEndConversion
 .text.ADC_SAR_1_GetResult16
                0x000054bc       0x18 .\CortexM3\ARM_GCC_493\Debug\trobot6_cir2_2wd.a(ADC_SAR_1.o)
                0x000054bc                ADC_SAR_1_GetResult16
 .text.ADC_SAR_1_ISR
                0x000054d4        0x4 .\CortexM3\ARM_GCC_493\Debug\trobot6_cir2_2wd.a(ADC_SAR_1_INT.o)
                0x000054d4                ADC_SAR_1_ISR
 .text.AMux_1_Start
                0x000054d8       0x20 .\CortexM3\ARM_GCC_493\Debug\trobot6_cir2_2wd.a(AMux_1.o)
                0x000054d8                AMux_1_Start
 .text.AMux_1_FastSelect
                0x000054f8       0x20 .\CortexM3\ARM_GCC_493\Debug\trobot6_cir2_2wd.a(AMux_1.o)
                0x000054f8                AMux_1_FastSelect
 .text.VDAC8_1_Enable
                0x00005518       0x1c .\CortexM3\ARM_GCC_493\Debug\trobot6_cir2_2wd.a(VDAC8_1.o)
                0x00005518                VDAC8_1_Enable
 .text.VDAC8_1_SetSpeed
                0x00005534       0x1c .\CortexM3\ARM_GCC_493\Debug\trobot6_cir2_2wd.a(VDAC8_1.o)
                0x00005534                VDAC8_1_SetSpeed
 .text.VDAC8_1_SetValue
                0x00005550        0xc .\CortexM3\ARM_GCC_493\Debug\trobot6_cir2_2wd.a(VDAC8_1.o)
                0x00005550                VDAC8_1_SetValue
 .text.VDAC8_1_DacTrim
                0x0000555c       0x24 .\CortexM3\ARM_GCC_493\Debug\trobot6_cir2_2wd.a(VDAC8_1.o)
                0x0000555c                VDAC8_1_DacTrim
 .text.VDAC8_1_SetRange
                0x00005580       0x20 .\CortexM3\ARM_GCC_493\Debug\trobot6_cir2_2wd.a(VDAC8_1.o)
                0x00005580                VDAC8_1_SetRange
 .text.VDAC8_1_Init
                0x000055a0       0x20 .\CortexM3\ARM_GCC_493\Debug\trobot6_cir2_2wd.a(VDAC8_1.o)
                0x000055a0                VDAC8_1_Init
 .text.VDAC8_1_Start
                0x000055c0       0x24 .\CortexM3\ARM_GCC_493\Debug\trobot6_cir2_2wd.a(VDAC8_1.o)
                0x000055c0                VDAC8_1_Start
 .text.DieTemp_1_Start
                0x000055e4       0x2c .\CortexM3\ARM_GCC_493\Debug\trobot6_cir2_2wd.a(DieTemp_1.o)
                0x000055e4                DieTemp_1_Start
 .text.DieTemp_1_Query
                0x00005610       0x60 .\CortexM3\ARM_GCC_493\Debug\trobot6_cir2_2wd.a(DieTemp_1.o)
                0x00005610                DieTemp_1_Query
 .text.P_out_1_Write
                0x00005670       0x18 .\CortexM3\ARM_GCC_493\Debug\trobot6_cir2_2wd.a(P_out_1.o)
                0x00005670                P_out_1_Write
 .text.P_out_1_Read
                0x00005688       0x10 .\CortexM3\ARM_GCC_493\Debug\trobot6_cir2_2wd.a(P_out_1.o)
                0x00005688                P_out_1_Read
 .text.Timer_sub_cycle_Enable
                0x00005698       0x28 .\CortexM3\ARM_GCC_493\Debug\trobot6_cir2_2wd.a(Timer_sub_cycle.o)
                0x00005698                Timer_sub_cycle_Enable
 .text.Timer_sub_cycle_SetInterruptMode
                0x000056c0        0xc .\CortexM3\ARM_GCC_493\Debug\trobot6_cir2_2wd.a(Timer_sub_cycle.o)
                0x000056c0                Timer_sub_cycle_SetInterruptMode
 .text.Timer_sub_cycle_WritePeriod
                0x000056cc        0xc .\CortexM3\ARM_GCC_493\Debug\trobot6_cir2_2wd.a(Timer_sub_cycle.o)
                0x000056cc                Timer_sub_cycle_WritePeriod
 .text.Timer_sub_cycle_WriteCounter
                0x000056d8        0xc .\CortexM3\ARM_GCC_493\Debug\trobot6_cir2_2wd.a(Timer_sub_cycle.o)
                0x000056d8                Timer_sub_cycle_WriteCounter
 .text.Timer_sub_cycle_Init
                0x000056e4       0x8c .\CortexM3\ARM_GCC_493\Debug\trobot6_cir2_2wd.a(Timer_sub_cycle.o)
                0x000056e4                Timer_sub_cycle_Init
 .text.Timer_sub_cycle_Start
                0x00005770       0x1c .\CortexM3\ARM_GCC_493\Debug\trobot6_cir2_2wd.a(Timer_sub_cycle.o)
                0x00005770                Timer_sub_cycle_Start
 .text.P_out_2_Write
                0x0000578c       0x18 .\CortexM3\ARM_GCC_493\Debug\trobot6_cir2_2wd.a(P_out_2.o)
                0x0000578c                P_out_2_Write
 .text.P_out_2_Read
                0x000057a4        0xc .\CortexM3\ARM_GCC_493\Debug\trobot6_cir2_2wd.a(P_out_2.o)
                0x000057a4                P_out_2_Read
 .text.SPIM_1_Enable
                0x000057b0       0x34 .\CortexM3\ARM_GCC_493\Debug\trobot6_cir2_2wd.a(SPIM_1.o)
                0x000057b0                SPIM_1_Enable
 .text.SPIM_1_ReadTxStatus
                0x000057e4        0xc .\CortexM3\ARM_GCC_493\Debug\trobot6_cir2_2wd.a(SPIM_1.o)
                0x000057e4                SPIM_1_ReadTxStatus
 .text.SPIM_1_ReadRxStatus
                0x000057f0        0xc .\CortexM3\ARM_GCC_493\Debug\trobot6_cir2_2wd.a(SPIM_1.o)
                0x000057f0                SPIM_1_ReadRxStatus
 .text.SPIM_1_WriteTxData
                0x000057fc       0x18 .\CortexM3\ARM_GCC_493\Debug\trobot6_cir2_2wd.a(SPIM_1.o)
                0x000057fc                SPIM_1_WriteTxData
 .text.SPIM_1_ReadRxData
                0x00005814        0xc .\CortexM3\ARM_GCC_493\Debug\trobot6_cir2_2wd.a(SPIM_1.o)
                0x00005814                SPIM_1_ReadRxData
 .text.SPIM_1_GetRxBufferSize
                0x00005820       0x18 .\CortexM3\ARM_GCC_493\Debug\trobot6_cir2_2wd.a(SPIM_1.o)
                0x00005820                SPIM_1_GetRxBufferSize
 .text.SPIM_1_ClearRxBuffer
                0x00005838       0x1c .\CortexM3\ARM_GCC_493\Debug\trobot6_cir2_2wd.a(SPIM_1.o)
                0x00005838                SPIM_1_ClearRxBuffer
 .text.SPIM_1_ClearTxBuffer
                0x00005854       0x34 .\CortexM3\ARM_GCC_493\Debug\trobot6_cir2_2wd.a(SPIM_1.o)
                0x00005854                SPIM_1_ClearTxBuffer
 .text.SPIM_1_ClearFIFO
                0x00005888       0x4c .\CortexM3\ARM_GCC_493\Debug\trobot6_cir2_2wd.a(SPIM_1.o)
                0x00005888                SPIM_1_ClearFIFO
 .text.SPIM_1_Init
                0x000058d4       0x2c .\CortexM3\ARM_GCC_493\Debug\trobot6_cir2_2wd.a(SPIM_1.o)
                0x000058d4                SPIM_1_Init
 .text.SPIM_1_Start
                0x00005900       0x1c .\CortexM3\ARM_GCC_493\Debug\trobot6_cir2_2wd.a(SPIM_1.o)
                0x00005900                SPIM_1_Start
 .text.SS0_B_Write
                0x0000591c        0xc .\CortexM3\ARM_GCC_493\Debug\trobot6_cir2_2wd.a(SS0_B.o)
                0x0000591c                SS0_B_Write
 .text.SS0_B_Read
                0x00005928        0xc .\CortexM3\ARM_GCC_493\Debug\trobot6_cir2_2wd.a(SS0_B.o)
                0x00005928                SS0_B_Read
 .text.motor_en_reg_Write
                0x00005934        0xc .\CortexM3\ARM_GCC_493\Debug\trobot6_cir2_2wd.a(motor_en_reg.o)
                0x00005934                motor_en_reg_Write
 .text.motor_en_reg_Read
                0x00005940        0xc .\CortexM3\ARM_GCC_493\Debug\trobot6_cir2_2wd.a(motor_en_reg.o)
                0x00005940                motor_en_reg_Read
 .text.motor_contl_reg_1_Write
                0x0000594c        0xc .\CortexM3\ARM_GCC_493\Debug\trobot6_cir2_2wd.a(motor_contl_reg_1.o)
                0x0000594c                motor_contl_reg_1_Write
 .text.BMP_SW_Read
                0x00005958        0xc .\CortexM3\ARM_GCC_493\Debug\trobot6_cir2_2wd.a(BMP_SW.o)
                0x00005958                BMP_SW_Read
 .text.MOTOR_FAULT_Read
                0x00005964       0x10 .\CortexM3\ARM_GCC_493\Debug\trobot6_cir2_2wd.a(MOTOR_FAULT.o)
                0x00005964                MOTOR_FAULT_Read
 .text.USBUART_1_Dp_ClearInterrupt
                0x00005974       0x10 .\CortexM3\ARM_GCC_493\Debug\trobot6_cir2_2wd.a(USBUART_1_Dp.o)
                0x00005974                USBUART_1_Dp_ClearInterrupt
 .text.ADC_SAR_1_theACLK_SetModeRegister
                0x00005984       0x14 .\CortexM3\ARM_GCC_493\Debug\trobot6_cir2_2wd.a(ADC_SAR_1_theACLK.o)
                0x00005984                ADC_SAR_1_theACLK_SetModeRegister
 .text.SPIM_1_IntClock_Start
                0x00005998       0x1c .\CortexM3\ARM_GCC_493\Debug\trobot6_cir2_2wd.a(SPIM_1_IntClock.o)
                0x00005998                SPIM_1_IntClock_Start
 *fill*         0x000059b4        0x4 
 .text          0x000059b8       0x20 .\CortexM3\ARM_GCC_493\Debug\trobot6_cir2_2wd.a(CyBootAsmGnu.o)
                0x000059b8                CyDelayCycles
                0x000059c8                CyEnterCriticalSection
                0x000059d0                CyExitCriticalSection
 .text.CyHalt   0x000059d8        0x4 .\CortexM3\ARM_GCC_493\Debug\trobot6_cir2_2wd.a(CyLib.o)
                0x000059d8                CyHalt
 .text.CyDelayUs
                0x000059dc       0x14 .\CortexM3\ARM_GCC_493\Debug\trobot6_cir2_2wd.a(CyLib.o)
                0x000059dc                CyDelayUs
 .text.CyWdtStart
                0x000059f0       0x40 .\CortexM3\ARM_GCC_493\Debug\trobot6_cir2_2wd.a(CyLib.o)
                0x000059f0                CyWdtStart
 .text.CyWdtClear
                0x00005a30        0xc .\CortexM3\ARM_GCC_493\Debug\trobot6_cir2_2wd.a(CyLib.o)
                0x00005a30                CyWdtClear
 .text.CyIntSetVector
                0x00005a3c       0x28 .\CortexM3\ARM_GCC_493\Debug\trobot6_cir2_2wd.a(CyLib.o)
                0x00005a3c                CyIntSetVector
 .text.CyIntSetPriority
                0x00005a64       0x30 .\CortexM3\ARM_GCC_493\Debug\trobot6_cir2_2wd.a(CyLib.o)
                0x00005a64                CyIntSetPriority
 .text.CyGetUniqueId
                0x00005a94       0x70 .\CortexM3\ARM_GCC_493\Debug\trobot6_cir2_2wd.a(CyLib.o)
                0x00005a94                CyGetUniqueId
 .text.CySpcStart
                0x00005b04       0x24 .\CortexM3\ARM_GCC_493\Debug\trobot6_cir2_2wd.a(CySpc.o)
                0x00005b04                CySpcStart
 .text.CySpcReadData
                0x00005b28       0x34 .\CortexM3\ARM_GCC_493\Debug\trobot6_cir2_2wd.a(CySpc.o)
                0x00005b28                CySpcReadData
 .text.CySpcGetTemp
                0x00005b5c       0x3c .\CortexM3\ARM_GCC_493\Debug\trobot6_cir2_2wd.a(CySpc.o)
                0x00005b5c                CySpcGetTemp
 .text.CySpcLock
                0x00005b98       0x4c .\CortexM3\ARM_GCC_493\Debug\trobot6_cir2_2wd.a(CySpc.o)
                0x00005b98                CySpcLock
 .text.CySpcUnlock
                0x00005be4       0x38 .\CortexM3\ARM_GCC_493\Debug\trobot6_cir2_2wd.a(CySpc.o)
                0x00005be4                CySpcUnlock
 .text.SPIM_2_Enable
                0x00005c1c       0x34 .\CortexM3\ARM_GCC_493\Debug\trobot6_cir2_2wd.a(SPIM_2.o)
                0x00005c1c                SPIM_2_Enable
 .text.SPIM_2_ReadTxStatus
                0x00005c50        0xc .\CortexM3\ARM_GCC_493\Debug\trobot6_cir2_2wd.a(SPIM_2.o)
                0x00005c50                SPIM_2_ReadTxStatus
 .text.SPIM_2_ReadRxStatus
                0x00005c5c        0xc .\CortexM3\ARM_GCC_493\Debug\trobot6_cir2_2wd.a(SPIM_2.o)
                0x00005c5c                SPIM_2_ReadRxStatus
 .text.SPIM_2_WriteTxData
                0x00005c68       0x18 .\CortexM3\ARM_GCC_493\Debug\trobot6_cir2_2wd.a(SPIM_2.o)
                0x00005c68                SPIM_2_WriteTxData
 .text.SPIM_2_ReadRxData
                0x00005c80        0xc .\CortexM3\ARM_GCC_493\Debug\trobot6_cir2_2wd.a(SPIM_2.o)
                0x00005c80                SPIM_2_ReadRxData
 .text.SPIM_2_ClearRxBuffer
                0x00005c8c       0x1c .\CortexM3\ARM_GCC_493\Debug\trobot6_cir2_2wd.a(SPIM_2.o)
                0x00005c8c                SPIM_2_ClearRxBuffer
 .text.SPIM_2_ClearTxBuffer
                0x00005ca8       0x24 .\CortexM3\ARM_GCC_493\Debug\trobot6_cir2_2wd.a(SPIM_2.o)
                0x00005ca8                SPIM_2_ClearTxBuffer
 .text.SPIM_2_ClearFIFO
                0x00005ccc       0x3c .\CortexM3\ARM_GCC_493\Debug\trobot6_cir2_2wd.a(SPIM_2.o)
                0x00005ccc                SPIM_2_ClearFIFO
 .text.SPIM_2_Init
                0x00005d08       0x28 .\CortexM3\ARM_GCC_493\Debug\trobot6_cir2_2wd.a(SPIM_2.o)
                0x00005d08                SPIM_2_Init
 .text.SPIM_2_Start
                0x00005d30       0x1c .\CortexM3\ARM_GCC_493\Debug\trobot6_cir2_2wd.a(SPIM_2.o)
                0x00005d30                SPIM_2_Start
 .text.SPIM_2_IntClock_Start
                0x00005d4c       0x1c .\CortexM3\ARM_GCC_493\Debug\trobot6_cir2_2wd.a(SPIM_2_IntClock.o)
                0x00005d4c                SPIM_2_IntClock_Start
 .text.dist8_SW_DET_Read
                0x00005d68       0x10 .\CortexM3\ARM_GCC_493\Debug\trobot6_cir2_2wd.a(dist8_SW_DET.o)
                0x00005d68                dist8_SW_DET_Read
 .text.Sonr_TRG_x4_Write
                0x00005d78       0x18 .\CortexM3\ARM_GCC_493\Debug\trobot6_cir2_2wd.a(Sonr_TRG_x4.o)
                0x00005d78                Sonr_TRG_x4_Write
 .text.USBUART_1_DispatchClassRqst
                0x00005d90       0x58 .\CortexM3\ARM_GCC_493\Debug\trobot6_cir2_2wd.a(USBUART_1_cls.o)
                0x00005d90                USBUART_1_DispatchClassRqst
 .text          0x00005de8      0x370 c:/program files (x86)/cypress/psoc creator/3.3/psoc creator/import/gnu/arm/4.9.3/bin/../lib/gcc/arm-none-eabi/4.9.3/armv7-m\libgcc.a(_arm_addsubdf3.o)
                0x00005de8                __aeabi_drsub
                0x00005df0                __aeabi_dsub
                0x00005df0                __subdf3
                0x00005df4                __aeabi_dadd
                0x00005df4                __adddf3
                0x0000606c                __floatunsidf
                0x0000606c                __aeabi_ui2d
                0x0000608c                __floatsidf
                0x0000608c                __aeabi_i2d
                0x000060b0                __aeabi_f2d
                0x000060b0                __extendsfdf2
                0x000060ec                __floatundidf
                0x000060ec                __aeabi_ul2d
                0x000060fc                __floatdidf
                0x000060fc                __aeabi_l2d
 .text          0x00006158      0x424 c:/program files (x86)/cypress/psoc creator/3.3/psoc creator/import/gnu/arm/4.9.3/bin/../lib/gcc/arm-none-eabi/4.9.3/armv7-m\libgcc.a(_arm_muldivdf3.o)
                0x00006158                __aeabi_dmul
                0x00006158                __muldf3
                0x000063ac                __divdf3
                0x000063ac                __aeabi_ddiv
 .text          0x0000657c      0x110 c:/program files (x86)/cypress/psoc creator/3.3/psoc creator/import/gnu/arm/4.9.3/bin/../lib/gcc/arm-none-eabi/4.9.3/armv7-m\libgcc.a(_arm_cmpdf2.o)
                0x0000657c                __gtdf2
                0x0000657c                __gedf2
                0x00006584                __ltdf2
                0x00006584                __ledf2
                0x0000658c                __nedf2
                0x0000658c                __eqdf2
                0x0000658c                __cmpdf2
                0x00006608                __aeabi_cdrcmple
                0x00006618                __aeabi_cdcmpeq
                0x00006618                __aeabi_cdcmple
                0x00006628                __aeabi_dcmpeq
                0x0000663c                __aeabi_dcmplt
                0x00006650                __aeabi_dcmple
                0x00006664                __aeabi_dcmpge
                0x00006678                __aeabi_dcmpgt
 .text          0x0000668c       0x50 c:/program files (x86)/cypress/psoc creator/3.3/psoc creator/import/gnu/arm/4.9.3/bin/../lib/gcc/arm-none-eabi/4.9.3/armv7-m\libgcc.a(_arm_fixdfsi.o)
                0x0000668c                __aeabi_d2iz
                0x0000668c                __fixdfsi
 .text          0x000066dc       0xa0 c:/program files (x86)/cypress/psoc creator/3.3/psoc creator/import/gnu/arm/4.9.3/bin/../lib/gcc/arm-none-eabi/4.9.3/armv7-m\libgcc.a(_arm_truncdfsf2.o)
                0x000066dc                __truncdfsf2
                0x000066dc                __aeabi_d2f
 .text          0x0000677c      0x21c c:/program files (x86)/cypress/psoc creator/3.3/psoc creator/import/gnu/arm/4.9.3/bin/../lib/gcc/arm-none-eabi/4.9.3/armv7-m\libgcc.a(_arm_addsubsf3.o)
                0x0000677c                __aeabi_frsub
                0x00006784                __subsf3
                0x00006784                __aeabi_fsub
                0x00006788                __aeabi_fadd
                0x00006788                __addsf3
                0x000068e8                __aeabi_ui2f
                0x000068e8                __floatunsisf
                0x000068f0                __aeabi_i2f
                0x000068f0                __floatsisf
                0x0000690c                __aeabi_ul2f
                0x0000690c                __floatundisf
                0x0000691c                __aeabi_l2f
                0x0000691c                __floatdisf
 .text          0x00006998      0x2a0 c:/program files (x86)/cypress/psoc creator/3.3/psoc creator/import/gnu/arm/4.9.3/bin/../lib/gcc/arm-none-eabi/4.9.3/armv7-m\libgcc.a(_arm_muldivsf3.o)
                0x00006998                __mulsf3
                0x00006998                __aeabi_fmul
                0x00006b00                __aeabi_fdiv
                0x00006b00                __divsf3
 .text          0x00006c38       0xec c:/program files (x86)/cypress/psoc creator/3.3/psoc creator/import/gnu/arm/4.9.3/bin/../lib/gcc/arm-none-eabi/4.9.3/armv7-m\libgcc.a(_arm_cmpsf2.o)
                0x00006c38                __gesf2
                0x00006c38                __gtsf2
                0x00006c40                __lesf2
                0x00006c40                __ltsf2
                0x00006c48                __nesf2
                0x00006c48                __eqsf2
                0x00006c48                __cmpsf2
                0x00006ca8                __aeabi_cfrcmple
                0x00006cb0                __aeabi_cfcmpeq
                0x00006cb0                __aeabi_cfcmple
                0x00006cc0                __aeabi_fcmpeq
                0x00006cd4                __aeabi_fcmplt
                0x00006ce8                __aeabi_fcmple
                0x00006cfc                __aeabi_fcmpge
                0x00006d10                __aeabi_fcmpgt
 .text          0x00006d24       0x4c c:/program files (x86)/cypress/psoc creator/3.3/psoc creator/import/gnu/arm/4.9.3/bin/../lib/gcc/arm-none-eabi/4.9.3/armv7-m\libgcc.a(_arm_fixsfsi.o)
                0x00006d24                __aeabi_f2iz
                0x00006d24                __fixsfsi
 .text.__libc_init_array
                0x00006d70       0x4c c:/program files (x86)/cypress/psoc creator/3.3/psoc creator/import/gnu/arm/4.9.3/bin/../lib/gcc/arm-none-eabi/4.9.3/../../../../arm-none-eabi/lib/armv7-m\libg_nano.a(lib_a-init.o)
                0x00006d70                __libc_init_array
 .text.memcpy   0x00006dbc       0x16 c:/program files (x86)/cypress/psoc creator/3.3/psoc creator/import/gnu/arm/4.9.3/bin/../lib/gcc/arm-none-eabi/4.9.3/../../../../arm-none-eabi/lib/armv7-m\libg_nano.a(lib_a-memcpy.o)
                0x00006dbc                memcpy
 .text.memset   0x00006dd2       0x10 c:/program files (x86)/cypress/psoc creator/3.3/psoc creator/import/gnu/arm/4.9.3/bin/../lib/gcc/arm-none-eabi/4.9.3/../../../../arm-none-eabi/lib/armv7-m\libg_nano.a(lib_a-memset.o)
                0x00006dd2                memset
 *(.plt)
 *(.gnu.warning)
 *(.glue_7t)
 .glue_7t       0x00000000        0x0 linker stubs
 *(.glue_7)
 .glue_7        0x00000000        0x0 linker stubs
 *(.vfp11_veneer)
 .vfp11_veneer  0x00000000        0x0 linker stubs
 *(.bootloader)
 *(.ARM.extab* .gnu.linkonce.armextab.*)
 *(.gcc_except_table)

.v4_bx          0x00006de4        0x0
 .v4_bx         0x00000000        0x0 linker stubs

.iplt           0x00006de4        0x0
 .iplt          0x00000000        0x0 c:/program files (x86)/cypress/psoc creator/3.3/psoc creator/import/gnu/arm/4.9.3/bin/../lib/gcc/arm-none-eabi/4.9.3/armv7-m/crtbegin.o

.eh_frame_hdr
 *(.eh_frame_hdr)

.eh_frame       0x00006de4        0x4
 *(.eh_frame)
 .eh_frame      0x00006de4        0x0 c:/program files (x86)/cypress/psoc creator/3.3/psoc creator/import/gnu/arm/4.9.3/bin/../lib/gcc/arm-none-eabi/4.9.3/armv7-m/crtbegin.o
 .eh_frame      0x00006de4        0x4 c:/program files (x86)/cypress/psoc creator/3.3/psoc creator/import/gnu/arm/4.9.3/bin/../lib/gcc/arm-none-eabi/4.9.3/armv7-m/crtend.o
                0x00006de8                PROVIDE (__exidx_start, .)

.ARM.exidx
 *(.ARM.exidx* .gnu.linkonce.armexidx.*)
                0x00006de8                __exidx_end = .

.rodata         0x00006de8      0x2c8
 *(.rodata .rodata.* .gnu.linkonce.r.*)
 .rodata.str1.4
                0x00006de8        0x8 .\CortexM3\ARM_GCC_493\Debug\main.o
 .rodata        0x00006df0       0x50 .\CortexM3\ARM_GCC_493\Debug\Motor_Contl4_3.o
                0x00006e38                Motor_Contl4_3_M
 .rodata.str1.4
                0x00006e40        0x5 .\CortexM3\ARM_GCC_493\Debug\Motor_Contl4_3.o
                                  0x8 (size before relaxing)
 *fill*         0x00006e45        0x3 
 .rodata        0x00006e48       0x80 .\CortexM3\ARM_GCC_493\Debug\trobot6_cir2_2wd.a(cyfitter_cfg.o)
                0x00006e48                AMux_1__addrTable
                0x00006e88                AMux_1__maskTable
 .rodata.str1.4
                0x00006ec8       0x14 .\CortexM3\ARM_GCC_493\Debug\trobot6_cir2_2wd.a(USBUART_1_std.o)
 .rodata        0x00006edc      0x19c .\CortexM3\ARM_GCC_493\Debug\trobot6_cir2_2wd.a(USBUART_1_descr.o)
                0x00006edc                USBUART_1_MSOS_CONFIGURATION_DESCR
                0x00006f04                USBUART_1_MSOS_DESCRIPTOR
                0x00006f18                USBUART_1_TABLE
                0x00006f20                USBUART_1_DEVICE0_TABLE
                0x00006f38                USBUART_1_DEVICE0_CONFIGURATION0_TABLE
                0x00006f60                USBUART_1_DEVICE0_CONFIGURATION0_INTERFACE_CLASS
                0x00006f64                USBUART_1_DEVICE0_CONFIGURATION0_EP_SETTINGS_TABLE
                0x00006f7c                USBUART_1_SN_STRING_DESCRIPTOR
                0x00006f80                USBUART_1_STRING_DESCRIPTORS
                0x00007020                USBUART_1_DEVICE0_CONFIGURATION0_DESCR
                0x00007064                USBUART_1_DEVICE0_DESCR
                0x00007078                . = ALIGN (0x4)
 *(.init)
 .init          0x00007078        0x4 c:/program files (x86)/cypress/psoc creator/3.3/psoc creator/import/gnu/arm/4.9.3/bin/../lib/gcc/arm-none-eabi/4.9.3/armv7-m/crti.o
                0x00007078                _init
 .init          0x0000707c        0x8 c:/program files (x86)/cypress/psoc creator/3.3/psoc creator/import/gnu/arm/4.9.3/bin/../lib/gcc/arm-none-eabi/4.9.3/armv7-m/crtn.o
                0x00007084                . = ALIGN (0x4)
                0x00007084                __preinit_array_start = .
 *(.preinit_array)
                0x00007084                __preinit_array_end = .
                0x00007084                . = ALIGN (0x4)
                0x00007084                __init_array_start = .
 *(SORT(.init_array.*))
 *(.init_array)
 .init_array    0x00007084        0x4 c:/program files (x86)/cypress/psoc creator/3.3/psoc creator/import/gnu/arm/4.9.3/bin/../lib/gcc/arm-none-eabi/4.9.3/armv7-m/crtbegin.o
 .init_array    0x00007088        0x4 .\CortexM3\ARM_GCC_493\Debug\Cm3Start.o
                0x0000708c                __init_array_end = .
                0x0000708c                . = ALIGN (0x4)
 *(.fini)
 .fini          0x0000708c        0x4 c:/program files (x86)/cypress/psoc creator/3.3/psoc creator/import/gnu/arm/4.9.3/bin/../lib/gcc/arm-none-eabi/4.9.3/armv7-m/crti.o
                0x0000708c                _fini
 .fini          0x00007090        0x8 c:/program files (x86)/cypress/psoc creator/3.3/psoc creator/import/gnu/arm/4.9.3/bin/../lib/gcc/arm-none-eabi/4.9.3/armv7-m/crtn.o
                0x00007098                . = ALIGN (0x4)
                0x00007098                __fini_array_start = .
 *(.fini_array)
 .fini_array    0x00007098        0x4 c:/program files (x86)/cypress/psoc creator/3.3/psoc creator/import/gnu/arm/4.9.3/bin/../lib/gcc/arm-none-eabi/4.9.3/armv7-m/crtbegin.o
 *(SORT(.fini_array.*))
                0x0000709c                __fini_array_end = .
                0x0000709c                . = ALIGN (0x4)
 *crtbegin.o(.ctors)
 *(EXCLUDE_FILE(*crtend.o) .ctors)
 *(SORT(.ctors.*))
 *crtend.o(.ctors)
                0x0000709c                . = ALIGN (0x4)
 *crtbegin.o(.dtors)
 *(EXCLUDE_FILE(*crtend.o) .dtors)
 *(SORT(.dtors.*))
 *crtend.o(.dtors)
                0x0000709c                . = ALIGN (0x4)
                0x0000709c                __cy_regions = .
                0x0000709c        0x4 LONG 0x70b0 __cy_region_init_ram
                0x000070a0        0x4 LONG 0x1fff8108 __cy_region_start_data
                0x000070a4        0x4 LONG 0x118 __cy_region_init_size_ram
                0x000070a8        0x4 LONG 0x7e0 __cy_region_zero_size_ram
                0x000070ac                __cy_regions_end = .
                0x000070b0                . = ALIGN (0x8)
 *fill*         0x000070ac        0x4 
                0x000070b0                _etext = .

.cy_checksum_exclude
                0x000070b0        0x0
 *(.cy_checksum_exclude)

.ramvectors     0x1fff8000      0x100
                0x1fff8000                __cy_region_start_ram = .
 *(.ramvectors)
 .ramvectors    0x1fff8000      0x100 .\CortexM3\ARM_GCC_493\Debug\Cm3Start.o
                0x1fff8000                CyRamVectors

.noinit         0x1fff8100        0x5
 *(.noinit)
 .noinit        0x1fff8100        0x4 .\CortexM3\ARM_GCC_493\Debug\Cm3Start.o
 .noinit        0x1fff8104        0x1 .\CortexM3\ARM_GCC_493\Debug\trobot6_cir2_2wd.a(CyLib.o)
                0x1fff8104                CyResetStatus

.data           0x1fff8108      0x118 load address 0x000070b0
                0x1fff8108                __cy_region_start_data = .
 *(.jcr)
 .jcr           0x1fff8108        0x0 c:/program files (x86)/cypress/psoc creator/3.3/psoc creator/import/gnu/arm/4.9.3/bin/../lib/gcc/arm-none-eabi/4.9.3/armv7-m/crtbegin.o
 .jcr           0x1fff8108        0x4 c:/program files (x86)/cypress/psoc creator/3.3/psoc creator/import/gnu/arm/4.9.3/bin/../lib/gcc/arm-none-eabi/4.9.3/armv7-m/crtend.o
 *(.got.plt)
 *(.got)
 *(.shdata)
 *(.data .data.* .gnu.linkonce.d.*)
 .data          0x1fff810c       0x44 .\CortexM3\ARM_GCC_493\Debug\main.o
                0x1fff810c                encd0
                0x1fff810d                encd2
                0x1fff8110                encassign
                0x1fff8114                logmode
                0x1fff8115                trans_line
                0x1fff8118                getcom_watch
                0x1fff811c                use_smooth_chg
                0x1fff811d                state
                0x1fff811e                pwm_period
                0x1fff8120                speedratio
                0x1fff8124                motorassign
                0x1fff8128                cw0
                0x1fff8129                cw2
                0x1fff812a                drive_wheels
                0x1fff812b                blk1
                0x1fff812c                blk0
                0x1fff812d                blk3
                0x1fff812e                blk2
                0x1fff812f                sub_cycle_count
                0x1fff8130                max_spd_chg
                0x1fff8134                no_getcom_loop_cnt
                0x1fff8138                em_stop_en
                0x1fff8139                measure_sensor
                0x1fff813a                max_rpm
                0x1fff813c                samp_rate
                0x1fff813e                enc_count
                0x1fff8140                gear_ratio
                0x1fff8144                dim_wheel
                0x1fff8148                dist_wheel
                0x1fff814c                calc_ratio
                0x1fff814d                Status
 .data          0x1fff8150       0xa0 .\CortexM3\ARM_GCC_493\Debug\Motor_Contl4_3_data.o
                0x1fff8150                Motor_Contl4_3_P
 .data          0x1fff81f0       0x1c .\CortexM3\ARM_GCC_493\Debug\trobot6_cir2_2wd.a(USBUART_1_cdc.o)
                0x1fff81f0                USBUART_1_linesCoding
 .data          0x1fff820c        0x1 .\CortexM3\ARM_GCC_493\Debug\trobot6_cir2_2wd.a(AMux_1.o)
 *fill*         0x1fff820d        0x3 
 .data          0x1fff8210       0x10 .\CortexM3\ARM_GCC_493\Debug\trobot6_cir2_2wd.a(CyLib.o)
                0x1fff8210                cydelay_32k_ms
                0x1fff8214                cydelay_freq_khz
                0x1fff8218                cydelay_freq_mhz
                0x1fff821c                cydelay_freq_hz
                0x1fff8220                . = ALIGN (0x8)
 *(.ram)
                0x1fff8220                _edata = .

.igot.plt       0x1fff8220        0x0 load address 0x000071c8
 .igot.plt      0x00000000        0x0 c:/program files (x86)/cypress/psoc creator/3.3/psoc creator/import/gnu/arm/4.9.3/bin/../lib/gcc/arm-none-eabi/4.9.3/armv7-m/crtbegin.o

.bss            0x1fff8220      0x7e0 load address 0x000071c8
                0x1fff8220                PROVIDE (__bss_start__, .)
 *(.shbss)
 *(.bss .bss.* .gnu.linkonce.b.*)
 .bss           0x1fff8220       0x1c c:/program files (x86)/cypress/psoc creator/3.3/psoc creator/import/gnu/arm/4.9.3/bin/../lib/gcc/arm-none-eabi/4.9.3/armv7-m/crtbegin.o
 .bss           0x1fff823c       0xb0 .\CortexM3\ARM_GCC_493\Debug\main.o
                0x1fff823c                speed_lf_buf
                0x1fff8240                speed_rf_buf
                0x1fff8244                speed_lr_buf
                0x1fff8248                speed_rr_buf
                0x1fff824d                encd1
                0x1fff824e                encd3
                0x1fff8250                enc_malti
                0x1fff8254                speed_lf
                0x1fff8258                speed_rf
                0x1fff825c                speed_lr
                0x1fff8260                speed_rr
                0x1fff8264                cycle_count_pre
                0x1fff8265                cycle_count
                0x1fff8266                cycle_count_buf
                0x1fff8268                speed_lf_pre
                0x1fff826c                speed_rf_pre
                0x1fff8270                speed_lr_pre
                0x1fff8274                speed_rr_pre
                0x1fff8278                speed_lf_delta
                0x1fff827c                speed_rf_delta
                0x1fff8280                speed_lr_delta
                0x1fff8284                speed_rr_delta
                0x1fff8288                ms00_pw
                0x1fff828c                ms01_pw
                0x1fff8290                ms02_pw
                0x1fff8294                ms03_pw
                0x1fff8298                direct_cnt
                0x1fff8299                cw1
                0x1fff829a                cw3
                0x1fff829b                pwm_width0
                0x1fff829c                sign0
                0x1fff829d                pwm_width1
                0x1fff829e                sign1
                0x1fff829f                pwm_width2
                0x1fff82a0                sign2
                0x1fff82a1                pwm_width3
                0x1fff82a2                sign3
                0x1fff82a3                direct
                0x1fff82a4                getcom_flag
                0x1fff82a8                sendcom_flag
                0x1fff82ac                out2_tag_cycle
                0x1fff82b0                out2_tagpos
                0x1fff82b8                getcom_count_buf
                0x1fff82bc                getcom_count
                0x1fff82c0                getcom_count_para
                0x1fff82c4                status1
                0x1fff82c8                interruptcnt
                0x1fff82cc                frame_count
                0x1fff82cd                sense_diagflag
                0x1fff82d0                irqt1
                0x1fff82d4                status0
                0x1fff82d5                diag_count
                0x1fff82d6                die_temp_16
                0x1fff82d8                flt_dtm_tmover
                0x1fff82da                v_bat_16
                0x1fff82dc                flt_bat_tmover
                0x1fff82dd                flt_msw_tmover
                0x1fff82de                ems_sig_tmover
                0x1fff82e0                pvm1_16
                0x1fff82e2                ems_pvm_tmover
                0x1fff82e4                pvm2_16
                0x1fff82e6                ems_drv_tmover
                0x1fff82e7                ems_osp_tmover
                0x1fff82e8                status2_tset
                0x1fff82e9                status1_test
 .bss           0x1fff82ec        0x1 .\CortexM3\ARM_GCC_493\Debug\trobot6_cir2_2wd.a(USBUART_1.o)
                0x1fff82ec                USBUART_1_initVar
 .bss           0x1fff82ed        0x1 .\CortexM3\ARM_GCC_493\Debug\trobot6_cir2_2wd.a(USBUART_1_cdc.o)
 *fill*         0x1fff82ee        0x2 
 .bss           0x1fff82f0        0x4 .\CortexM3\ARM_GCC_493\Debug\trobot6_cir2_2wd.a(USBUART_1_std.o)
 .bss           0x1fff82f4        0x1 .\CortexM3\ARM_GCC_493\Debug\trobot6_cir2_2wd.a(Timer_PWM.o)
                0x1fff82f4                Timer_PWM_initVar
 .bss           0x1fff82f5        0x1 .\CortexM3\ARM_GCC_493\Debug\trobot6_cir2_2wd.a(Timer_cycle.o)
                0x1fff82f5                Timer_cycle_initVar
 .bss           0x1fff82f6        0x1 .\CortexM3\ARM_GCC_493\Debug\trobot6_cir2_2wd.a(ADC_SAR_1.o)
                0x1fff82f6                ADC_SAR_1_initVar
 .bss           0x1fff82f7        0x1 .\CortexM3\ARM_GCC_493\Debug\trobot6_cir2_2wd.a(VDAC8_1.o)
                0x1fff82f7                VDAC8_1_initVar
 .bss           0x1fff82f8        0x1 .\CortexM3\ARM_GCC_493\Debug\trobot6_cir2_2wd.a(Timer_sub_cycle.o)
                0x1fff82f8                Timer_sub_cycle_initVar
 .bss           0x1fff82f9        0x1 .\CortexM3\ARM_GCC_493\Debug\trobot6_cir2_2wd.a(SPIM_1.o)
                0x1fff82f9                SPIM_1_initVar
 *fill*         0x1fff82fa        0x2 
 .bss           0x1fff82fc        0x8 .\CortexM3\ARM_GCC_493\Debug\trobot6_cir2_2wd.a(CySpc.o)
                0x1fff82fc                SpcLockState
 .bss           0x1fff8304        0x1 .\CortexM3\ARM_GCC_493\Debug\trobot6_cir2_2wd.a(SPIM_2.o)
                0x1fff8304                SPIM_2_initVar
 *(COMMON)
 *fill*         0x1fff8305        0x3 
 COMMON         0x1fff8308      0x390 .\CortexM3\ARM_GCC_493\Debug\main.o
                0x1fff8308                acc_limit_f
                0x1fff830c                tmp
                0x1fff8310                seq_code
                0x1fff8311                adin
                0x1fff8312                dim_wheel_i16
                0x1fff8314                acc_limit_r_i16
                0x1fff8318                err_wdt_sa_ocp
                0x1fff831c                kdl_i16
                0x1fff831e                err_wdt_atm_spi
                0x1fff8320                MS_RF_MAIN
                0x1fff8326                bwp_sw
                0x1fff8328                err_wdt_ov_spd
                0x1fff832c                output2_tag
                0x1fff834e                kcp_i16
                0x1fff8350                com_status
                0x1fff8354                acc_limit_s
                0x1fff8358                speed_const_i16
                0x1fff835a                err_wdt_mot_fault
                0x1fff835c                err_wdt_otw
                0x1fff8360                err_wdt_pvm_low
                0x1fff8362                acc_limit_s_i16
                0x1fff8364                kdl
                0x1fff8368                speed_const
                0x1fff836c                kci
                0x1fff8370                kdr
                0x1fff8374                ms_rf_com_tx
                0x1fff8378                toruque_const
                0x1fff837c                dist_fl
                0x1fff837e                kvi_i16
                0x1fff8380                command
                0x1fff83c0                satv_i16
                0x1fff83c2                ms_lr_pc
                0x1fff83c4                dist_wheel_i16
                0x1fff83c6                err_wdt_die_otp
                0x1fff83c8                gear_motor
                0x1fff83cc                err_wdt_pvm_ocur
                0x1fff83d0                spd_torq_grad
                0x1fff83d4                err_wdt_uvlo
                0x1fff83d8                dist_rear
                0x1fff83da                kvp_i16
                0x1fff83dc                ratio_rpm
                0x1fff83e0                rpm2velo_ratio
                0x1fff83e4                safty_const
                0x1fff83e8                kvi
                0x1fff83ec                toruque_const_i16
                0x1fff83f0                err_wdt_sa_ocpat
                0x1fff83f4                satv
                0x1fff83f8                MS_LR_MAIN
                0x1fff8400                outbuff3
                0x1fff8420                outbuff1
                0x1fff845c                ms_rr_com_tx
                0x1fff845e                ms_lf_pc
                0x1fff8460                err_wdt_vbat_low
                0x1fff8461                die_status
                0x1fff8462                acc_limit_f_i16
                0x1fff8464                trobot_status1
                0x1fff8468                kcp
                0x1fff846c                err_wdt_em_stop_out
                0x1fff846d                err_wdt_usb_if
                0x1fff846e                spi_sel
                0x1fff8470                spd_torq_grad_i16
                0x1fff8474                out2len
                0x1fff8478                kci_i16
                0x1fff847c                motor_para_1
                0x1fff848c                MS_RR_MAIN
                0x1fff8494                err_wdt_pvm_ocpat
                0x1fff8496                mes_adc_val
                0x1fff8498                die_temp
                0x1fff849a                pvm1
                0x1fff849c                err_wdt_vds_ocp
                0x1fff84a0                err_wdt_gdf
                0x1fff84a4                gear_ratio_i16
                0x1fff84a6                trobot_status2
                0x1fff84a8                kvp
                0x1fff84ac                output_tmp
                0x1fff84bc                axis9
                0x1fff84e4                err_wdt_otsd
                0x1fff84e8                safty_const_i16
                0x1fff84ea                dist_st
                0x1fff84ec                command_buf
                0x1fff852c                satc_i16
                0x1fff852e                dist_fr
                0x1fff8530                MS_LF_MAIN
                0x1fff8538                err_wdt_cpuv
                0x1fff853c                ms_rr_pc
                0x1fff853e                ms_rf_pc
                0x1fff8540                err_wdt_axis9_spi
                0x1fff8542                gear_output
                0x1fff8544                kdr_i16
                0x1fff8546                err_wdt_drv_dis
                0x1fff8548                satc
                0x1fff854c                pvm2
                0x1fff854d                pwm_control
                0x1fff8550                err_wdt_body_oh
                0x1fff8553                err_wdt_sw_dt
                0x1fff8554                outbuff2
                0x1fff858c                output2
                0x1fff85fc                acc_limit_r
                0x1fff8600                motor_parag_1
                0x1fff8640                ms_lf_com_tx
                0x1fff8642                loop_max
                0x1fff8644                command_para
                0x1fff8684                output2_tag_head
                0x1fff8688                dist_front
                0x1fff868c                out2pos
                0x1fff8690                err_wdt_drv_spi
                0x1fff8694                die_temp_flag
                0x1fff8696                ms_lr_com_tx
 COMMON         0x1fff8698      0x288 .\CortexM3\ARM_GCC_493\Debug\Motor_Contl4_3.o
                0x1fff8698                Motor_Contl4_3_M_
                0x1fff8860                Motor_Contl4_3_Y
                0x1fff88a0                Motor_Contl4_3_U
                0x1fff88e0                Motor_Contl4_3_B
                0x1fff8900                Motor_Contl4_3_X
 COMMON         0x1fff8920       0x18 .\CortexM3\ARM_GCC_493\Debug\trobot6_cir2_2wd.a(USBUART_1_cdc.o)
                0x1fff8920                USBUART_1_cdcDataInEp
                0x1fff8924                USBUART_1_cdcDataOutEp
                0x1fff8928                USBUART_1_cdcCommInInterruptEp
                0x1fff892c                USBUART_1_serialStateBitmap
                0x1fff8930                USBUART_1_linesChanged
                0x1fff8934                USBUART_1_linesControlBitmap
 COMMON         0x1fff8938       0x97 .\CortexM3\ARM_GCC_493\Debug\trobot6_cir2_2wd.a(USBUART_1_drv.o)
                0x1fff8938                USBUART_1_interfaceSettingLast
                0x1fff893a                USBUART_1_ep0Mode
                0x1fff893b                USBUART_1_lastPacketSize
                0x1fff893c                USBUART_1_configurationChanged
                0x1fff893d                USBUART_1_configuration
                0x1fff893e                USBUART_1_interfaceNumber
                0x1fff893f                USBUART_1_deviceStatus
                0x1fff8940                USBUART_1_ep0Toggle
                0x1fff8944                USBUART_1_interfaceClass
                0x1fff8948                USBUART_1_interfaceSetting
                0x1fff894c                USBUART_1_currentTD
                0x1fff8958                USBUART_1_ep0Count
                0x1fff895c                USBUART_1_EP
                0x1fff89c8                USBUART_1_transferByteCount
                0x1fff89ca                USBUART_1_transferState
                0x1fff89cb                USBUART_1_device
                0x1fff89cc                USBUART_1_interfaceStatus
                0x1fff89ce                USBUART_1_deviceAddress
 *fill*         0x1fff89cf        0x1 
 COMMON         0x1fff89d0        0xa .\CortexM3\ARM_GCC_493\Debug\trobot6_cir2_2wd.a(ADC_SAR_1.o)
                0x1fff89d0                ADC_SAR_1_countsPerVolt
                0x1fff89d2                ADC_SAR_1_shift
                0x1fff89d4                ADC_SAR_1_countsPer10Volt
                0x1fff89d8                ADC_SAR_1_offset
 *fill*         0x1fff89da        0x2 
 COMMON         0x1fff89dc       0x22 .\CortexM3\ARM_GCC_493\Debug\trobot6_cir2_2wd.a(USBUART_1_descr.o)
                0x1fff89dc                USBUART_1_idSerialNumberStringDescriptor
                0x1fff8a00                . = ALIGN (0x8)
 *fill*         0x1fff89fe        0x2 
 *(.ram.b)
                0x1fff8a00                _end = .
                0x1fff8a00                __end = .
                0x1fff8a00                PROVIDE (end, .)
                0x1fff8a00                PROVIDE (__bss_end__, .)
                0x000070b0                __cy_region_init_ram = LOADADDR (.data)
                0x00000118                __cy_region_init_size_ram = (_edata - ADDR (.data))
                0x000007e0                __cy_region_zero_size_ram = (_end - _edata)

.heap           0x1fff8a00       0x80 load address 0x000071c8
                0x1fff8a00                . = _end
                0x1fff8a80                . = (. + 0x80)
 *fill*         0x1fff8a00       0x80 
                0x1fff8a80                __cy_heap_limit = .

.stack          0x20007800      0x800
                0x20007800                __cy_stack_limit = .
                0x20008000                . = (. + 0x800)
 *fill*         0x20007800      0x800 
                0x00000001                ASSERT ((__cy_stack_limit >= __cy_heap_limit), region RAM overflowed with stack)
                0x00000000                cy_checksum_exclude_size = (CY_APPL_LOADABLE == 0x1)?SIZEOF (.cy_checksum_exclude):0x0
                0x00000001                ASSERT ((cy_checksum_exclude_size <= CY_CHECKSUM_EXCLUDE_SIZE), CY_BOOT: Section .cy_checksum_exclude size exceedes specified limit.)

.cyloadermeta
 *(.cyloadermeta)

.cyloadablemeta
 *(.cyloadablemeta)

.cyconfigecc    0x80000000     0x11c0
 *(.cyconfigecc)
 .cyconfigecc   0x80000000     0x11c0 .\CortexM3\ARM_GCC_493\Debug\cymetadata.o
                0x80000000                cy_meta_configecc

.cycustnvl      0x90000000        0x4
 *(.cycustnvl)
 .cycustnvl     0x90000000        0x4 .\CortexM3\ARM_GCC_493\Debug\cymetadata.o
                0x90000000                cy_meta_custnvl

.cywolatch      0x90100000        0x4
 *(.cywolatch)
 .cywolatch     0x90100000        0x4 .\CortexM3\ARM_GCC_493\Debug\cymetadata.o
                0x90100000                cy_meta_wonvl

.cyeeprom       0x90200000        0x0
 *(.cyeeprom)
                0x00000001                ASSERT ((. <= ((0x90200000 + ee_offset) + ee_size)), .cyeeprom data will not fit in EEPROM)

.cyflashprotect
                0x90400000      0x100
 *(.cyflashprotect)
 .cyflashprotect
                0x90400000      0x100 .\CortexM3\ARM_GCC_493\Debug\cymetadata.o
                0x90400000                cy_meta_flashprotect

.cymeta         0x90500000        0xc
 *(.cymeta)
 .cymeta        0x90500000        0xc .\CortexM3\ARM_GCC_493\Debug\cymetadata.o
                0x90500000                cy_metadata

.rel.dyn        0x000071c8        0x0 load address 0x9050000c
 .rel.iplt      0x00000000        0x0 c:/program files (x86)/cypress/psoc creator/3.3/psoc creator/import/gnu/arm/4.9.3/bin/../lib/gcc/arm-none-eabi/4.9.3/armv7-m/crtbegin.o

.stab
 *(.stab)

.stabstr
 *(.stabstr)

.debug
 *(.debug)

.line
 *(.line)

.debug_srcinfo
 *(.debug_srcinfo)

.debug_sfnames
 *(.debug_sfnames)

.debug_aranges  0x00000000     0x13c8
 *(.debug_aranges)
 .debug_aranges
                0x00000000      0x100 .\CortexM3\ARM_GCC_493\Debug\main.o
 .debug_aranges
                0x00000100       0x40 .\CortexM3\ARM_GCC_493\Debug\Motor_Contl4_3.o
 .debug_aranges
                0x00000140       0x18 .\CortexM3\ARM_GCC_493\Debug\Motor_Contl4_3_data.o
 .debug_aranges
                0x00000158       0x38 .\CortexM3\ARM_GCC_493\Debug\SelfTest_CPU.o
 .debug_aranges
                0x00000190       0x20 .\CortexM3\ARM_GCC_493\Debug\SelfTest_CPU_asm.o
 .debug_aranges
                0x000001b0       0x18 .\CortexM3\ARM_GCC_493\Debug\cymetadata.o
 .debug_aranges
                0x000001c8       0x48 .\CortexM3\ARM_GCC_493\Debug\Cm3Start.o
 .debug_aranges
                0x00000210       0x68 .\CortexM3\ARM_GCC_493\Debug\trobot6_cir2_2wd.a(cyfitter_cfg.o)
 .debug_aranges
                0x00000278       0x28 .\CortexM3\ARM_GCC_493\Debug\trobot6_cir2_2wd.a(motor_contl_reg_0.o)
 .debug_aranges
                0x000002a0       0xc8 .\CortexM3\ARM_GCC_493\Debug\trobot6_cir2_2wd.a(USBUART_1.o)
 .debug_aranges
                0x00000368       0xe8 .\CortexM3\ARM_GCC_493\Debug\trobot6_cir2_2wd.a(USBUART_1_cdc.o)
 .debug_aranges
                0x00000450       0x98 .\CortexM3\ARM_GCC_493\Debug\trobot6_cir2_2wd.a(USBUART_1_drv.o)
 .debug_aranges
                0x000004e8       0x40 .\CortexM3\ARM_GCC_493\Debug\trobot6_cir2_2wd.a(USBUART_1_episr.o)
 .debug_aranges
                0x00000528       0x40 .\CortexM3\ARM_GCC_493\Debug\trobot6_cir2_2wd.a(USBUART_1_pm.o)
 .debug_aranges
                0x00000568       0x80 .\CortexM3\ARM_GCC_493\Debug\trobot6_cir2_2wd.a(USBUART_1_std.o)
 .debug_aranges
                0x000005e8       0x20 .\CortexM3\ARM_GCC_493\Debug\trobot6_cir2_2wd.a(USBUART_1_vnd.o)
 .debug_aranges
                0x00000608       0x80 .\CortexM3\ARM_GCC_493\Debug\trobot6_cir2_2wd.a(sub_cycle_int.o)
 .debug_aranges
                0x00000688       0x38 .\CortexM3\ARM_GCC_493\Debug\trobot6_cir2_2wd.a(P_out.o)
 .debug_aranges
                0x000006c0       0x90 .\CortexM3\ARM_GCC_493\Debug\trobot6_cir2_2wd.a(Timer_PWM.o)
 .debug_aranges
                0x00000750       0x90 .\CortexM3\ARM_GCC_493\Debug\trobot6_cir2_2wd.a(Timer_cycle.o)
 .debug_aranges
                0x000007e0       0x38 .\CortexM3\ARM_GCC_493\Debug\trobot6_cir2_2wd.a(FirstLine.o)
 .debug_aranges
                0x00000818       0xa8 .\CortexM3\ARM_GCC_493\Debug\trobot6_cir2_2wd.a(ADC_SAR_1.o)
 .debug_aranges
                0x000008c0       0x20 .\CortexM3\ARM_GCC_493\Debug\trobot6_cir2_2wd.a(ADC_SAR_1_INT.o)
 .debug_aranges
                0x000008e0       0x30 .\CortexM3\ARM_GCC_493\Debug\trobot6_cir2_2wd.a(AMux_1.o)
 .debug_aranges
                0x00000910       0x58 .\CortexM3\ARM_GCC_493\Debug\trobot6_cir2_2wd.a(VDAC8_1.o)
 .debug_aranges
                0x00000968       0x40 .\CortexM3\ARM_GCC_493\Debug\trobot6_cir2_2wd.a(DieTemp_1.o)
 .debug_aranges
                0x000009a8       0x38 .\CortexM3\ARM_GCC_493\Debug\trobot6_cir2_2wd.a(P_out_1.o)
 .debug_aranges
                0x000009e0       0x88 .\CortexM3\ARM_GCC_493\Debug\trobot6_cir2_2wd.a(Timer_sub_cycle.o)
 .debug_aranges
                0x00000a68       0x38 .\CortexM3\ARM_GCC_493\Debug\trobot6_cir2_2wd.a(P_out_2.o)
 .debug_aranges
                0x00000aa0       0xd8 .\CortexM3\ARM_GCC_493\Debug\trobot6_cir2_2wd.a(SPIM_1.o)
 .debug_aranges
                0x00000b78       0x28 .\CortexM3\ARM_GCC_493\Debug\trobot6_cir2_2wd.a(SS0_B.o)
 .debug_aranges
                0x00000ba0       0x28 .\CortexM3\ARM_GCC_493\Debug\trobot6_cir2_2wd.a(motor_en_reg.o)
 .debug_aranges
                0x00000bc8       0x28 .\CortexM3\ARM_GCC_493\Debug\trobot6_cir2_2wd.a(motor_contl_reg_1.o)
 .debug_aranges
                0x00000bf0       0x40 .\CortexM3\ARM_GCC_493\Debug\trobot6_cir2_2wd.a(BMP_SW.o)
 .debug_aranges
                0x00000c30       0x38 .\CortexM3\ARM_GCC_493\Debug\trobot6_cir2_2wd.a(MOTOR_FAULT.o)
 .debug_aranges
                0x00000c68       0x48 .\CortexM3\ARM_GCC_493\Debug\trobot6_cir2_2wd.a(USBUART_1_Dp.o)
 .debug_aranges
                0x00000cb0       0x70 .\CortexM3\ARM_GCC_493\Debug\trobot6_cir2_2wd.a(ADC_SAR_1_theACLK.o)
 .debug_aranges
                0x00000d20       0x70 .\CortexM3\ARM_GCC_493\Debug\trobot6_cir2_2wd.a(SPIM_1_IntClock.o)
 .debug_aranges
                0x00000d90       0x20 .\CortexM3\ARM_GCC_493\Debug\trobot6_cir2_2wd.a(CyBootAsmGnu.o)
 .debug_aranges
                0x00000db0      0x298 .\CortexM3\ARM_GCC_493\Debug\trobot6_cir2_2wd.a(CyLib.o)
 .debug_aranges
                0x00001048       0x98 .\CortexM3\ARM_GCC_493\Debug\trobot6_cir2_2wd.a(cyPm.o)
 .debug_aranges
                0x000010e0       0x78 .\CortexM3\ARM_GCC_493\Debug\trobot6_cir2_2wd.a(CySpc.o)
 .debug_aranges
                0x00001158       0xd8 .\CortexM3\ARM_GCC_493\Debug\trobot6_cir2_2wd.a(SPIM_2.o)
 .debug_aranges
                0x00001230       0x70 .\CortexM3\ARM_GCC_493\Debug\trobot6_cir2_2wd.a(SPIM_2_IntClock.o)
 .debug_aranges
                0x000012a0       0x38 .\CortexM3\ARM_GCC_493\Debug\trobot6_cir2_2wd.a(dist8_SW_DET.o)
 .debug_aranges
                0x000012d8       0x38 .\CortexM3\ARM_GCC_493\Debug\trobot6_cir2_2wd.a(Sonr_TRG_x4.o)
 .debug_aranges
                0x00001310       0x20 .\CortexM3\ARM_GCC_493\Debug\trobot6_cir2_2wd.a(USBUART_1_cls.o)
 .debug_aranges
                0x00001330       0x18 .\CortexM3\ARM_GCC_493\Debug\trobot6_cir2_2wd.a(USBUART_1_descr.o)
 .debug_aranges
                0x00001348       0x80 .\CortexM3\ARM_GCC_493\Debug\trobot6_cir2_2wd.a(CyFlash.o)

.debug_pubnames
 *(.debug_pubnames)

.debug_info     0x00000000     0xecce
 *(.debug_info .gnu.linkonce.wi.*)
 .debug_info    0x00000000     0x3d1a .\CortexM3\ARM_GCC_493\Debug\main.o
 .debug_info    0x00003d1a      0xcf4 .\CortexM3\ARM_GCC_493\Debug\Motor_Contl4_3.o
 .debug_info    0x00004a0e      0x1a4 .\CortexM3\ARM_GCC_493\Debug\Motor_Contl4_3_data.o
 .debug_info    0x00004bb2      0x1a8 .\CortexM3\ARM_GCC_493\Debug\SelfTest_CPU.o
 .debug_info    0x00004d5a       0xd0 .\CortexM3\ARM_GCC_493\Debug\SelfTest_CPU_asm.o
 .debug_info    0x00004e2a      0x13f .\CortexM3\ARM_GCC_493\Debug\cymetadata.o
 .debug_info    0x00004f69      0x3a5 .\CortexM3\ARM_GCC_493\Debug\Cm3Start.o
 .debug_info    0x0000530e      0x7cb .\CortexM3\ARM_GCC_493\Debug\trobot6_cir2_2wd.a(cyfitter_cfg.o)
 .debug_info    0x00005ad9       0xd6 .\CortexM3\ARM_GCC_493\Debug\trobot6_cir2_2wd.a(motor_contl_reg_0.o)
 .debug_info    0x00005baf      0x9ac .\CortexM3\ARM_GCC_493\Debug\trobot6_cir2_2wd.a(USBUART_1.o)
 .debug_info    0x0000655b      0xb16 .\CortexM3\ARM_GCC_493\Debug\trobot6_cir2_2wd.a(USBUART_1_cdc.o)
 .debug_info    0x00007071      0x649 .\CortexM3\ARM_GCC_493\Debug\trobot6_cir2_2wd.a(USBUART_1_drv.o)
 .debug_info    0x000076ba      0x244 .\CortexM3\ARM_GCC_493\Debug\trobot6_cir2_2wd.a(USBUART_1_episr.o)
 .debug_info    0x000078fe      0x2ef .\CortexM3\ARM_GCC_493\Debug\trobot6_cir2_2wd.a(USBUART_1_pm.o)
 .debug_info    0x00007bed      0xb45 .\CortexM3\ARM_GCC_493\Debug\trobot6_cir2_2wd.a(USBUART_1_std.o)
 .debug_info    0x00008732      0x1b2 .\CortexM3\ARM_GCC_493\Debug\trobot6_cir2_2wd.a(USBUART_1_vnd.o)
 .debug_info    0x000088e4      0x2cb .\CortexM3\ARM_GCC_493\Debug\trobot6_cir2_2wd.a(sub_cycle_int.o)
 .debug_info    0x00008baf      0x121 .\CortexM3\ARM_GCC_493\Debug\trobot6_cir2_2wd.a(P_out.o)
 .debug_info    0x00008cd0      0x2ca .\CortexM3\ARM_GCC_493\Debug\trobot6_cir2_2wd.a(Timer_PWM.o)
 .debug_info    0x00008f9a      0x2ca .\CortexM3\ARM_GCC_493\Debug\trobot6_cir2_2wd.a(Timer_cycle.o)
 .debug_info    0x00009264      0x11f .\CortexM3\ARM_GCC_493\Debug\trobot6_cir2_2wd.a(FirstLine.o)
 .debug_info    0x00009383      0x5f8 .\CortexM3\ARM_GCC_493\Debug\trobot6_cir2_2wd.a(ADC_SAR_1.o)
 .debug_info    0x0000997b       0x92 .\CortexM3\ARM_GCC_493\Debug\trobot6_cir2_2wd.a(ADC_SAR_1_INT.o)
 .debug_info    0x00009a0d      0x16d .\CortexM3\ARM_GCC_493\Debug\trobot6_cir2_2wd.a(AMux_1.o)
 .debug_info    0x00009b7a      0x1df .\CortexM3\ARM_GCC_493\Debug\trobot6_cir2_2wd.a(VDAC8_1.o)
 .debug_info    0x00009d59      0x2df .\CortexM3\ARM_GCC_493\Debug\trobot6_cir2_2wd.a(DieTemp_1.o)
 .debug_info    0x0000a038      0x11f .\CortexM3\ARM_GCC_493\Debug\trobot6_cir2_2wd.a(P_out_1.o)
 .debug_info    0x0000a157      0x28e .\CortexM3\ARM_GCC_493\Debug\trobot6_cir2_2wd.a(Timer_sub_cycle.o)
 .debug_info    0x0000a3e5      0x121 .\CortexM3\ARM_GCC_493\Debug\trobot6_cir2_2wd.a(P_out_2.o)
 .debug_info    0x0000a506      0x4cf .\CortexM3\ARM_GCC_493\Debug\trobot6_cir2_2wd.a(SPIM_1.o)
 .debug_info    0x0000a9d5       0xd6 .\CortexM3\ARM_GCC_493\Debug\trobot6_cir2_2wd.a(SS0_B.o)
 .debug_info    0x0000aaab       0xd6 .\CortexM3\ARM_GCC_493\Debug\trobot6_cir2_2wd.a(motor_en_reg.o)
 .debug_info    0x0000ab81       0xd6 .\CortexM3\ARM_GCC_493\Debug\trobot6_cir2_2wd.a(motor_contl_reg_1.o)
 .debug_info    0x0000ac57      0x178 .\CortexM3\ARM_GCC_493\Debug\trobot6_cir2_2wd.a(BMP_SW.o)
 .debug_info    0x0000adcf      0x11f .\CortexM3\ARM_GCC_493\Debug\trobot6_cir2_2wd.a(MOTOR_FAULT.o)
 .debug_info    0x0000aeee      0x174 .\CortexM3\ARM_GCC_493\Debug\trobot6_cir2_2wd.a(USBUART_1_Dp.o)
 .debug_info    0x0000b062      0x283 .\CortexM3\ARM_GCC_493\Debug\trobot6_cir2_2wd.a(ADC_SAR_1_theACLK.o)
 .debug_info    0x0000b2e5      0x283 .\CortexM3\ARM_GCC_493\Debug\trobot6_cir2_2wd.a(SPIM_1_IntClock.o)
 .debug_info    0x0000b568       0x93 .\CortexM3\ARM_GCC_493\Debug\trobot6_cir2_2wd.a(CyBootAsmGnu.o)
 .debug_info    0x0000b5fb     0x1371 .\CortexM3\ARM_GCC_493\Debug\trobot6_cir2_2wd.a(CyLib.o)
 .debug_info    0x0000c96c      0xa58 .\CortexM3\ARM_GCC_493\Debug\trobot6_cir2_2wd.a(cyPm.o)
 .debug_info    0x0000d3c4      0x4f0 .\CortexM3\ARM_GCC_493\Debug\trobot6_cir2_2wd.a(CySpc.o)
 .debug_info    0x0000d8b4      0x4b2 .\CortexM3\ARM_GCC_493\Debug\trobot6_cir2_2wd.a(SPIM_2.o)
 .debug_info    0x0000dd66      0x283 .\CortexM3\ARM_GCC_493\Debug\trobot6_cir2_2wd.a(SPIM_2_IntClock.o)
 .debug_info    0x0000dfe9      0x11f .\CortexM3\ARM_GCC_493\Debug\trobot6_cir2_2wd.a(dist8_SW_DET.o)
 .debug_info    0x0000e108      0x11f .\CortexM3\ARM_GCC_493\Debug\trobot6_cir2_2wd.a(Sonr_TRG_x4.o)
 .debug_info    0x0000e227      0x1d2 .\CortexM3\ARM_GCC_493\Debug\trobot6_cir2_2wd.a(USBUART_1_cls.o)
 .debug_info    0x0000e3f9      0x2cb .\CortexM3\ARM_GCC_493\Debug\trobot6_cir2_2wd.a(USBUART_1_descr.o)
 .debug_info    0x0000e6c4      0x60a .\CortexM3\ARM_GCC_493\Debug\trobot6_cir2_2wd.a(CyFlash.o)

.debug_abbrev   0x00000000     0x399f
 *(.debug_abbrev)
 .debug_abbrev  0x00000000      0x32d .\CortexM3\ARM_GCC_493\Debug\main.o
 .debug_abbrev  0x0000032d      0x22c .\CortexM3\ARM_GCC_493\Debug\Motor_Contl4_3.o
 .debug_abbrev  0x00000559       0x62 .\CortexM3\ARM_GCC_493\Debug\Motor_Contl4_3_data.o
 .debug_abbrev  0x000005bb       0xcc .\CortexM3\ARM_GCC_493\Debug\SelfTest_CPU.o
 .debug_abbrev  0x00000687       0x76 .\CortexM3\ARM_GCC_493\Debug\SelfTest_CPU_asm.o
 .debug_abbrev  0x000006fd       0x77 .\CortexM3\ARM_GCC_493\Debug\cymetadata.o
 .debug_abbrev  0x00000774      0x20f .\CortexM3\ARM_GCC_493\Debug\Cm3Start.o
 .debug_abbrev  0x00000983      0x223 .\CortexM3\ARM_GCC_493\Debug\trobot6_cir2_2wd.a(cyfitter_cfg.o)
 .debug_abbrev  0x00000ba6       0x81 .\CortexM3\ARM_GCC_493\Debug\trobot6_cir2_2wd.a(motor_contl_reg_0.o)
 .debug_abbrev  0x00000c27      0x25e .\CortexM3\ARM_GCC_493\Debug\trobot6_cir2_2wd.a(USBUART_1.o)
 .debug_abbrev  0x00000e85      0x28b .\CortexM3\ARM_GCC_493\Debug\trobot6_cir2_2wd.a(USBUART_1_cdc.o)
 .debug_abbrev  0x00001110      0x18b .\CortexM3\ARM_GCC_493\Debug\trobot6_cir2_2wd.a(USBUART_1_drv.o)
 .debug_abbrev  0x0000129b      0x11b .\CortexM3\ARM_GCC_493\Debug\trobot6_cir2_2wd.a(USBUART_1_episr.o)
 .debug_abbrev  0x000013b6      0x146 .\CortexM3\ARM_GCC_493\Debug\trobot6_cir2_2wd.a(USBUART_1_pm.o)
 .debug_abbrev  0x000014fc      0x23d .\CortexM3\ARM_GCC_493\Debug\trobot6_cir2_2wd.a(USBUART_1_std.o)
 .debug_abbrev  0x00001739       0xe3 .\CortexM3\ARM_GCC_493\Debug\trobot6_cir2_2wd.a(USBUART_1_vnd.o)
 .debug_abbrev  0x0000181c      0x173 .\CortexM3\ARM_GCC_493\Debug\trobot6_cir2_2wd.a(sub_cycle_int.o)
 .debug_abbrev  0x0000198f       0x90 .\CortexM3\ARM_GCC_493\Debug\trobot6_cir2_2wd.a(P_out.o)
 .debug_abbrev  0x00001a1f      0x145 .\CortexM3\ARM_GCC_493\Debug\trobot6_cir2_2wd.a(Timer_PWM.o)
 .debug_abbrev  0x00001b64      0x145 .\CortexM3\ARM_GCC_493\Debug\trobot6_cir2_2wd.a(Timer_cycle.o)
 .debug_abbrev  0x00001ca9       0x90 .\CortexM3\ARM_GCC_493\Debug\trobot6_cir2_2wd.a(FirstLine.o)
 .debug_abbrev  0x00001d39      0x1eb .\CortexM3\ARM_GCC_493\Debug\trobot6_cir2_2wd.a(ADC_SAR_1.o)
 .debug_abbrev  0x00001f24       0x42 .\CortexM3\ARM_GCC_493\Debug\trobot6_cir2_2wd.a(ADC_SAR_1_INT.o)
 .debug_abbrev  0x00001f66       0xcb .\CortexM3\ARM_GCC_493\Debug\trobot6_cir2_2wd.a(AMux_1.o)
 .debug_abbrev  0x00002031       0xf7 .\CortexM3\ARM_GCC_493\Debug\trobot6_cir2_2wd.a(VDAC8_1.o)
 .debug_abbrev  0x00002128      0x163 .\CortexM3\ARM_GCC_493\Debug\trobot6_cir2_2wd.a(DieTemp_1.o)
 .debug_abbrev  0x0000228b       0x90 .\CortexM3\ARM_GCC_493\Debug\trobot6_cir2_2wd.a(P_out_1.o)
 .debug_abbrev  0x0000231b      0x11a .\CortexM3\ARM_GCC_493\Debug\trobot6_cir2_2wd.a(Timer_sub_cycle.o)
 .debug_abbrev  0x00002435       0x90 .\CortexM3\ARM_GCC_493\Debug\trobot6_cir2_2wd.a(P_out_2.o)
 .debug_abbrev  0x000024c5      0x173 .\CortexM3\ARM_GCC_493\Debug\trobot6_cir2_2wd.a(SPIM_1.o)
 .debug_abbrev  0x00002638       0x81 .\CortexM3\ARM_GCC_493\Debug\trobot6_cir2_2wd.a(SS0_B.o)
 .debug_abbrev  0x000026b9       0x81 .\CortexM3\ARM_GCC_493\Debug\trobot6_cir2_2wd.a(motor_en_reg.o)
 .debug_abbrev  0x0000273a       0x81 .\CortexM3\ARM_GCC_493\Debug\trobot6_cir2_2wd.a(motor_contl_reg_1.o)
 .debug_abbrev  0x000027bb       0xc6 .\CortexM3\ARM_GCC_493\Debug\trobot6_cir2_2wd.a(BMP_SW.o)
 .debug_abbrev  0x00002881       0x90 .\CortexM3\ARM_GCC_493\Debug\trobot6_cir2_2wd.a(MOTOR_FAULT.o)
 .debug_abbrev  0x00002911       0x90 .\CortexM3\ARM_GCC_493\Debug\trobot6_cir2_2wd.a(USBUART_1_Dp.o)
 .debug_abbrev  0x000029a1      0x139 .\CortexM3\ARM_GCC_493\Debug\trobot6_cir2_2wd.a(ADC_SAR_1_theACLK.o)
 .debug_abbrev  0x00002ada      0x139 .\CortexM3\ARM_GCC_493\Debug\trobot6_cir2_2wd.a(SPIM_1_IntClock.o)
 .debug_abbrev  0x00002c13       0x14 .\CortexM3\ARM_GCC_493\Debug\trobot6_cir2_2wd.a(CyBootAsmGnu.o)
 .debug_abbrev  0x00002c27      0x296 .\CortexM3\ARM_GCC_493\Debug\trobot6_cir2_2wd.a(CyLib.o)
 .debug_abbrev  0x00002ebd      0x1ed .\CortexM3\ARM_GCC_493\Debug\trobot6_cir2_2wd.a(cyPm.o)
 .debug_abbrev  0x000030aa      0x1c1 .\CortexM3\ARM_GCC_493\Debug\trobot6_cir2_2wd.a(CySpc.o)
 .debug_abbrev  0x0000326b      0x173 .\CortexM3\ARM_GCC_493\Debug\trobot6_cir2_2wd.a(SPIM_2.o)
 .debug_abbrev  0x000033de      0x139 .\CortexM3\ARM_GCC_493\Debug\trobot6_cir2_2wd.a(SPIM_2_IntClock.o)
 .debug_abbrev  0x00003517       0x90 .\CortexM3\ARM_GCC_493\Debug\trobot6_cir2_2wd.a(dist8_SW_DET.o)
 .debug_abbrev  0x000035a7       0x90 .\CortexM3\ARM_GCC_493\Debug\trobot6_cir2_2wd.a(Sonr_TRG_x4.o)
 .debug_abbrev  0x00003637       0xe3 .\CortexM3\ARM_GCC_493\Debug\trobot6_cir2_2wd.a(USBUART_1_cls.o)
 .debug_abbrev  0x0000371a       0xb4 .\CortexM3\ARM_GCC_493\Debug\trobot6_cir2_2wd.a(USBUART_1_descr.o)
 .debug_abbrev  0x000037ce      0x1d1 .\CortexM3\ARM_GCC_493\Debug\trobot6_cir2_2wd.a(CyFlash.o)

.debug_line     0x00000000     0x53a4
 *(.debug_line)
 .debug_line    0x00000000      0xdb9 .\CortexM3\ARM_GCC_493\Debug\main.o
 .debug_line    0x00000db9      0x1da .\CortexM3\ARM_GCC_493\Debug\Motor_Contl4_3.o
 .debug_line    0x00000f93       0x7a .\CortexM3\ARM_GCC_493\Debug\Motor_Contl4_3_data.o
 .debug_line    0x0000100d      0x1e8 .\CortexM3\ARM_GCC_493\Debug\SelfTest_CPU.o
 .debug_line    0x000011f5      0x17a .\CortexM3\ARM_GCC_493\Debug\SelfTest_CPU_asm.o
 .debug_line    0x0000136f       0x53 .\CortexM3\ARM_GCC_493\Debug\cymetadata.o
 .debug_line    0x000013c2      0x249 .\CortexM3\ARM_GCC_493\Debug\Cm3Start.o
 .debug_line    0x0000160b      0x279 .\CortexM3\ARM_GCC_493\Debug\trobot6_cir2_2wd.a(cyfitter_cfg.o)
 .debug_line    0x00001884       0x7b .\CortexM3\ARM_GCC_493\Debug\trobot6_cir2_2wd.a(motor_contl_reg_0.o)
 .debug_line    0x000018ff      0x2d0 .\CortexM3\ARM_GCC_493\Debug\trobot6_cir2_2wd.a(USBUART_1.o)
 .debug_line    0x00001bcf      0x2fa .\CortexM3\ARM_GCC_493\Debug\trobot6_cir2_2wd.a(USBUART_1_cdc.o)
 .debug_line    0x00001ec9      0x229 .\CortexM3\ARM_GCC_493\Debug\trobot6_cir2_2wd.a(USBUART_1_drv.o)
 .debug_line    0x000020f2       0xee .\CortexM3\ARM_GCC_493\Debug\trobot6_cir2_2wd.a(USBUART_1_episr.o)
 .debug_line    0x000021e0      0x118 .\CortexM3\ARM_GCC_493\Debug\trobot6_cir2_2wd.a(USBUART_1_pm.o)
 .debug_line    0x000022f8      0x3ed .\CortexM3\ARM_GCC_493\Debug\trobot6_cir2_2wd.a(USBUART_1_std.o)
 .debug_line    0x000026e5       0x93 .\CortexM3\ARM_GCC_493\Debug\trobot6_cir2_2wd.a(USBUART_1_vnd.o)
 .debug_line    0x00002778      0x153 .\CortexM3\ARM_GCC_493\Debug\trobot6_cir2_2wd.a(sub_cycle_int.o)