ARM GAS  C:\Users\miyag\AppData\Local\Temp\ccMogLpV.s 			page 1


   1              		.syntax unified
   2              		.cpu cortex-m3
   3              		.fpu softvfp
   4              		.eabi_attribute 20, 1
   5              		.eabi_attribute 21, 1
   6              		.eabi_attribute 23, 3
   7              		.eabi_attribute 24, 1
   8              		.eabi_attribute 25, 1
   9              		.eabi_attribute 26, 1
  10              		.eabi_attribute 30, 4
  11              		.eabi_attribute 34, 1
  12              		.eabi_attribute 18, 4
  13              		.thumb
  14              		.file	"P_out.c"
  15              		.text
  16              	.Ltext0:
  17              		.cfi_sections	.debug_frame
  18              		.section	.text.P_out_Write,"ax",%progbits
  19              		.align	1
  20              		.global	P_out_Write
  21              		.thumb
  22              		.thumb_func
  23              		.type	P_out_Write, %function
  24              	P_out_Write:
  25              	.LFB0:
  26              		.file 1 ".\\Generated_Source\\PSoC5\\P_out.c"
   1:.\Generated_Source\PSoC5/P_out.c **** /*******************************************************************************
   2:.\Generated_Source\PSoC5/P_out.c **** * File Name: P_out.c  
   3:.\Generated_Source\PSoC5/P_out.c **** * Version 2.20
   4:.\Generated_Source\PSoC5/P_out.c **** *
   5:.\Generated_Source\PSoC5/P_out.c **** * Description:
   6:.\Generated_Source\PSoC5/P_out.c **** *  This file contains API to enable firmware control of a Pins component.
   7:.\Generated_Source\PSoC5/P_out.c **** *
   8:.\Generated_Source\PSoC5/P_out.c **** * Note:
   9:.\Generated_Source\PSoC5/P_out.c **** *
  10:.\Generated_Source\PSoC5/P_out.c **** ********************************************************************************
  11:.\Generated_Source\PSoC5/P_out.c **** * Copyright 2008-2015, Cypress Semiconductor Corporation.  All rights reserved.
  12:.\Generated_Source\PSoC5/P_out.c **** * You may use this file only in accordance with the license, terms, conditions, 
  13:.\Generated_Source\PSoC5/P_out.c **** * disclaimers, and limitations in the end user license agreement accompanying 
  14:.\Generated_Source\PSoC5/P_out.c **** * the software package with which this file was provided.
  15:.\Generated_Source\PSoC5/P_out.c **** *******************************************************************************/
  16:.\Generated_Source\PSoC5/P_out.c **** 
  17:.\Generated_Source\PSoC5/P_out.c **** #include "cytypes.h"
  18:.\Generated_Source\PSoC5/P_out.c **** #include "P_out.h"
  19:.\Generated_Source\PSoC5/P_out.c **** 
  20:.\Generated_Source\PSoC5/P_out.c **** /* APIs are not generated for P15[7:6] on PSoC 5 */
  21:.\Generated_Source\PSoC5/P_out.c **** #if !(CY_PSOC5A &&\
  22:.\Generated_Source\PSoC5/P_out.c **** 	 P_out__PORT == 15 && ((P_out__MASK & 0xC0) != 0))
  23:.\Generated_Source\PSoC5/P_out.c **** 
  24:.\Generated_Source\PSoC5/P_out.c **** 
  25:.\Generated_Source\PSoC5/P_out.c **** /*******************************************************************************
  26:.\Generated_Source\PSoC5/P_out.c **** * Function Name: P_out_Write
  27:.\Generated_Source\PSoC5/P_out.c **** ****************************************************************************//**
  28:.\Generated_Source\PSoC5/P_out.c **** *
  29:.\Generated_Source\PSoC5/P_out.c **** * \brief Writes the value to the physical port (data output register), masking
  30:.\Generated_Source\PSoC5/P_out.c **** *  and shifting the bits appropriately. 
  31:.\Generated_Source\PSoC5/P_out.c **** *
ARM GAS  C:\Users\miyag\AppData\Local\Temp\ccMogLpV.s 			page 2


  32:.\Generated_Source\PSoC5/P_out.c **** * The data output register controls the signal applied to the physical pin in 
  33:.\Generated_Source\PSoC5/P_out.c **** * conjunction with the drive mode parameter. This function avoids changing 
  34:.\Generated_Source\PSoC5/P_out.c **** * other bits in the port by using the appropriate method (read-modify-write or
  35:.\Generated_Source\PSoC5/P_out.c **** * bit banding).
  36:.\Generated_Source\PSoC5/P_out.c **** *
  37:.\Generated_Source\PSoC5/P_out.c **** * <b>Note</b> This function should not be used on a hardware digital output pin 
  38:.\Generated_Source\PSoC5/P_out.c **** * as it is driven by the hardware signal attached to it.
  39:.\Generated_Source\PSoC5/P_out.c **** *
  40:.\Generated_Source\PSoC5/P_out.c **** * \param value
  41:.\Generated_Source\PSoC5/P_out.c **** *  Value to write to the component instance.
  42:.\Generated_Source\PSoC5/P_out.c **** *
  43:.\Generated_Source\PSoC5/P_out.c **** * \return 
  44:.\Generated_Source\PSoC5/P_out.c **** *  None 
  45:.\Generated_Source\PSoC5/P_out.c **** *
  46:.\Generated_Source\PSoC5/P_out.c **** * \sideeffect
  47:.\Generated_Source\PSoC5/P_out.c **** *  If you use read-modify-write operations that are not atomic; the Interrupt 
  48:.\Generated_Source\PSoC5/P_out.c **** *  Service Routines (ISR) can cause corruption of this function. An ISR that 
  49:.\Generated_Source\PSoC5/P_out.c **** *  interrupts this function and performs writes to the Pins component data 
  50:.\Generated_Source\PSoC5/P_out.c **** *  register can cause corrupted port data. To avoid this issue, you should 
  51:.\Generated_Source\PSoC5/P_out.c **** *  either use the Per-Pin APIs (primary method) or disable interrupts around 
  52:.\Generated_Source\PSoC5/P_out.c **** *  this function.
  53:.\Generated_Source\PSoC5/P_out.c **** *
  54:.\Generated_Source\PSoC5/P_out.c **** * \funcusage
  55:.\Generated_Source\PSoC5/P_out.c **** *  \snippet P_out_SUT.c usage_P_out_Write
  56:.\Generated_Source\PSoC5/P_out.c **** *******************************************************************************/
  57:.\Generated_Source\PSoC5/P_out.c **** void P_out_Write(uint8 value)
  58:.\Generated_Source\PSoC5/P_out.c **** {
  27              		.loc 1 58 0
  28              		.cfi_startproc
  29              		@ args = 0, pretend = 0, frame = 0
  30              		@ frame_needed = 0, uses_anonymous_args = 0
  31              		@ link register save eliminated.
  32              	.LVL0:
  59:.\Generated_Source\PSoC5/P_out.c ****     uint8 staticBits = (P_out_DR & (uint8)(~P_out_MASK));
  33              		.loc 1 59 0
  34 0000 044A     		ldr	r2, .L2
  35 0002 1378     		ldrb	r3, [r2]	@ zero_extendqisi2
  36              	.LVL1:
  37 0004 03F00F03 		and	r3, r3, #15
  38              	.LVL2:
  60:.\Generated_Source\PSoC5/P_out.c ****     P_out_DR = staticBits | ((uint8)(value << P_out_SHIFT) & P_out_MASK);
  39              		.loc 1 60 0
  40 0008 43EA0010 		orr	r0, r3, r0, lsl #4
  41              	.LVL3:
  42 000c C0B2     		uxtb	r0, r0
  43 000e 1070     		strb	r0, [r2]
  44 0010 7047     		bx	lr
  45              	.L3:
  46 0012 00BF     		.align	2
  47              	.L2:
  48 0014 20510040 		.word	1073762592
  49              		.cfi_endproc
  50              	.LFE0:
  51              		.size	P_out_Write, .-P_out_Write
  52              		.section	.text.P_out_SetDriveMode,"ax",%progbits
  53              		.align	1
  54              		.global	P_out_SetDriveMode
ARM GAS  C:\Users\miyag\AppData\Local\Temp\ccMogLpV.s 			page 3


  55              		.thumb
  56              		.thumb_func
  57              		.type	P_out_SetDriveMode, %function
  58              	P_out_SetDriveMode:
  59              	.LFB1:
  61:.\Generated_Source\PSoC5/P_out.c **** }
  62:.\Generated_Source\PSoC5/P_out.c **** 
  63:.\Generated_Source\PSoC5/P_out.c **** 
  64:.\Generated_Source\PSoC5/P_out.c **** /*******************************************************************************
  65:.\Generated_Source\PSoC5/P_out.c **** * Function Name: P_out_SetDriveMode
  66:.\Generated_Source\PSoC5/P_out.c **** ****************************************************************************//**
  67:.\Generated_Source\PSoC5/P_out.c **** *
  68:.\Generated_Source\PSoC5/P_out.c **** * \brief Sets the drive mode for each of the Pins component's pins.
  69:.\Generated_Source\PSoC5/P_out.c **** * 
  70:.\Generated_Source\PSoC5/P_out.c **** * <b>Note</b> This affects all pins in the Pins component instance. Use the
  71:.\Generated_Source\PSoC5/P_out.c **** * Per-Pin APIs if you wish to control individual pin's drive modes.
  72:.\Generated_Source\PSoC5/P_out.c **** *
  73:.\Generated_Source\PSoC5/P_out.c **** * \param mode
  74:.\Generated_Source\PSoC5/P_out.c **** *  Mode for the selected signals. Valid options are documented in 
  75:.\Generated_Source\PSoC5/P_out.c **** *  \ref driveMode.
  76:.\Generated_Source\PSoC5/P_out.c **** *
  77:.\Generated_Source\PSoC5/P_out.c **** * \return
  78:.\Generated_Source\PSoC5/P_out.c **** *  None
  79:.\Generated_Source\PSoC5/P_out.c **** *
  80:.\Generated_Source\PSoC5/P_out.c **** * \sideeffect
  81:.\Generated_Source\PSoC5/P_out.c **** *  If you use read-modify-write operations that are not atomic, the ISR can
  82:.\Generated_Source\PSoC5/P_out.c **** *  cause corruption of this function. An ISR that interrupts this function 
  83:.\Generated_Source\PSoC5/P_out.c **** *  and performs writes to the Pins component Drive Mode registers can cause 
  84:.\Generated_Source\PSoC5/P_out.c **** *  corrupted port data. To avoid this issue, you should either use the Per-Pin
  85:.\Generated_Source\PSoC5/P_out.c **** *  APIs (primary method) or disable interrupts around this function.
  86:.\Generated_Source\PSoC5/P_out.c **** *
  87:.\Generated_Source\PSoC5/P_out.c **** * \funcusage
  88:.\Generated_Source\PSoC5/P_out.c **** *  \snippet P_out_SUT.c usage_P_out_SetDriveMode
  89:.\Generated_Source\PSoC5/P_out.c **** *******************************************************************************/
  90:.\Generated_Source\PSoC5/P_out.c **** void P_out_SetDriveMode(uint8 mode)
  91:.\Generated_Source\PSoC5/P_out.c **** {
  60              		.loc 1 91 0
  61              		.cfi_startproc
  62              		@ args = 0, pretend = 0, frame = 0
  63              		@ frame_needed = 0, uses_anonymous_args = 0
  64              		@ link register save eliminated.
  65              	.LVL4:
  92:.\Generated_Source\PSoC5/P_out.c **** 	CyPins_SetPinDriveMode(P_out_0, mode);
  66              		.loc 1 92 0
  67 0000 0B4A     		ldr	r2, .L5
  68 0002 00F00E00 		and	r0, r0, #14
  69              	.LVL5:
  70 0006 1378     		ldrb	r3, [r2]	@ zero_extendqisi2
  71 0008 03F0F103 		and	r3, r3, #241
  72 000c 0343     		orrs	r3, r3, r0
  73 000e 1370     		strb	r3, [r2]
  93:.\Generated_Source\PSoC5/P_out.c **** 	CyPins_SetPinDriveMode(P_out_1, mode);
  74              		.loc 1 93 0
  75 0010 5378     		ldrb	r3, [r2, #1]	@ zero_extendqisi2
  76 0012 03F0F103 		and	r3, r3, #241
  77 0016 0343     		orrs	r3, r3, r0
  78 0018 5370     		strb	r3, [r2, #1]
ARM GAS  C:\Users\miyag\AppData\Local\Temp\ccMogLpV.s 			page 4


  94:.\Generated_Source\PSoC5/P_out.c **** 	CyPins_SetPinDriveMode(P_out_2, mode);
  79              		.loc 1 94 0
  80 001a 9378     		ldrb	r3, [r2, #2]	@ zero_extendqisi2
  81 001c 03F0F103 		and	r3, r3, #241
  82 0020 0343     		orrs	r3, r3, r0
  83 0022 9370     		strb	r3, [r2, #2]
  95:.\Generated_Source\PSoC5/P_out.c **** 	CyPins_SetPinDriveMode(P_out_3, mode);
  84              		.loc 1 95 0
  85 0024 D378     		ldrb	r3, [r2, #3]	@ zero_extendqisi2
  86 0026 03F0F103 		and	r3, r3, #241
  87 002a 1843     		orrs	r0, r0, r3
  88 002c D070     		strb	r0, [r2, #3]
  89 002e 7047     		bx	lr
  90              	.L6:
  91              		.align	2
  92              	.L5:
  93 0030 14500040 		.word	1073762324
  94              		.cfi_endproc
  95              	.LFE1:
  96              		.size	P_out_SetDriveMode, .-P_out_SetDriveMode
  97              		.section	.text.P_out_Read,"ax",%progbits
  98              		.align	1
  99              		.global	P_out_Read
 100              		.thumb
 101              		.thumb_func
 102              		.type	P_out_Read, %function
 103              	P_out_Read:
 104              	.LFB2:
  96:.\Generated_Source\PSoC5/P_out.c **** }
  97:.\Generated_Source\PSoC5/P_out.c **** 
  98:.\Generated_Source\PSoC5/P_out.c **** 
  99:.\Generated_Source\PSoC5/P_out.c **** /*******************************************************************************
 100:.\Generated_Source\PSoC5/P_out.c **** * Function Name: P_out_Read
 101:.\Generated_Source\PSoC5/P_out.c **** ****************************************************************************//**
 102:.\Generated_Source\PSoC5/P_out.c **** *
 103:.\Generated_Source\PSoC5/P_out.c **** * \brief Reads the associated physical port (pin status register) and masks 
 104:.\Generated_Source\PSoC5/P_out.c **** *  the required bits according to the width and bit position of the component
 105:.\Generated_Source\PSoC5/P_out.c **** *  instance. 
 106:.\Generated_Source\PSoC5/P_out.c **** *
 107:.\Generated_Source\PSoC5/P_out.c **** * The pin's status register returns the current logic level present on the 
 108:.\Generated_Source\PSoC5/P_out.c **** * physical pin.
 109:.\Generated_Source\PSoC5/P_out.c **** *
 110:.\Generated_Source\PSoC5/P_out.c **** * \return 
 111:.\Generated_Source\PSoC5/P_out.c **** *  The current value for the pins in the component as a right justified number.
 112:.\Generated_Source\PSoC5/P_out.c **** *
 113:.\Generated_Source\PSoC5/P_out.c **** * \funcusage
 114:.\Generated_Source\PSoC5/P_out.c **** *  \snippet P_out_SUT.c usage_P_out_Read  
 115:.\Generated_Source\PSoC5/P_out.c **** *******************************************************************************/
 116:.\Generated_Source\PSoC5/P_out.c **** uint8 P_out_Read(void)
 117:.\Generated_Source\PSoC5/P_out.c **** {
 105              		.loc 1 117 0
 106              		.cfi_startproc
 107              		@ args = 0, pretend = 0, frame = 0
 108              		@ frame_needed = 0, uses_anonymous_args = 0
 109              		@ link register save eliminated.
 118:.\Generated_Source\PSoC5/P_out.c ****     return (P_out_PS & P_out_MASK) >> P_out_SHIFT;
 110              		.loc 1 118 0
ARM GAS  C:\Users\miyag\AppData\Local\Temp\ccMogLpV.s 			page 5


 111 0000 014B     		ldr	r3, .L8
 112 0002 1878     		ldrb	r0, [r3]	@ zero_extendqisi2
 119:.\Generated_Source\PSoC5/P_out.c **** }
 113              		.loc 1 119 0
 114 0004 0009     		lsrs	r0, r0, #4
 115 0006 7047     		bx	lr
 116              	.L9:
 117              		.align	2
 118              	.L8:
 119 0008 21510040 		.word	1073762593
 120              		.cfi_endproc
 121              	.LFE2:
 122              		.size	P_out_Read, .-P_out_Read
 123              		.section	.text.P_out_ReadDataReg,"ax",%progbits
 124              		.align	1
 125              		.global	P_out_ReadDataReg
 126              		.thumb
 127              		.thumb_func
 128              		.type	P_out_ReadDataReg, %function
 129              	P_out_ReadDataReg:
 130              	.LFB3:
 120:.\Generated_Source\PSoC5/P_out.c **** 
 121:.\Generated_Source\PSoC5/P_out.c **** 
 122:.\Generated_Source\PSoC5/P_out.c **** /*******************************************************************************
 123:.\Generated_Source\PSoC5/P_out.c **** * Function Name: P_out_ReadDataReg
 124:.\Generated_Source\PSoC5/P_out.c **** ****************************************************************************//**
 125:.\Generated_Source\PSoC5/P_out.c **** *
 126:.\Generated_Source\PSoC5/P_out.c **** * \brief Reads the associated physical port's data output register and masks 
 127:.\Generated_Source\PSoC5/P_out.c **** *  the correct bits according to the width and bit position of the component 
 128:.\Generated_Source\PSoC5/P_out.c **** *  instance. 
 129:.\Generated_Source\PSoC5/P_out.c **** *
 130:.\Generated_Source\PSoC5/P_out.c **** * The data output register controls the signal applied to the physical pin in 
 131:.\Generated_Source\PSoC5/P_out.c **** * conjunction with the drive mode parameter. This is not the same as the 
 132:.\Generated_Source\PSoC5/P_out.c **** * preferred P_out_Read() API because the 
 133:.\Generated_Source\PSoC5/P_out.c **** * P_out_ReadDataReg() reads the data register instead of the status 
 134:.\Generated_Source\PSoC5/P_out.c **** * register. For output pins this is a useful function to determine the value 
 135:.\Generated_Source\PSoC5/P_out.c **** * just written to the pin.
 136:.\Generated_Source\PSoC5/P_out.c **** *
 137:.\Generated_Source\PSoC5/P_out.c **** * \return 
 138:.\Generated_Source\PSoC5/P_out.c **** *  The current value of the data register masked and shifted into a right 
 139:.\Generated_Source\PSoC5/P_out.c **** *  justified number for the component instance.
 140:.\Generated_Source\PSoC5/P_out.c **** *
 141:.\Generated_Source\PSoC5/P_out.c **** * \funcusage
 142:.\Generated_Source\PSoC5/P_out.c **** *  \snippet P_out_SUT.c usage_P_out_ReadDataReg 
 143:.\Generated_Source\PSoC5/P_out.c **** *******************************************************************************/
 144:.\Generated_Source\PSoC5/P_out.c **** uint8 P_out_ReadDataReg(void)
 145:.\Generated_Source\PSoC5/P_out.c **** {
 131              		.loc 1 145 0
 132              		.cfi_startproc
 133              		@ args = 0, pretend = 0, frame = 0
 134              		@ frame_needed = 0, uses_anonymous_args = 0
 135              		@ link register save eliminated.
 146:.\Generated_Source\PSoC5/P_out.c ****     return (P_out_DR & P_out_MASK) >> P_out_SHIFT;
 136              		.loc 1 146 0
 137 0000 014B     		ldr	r3, .L11
 138 0002 1878     		ldrb	r0, [r3]	@ zero_extendqisi2
 147:.\Generated_Source\PSoC5/P_out.c **** }
ARM GAS  C:\Users\miyag\AppData\Local\Temp\ccMogLpV.s 			page 6


 139              		.loc 1 147 0
 140 0004 0009     		lsrs	r0, r0, #4
 141 0006 7047     		bx	lr
 142              	.L12:
 143              		.align	2
 144              	.L11:
 145 0008 20510040 		.word	1073762592
 146              		.cfi_endproc
 147              	.LFE3:
 148              		.size	P_out_ReadDataReg, .-P_out_ReadDataReg
 149              		.text
 150              	.Letext0:
 151              		.file 2 ".\\Generated_Source\\PSoC5\\cytypes.h"
 152              		.section	.debug_info,"",%progbits
 153              	.Ldebug_info0:
 154 0000 1D010000 		.4byte	0x11d
 155 0004 0400     		.2byte	0x4
 156 0006 00000000 		.4byte	.Ldebug_abbrev0
 157 000a 04       		.byte	0x4
 158 000b 01       		.uleb128 0x1
 159 000c 30010000 		.4byte	.LASF20
 160 0010 01       		.byte	0x1
 161 0011 0F010000 		.4byte	.LASF21
 162 0015 61000000 		.4byte	.LASF22
 163 0019 00000000 		.4byte	.Ldebug_ranges0+0
 164 001d 00000000 		.4byte	0
 165 0021 00000000 		.4byte	.Ldebug_line0
 166 0025 02       		.uleb128 0x2
 167 0026 01       		.byte	0x1
 168 0027 06       		.byte	0x6
 169 0028 D9010000 		.4byte	.LASF0
 170 002c 02       		.uleb128 0x2
 171 002d 01       		.byte	0x1
 172 002e 08       		.byte	0x8
 173 002f 1D000000 		.4byte	.LASF1
 174 0033 02       		.uleb128 0x2
 175 0034 02       		.byte	0x2
 176 0035 05       		.byte	0x5
 177 0036 AB000000 		.4byte	.LASF2
 178 003a 02       		.uleb128 0x2
 179 003b 02       		.byte	0x2
 180 003c 07       		.byte	0x7
 181 003d 4E000000 		.4byte	.LASF3
 182 0041 02       		.uleb128 0x2
 183 0042 04       		.byte	0x4
 184 0043 05       		.byte	0x5
 185 0044 BE010000 		.4byte	.LASF4
 186 0048 02       		.uleb128 0x2
 187 0049 04       		.byte	0x4
 188 004a 07       		.byte	0x7
 189 004b 3C000000 		.4byte	.LASF5
 190 004f 02       		.uleb128 0x2
 191 0050 08       		.byte	0x8
 192 0051 05       		.byte	0x5
 193 0052 FC000000 		.4byte	.LASF6
 194 0056 02       		.uleb128 0x2
 195 0057 08       		.byte	0x8
ARM GAS  C:\Users\miyag\AppData\Local\Temp\ccMogLpV.s 			page 7


 196 0058 07       		.byte	0x7
 197 0059 CD000000 		.4byte	.LASF7
 198 005d 03       		.uleb128 0x3
 199 005e 04       		.byte	0x4
 200 005f 05       		.byte	0x5
 201 0060 696E7400 		.ascii	"int\000"
 202 0064 02       		.uleb128 0x2
 203 0065 04       		.byte	0x4
 204 0066 07       		.byte	0x7
 205 0067 B5000000 		.4byte	.LASF8
 206 006b 04       		.uleb128 0x4
 207 006c 17000000 		.4byte	.LASF12
 208 0070 02       		.byte	0x2
 209 0071 9201     		.2byte	0x192
 210 0073 2C000000 		.4byte	0x2c
 211 0077 02       		.uleb128 0x2
 212 0078 04       		.byte	0x4
 213 0079 04       		.byte	0x4
 214 007a 11000000 		.4byte	.LASF9
 215 007e 02       		.uleb128 0x2
 216 007f 08       		.byte	0x8
 217 0080 04       		.byte	0x4
 218 0081 A4000000 		.4byte	.LASF10
 219 0085 02       		.uleb128 0x2
 220 0086 01       		.byte	0x1
 221 0087 08       		.byte	0x8
 222 0088 0A010000 		.4byte	.LASF11
 223 008c 04       		.uleb128 0x4
 224 008d 37000000 		.4byte	.LASF13
 225 0091 02       		.byte	0x2
 226 0092 3C02     		.2byte	0x23c
 227 0094 98000000 		.4byte	0x98
 228 0098 05       		.uleb128 0x5
 229 0099 6B000000 		.4byte	0x6b
 230 009d 06       		.uleb128 0x6
 231 009e 2B000000 		.4byte	.LASF14
 232 00a2 01       		.byte	0x1
 233 00a3 39       		.byte	0x39
 234 00a4 00000000 		.4byte	.LFB0
 235 00a8 18000000 		.4byte	.LFE0-.LFB0
 236 00ac 01       		.uleb128 0x1
 237 00ad 9C       		.byte	0x9c
 238 00ae D1000000 		.4byte	0xd1
 239 00b2 07       		.uleb128 0x7
 240 00b3 00000000 		.4byte	.LASF16
 241 00b7 01       		.byte	0x1
 242 00b8 39       		.byte	0x39
 243 00b9 6B000000 		.4byte	0x6b
 244 00bd 00000000 		.4byte	.LLST0
 245 00c1 08       		.uleb128 0x8
 246 00c2 06000000 		.4byte	.LASF23
 247 00c6 01       		.byte	0x1
 248 00c7 3B       		.byte	0x3b
 249 00c8 6B000000 		.4byte	0x6b
 250 00cc 21000000 		.4byte	.LLST1
 251 00d0 00       		.byte	0
 252 00d1 06       		.uleb128 0x6
ARM GAS  C:\Users\miyag\AppData\Local\Temp\ccMogLpV.s 			page 8


 253 00d2 E9000000 		.4byte	.LASF15
 254 00d6 01       		.byte	0x1
 255 00d7 5A       		.byte	0x5a
 256 00d8 00000000 		.4byte	.LFB1
 257 00dc 34000000 		.4byte	.LFE1-.LFB1
 258 00e0 01       		.uleb128 0x1
 259 00e1 9C       		.byte	0x9c
 260 00e2 F6000000 		.4byte	0xf6
 261 00e6 07       		.uleb128 0x7
 262 00e7 E4000000 		.4byte	.LASF17
 263 00eb 01       		.byte	0x1
 264 00ec 5A       		.byte	0x5a
 265 00ed 6B000000 		.4byte	0x6b
 266 00f1 38000000 		.4byte	.LLST2
 267 00f5 00       		.byte	0
 268 00f6 09       		.uleb128 0x9
 269 00f7 C2000000 		.4byte	.LASF18
 270 00fb 01       		.byte	0x1
 271 00fc 74       		.byte	0x74
 272 00fd 6B000000 		.4byte	0x6b
 273 0101 00000000 		.4byte	.LFB2
 274 0105 0C000000 		.4byte	.LFE2-.LFB2
 275 0109 01       		.uleb128 0x1
 276 010a 9C       		.byte	0x9c
 277 010b 09       		.uleb128 0x9
 278 010c C7010000 		.4byte	.LASF19
 279 0110 01       		.byte	0x1
 280 0111 90       		.byte	0x90
 281 0112 6B000000 		.4byte	0x6b
 282 0116 00000000 		.4byte	.LFB3
 283 011a 0C000000 		.4byte	.LFE3-.LFB3
 284 011e 01       		.uleb128 0x1
 285 011f 9C       		.byte	0x9c
 286 0120 00       		.byte	0
 287              		.section	.debug_abbrev,"",%progbits
 288              	.Ldebug_abbrev0:
 289 0000 01       		.uleb128 0x1
 290 0001 11       		.uleb128 0x11
 291 0002 01       		.byte	0x1
 292 0003 25       		.uleb128 0x25
 293 0004 0E       		.uleb128 0xe
 294 0005 13       		.uleb128 0x13
 295 0006 0B       		.uleb128 0xb
 296 0007 03       		.uleb128 0x3
 297 0008 0E       		.uleb128 0xe
 298 0009 1B       		.uleb128 0x1b
 299 000a 0E       		.uleb128 0xe
 300 000b 55       		.uleb128 0x55
 301 000c 17       		.uleb128 0x17
 302 000d 11       		.uleb128 0x11
 303 000e 01       		.uleb128 0x1
 304 000f 10       		.uleb128 0x10
 305 0010 17       		.uleb128 0x17
 306 0011 00       		.byte	0
 307 0012 00       		.byte	0
 308 0013 02       		.uleb128 0x2
 309 0014 24       		.uleb128 0x24
ARM GAS  C:\Users\miyag\AppData\Local\Temp\ccMogLpV.s 			page 9


 310 0015 00       		.byte	0
 311 0016 0B       		.uleb128 0xb
 312 0017 0B       		.uleb128 0xb
 313 0018 3E       		.uleb128 0x3e
 314 0019 0B       		.uleb128 0xb
 315 001a 03       		.uleb128 0x3
 316 001b 0E       		.uleb128 0xe
 317 001c 00       		.byte	0
 318 001d 00       		.byte	0
 319 001e 03       		.uleb128 0x3
 320 001f 24       		.uleb128 0x24
 321 0020 00       		.byte	0
 322 0021 0B       		.uleb128 0xb
 323 0022 0B       		.uleb128 0xb
 324 0023 3E       		.uleb128 0x3e
 325 0024 0B       		.uleb128 0xb
 326 0025 03       		.uleb128 0x3
 327 0026 08       		.uleb128 0x8
 328 0027 00       		.byte	0
 329 0028 00       		.byte	0
 330 0029 04       		.uleb128 0x4
 331 002a 16       		.uleb128 0x16
 332 002b 00       		.byte	0
 333 002c 03       		.uleb128 0x3
 334 002d 0E       		.uleb128 0xe
 335 002e 3A       		.uleb128 0x3a
 336 002f 0B       		.uleb128 0xb
 337 0030 3B       		.uleb128 0x3b
 338 0031 05       		.uleb128 0x5
 339 0032 49       		.uleb128 0x49
 340 0033 13       		.uleb128 0x13
 341 0034 00       		.byte	0
 342 0035 00       		.byte	0
 343 0036 05       		.uleb128 0x5
 344 0037 35       		.uleb128 0x35
 345 0038 00       		.byte	0
 346 0039 49       		.uleb128 0x49
 347 003a 13       		.uleb128 0x13
 348 003b 00       		.byte	0
 349 003c 00       		.byte	0
 350 003d 06       		.uleb128 0x6
 351 003e 2E       		.uleb128 0x2e
 352 003f 01       		.byte	0x1
 353 0040 3F       		.uleb128 0x3f
 354 0041 19       		.uleb128 0x19
 355 0042 03       		.uleb128 0x3
 356 0043 0E       		.uleb128 0xe
 357 0044 3A       		.uleb128 0x3a
 358 0045 0B       		.uleb128 0xb
 359 0046 3B       		.uleb128 0x3b
 360 0047 0B       		.uleb128 0xb
 361 0048 27       		.uleb128 0x27
 362 0049 19       		.uleb128 0x19
 363 004a 11       		.uleb128 0x11
 364 004b 01       		.uleb128 0x1
 365 004c 12       		.uleb128 0x12
 366 004d 06       		.uleb128 0x6
ARM GAS  C:\Users\miyag\AppData\Local\Temp\ccMogLpV.s 			page 10


 367 004e 40       		.uleb128 0x40
 368 004f 18       		.uleb128 0x18
 369 0050 9742     		.uleb128 0x2117
 370 0052 19       		.uleb128 0x19
 371 0053 01       		.uleb128 0x1
 372 0054 13       		.uleb128 0x13
 373 0055 00       		.byte	0
 374 0056 00       		.byte	0
 375 0057 07       		.uleb128 0x7
 376 0058 05       		.uleb128 0x5
 377 0059 00       		.byte	0
 378 005a 03       		.uleb128 0x3
 379 005b 0E       		.uleb128 0xe
 380 005c 3A       		.uleb128 0x3a
 381 005d 0B       		.uleb128 0xb
 382 005e 3B       		.uleb128 0x3b
 383 005f 0B       		.uleb128 0xb
 384 0060 49       		.uleb128 0x49
 385 0061 13       		.uleb128 0x13
 386 0062 02       		.uleb128 0x2
 387 0063 17       		.uleb128 0x17
 388 0064 00       		.byte	0
 389 0065 00       		.byte	0
 390 0066 08       		.uleb128 0x8
 391 0067 34       		.uleb128 0x34
 392 0068 00       		.byte	0
 393 0069 03       		.uleb128 0x3
 394 006a 0E       		.uleb128 0xe
 395 006b 3A       		.uleb128 0x3a
 396 006c 0B       		.uleb128 0xb
 397 006d 3B       		.uleb128 0x3b
 398 006e 0B       		.uleb128 0xb
 399 006f 49       		.uleb128 0x49
 400 0070 13       		.uleb128 0x13
 401 0071 02       		.uleb128 0x2
 402 0072 17       		.uleb128 0x17
 403 0073 00       		.byte	0
 404 0074 00       		.byte	0
 405 0075 09       		.uleb128 0x9
 406 0076 2E       		.uleb128 0x2e
 407 0077 00       		.byte	0
 408 0078 3F       		.uleb128 0x3f
 409 0079 19       		.uleb128 0x19
 410 007a 03       		.uleb128 0x3
 411 007b 0E       		.uleb128 0xe
 412 007c 3A       		.uleb128 0x3a
 413 007d 0B       		.uleb128 0xb
 414 007e 3B       		.uleb128 0x3b
 415 007f 0B       		.uleb128 0xb
 416 0080 27       		.uleb128 0x27
 417 0081 19       		.uleb128 0x19
 418 0082 49       		.uleb128 0x49
 419 0083 13       		.uleb128 0x13
 420 0084 11       		.uleb128 0x11
 421 0085 01       		.uleb128 0x1
 422 0086 12       		.uleb128 0x12
 423 0087 06       		.uleb128 0x6
ARM GAS  C:\Users\miyag\AppData\Local\Temp\ccMogLpV.s 			page 11


 424 0088 40       		.uleb128 0x40
 425 0089 18       		.uleb128 0x18
 426 008a 9742     		.uleb128 0x2117
 427 008c 19       		.uleb128 0x19
 428 008d 00       		.byte	0
 429 008e 00       		.byte	0
 430 008f 00       		.byte	0
 431              		.section	.debug_loc,"",%progbits
 432              	.Ldebug_loc0:
 433              	.LLST0:
 434 0000 00000000 		.4byte	.LVL0
 435 0004 0C000000 		.4byte	.LVL3
 436 0008 0100     		.2byte	0x1
 437 000a 50       		.byte	0x50
 438 000b 0C000000 		.4byte	.LVL3
 439 000f 18000000 		.4byte	.LFE0
 440 0013 0400     		.2byte	0x4
 441 0015 F3       		.byte	0xf3
 442 0016 01       		.uleb128 0x1
 443 0017 50       		.byte	0x50
 444 0018 9F       		.byte	0x9f
 445 0019 00000000 		.4byte	0
 446 001d 00000000 		.4byte	0
 447              	.LLST1:
 448 0021 04000000 		.4byte	.LVL1
 449 0025 08000000 		.4byte	.LVL2
 450 0029 0500     		.2byte	0x5
 451 002b 73       		.byte	0x73
 452 002c 00       		.sleb128 0
 453 002d 3F       		.byte	0x3f
 454 002e 1A       		.byte	0x1a
 455 002f 9F       		.byte	0x9f
 456 0030 00000000 		.4byte	0
 457 0034 00000000 		.4byte	0
 458              	.LLST2:
 459 0038 00000000 		.4byte	.LVL4
 460 003c 06000000 		.4byte	.LVL5
 461 0040 0100     		.2byte	0x1
 462 0042 50       		.byte	0x50
 463 0043 06000000 		.4byte	.LVL5
 464 0047 34000000 		.4byte	.LFE1
 465 004b 0400     		.2byte	0x4
 466 004d F3       		.byte	0xf3
 467 004e 01       		.uleb128 0x1
 468 004f 50       		.byte	0x50
 469 0050 9F       		.byte	0x9f
 470 0051 00000000 		.4byte	0
 471 0055 00000000 		.4byte	0
 472              		.section	.debug_aranges,"",%progbits
 473 0000 34000000 		.4byte	0x34
 474 0004 0200     		.2byte	0x2
 475 0006 00000000 		.4byte	.Ldebug_info0
 476 000a 04       		.byte	0x4
 477 000b 00       		.byte	0
 478 000c 0000     		.2byte	0
 479 000e 0000     		.2byte	0
 480 0010 00000000 		.4byte	.LFB0
ARM GAS  C:\Users\miyag\AppData\Local\Temp\ccMogLpV.s 			page 12


 481 0014 18000000 		.4byte	.LFE0-.LFB0
 482 0018 00000000 		.4byte	.LFB1
 483 001c 34000000 		.4byte	.LFE1-.LFB1
 484 0020 00000000 		.4byte	.LFB2
 485 0024 0C000000 		.4byte	.LFE2-.LFB2
 486 0028 00000000 		.4byte	.LFB3
 487 002c 0C000000 		.4byte	.LFE3-.LFB3
 488 0030 00000000 		.4byte	0
 489 0034 00000000 		.4byte	0
 490              		.section	.debug_ranges,"",%progbits
 491              	.Ldebug_ranges0:
 492 0000 00000000 		.4byte	.LFB0
 493 0004 18000000 		.4byte	.LFE0
 494 0008 00000000 		.4byte	.LFB1
 495 000c 34000000 		.4byte	.LFE1
 496 0010 00000000 		.4byte	.LFB2
 497 0014 0C000000 		.4byte	.LFE2
 498 0018 00000000 		.4byte	.LFB3
 499 001c 0C000000 		.4byte	.LFE3
 500 0020 00000000 		.4byte	0
 501 0024 00000000 		.4byte	0
 502              		.section	.debug_line,"",%progbits
 503              	.Ldebug_line0:
 504 0000 93000000 		.section	.debug_str,"MS",%progbits,1
 504      02004400 
 504      00000201 
 504      FB0E0D00 
 504      01010101 
 505              	.LASF16:
 506 0000 76616C75 		.ascii	"value\000"
 506      6500
 507              	.LASF23:
 508 0006 73746174 		.ascii	"staticBits\000"
 508      69634269 
 508      747300
 509              	.LASF9:
 510 0011 666C6F61 		.ascii	"float\000"
 510      7400
 511              	.LASF12:
 512 0017 75696E74 		.ascii	"uint8\000"
 512      3800
 513              	.LASF1:
 514 001d 756E7369 		.ascii	"unsigned char\000"
 514      676E6564 
 514      20636861 
 514      7200
 515              	.LASF14:
 516 002b 505F6F75 		.ascii	"P_out_Write\000"
 516      745F5772 
 516      69746500 
 517              	.LASF13:
 518 0037 72656738 		.ascii	"reg8\000"
 518      00
 519              	.LASF5:
 520 003c 6C6F6E67 		.ascii	"long unsigned int\000"
 520      20756E73 
 520      69676E65 
ARM GAS  C:\Users\miyag\AppData\Local\Temp\ccMogLpV.s 			page 13


 520      6420696E 
 520      7400
 521              	.LASF3:
 522 004e 73686F72 		.ascii	"short unsigned int\000"
 522      7420756E 
 522      7369676E 
 522      65642069 
 522      6E7400
 523              	.LASF22:
 524 0061 433A5C54 		.ascii	"C:\\TIRI\\k3g2pmpm_20211223\\trobot_psoc_v6_73\\tro"
 524      4952495C 
 524      6B336732 
 524      706D706D 
 524      5F323032 
 525 0090 626F7436 		.ascii	"bot6_cir2_2wd.cydsn\000"
 525      5F636972 
 525      325F3277 
 525      642E6379 
 525      64736E00 
 526              	.LASF10:
 527 00a4 646F7562 		.ascii	"double\000"
 527      6C6500
 528              	.LASF2:
 529 00ab 73686F72 		.ascii	"short int\000"
 529      7420696E 
 529      7400
 530              	.LASF8:
 531 00b5 756E7369 		.ascii	"unsigned int\000"
 531      676E6564 
 531      20696E74 
 531      00
 532              	.LASF18:
 533 00c2 505F6F75 		.ascii	"P_out_Read\000"
 533      745F5265 
 533      616400
 534              	.LASF7:
 535 00cd 6C6F6E67 		.ascii	"long long unsigned int\000"
 535      206C6F6E 
 535      6720756E 
 535      7369676E 
 535      65642069 
 536              	.LASF17:
 537 00e4 6D6F6465 		.ascii	"mode\000"
 537      00
 538              	.LASF15:
 539 00e9 505F6F75 		.ascii	"P_out_SetDriveMode\000"
 539      745F5365 
 539      74447269 
 539      76654D6F 
 539      646500
 540              	.LASF6:
 541 00fc 6C6F6E67 		.ascii	"long long int\000"
 541      206C6F6E 
 541      6720696E 
 541      7400
 542              	.LASF11:
 543 010a 63686172 		.ascii	"char\000"
ARM GAS  C:\Users\miyag\AppData\Local\Temp\ccMogLpV.s 			page 14


 543      00
 544              	.LASF21:
 545 010f 2E5C4765 		.ascii	".\\Generated_Source\\PSoC5\\P_out.c\000"
 545      6E657261 
 545      7465645F 
 545      536F7572 
 545      63655C50 
 546              	.LASF20:
 547 0130 474E5520 		.ascii	"GNU C 4.9.3 20150303 (release) [ARM/embedded-4_9-br"
 547      4320342E 
 547      392E3320 
 547      32303135 
 547      30333033 
 548 0163 616E6368 		.ascii	"anch revision 221220] -mcpu=cortex-m3 -mthumb -g -O"
 548      20726576 
 548      6973696F 
 548      6E203232 
 548      31323230 
 549 0196 73202D66 		.ascii	"s -ffunction-sections -ffat-lto-objects\000"
 549      66756E63 
 549      74696F6E 
 549      2D736563 
 549      74696F6E 
 550              	.LASF4:
 551 01be 6C6F6E67 		.ascii	"long int\000"
 551      20696E74 
 551      00
 552              	.LASF19:
 553 01c7 505F6F75 		.ascii	"P_out_ReadDataReg\000"
 553      745F5265 
 553      61644461 
 553      74615265 
 553      6700
 554              	.LASF0:
 555 01d9 7369676E 		.ascii	"signed char\000"
 555      65642063 
 555      68617200 
 556              		.ident	"GCC: (GNU Tools for ARM Embedded Processors) 4.9.3 20150303 (release) [ARM/embedded-4_9-br
