ARM GAS  C:\Users\miyag\AppData\Local\Temp\ccKHVVW4.s 			page 1


   1              		.syntax unified
   2              		.cpu cortex-m3
   3              		.fpu softvfp
   4              		.eabi_attribute 20, 1
   5              		.eabi_attribute 21, 1
   6              		.eabi_attribute 23, 3
   7              		.eabi_attribute 24, 1
   8              		.eabi_attribute 25, 1
   9              		.eabi_attribute 26, 1
  10              		.eabi_attribute 30, 4
  11              		.eabi_attribute 34, 1
  12              		.eabi_attribute 18, 4
  13              		.thumb
  14              		.file	"SelfTest_CPU.c"
  15              		.text
  16              	.Ltext0:
  17              		.cfi_sections	.debug_frame
  18              		.section	.text.SelfTest_CPU_Registers,"ax",%progbits
  19              		.align	1
  20              		.global	SelfTest_CPU_Registers
  21              		.thumb
  22              		.thumb_func
  23              		.type	SelfTest_CPU_Registers, %function
  24              	SelfTest_CPU_Registers:
  25              	.LFB63:
  26              		.file 1 ".\\SelfTest_CPU.c"
   1:.\SelfTest_CPU.c **** /*******************************************************************************
   2:.\SelfTest_CPU.c **** * File Name: SelfTest_CPU.c 
   3:.\SelfTest_CPU.c **** * Version 1.0
   4:.\SelfTest_CPU.c **** *
   5:.\SelfTest_CPU.c **** * Description:
   6:.\SelfTest_CPU.c **** * This file provides the source code for the CPU register self tests for 
   7:.\SelfTest_CPU.c **** * PSoC 3 and PSoC 5LP.
   8:.\SelfTest_CPU.c **** *
   9:.\SelfTest_CPU.c **** * Note:
  10:.\SelfTest_CPU.c **** *
  11:.\SelfTest_CPU.c **** ********************************************************************************
  12:.\SelfTest_CPU.c **** * Copyright (2013), Cypress Semiconductor Corporation.
  13:.\SelfTest_CPU.c **** ********************************************************************************
  14:.\SelfTest_CPU.c **** * This software is owned by Cypress Semiconductor Corporation (Cypress) and is
  15:.\SelfTest_CPU.c **** * protected by and subject to worldwide patent protection (United States and
  16:.\SelfTest_CPU.c **** * foreign), United States copyright laws and international treaty provisions.
  17:.\SelfTest_CPU.c **** * Cypress hereby grants to licensee a personal, non-exclusive, non-transferable
  18:.\SelfTest_CPU.c **** * license to copy, use, modify, create derivative works of, and compile the
  19:.\SelfTest_CPU.c **** * Cypress Source Code and derivative works for the sole purpose of creating
  20:.\SelfTest_CPU.c **** * custom software in support of licensee product to be used only in conjunction
  21:.\SelfTest_CPU.c **** * with a Cypress integrated circuit as specified in the applicable agreement.
  22:.\SelfTest_CPU.c **** * Any reproduction, modification, translation, compilation, or representation of
  23:.\SelfTest_CPU.c **** * this software except as specified above is prohibited without the express
  24:.\SelfTest_CPU.c **** * written permission of Cypress.
  25:.\SelfTest_CPU.c **** *
  26:.\SelfTest_CPU.c **** * Disclaimer: CYPRESS MAKES NO WARRANTY OF ANY KIND, EXPRESS OR IMPLIED, WITH
  27:.\SelfTest_CPU.c **** * REGARD TO THIS MATERIAL, INCLUDING, BUT NOT LIMITED TO, THE IMPLIED
  28:.\SelfTest_CPU.c **** * WARRANTIES OF MERCHANTABILITY AND FITNESS FOR A PARTICULAR PURPOSE.
  29:.\SelfTest_CPU.c **** * Cypress reserves the right to make changes without further notice to the
  30:.\SelfTest_CPU.c **** * materials described herein. Cypress does not assume any liability arising out
  31:.\SelfTest_CPU.c **** * of the application or use of any product or circuit described herein. Cypress
ARM GAS  C:\Users\miyag\AppData\Local\Temp\ccKHVVW4.s 			page 2


  32:.\SelfTest_CPU.c **** * does not authorize its products for use as critical components in life-support
  33:.\SelfTest_CPU.c **** * systems where a malfunction or failure may reasonably be expected to result in
  34:.\SelfTest_CPU.c **** * significant injury to the user. The inclusion of Cypress product in a life*
  35:.\SelfTest_CPU.c **** support systems application implies that the manufacturer assumes all risk of
  36:.\SelfTest_CPU.c **** * such use and in doing so indemnifies Cypress against all charges. Use may be
  37:.\SelfTest_CPU.c **** * limited by and subject to the applicable Cypress software license agreement.
  38:.\SelfTest_CPU.c **** *******************************************************************************/
  39:.\SelfTest_CPU.c **** 
  40:.\SelfTest_CPU.c **** #include <device.h>
  41:.\SelfTest_CPU.c **** #include "SelfTest_CPU.h"
  42:.\SelfTest_CPU.c **** #include "SelfTest_CPU_asm.h"
  43:.\SelfTest_CPU.c **** #include "SelfTest_Flash.h"
  44:.\SelfTest_CPU.c **** #include "TestConfiguration.h"
  45:.\SelfTest_CPU.c **** 
  46:.\SelfTest_CPU.c **** 
  47:.\SelfTest_CPU.c **** static volatile uint8 SelfTestA;
  48:.\SelfTest_CPU.c **** static volatile uint16 SelfTestB;
  49:.\SelfTest_CPU.c **** static volatile uint32 SelfTestC;
  50:.\SelfTest_CPU.c **** 
  51:.\SelfTest_CPU.c **** 
  52:.\SelfTest_CPU.c **** /* definition of section for SelfTest_PC5555() and SelfTest_PCAAAA() functions 
  53:.\SelfTest_CPU.c ****    for GCC compiler */
  54:.\SelfTest_CPU.c **** #if defined(__GNUC__) || defined(__ARMCC_VERSION)
  55:.\SelfTest_CPU.c ****     static uint8 SelfTest_PC5555 (void) __attribute__ ((used, section ("PC5555")));
  56:.\SelfTest_CPU.c ****     static uint8 SelfTest_PCAAAA (void) __attribute__ ((used, section ("PCAAAA")));
  57:.\SelfTest_CPU.c **** #endif
  58:.\SelfTest_CPU.c **** 
  59:.\SelfTest_CPU.c **** static uint8 SelfTest_PC5555(void);
  60:.\SelfTest_CPU.c **** static uint8 SelfTest_PCAAAA(void);
  61:.\SelfTest_CPU.c **** 
  62:.\SelfTest_CPU.c **** /*******************************************************************************
  63:.\SelfTest_CPU.c **** * Function Name: SelfTest_CPU_RAM
  64:.\SelfTest_CPU.c **** ********************************************************************************
  65:.\SelfTest_CPU.c **** *
  66:.\SelfTest_CPU.c **** * Summary: 
  67:.\SelfTest_CPU.c **** *  This function performs checkerboard test for all CPU registers except the PC 
  68:.\SelfTest_CPU.c **** *  register.
  69:.\SelfTest_CPU.c **** *
  70:.\SelfTest_CPU.c **** * Parameters:
  71:.\SelfTest_CPU.c **** *  None.
  72:.\SelfTest_CPU.c **** *                           
  73:.\SelfTest_CPU.c **** * Return:
  74:.\SelfTest_CPU.c **** *  Result of test:  "0" - pass test; "1" - fail test.
  75:.\SelfTest_CPU.c **** * 
  76:.\SelfTest_CPU.c **** **********************************************************************************/
  77:.\SelfTest_CPU.c **** uint8 SelfTest_CPU_Registers(void)
  78:.\SelfTest_CPU.c **** {	   
  27              		.loc 1 78 0
  28              		.cfi_startproc
  29              		@ args = 0, pretend = 0, frame = 0
  30              		@ frame_needed = 0, uses_anonymous_args = 0
  31              		@ link register save eliminated.
  79:.\SelfTest_CPU.c ****     #if defined(__C51__) || defined(__GNUC__)
  80:.\SelfTest_CPU.c ****         return CPU_PSoC_Asm();	
  32              		.loc 1 80 0
  33 0000 FFF7FEBF 		b	CPU_PSoC_Asm
  34              	.LVL0:
ARM GAS  C:\Users\miyag\AppData\Local\Temp\ccKHVVW4.s 			page 3


  35              		.cfi_endproc
  36              	.LFE63:
  37              		.size	SelfTest_CPU_Registers, .-SelfTest_CPU_Registers
  38              		.section	PCAAAA,"ax",%progbits
  39              		.align	1
  40              		.thumb
  41              		.thumb_func
  42              		.type	SelfTest_PCAAAA, %function
  43              	SelfTest_PCAAAA:
  44              	.LFB65:
  81:.\SelfTest_CPU.c ****     #elif defined(__CC_ARM)
  82:.\SelfTest_CPU.c ****   	    return CPU_PSoC_5_Asm();	
  83:.\SelfTest_CPU.c ****     #else
  84:.\SelfTest_CPU.c ****         return ERROR_STATUS;
  85:.\SelfTest_CPU.c ****     #endif   
  86:.\SelfTest_CPU.c **** }
  87:.\SelfTest_CPU.c **** 
  88:.\SelfTest_CPU.c **** 
  89:.\SelfTest_CPU.c **** /*******************************************************************************
  90:.\SelfTest_CPU.c **** * Function Name: SelfTest_PC
  91:.\SelfTest_CPU.c **** ********************************************************************************
  92:.\SelfTest_CPU.c **** *
  93:.\SelfTest_CPU.c **** * Summary: 
  94:.\SelfTest_CPU.c **** *  This function performs the test of the PC register. Function calls SelfTest_PC5555() 
  95:.\SelfTest_CPU.c **** *  and SelfTest_PCAAAA() which are placed at 0x5555 and 0xAAAA addresses
  96:.\SelfTest_CPU.c **** *  in flash for PSoC 3. And at 0x15555 and 0x0AAAA addresses in flash for PSoC 5.
  97:.\SelfTest_CPU.c **** *  These functions must return unique values to SelfTestA, SelfTestB and 
  98:.\SelfTest_CPU.c **** *  SelfTestC variables if PC is working correctly.
  99:.\SelfTest_CPU.c **** *
 100:.\SelfTest_CPU.c **** * Parameters:
 101:.\SelfTest_CPU.c **** *  None.
 102:.\SelfTest_CPU.c **** *                           
 103:.\SelfTest_CPU.c **** * Return:
 104:.\SelfTest_CPU.c **** *  Result of test:  "0" - pass test; "1" - fail test.
 105:.\SelfTest_CPU.c **** * 
 106:.\SelfTest_CPU.c **** **********************************************************************************/
 107:.\SelfTest_CPU.c **** uint8 SelfTest_PC(void)
 108:.\SelfTest_CPU.c **** { 
 109:.\SelfTest_CPU.c ****     uint8 returned_value;
 110:.\SelfTest_CPU.c **** 
 111:.\SelfTest_CPU.c ****     /* Clear global variables for test */
 112:.\SelfTest_CPU.c ****     SelfTestA = 0x00u;
 113:.\SelfTest_CPU.c **** 	SelfTestB = 0x0000u;
 114:.\SelfTest_CPU.c **** 	SelfTestC = 0x00000000u;
 115:.\SelfTest_CPU.c **** 	
 116:.\SelfTest_CPU.c ****     returned_value = SelfTest_PC5555();
 117:.\SelfTest_CPU.c ****     
 118:.\SelfTest_CPU.c **** 	/* Check if SelfTest_PC5555() returned and wrote correct values to global variables*/
 119:.\SelfTest_CPU.c **** 	if((SelfTestA == SELF_TEST_A_1) && (SelfTestB == SELF_TEST_B_1) && (SelfTestC == SELF_TEST_C_1) 
 120:.\SelfTest_CPU.c **** 	   && (returned_value == CHECKERBOARD_PATTERN_55))
 121:.\SelfTest_CPU.c **** 	{
 122:.\SelfTest_CPU.c ****     
 123:.\SelfTest_CPU.c ****         /* Clear global variables for next test */
 124:.\SelfTest_CPU.c **** 	    SelfTestA = 0x00u;
 125:.\SelfTest_CPU.c **** 	    SelfTestB = 0x0000u;
 126:.\SelfTest_CPU.c **** 	    SelfTestC = 0x00000000u;
 127:.\SelfTest_CPU.c **** 		
ARM GAS  C:\Users\miyag\AppData\Local\Temp\ccKHVVW4.s 			page 4


 128:.\SelfTest_CPU.c **** 		returned_value = SelfTest_PCAAAA();
 129:.\SelfTest_CPU.c ****         
 130:.\SelfTest_CPU.c **** 		/* Check if SelfTest_PCAAAA() returned and wrote correct values to global variables*/
 131:.\SelfTest_CPU.c **** 		if((SelfTestA == SELF_TEST_A_2) && (SelfTestB == SELF_TEST_B_2) && (SelfTestC == SELF_TEST_C_2) 
 132:.\SelfTest_CPU.c **** 		   && (returned_value == CHECKERBOARD_PATTERN_AA))
 133:.\SelfTest_CPU.c ****         {   
 134:.\SelfTest_CPU.c **** 	        returned_value = OK_STATUS;
 135:.\SelfTest_CPU.c ****         }    
 136:.\SelfTest_CPU.c **** 		else	
 137:.\SelfTest_CPU.c ****         {
 138:.\SelfTest_CPU.c **** 		    returned_value = ERROR_STATUS;	
 139:.\SelfTest_CPU.c ****         }    
 140:.\SelfTest_CPU.c **** 	}
 141:.\SelfTest_CPU.c **** 	else
 142:.\SelfTest_CPU.c ****     {
 143:.\SelfTest_CPU.c **** 	    returned_value = ERROR_STATUS;
 144:.\SelfTest_CPU.c **** 	}
 145:.\SelfTest_CPU.c **** 	return returned_value;	
 146:.\SelfTest_CPU.c **** }
 147:.\SelfTest_CPU.c **** 
 148:.\SelfTest_CPU.c **** 
 149:.\SelfTest_CPU.c **** /*******************************************************************************
 150:.\SelfTest_CPU.c **** * Function Name: SelfTest_PCAAAA
 151:.\SelfTest_CPU.c **** ********************************************************************************
 152:.\SelfTest_CPU.c **** *
 153:.\SelfTest_CPU.c **** * Summary: 
 154:.\SelfTest_CPU.c **** *  This function performs a test for the PC register. Function is placed at 0xAAAA address
 155:.\SelfTest_CPU.c **** *  in flash for PSoC 3. And at 0x0AAAA address in flash for PSoC 5. This function
 156:.\SelfTest_CPU.c **** *  must return value 0xAA and write unique value to SelfTestA, SelfTestB and 
 157:.\SelfTest_CPU.c **** *  SelfTestC variables if PC is working correctly. Also this function executes a cycle 
 158:.\SelfTest_CPU.c **** *  loop for additional checking if the PC is working.
 159:.\SelfTest_CPU.c **** *
 160:.\SelfTest_CPU.c **** * Parameters:
 161:.\SelfTest_CPU.c **** *  None.
 162:.\SelfTest_CPU.c **** *                           
 163:.\SelfTest_CPU.c **** * Return:
 164:.\SelfTest_CPU.c **** *  SelfTestA:  write unique value to variable for this function SELF_TEST_A_2.
 165:.\SelfTest_CPU.c **** *  SelfTestB:  write unique value to variable for this function SELF_TEST_B_2.
 166:.\SelfTest_CPU.c **** *  SelfTestC:  write to unique value to variable for this function SELF_TEST_C_2.
 167:.\SelfTest_CPU.c **** *  Return unique value for this function CHECKERBOARD_PATTERN_AA.
 168:.\SelfTest_CPU.c **** *
 169:.\SelfTest_CPU.c **** **********************************************************************************/
 170:.\SelfTest_CPU.c **** static uint8 SelfTest_PCAAAA(void)
 171:.\SelfTest_CPU.c **** {
  45              		.loc 1 171 0
  46              		.cfi_startproc
  47              		@ args = 0, pretend = 0, frame = 0
  48              		@ frame_needed = 0, uses_anonymous_args = 0
  49              		@ link register save eliminated.
 172:.\SelfTest_CPU.c **** 
 173:.\SelfTest_CPU.c ****     SelfTestA = SELF_TEST_A_2;
  50              		.loc 1 173 0
  51 0000 044B     		ldr	r3, .L3
  52 0002 F522     		movs	r2, #245
  53 0004 1A70     		strb	r2, [r3]
 174:.\SelfTest_CPU.c ****       
 175:.\SelfTest_CPU.c **** 	SelfTestB = SELF_TEST_B_2;
ARM GAS  C:\Users\miyag\AppData\Local\Temp\ccKHVVW4.s 			page 5


  54              		.loc 1 175 0
  55 0006 45F6F142 		movw	r2, #23793
  56 000a 5A80     		strh	r2, [r3, #2]	@ movhi
 176:.\SelfTest_CPU.c ****     
 177:.\SelfTest_CPU.c **** 	SelfTestC = SELF_TEST_C_2;
  57              		.loc 1 177 0
  58 000c 024A     		ldr	r2, .L3+4
 178:.\SelfTest_CPU.c **** 	
 179:.\SelfTest_CPU.c ****     #if ERROR_IN_PROGRAM_COUNTER    
 180:.\SelfTest_CPU.c ****     	return (CHECKERBOARD_PATTERN_AA + 1u);
 181:.\SelfTest_CPU.c ****     #else    
 182:.\SelfTest_CPU.c ****         return CHECKERBOARD_PATTERN_AA;
 183:.\SelfTest_CPU.c ****     #endif    
 184:.\SelfTest_CPU.c **** }
  59              		.loc 1 184 0
  60 000e AA20     		movs	r0, #170
 177:.\SelfTest_CPU.c **** 	
  61              		.loc 1 177 0
  62 0010 5A60     		str	r2, [r3, #4]
  63              		.loc 1 184 0
  64 0012 7047     		bx	lr
  65              	.L4:
  66              		.align	2
  67              	.L3:
  68 0014 00000000 		.word	.LANCHOR0
  69 0018 B5C4F672 		.word	1928774837
  70              		.cfi_endproc
  71              	.LFE65:
  72              		.size	SelfTest_PCAAAA, .-SelfTest_PCAAAA
  73              		.section	PC5555,"ax",%progbits
  74              		.align	1
  75              		.thumb
  76              		.thumb_func
  77              		.type	SelfTest_PC5555, %function
  78              	SelfTest_PC5555:
  79              	.LFB66:
 185:.\SelfTest_CPU.c **** 
 186:.\SelfTest_CPU.c **** 
 187:.\SelfTest_CPU.c **** /*******************************************************************************
 188:.\SelfTest_CPU.c **** * Function Name: SelfTest_PC5555
 189:.\SelfTest_CPU.c **** ********************************************************************************
 190:.\SelfTest_CPU.c **** *
 191:.\SelfTest_CPU.c **** * Summary: 
 192:.\SelfTest_CPU.c **** *  This function performs a test for the PC register. Function is placed at 0x5555 address
 193:.\SelfTest_CPU.c **** *  in flash for PSoC 3. And at 0x15555 address in flash for PSoC 5. This function
 194:.\SelfTest_CPU.c **** *  must return value 0x55 and write unique value to SelfTestA, SelfTestB and 
 195:.\SelfTest_CPU.c **** *  SelfTestC variables if PC is working correctly. Also this function executes a cycle 
 196:.\SelfTest_CPU.c **** *  loop for additional checking if the PC is working.
 197:.\SelfTest_CPU.c **** *
 198:.\SelfTest_CPU.c **** * Parameters:
 199:.\SelfTest_CPU.c **** *  None.
 200:.\SelfTest_CPU.c **** *                           
 201:.\SelfTest_CPU.c **** * Return:
 202:.\SelfTest_CPU.c **** *  SelfTestA:  write unique value to variable for this function SELF_TEST_A_1.
 203:.\SelfTest_CPU.c **** *  SelfTestB:  write unique value to variable for this function SELF_TEST_B_1.
 204:.\SelfTest_CPU.c **** *  SelfTestC:  write unique value to variable for this function SELF_TEST_C_1.
 205:.\SelfTest_CPU.c **** *  Return unique value for this function CHECKERBOARD_PATTERN_55.
ARM GAS  C:\Users\miyag\AppData\Local\Temp\ccKHVVW4.s 			page 6


 206:.\SelfTest_CPU.c **** *
 207:.\SelfTest_CPU.c **** **********************************************************************************/
 208:.\SelfTest_CPU.c **** static uint8 SelfTest_PC5555(void)
 209:.\SelfTest_CPU.c **** {
  80              		.loc 1 209 0
  81              		.cfi_startproc
  82              		@ args = 0, pretend = 0, frame = 0
  83              		@ frame_needed = 0, uses_anonymous_args = 0
  84              		@ link register save eliminated.
 210:.\SelfTest_CPU.c **** 	
 211:.\SelfTest_CPU.c ****     SelfTestA = SELF_TEST_A_1;
  85              		.loc 1 211 0
  86 0000 044B     		ldr	r3, .L6
  87 0002 5A22     		movs	r2, #90
  88 0004 1A70     		strb	r2, [r3]
 212:.\SelfTest_CPU.c ****     	
 213:.\SelfTest_CPU.c **** 	SelfTestB = SELF_TEST_B_1;
  89              		.loc 1 213 0
  90 0006 4BF65172 		movw	r2, #48977
  91 000a 5A80     		strh	r2, [r3, #2]	@ movhi
 214:.\SelfTest_CPU.c ****     
 215:.\SelfTest_CPU.c **** 	SelfTestC = SELF_TEST_C_1;
  92              		.loc 1 215 0
  93 000c 024A     		ldr	r2, .L6+4
 216:.\SelfTest_CPU.c **** 
 217:.\SelfTest_CPU.c ****     #if ERROR_IN_PROGRAM_COUNTER    
 218:.\SelfTest_CPU.c ****     	return (CHECKERBOARD_PATTERN_55 + 1u);
 219:.\SelfTest_CPU.c ****     #else    
 220:.\SelfTest_CPU.c ****         return CHECKERBOARD_PATTERN_55;
 221:.\SelfTest_CPU.c ****     #endif      
 222:.\SelfTest_CPU.c **** 	
 223:.\SelfTest_CPU.c **** }
  94              		.loc 1 223 0
  95 000e 5520     		movs	r0, #85
 215:.\SelfTest_CPU.c **** 
  96              		.loc 1 215 0
  97 0010 5A60     		str	r2, [r3, #4]
  98              		.loc 1 223 0
  99 0012 7047     		bx	lr
 100              	.L7:
 101              		.align	2
 102              	.L6:
 103 0014 00000000 		.word	.LANCHOR0
 104 0018 F8D382CA 		.word	-897395720
 105              		.cfi_endproc
 106              	.LFE66:
 107              		.size	SelfTest_PC5555, .-SelfTest_PC5555
 108              		.section	.text.SelfTest_PC,"ax",%progbits
 109              		.align	1
 110              		.global	SelfTest_PC
 111              		.thumb
 112              		.thumb_func
 113              		.type	SelfTest_PC, %function
 114              	SelfTest_PC:
 115              	.LFB64:
 108:.\SelfTest_CPU.c ****     uint8 returned_value;
 116              		.loc 1 108 0
ARM GAS  C:\Users\miyag\AppData\Local\Temp\ccKHVVW4.s 			page 7


 117              		.cfi_startproc
 118              		@ args = 0, pretend = 0, frame = 0
 119              		@ frame_needed = 0, uses_anonymous_args = 0
 120 0000 38B5     		push	{r3, r4, r5, lr}
 121              		.cfi_def_cfa_offset 16
 122              		.cfi_offset 3, -16
 123              		.cfi_offset 4, -12
 124              		.cfi_offset 5, -8
 125              		.cfi_offset 14, -4
 112:.\SelfTest_CPU.c **** 	SelfTestB = 0x0000u;
 126              		.loc 1 112 0
 127 0002 174C     		ldr	r4, .L18
 128 0004 0025     		movs	r5, #0
 129 0006 2570     		strb	r5, [r4]
 113:.\SelfTest_CPU.c **** 	SelfTestC = 0x00000000u;
 130              		.loc 1 113 0
 131 0008 6580     		strh	r5, [r4, #2]	@ movhi
 114:.\SelfTest_CPU.c **** 	
 132              		.loc 1 114 0
 133 000a 6560     		str	r5, [r4, #4]
 116:.\SelfTest_CPU.c ****     
 134              		.loc 1 116 0
 135 000c FFF7FEFF 		bl	SelfTest_PC5555
 136              	.LVL1:
 119:.\SelfTest_CPU.c **** 	   && (returned_value == CHECKERBOARD_PATTERN_55))
 137              		.loc 1 119 0
 138 0010 2378     		ldrb	r3, [r4]	@ zero_extendqisi2
 139 0012 5A2B     		cmp	r3, #90
 140 0014 21D1     		bne	.L16
 119:.\SelfTest_CPU.c **** 	   && (returned_value == CHECKERBOARD_PATTERN_55))
 141              		.loc 1 119 0 is_stmt 0 discriminator 1
 142 0016 4BF65172 		movw	r2, #48977
 143 001a 6388     		ldrh	r3, [r4, #2]
 144 001c 9BB2     		uxth	r3, r3
 145 001e 9342     		cmp	r3, r2
 146 0020 1BD1     		bne	.L16
 119:.\SelfTest_CPU.c **** 	   && (returned_value == CHECKERBOARD_PATTERN_55))
 147              		.loc 1 119 0 discriminator 2
 148 0022 6268     		ldr	r2, [r4, #4]
 149 0024 0F4B     		ldr	r3, .L18+4
 150 0026 9A42     		cmp	r2, r3
 151 0028 17D1     		bne	.L16
 120:.\SelfTest_CPU.c **** 	{
 152              		.loc 1 120 0 is_stmt 1
 153 002a 5528     		cmp	r0, #85
 154 002c 15D1     		bne	.L16
 124:.\SelfTest_CPU.c **** 	    SelfTestB = 0x0000u;
 155              		.loc 1 124 0
 156 002e 2570     		strb	r5, [r4]
 125:.\SelfTest_CPU.c **** 	    SelfTestC = 0x00000000u;
 157              		.loc 1 125 0
 158 0030 6580     		strh	r5, [r4, #2]	@ movhi
 126:.\SelfTest_CPU.c **** 		
 159              		.loc 1 126 0
 160 0032 6560     		str	r5, [r4, #4]
 128:.\SelfTest_CPU.c ****         
 161              		.loc 1 128 0
ARM GAS  C:\Users\miyag\AppData\Local\Temp\ccKHVVW4.s 			page 8


 162 0034 FFF7FEFF 		bl	SelfTest_PCAAAA
 163              	.LVL2:
 131:.\SelfTest_CPU.c **** 		   && (returned_value == CHECKERBOARD_PATTERN_AA))
 164              		.loc 1 131 0
 165 0038 2378     		ldrb	r3, [r4]	@ zero_extendqisi2
 166 003a F52B     		cmp	r3, #245
 167 003c 0DD1     		bne	.L16
 131:.\SelfTest_CPU.c **** 		   && (returned_value == CHECKERBOARD_PATTERN_AA))
 168              		.loc 1 131 0 is_stmt 0 discriminator 1
 169 003e 45F6F142 		movw	r2, #23793
 170 0042 6388     		ldrh	r3, [r4, #2]
 171 0044 9BB2     		uxth	r3, r3
 172 0046 9342     		cmp	r3, r2
 173 0048 07D1     		bne	.L16
 131:.\SelfTest_CPU.c **** 		   && (returned_value == CHECKERBOARD_PATTERN_AA))
 174              		.loc 1 131 0 discriminator 2
 175 004a 6268     		ldr	r2, [r4, #4]
 176 004c 064B     		ldr	r3, .L18+8
 177 004e 9A42     		cmp	r2, r3
 178 0050 03D1     		bne	.L16
 132:.\SelfTest_CPU.c ****         {   
 179              		.loc 1 132 0 is_stmt 1
 180 0052 AA38     		subs	r0, r0, #170
 181              	.LVL3:
 182 0054 18BF     		it	ne
 183 0056 0120     		movne	r0, #1
 184 0058 38BD     		pop	{r3, r4, r5, pc}
 185              	.LVL4:
 186              	.L16:
 138:.\SelfTest_CPU.c ****         }    
 187              		.loc 1 138 0
 188 005a 0120     		movs	r0, #1
 189              	.LVL5:
 146:.\SelfTest_CPU.c **** 
 190              		.loc 1 146 0
 191 005c 38BD     		pop	{r3, r4, r5, pc}
 192              	.L19:
 193 005e 00BF     		.align	2
 194              	.L18:
 195 0060 00000000 		.word	.LANCHOR0
 196 0064 F8D382CA 		.word	-897395720
 197 0068 B5C4F672 		.word	1928774837
 198              		.cfi_endproc
 199              	.LFE64:
 200              		.size	SelfTest_PC, .-SelfTest_PC
 201              		.bss
 202              		.align	2
 203              		.set	.LANCHOR0,. + 0
 204              		.type	SelfTestA, %object
 205              		.size	SelfTestA, 1
 206              	SelfTestA:
 207 0000 00       		.space	1
 208 0001 00       		.space	1
 209              		.type	SelfTestB, %object
 210              		.size	SelfTestB, 2
 211              	SelfTestB:
 212 0002 0000     		.space	2
ARM GAS  C:\Users\miyag\AppData\Local\Temp\ccKHVVW4.s 			page 9


 213              		.type	SelfTestC, %object
 214              		.size	SelfTestC, 4
 215              	SelfTestC:
 216 0004 00000000 		.space	4
 217              		.text
 218              	.Letext0:
 219              		.file 2 "c:\\program files (x86)\\cypress\\psoc creator\\3.3\\psoc creator\\import\\gnu\\arm\\4.9.
 220              		.file 3 "c:\\program files (x86)\\cypress\\psoc creator\\3.3\\psoc creator\\import\\gnu\\arm\\4.9.
 221              		.file 4 "Generated_Source\\PSoC5/cytypes.h"
 222              		.file 5 "Generated_Source\\PSoC5/core_cm3.h"
 223              		.file 6 ".\\SelfTest_CPU_asm.h"
 224              		.section	.debug_info,"",%progbits
 225              	.Ldebug_info0:
 226 0000 A4010000 		.4byte	0x1a4
 227 0004 0400     		.2byte	0x4
 228 0006 00000000 		.4byte	.Ldebug_abbrev0
 229 000a 04       		.byte	0x4
 230 000b 01       		.uleb128 0x1
 231 000c 78010000 		.4byte	.LASF26
 232 0010 01       		.byte	0x1
 233 0011 DA000000 		.4byte	.LASF27
 234 0015 8A000000 		.4byte	.LASF28
 235 0019 00000000 		.4byte	.Ldebug_ranges0+0
 236 001d 00000000 		.4byte	0
 237 0021 00000000 		.4byte	.Ldebug_line0
 238 0025 02       		.uleb128 0x2
 239 0026 01       		.byte	0x1
 240 0027 06       		.byte	0x6
 241 0028 19020000 		.4byte	.LASF0
 242 002c 02       		.uleb128 0x2
 243 002d 01       		.byte	0x1
 244 002e 08       		.byte	0x8
 245 002f 57000000 		.4byte	.LASF1
 246 0033 02       		.uleb128 0x2
 247 0034 02       		.byte	0x2
 248 0035 05       		.byte	0x5
 249 0036 6E010000 		.4byte	.LASF2
 250 003a 02       		.uleb128 0x2
 251 003b 02       		.byte	0x2
 252 003c 07       		.byte	0x7
 253 003d 77000000 		.4byte	.LASF3
 254 0041 03       		.uleb128 0x3
 255 0042 00000000 		.4byte	.LASF9
 256 0046 02       		.byte	0x2
 257 0047 3F       		.byte	0x3f
 258 0048 4C000000 		.4byte	0x4c
 259 004c 02       		.uleb128 0x2
 260 004d 04       		.byte	0x4
 261 004e 05       		.byte	0x5
 262 004f 10020000 		.4byte	.LASF4
 263 0053 02       		.uleb128 0x2
 264 0054 04       		.byte	0x4
 265 0055 07       		.byte	0x7
 266 0056 65000000 		.4byte	.LASF5
 267 005a 02       		.uleb128 0x2
 268 005b 08       		.byte	0x8
 269 005c 05       		.byte	0x5
ARM GAS  C:\Users\miyag\AppData\Local\Temp\ccKHVVW4.s 			page 10


 270 005d 4C010000 		.4byte	.LASF6
 271 0061 02       		.uleb128 0x2
 272 0062 08       		.byte	0x8
 273 0063 07       		.byte	0x7
 274 0064 24010000 		.4byte	.LASF7
 275 0068 04       		.uleb128 0x4
 276 0069 04       		.byte	0x4
 277 006a 05       		.byte	0x5
 278 006b 696E7400 		.ascii	"int\000"
 279 006f 02       		.uleb128 0x2
 280 0070 04       		.byte	0x4
 281 0071 07       		.byte	0x7
 282 0072 17010000 		.4byte	.LASF8
 283 0076 03       		.uleb128 0x3
 284 0077 3B010000 		.4byte	.LASF10
 285 007b 03       		.byte	0x3
 286 007c 2C       		.byte	0x2c
 287 007d 41000000 		.4byte	0x41
 288 0081 05       		.uleb128 0x5
 289 0082 41000000 		.4byte	.LASF11
 290 0086 04       		.byte	0x4
 291 0087 9201     		.2byte	0x192
 292 0089 2C000000 		.4byte	0x2c
 293 008d 05       		.uleb128 0x5
 294 008e 09010000 		.4byte	.LASF12
 295 0092 04       		.byte	0x4
 296 0093 9301     		.2byte	0x193
 297 0095 3A000000 		.4byte	0x3a
 298 0099 05       		.uleb128 0x5
 299 009a 10010000 		.4byte	.LASF13
 300 009e 04       		.byte	0x4
 301 009f 9401     		.2byte	0x194
 302 00a1 53000000 		.4byte	0x53
 303 00a5 02       		.uleb128 0x2
 304 00a6 04       		.byte	0x4
 305 00a7 04       		.byte	0x4
 306 00a8 3B000000 		.4byte	.LASF14
 307 00ac 02       		.uleb128 0x2
 308 00ad 08       		.byte	0x8
 309 00ae 04       		.byte	0x4
 310 00af EB000000 		.4byte	.LASF15
 311 00b3 02       		.uleb128 0x2
 312 00b4 01       		.byte	0x1
 313 00b5 08       		.byte	0x8
 314 00b6 5A010000 		.4byte	.LASF16
 315 00ba 06       		.uleb128 0x6
 316 00bb 81000000 		.4byte	0x81
 317 00bf 06       		.uleb128 0x6
 318 00c0 8D000000 		.4byte	0x8d
 319 00c4 06       		.uleb128 0x6
 320 00c5 99000000 		.4byte	0x99
 321 00c9 02       		.uleb128 0x2
 322 00ca 04       		.byte	0x4
 323 00cb 07       		.byte	0x7
 324 00cc 43010000 		.4byte	.LASF17
 325 00d0 07       		.uleb128 0x7
 326 00d1 F2000000 		.4byte	.LASF20
ARM GAS  C:\Users\miyag\AppData\Local\Temp\ccKHVVW4.s 			page 11


 327 00d5 01       		.byte	0x1
 328 00d6 4D       		.byte	0x4d
 329 00d7 81000000 		.4byte	0x81
 330 00db 00000000 		.4byte	.LFB63
 331 00df 04000000 		.4byte	.LFE63-.LFB63
 332 00e3 01       		.uleb128 0x1
 333 00e4 9C       		.byte	0x9c
 334 00e5 F3000000 		.4byte	0xf3
 335 00e9 08       		.uleb128 0x8
 336 00ea 04000000 		.4byte	.LVL0
 337 00ee 9C010000 		.4byte	0x19c
 338 00f2 00       		.byte	0
 339 00f3 09       		.uleb128 0x9
 340 00f4 47000000 		.4byte	.LASF18
 341 00f8 01       		.byte	0x1
 342 00f9 AA       		.byte	0xaa
 343 00fa 81000000 		.4byte	0x81
 344 00fe 00000000 		.4byte	.LFB65
 345 0102 1C000000 		.4byte	.LFE65-.LFB65
 346 0106 01       		.uleb128 0x1
 347 0107 9C       		.byte	0x9c
 348 0108 09       		.uleb128 0x9
 349 0109 21000000 		.4byte	.LASF19
 350 010d 01       		.byte	0x1
 351 010e D0       		.byte	0xd0
 352 010f 81000000 		.4byte	0x81
 353 0113 00000000 		.4byte	.LFB66
 354 0117 1C000000 		.4byte	.LFE66-.LFB66
 355 011b 01       		.uleb128 0x1
 356 011c 9C       		.byte	0x9c
 357 011d 07       		.uleb128 0x7
 358 011e 25020000 		.4byte	.LASF21
 359 0122 01       		.byte	0x1
 360 0123 6B       		.byte	0x6b
 361 0124 81000000 		.4byte	0x81
 362 0128 00000000 		.4byte	.LFB64
 363 012c 6C000000 		.4byte	.LFE64-.LFB64
 364 0130 01       		.uleb128 0x1
 365 0131 9C       		.byte	0x9c
 366 0132 58010000 		.4byte	0x158
 367 0136 0A       		.uleb128 0xa
 368 0137 5F010000 		.4byte	.LASF22
 369 013b 01       		.byte	0x1
 370 013c 6D       		.byte	0x6d
 371 013d 81000000 		.4byte	0x81
 372 0141 00000000 		.4byte	.LLST0
 373 0145 0B       		.uleb128 0xb
 374 0146 10000000 		.4byte	.LVL1
 375 014a 08010000 		.4byte	0x108
 376 014e 0B       		.uleb128 0xb
 377 014f 38000000 		.4byte	.LVL2
 378 0153 F3000000 		.4byte	0xf3
 379 0157 00       		.byte	0
 380 0158 0C       		.uleb128 0xc
 381 0159 17000000 		.4byte	.LASF23
 382 015d 01       		.byte	0x1
 383 015e 2F       		.byte	0x2f
ARM GAS  C:\Users\miyag\AppData\Local\Temp\ccKHVVW4.s 			page 12


 384 015f BA000000 		.4byte	0xba
 385 0163 05       		.uleb128 0x5
 386 0164 03       		.byte	0x3
 387 0165 00000000 		.4byte	SelfTestA
 388 0169 0C       		.uleb128 0xc
 389 016a 06020000 		.4byte	.LASF24
 390 016e 01       		.byte	0x1
 391 016f 30       		.byte	0x30
 392 0170 BF000000 		.4byte	0xbf
 393 0174 05       		.uleb128 0x5
 394 0175 03       		.byte	0x3
 395 0176 02000000 		.4byte	SelfTestB
 396 017a 0C       		.uleb128 0xc
 397 017b 31000000 		.4byte	.LASF25
 398 017f 01       		.byte	0x1
 399 0180 31       		.byte	0x31
 400 0181 C4000000 		.4byte	0xc4
 401 0185 05       		.uleb128 0x5
 402 0186 03       		.byte	0x3
 403 0187 04000000 		.4byte	SelfTestC
 404 018b 0D       		.uleb128 0xd
 405 018c CD000000 		.4byte	.LASF29
 406 0190 05       		.byte	0x5
 407 0191 9606     		.2byte	0x696
 408 0193 97010000 		.4byte	0x197
 409 0197 06       		.uleb128 0x6
 410 0198 76000000 		.4byte	0x76
 411 019c 0E       		.uleb128 0xe
 412 019d 0A000000 		.4byte	.LASF30
 413 01a1 06       		.byte	0x6
 414 01a2 34       		.byte	0x34
 415 01a3 81000000 		.4byte	0x81
 416 01a7 00       		.byte	0
 417              		.section	.debug_abbrev,"",%progbits
 418              	.Ldebug_abbrev0:
 419 0000 01       		.uleb128 0x1
 420 0001 11       		.uleb128 0x11
 421 0002 01       		.byte	0x1
 422 0003 25       		.uleb128 0x25
 423 0004 0E       		.uleb128 0xe
 424 0005 13       		.uleb128 0x13
 425 0006 0B       		.uleb128 0xb
 426 0007 03       		.uleb128 0x3
 427 0008 0E       		.uleb128 0xe
 428 0009 1B       		.uleb128 0x1b
 429 000a 0E       		.uleb128 0xe
 430 000b 55       		.uleb128 0x55
 431 000c 17       		.uleb128 0x17
 432 000d 11       		.uleb128 0x11
 433 000e 01       		.uleb128 0x1
 434 000f 10       		.uleb128 0x10
 435 0010 17       		.uleb128 0x17
 436 0011 00       		.byte	0
 437 0012 00       		.byte	0
 438 0013 02       		.uleb128 0x2
 439 0014 24       		.uleb128 0x24
 440 0015 00       		.byte	0
ARM GAS  C:\Users\miyag\AppData\Local\Temp\ccKHVVW4.s 			page 13


 441 0016 0B       		.uleb128 0xb
 442 0017 0B       		.uleb128 0xb
 443 0018 3E       		.uleb128 0x3e
 444 0019 0B       		.uleb128 0xb
 445 001a 03       		.uleb128 0x3
 446 001b 0E       		.uleb128 0xe
 447 001c 00       		.byte	0
 448 001d 00       		.byte	0
 449 001e 03       		.uleb128 0x3
 450 001f 16       		.uleb128 0x16
 451 0020 00       		.byte	0
 452 0021 03       		.uleb128 0x3
 453 0022 0E       		.uleb128 0xe
 454 0023 3A       		.uleb128 0x3a
 455 0024 0B       		.uleb128 0xb
 456 0025 3B       		.uleb128 0x3b
 457 0026 0B       		.uleb128 0xb
 458 0027 49       		.uleb128 0x49
 459 0028 13       		.uleb128 0x13
 460 0029 00       		.byte	0
 461 002a 00       		.byte	0
 462 002b 04       		.uleb128 0x4
 463 002c 24       		.uleb128 0x24
 464 002d 00       		.byte	0
 465 002e 0B       		.uleb128 0xb
 466 002f 0B       		.uleb128 0xb
 467 0030 3E       		.uleb128 0x3e
 468 0031 0B       		.uleb128 0xb
 469 0032 03       		.uleb128 0x3
 470 0033 08       		.uleb128 0x8
 471 0034 00       		.byte	0
 472 0035 00       		.byte	0
 473 0036 05       		.uleb128 0x5
 474 0037 16       		.uleb128 0x16
 475 0038 00       		.byte	0
 476 0039 03       		.uleb128 0x3
 477 003a 0E       		.uleb128 0xe
 478 003b 3A       		.uleb128 0x3a
 479 003c 0B       		.uleb128 0xb
 480 003d 3B       		.uleb128 0x3b
 481 003e 05       		.uleb128 0x5
 482 003f 49       		.uleb128 0x49
 483 0040 13       		.uleb128 0x13
 484 0041 00       		.byte	0
 485 0042 00       		.byte	0
 486 0043 06       		.uleb128 0x6
 487 0044 35       		.uleb128 0x35
 488 0045 00       		.byte	0
 489 0046 49       		.uleb128 0x49
 490 0047 13       		.uleb128 0x13
 491 0048 00       		.byte	0
 492 0049 00       		.byte	0
 493 004a 07       		.uleb128 0x7
 494 004b 2E       		.uleb128 0x2e
 495 004c 01       		.byte	0x1
 496 004d 3F       		.uleb128 0x3f
 497 004e 19       		.uleb128 0x19
ARM GAS  C:\Users\miyag\AppData\Local\Temp\ccKHVVW4.s 			page 14


 498 004f 03       		.uleb128 0x3
 499 0050 0E       		.uleb128 0xe
 500 0051 3A       		.uleb128 0x3a
 501 0052 0B       		.uleb128 0xb
 502 0053 3B       		.uleb128 0x3b
 503 0054 0B       		.uleb128 0xb
 504 0055 27       		.uleb128 0x27
 505 0056 19       		.uleb128 0x19
 506 0057 49       		.uleb128 0x49
 507 0058 13       		.uleb128 0x13
 508 0059 11       		.uleb128 0x11
 509 005a 01       		.uleb128 0x1
 510 005b 12       		.uleb128 0x12
 511 005c 06       		.uleb128 0x6
 512 005d 40       		.uleb128 0x40
 513 005e 18       		.uleb128 0x18
 514 005f 9742     		.uleb128 0x2117
 515 0061 19       		.uleb128 0x19
 516 0062 01       		.uleb128 0x1
 517 0063 13       		.uleb128 0x13
 518 0064 00       		.byte	0
 519 0065 00       		.byte	0
 520 0066 08       		.uleb128 0x8
 521 0067 898201   		.uleb128 0x4109
 522 006a 00       		.byte	0
 523 006b 11       		.uleb128 0x11
 524 006c 01       		.uleb128 0x1
 525 006d 9542     		.uleb128 0x2115
 526 006f 19       		.uleb128 0x19
 527 0070 31       		.uleb128 0x31
 528 0071 13       		.uleb128 0x13
 529 0072 00       		.byte	0
 530 0073 00       		.byte	0
 531 0074 09       		.uleb128 0x9
 532 0075 2E       		.uleb128 0x2e
 533 0076 00       		.byte	0
 534 0077 03       		.uleb128 0x3
 535 0078 0E       		.uleb128 0xe
 536 0079 3A       		.uleb128 0x3a
 537 007a 0B       		.uleb128 0xb
 538 007b 3B       		.uleb128 0x3b
 539 007c 0B       		.uleb128 0xb
 540 007d 27       		.uleb128 0x27
 541 007e 19       		.uleb128 0x19
 542 007f 49       		.uleb128 0x49
 543 0080 13       		.uleb128 0x13
 544 0081 11       		.uleb128 0x11
 545 0082 01       		.uleb128 0x1
 546 0083 12       		.uleb128 0x12
 547 0084 06       		.uleb128 0x6
 548 0085 40       		.uleb128 0x40
 549 0086 18       		.uleb128 0x18
 550 0087 9742     		.uleb128 0x2117
 551 0089 19       		.uleb128 0x19
 552 008a 00       		.byte	0
 553 008b 00       		.byte	0
 554 008c 0A       		.uleb128 0xa
ARM GAS  C:\Users\miyag\AppData\Local\Temp\ccKHVVW4.s 			page 15


 555 008d 34       		.uleb128 0x34
 556 008e 00       		.byte	0
 557 008f 03       		.uleb128 0x3
 558 0090 0E       		.uleb128 0xe
 559 0091 3A       		.uleb128 0x3a
 560 0092 0B       		.uleb128 0xb
 561 0093 3B       		.uleb128 0x3b
 562 0094 0B       		.uleb128 0xb
 563 0095 49       		.uleb128 0x49
 564 0096 13       		.uleb128 0x13
 565 0097 02       		.uleb128 0x2
 566 0098 17       		.uleb128 0x17
 567 0099 00       		.byte	0
 568 009a 00       		.byte	0
 569 009b 0B       		.uleb128 0xb
 570 009c 898201   		.uleb128 0x4109
 571 009f 00       		.byte	0
 572 00a0 11       		.uleb128 0x11
 573 00a1 01       		.uleb128 0x1
 574 00a2 31       		.uleb128 0x31
 575 00a3 13       		.uleb128 0x13
 576 00a4 00       		.byte	0
 577 00a5 00       		.byte	0
 578 00a6 0C       		.uleb128 0xc
 579 00a7 34       		.uleb128 0x34
 580 00a8 00       		.byte	0
 581 00a9 03       		.uleb128 0x3
 582 00aa 0E       		.uleb128 0xe
 583 00ab 3A       		.uleb128 0x3a
 584 00ac 0B       		.uleb128 0xb
 585 00ad 3B       		.uleb128 0x3b
 586 00ae 0B       		.uleb128 0xb
 587 00af 49       		.uleb128 0x49
 588 00b0 13       		.uleb128 0x13
 589 00b1 02       		.uleb128 0x2
 590 00b2 18       		.uleb128 0x18
 591 00b3 00       		.byte	0
 592 00b4 00       		.byte	0
 593 00b5 0D       		.uleb128 0xd
 594 00b6 34       		.uleb128 0x34
 595 00b7 00       		.byte	0
 596 00b8 03       		.uleb128 0x3
 597 00b9 0E       		.uleb128 0xe
 598 00ba 3A       		.uleb128 0x3a
 599 00bb 0B       		.uleb128 0xb
 600 00bc 3B       		.uleb128 0x3b
 601 00bd 05       		.uleb128 0x5
 602 00be 49       		.uleb128 0x49
 603 00bf 13       		.uleb128 0x13
 604 00c0 3F       		.uleb128 0x3f
 605 00c1 19       		.uleb128 0x19
 606 00c2 3C       		.uleb128 0x3c
 607 00c3 19       		.uleb128 0x19
 608 00c4 00       		.byte	0
 609 00c5 00       		.byte	0
 610 00c6 0E       		.uleb128 0xe
 611 00c7 2E       		.uleb128 0x2e
ARM GAS  C:\Users\miyag\AppData\Local\Temp\ccKHVVW4.s 			page 16


 612 00c8 00       		.byte	0
 613 00c9 3F       		.uleb128 0x3f
 614 00ca 19       		.uleb128 0x19
 615 00cb 03       		.uleb128 0x3
 616 00cc 0E       		.uleb128 0xe
 617 00cd 3A       		.uleb128 0x3a
 618 00ce 0B       		.uleb128 0xb
 619 00cf 3B       		.uleb128 0x3b
 620 00d0 0B       		.uleb128 0xb
 621 00d1 27       		.uleb128 0x27
 622 00d2 19       		.uleb128 0x19
 623 00d3 49       		.uleb128 0x49
 624 00d4 13       		.uleb128 0x13
 625 00d5 3C       		.uleb128 0x3c
 626 00d6 19       		.uleb128 0x19
 627 00d7 00       		.byte	0
 628 00d8 00       		.byte	0
 629 00d9 00       		.byte	0
 630              		.section	.debug_loc,"",%progbits
 631              	.Ldebug_loc0:
 632              	.LLST0:
 633 0000 10000000 		.4byte	.LVL1
 634 0004 37000000 		.4byte	.LVL2-1
 635 0008 0100     		.2byte	0x1
 636 000a 50       		.byte	0x50
 637 000b 38000000 		.4byte	.LVL2
 638 000f 54000000 		.4byte	.LVL3
 639 0013 0100     		.2byte	0x1
 640 0015 50       		.byte	0x50
 641 0016 5A000000 		.4byte	.LVL4
 642 001a 6C000000 		.4byte	.LFE64
 643 001e 0100     		.2byte	0x1
 644 0020 50       		.byte	0x50
 645 0021 00000000 		.4byte	0
 646 0025 00000000 		.4byte	0
 647              		.section	.debug_aranges,"",%progbits
 648 0000 34000000 		.4byte	0x34
 649 0004 0200     		.2byte	0x2
 650 0006 00000000 		.4byte	.Ldebug_info0
 651 000a 04       		.byte	0x4
 652 000b 00       		.byte	0
 653 000c 0000     		.2byte	0
 654 000e 0000     		.2byte	0
 655 0010 00000000 		.4byte	.LFB63
 656 0014 04000000 		.4byte	.LFE63-.LFB63
 657 0018 00000000 		.4byte	.LFB65
 658 001c 1C000000 		.4byte	.LFE65-.LFB65
 659 0020 00000000 		.4byte	.LFB66
 660 0024 1C000000 		.4byte	.LFE66-.LFB66
 661 0028 00000000 		.4byte	.LFB64
 662 002c 6C000000 		.4byte	.LFE64-.LFB64
 663 0030 00000000 		.4byte	0
 664 0034 00000000 		.4byte	0
 665              		.section	.debug_ranges,"",%progbits
 666              	.Ldebug_ranges0:
 667 0000 00000000 		.4byte	.LFB63
 668 0004 04000000 		.4byte	.LFE63
ARM GAS  C:\Users\miyag\AppData\Local\Temp\ccKHVVW4.s 			page 17


 669 0008 00000000 		.4byte	.LFB65
 670 000c 1C000000 		.4byte	.LFE65
 671 0010 00000000 		.4byte	.LFB66
 672 0014 1C000000 		.4byte	.LFE66
 673 0018 00000000 		.4byte	.LFB64
 674 001c 6C000000 		.4byte	.LFE64
 675 0020 00000000 		.4byte	0
 676 0024 00000000 		.4byte	0
 677              		.section	.debug_line,"",%progbits
 678              	.Ldebug_line0:
 679 0000 E6010000 		.section	.debug_str,"MS",%progbits,1
 679      02006901 
 679      00000201 
 679      FB0E0D00 
 679      01010101 
 680              	.LASF9:
 681 0000 5F5F696E 		.ascii	"__int32_t\000"
 681      7433325F 
 681      7400
 682              	.LASF30:
 683 000a 4350555F 		.ascii	"CPU_PSoC_Asm\000"
 683      50536F43 
 683      5F41736D 
 683      00
 684              	.LASF23:
 685 0017 53656C66 		.ascii	"SelfTestA\000"
 685      54657374 
 685      4100
 686              	.LASF19:
 687 0021 53656C66 		.ascii	"SelfTest_PC5555\000"
 687      54657374 
 687      5F504335 
 687      35353500 
 688              	.LASF25:
 689 0031 53656C66 		.ascii	"SelfTestC\000"
 689      54657374 
 689      4300
 690              	.LASF14:
 691 003b 666C6F61 		.ascii	"float\000"
 691      7400
 692              	.LASF11:
 693 0041 75696E74 		.ascii	"uint8\000"
 693      3800
 694              	.LASF18:
 695 0047 53656C66 		.ascii	"SelfTest_PCAAAA\000"
 695      54657374 
 695      5F504341 
 695      41414100 
 696              	.LASF1:
 697 0057 756E7369 		.ascii	"unsigned char\000"
 697      676E6564 
 697      20636861 
 697      7200
 698              	.LASF5:
 699 0065 6C6F6E67 		.ascii	"long unsigned int\000"
 699      20756E73 
 699      69676E65 
ARM GAS  C:\Users\miyag\AppData\Local\Temp\ccKHVVW4.s 			page 18


 699      6420696E 
 699      7400
 700              	.LASF3:
 701 0077 73686F72 		.ascii	"short unsigned int\000"
 701      7420756E 
 701      7369676E 
 701      65642069 
 701      6E7400
 702              	.LASF28:
 703 008a 433A5C54 		.ascii	"C:\\TIRI\\k3g2pmpm_20211223\\trobot_psoc_v6_73\\tro"
 703      4952495C 
 703      6B336732 
 703      706D706D 
 703      5F323032 
 704 00b9 626F7436 		.ascii	"bot6_cir2_2wd.cydsn\000"
 704      5F636972 
 704      325F3277 
 704      642E6379 
 704      64736E00 
 705              	.LASF29:
 706 00cd 49544D5F 		.ascii	"ITM_RxBuffer\000"
 706      52784275 
 706      66666572 
 706      00
 707              	.LASF27:
 708 00da 2E5C5365 		.ascii	".\\SelfTest_CPU.c\000"
 708      6C665465 
 708      73745F43 
 708      50552E63 
 708      00
 709              	.LASF15:
 710 00eb 646F7562 		.ascii	"double\000"
 710      6C6500
 711              	.LASF20:
 712 00f2 53656C66 		.ascii	"SelfTest_CPU_Registers\000"
 712      54657374 
 712      5F435055 
 712      5F526567 
 712      69737465 
 713              	.LASF12:
 714 0109 75696E74 		.ascii	"uint16\000"
 714      313600
 715              	.LASF13:
 716 0110 75696E74 		.ascii	"uint32\000"
 716      333200
 717              	.LASF8:
 718 0117 756E7369 		.ascii	"unsigned int\000"
 718      676E6564 
 718      20696E74 
 718      00
 719              	.LASF7:
 720 0124 6C6F6E67 		.ascii	"long long unsigned int\000"
 720      206C6F6E 
 720      6720756E 
 720      7369676E 
 720      65642069 
 721              	.LASF10:
ARM GAS  C:\Users\miyag\AppData\Local\Temp\ccKHVVW4.s 			page 19


 722 013b 696E7433 		.ascii	"int32_t\000"
 722      325F7400 
 723              	.LASF17:
 724 0143 73697A65 		.ascii	"sizetype\000"
 724      74797065 
 724      00
 725              	.LASF6:
 726 014c 6C6F6E67 		.ascii	"long long int\000"
 726      206C6F6E 
 726      6720696E 
 726      7400
 727              	.LASF16:
 728 015a 63686172 		.ascii	"char\000"
 728      00
 729              	.LASF22:
 730 015f 72657475 		.ascii	"returned_value\000"
 730      726E6564 
 730      5F76616C 
 730      756500
 731              	.LASF2:
 732 016e 73686F72 		.ascii	"short int\000"
 732      7420696E 
 732      7400
 733              	.LASF26:
 734 0178 474E5520 		.ascii	"GNU C 4.9.3 20150303 (release) [ARM/embedded-4_9-br"
 734      4320342E 
 734      392E3320 
 734      32303135 
 734      30333033 
 735 01ab 616E6368 		.ascii	"anch revision 221220] -mcpu=cortex-m3 -mthumb -g -O"
 735      20726576 
 735      6973696F 
 735      6E203232 
 735      31323230 
 736 01de 73202D66 		.ascii	"s -ffunction-sections -ffat-lto-objects\000"
 736      66756E63 
 736      74696F6E 
 736      2D736563 
 736      74696F6E 
 737              	.LASF24:
 738 0206 53656C66 		.ascii	"SelfTestB\000"
 738      54657374 
 738      4200
 739              	.LASF4:
 740 0210 6C6F6E67 		.ascii	"long int\000"
 740      20696E74 
 740      00
 741              	.LASF0:
 742 0219 7369676E 		.ascii	"signed char\000"
 742      65642063 
 742      68617200 
 743              	.LASF21:
 744 0225 53656C66 		.ascii	"SelfTest_PC\000"
 744      54657374 
 744      5F504300 
 745              		.ident	"GCC: (GNU Tools for ARM Embedded Processors) 4.9.3 20150303 (release) [ARM/embedded-4_9-br
