Archive member included because of file (symbol)

.\CortexM3\ARM_GCC_493\Release\trobot6_cir2_2wd.a(cyfitter_cfg.o)
                              .\CortexM3\ARM_GCC_493\Release\Cm3Start.o (cyfitter_cfg)
.\CortexM3\ARM_GCC_493\Release\trobot6_cir2_2wd.a(motor_contl_reg_0.o)
                              .\CortexM3\ARM_GCC_493\Release\main.o (motor_contl_reg_0_Write)
.\CortexM3\ARM_GCC_493\Release\trobot6_cir2_2wd.a(USBUART_1.o)
                              .\CortexM3\ARM_GCC_493\Release\main.o (USBUART_1_Start)
.\CortexM3\ARM_GCC_493\Release\trobot6_cir2_2wd.a(USBUART_1_cdc.o)
                              .\CortexM3\ARM_GCC_493\Release\main.o (USBUART_1_CDC_Init)
.\CortexM3\ARM_GCC_493\Release\trobot6_cir2_2wd.a(USBUART_1_drv.o)
                              .\CortexM3\ARM_GCC_493\Release\trobot6_cir2_2wd.a(USBUART_1.o) (USBUART_1_lastPacketSize)
.\CortexM3\ARM_GCC_493\Release\trobot6_cir2_2wd.a(USBUART_1_episr.o)
                              .\CortexM3\ARM_GCC_493\Release\trobot6_cir2_2wd.a(USBUART_1.o) (USBUART_1_EP_1_ISR)
.\CortexM3\ARM_GCC_493\Release\trobot6_cir2_2wd.a(USBUART_1_pm.o)
                              .\CortexM3\ARM_GCC_493\Release\trobot6_cir2_2wd.a(USBUART_1.o) (USBUART_1_DP_ISR)
.\CortexM3\ARM_GCC_493\Release\trobot6_cir2_2wd.a(USBUART_1_std.o)
                              .\CortexM3\ARM_GCC_493\Release\trobot6_cir2_2wd.a(USBUART_1_pm.o) (USBUART_1_ConfigReg)
.\CortexM3\ARM_GCC_493\Release\trobot6_cir2_2wd.a(USBUART_1_vnd.o)
                              .\CortexM3\ARM_GCC_493\Release\trobot6_cir2_2wd.a(USBUART_1_drv.o) (USBUART_1_HandleVendorRqst)
.\CortexM3\ARM_GCC_493\Release\trobot6_cir2_2wd.a(sub_cycle_int.o)
                              .\CortexM3\ARM_GCC_493\Release\main.o (sub_cycle_int_StartEx)
.\CortexM3\ARM_GCC_493\Release\trobot6_cir2_2wd.a(P_out.o)
                              .\CortexM3\ARM_GCC_493\Release\main.o (P_out_Write)
.\CortexM3\ARM_GCC_493\Release\trobot6_cir2_2wd.a(Timer_PWM.o)
                              .\CortexM3\ARM_GCC_493\Release\main.o (Timer_PWM_Start)
.\CortexM3\ARM_GCC_493\Release\trobot6_cir2_2wd.a(Timer_cycle.o)
                              .\CortexM3\ARM_GCC_493\Release\main.o (Timer_cycle_WriteCounter)
.\CortexM3\ARM_GCC_493\Release\trobot6_cir2_2wd.a(FirstLine.o)
                              .\CortexM3\ARM_GCC_493\Release\main.o (FirstLine_Write)
.\CortexM3\ARM_GCC_493\Release\trobot6_cir2_2wd.a(ADC_SAR_1.o)
                              .\CortexM3\ARM_GCC_493\Release\main.o (ADC_SAR_1_Enable)
.\CortexM3\ARM_GCC_493\Release\trobot6_cir2_2wd.a(ADC_SAR_1_INT.o)
                              .\CortexM3\ARM_GCC_493\Release\trobot6_cir2_2wd.a(ADC_SAR_1.o) (ADC_SAR_1_ISR)
.\CortexM3\ARM_GCC_493\Release\trobot6_cir2_2wd.a(AMux_1.o)
                              .\CortexM3\ARM_GCC_493\Release\main.o (AMux_1_Start)
.\CortexM3\ARM_GCC_493\Release\trobot6_cir2_2wd.a(VDAC8_1.o)
                              .\CortexM3\ARM_GCC_493\Release\main.o (VDAC8_1_Start)
.\CortexM3\ARM_GCC_493\Release\trobot6_cir2_2wd.a(DieTemp_1.o)
                              .\CortexM3\ARM_GCC_493\Release\main.o (DieTemp_1_Start)
.\CortexM3\ARM_GCC_493\Release\trobot6_cir2_2wd.a(P_out_1.o)
                              .\CortexM3\ARM_GCC_493\Release\main.o (P_out_1_Write)
.\CortexM3\ARM_GCC_493\Release\trobot6_cir2_2wd.a(Timer_sub_cycle.o)
                              .\CortexM3\ARM_GCC_493\Release\main.o (Timer_sub_cycle_Start)
.\CortexM3\ARM_GCC_493\Release\trobot6_cir2_2wd.a(P_out_2.o)
                              .\CortexM3\ARM_GCC_493\Release\main.o (P_out_2_Write)
.\CortexM3\ARM_GCC_493\Release\trobot6_cir2_2wd.a(SPIM_1.o)
                              .\CortexM3\ARM_GCC_493\Release\main.o (SPIM_1_ReadTxStatus)
.\CortexM3\ARM_GCC_493\Release\trobot6_cir2_2wd.a(SS0_B.o)
                              .\CortexM3\ARM_GCC_493\Release\main.o (SS0_B_Write)
.\CortexM3\ARM_GCC_493\Release\trobot6_cir2_2wd.a(motor_en_reg.o)
                              .\CortexM3\ARM_GCC_493\Release\main.o (motor_en_reg_Write)
.\CortexM3\ARM_GCC_493\Release\trobot6_cir2_2wd.a(motor_contl_reg_1.o)
                              .\CortexM3\ARM_GCC_493\Release\main.o (motor_contl_reg_1_Write)
.\CortexM3\ARM_GCC_493\Release\trobot6_cir2_2wd.a(BMP_SW.o)
                              .\CortexM3\ARM_GCC_493\Release\main.o (BMP_SW_Read)
.\CortexM3\ARM_GCC_493\Release\trobot6_cir2_2wd.a(MOTOR_FAULT.o)
                              .\CortexM3\ARM_GCC_493\Release\main.o (MOTOR_FAULT_Read)
.\CortexM3\ARM_GCC_493\Release\trobot6_cir2_2wd.a(USBUART_1_Dp.o)
                              .\CortexM3\ARM_GCC_493\Release\trobot6_cir2_2wd.a(USBUART_1_pm.o) (USBUART_1_Dp_ClearInterrupt)
.\CortexM3\ARM_GCC_493\Release\trobot6_cir2_2wd.a(ADC_SAR_1_theACLK.o)
                              .\CortexM3\ARM_GCC_493\Release\trobot6_cir2_2wd.a(ADC_SAR_1.o) (ADC_SAR_1_theACLK_SetModeRegister)
.\CortexM3\ARM_GCC_493\Release\trobot6_cir2_2wd.a(SPIM_1_IntClock.o)
[...]
Memory Configuration

Name             Origin             Length             Attributes
rom              0x00000000         0x00040000         xr
ram              0x1fff8000         0x00010000         xrw
*default*        0x00000000         0xffffffff

Linker script and memory map

LOAD c:/program files (x86)/cypress/psoc creator/3.3/psoc creator/import/gnu/arm/4.9.3/bin/../lib/gcc/arm-none-eabi/4.9.3/armv7-m/crti.o
LOAD c:/program files (x86)/cypress/psoc creator/3.3/psoc creator/import/gnu/arm/4.9.3/bin/../lib/gcc/arm-none-eabi/4.9.3/armv7-m/crtbegin.o
LOAD c:/program files (x86)/cypress/psoc creator/3.3/psoc creator/import/gnu/arm/4.9.3/bin/../lib/gcc/arm-none-eabi/4.9.3/../../../../arm-none-eabi/lib/armv7-m/crt0.o
START GROUP
LOAD .\CortexM3\ARM_GCC_493\Release\main.o
LOAD .\CortexM3\ARM_GCC_493\Release\Motor_Contl4_3.o
LOAD .\CortexM3\ARM_GCC_493\Release\Motor_Contl4_3_data.o
LOAD .\CortexM3\ARM_GCC_493\Release\SelfTest_CPU.o
LOAD .\CortexM3\ARM_GCC_493\Release\SelfTest_CPU_asm.o
LOAD .\CortexM3\ARM_GCC_493\Release\cymetadata.o
LOAD .\CortexM3\ARM_GCC_493\Release\Cm3Start.o
LOAD .\CortexM3\ARM_GCC_493\Release\trobot6_cir2_2wd.a
LOAD C:\Program Files (x86)\Cypress\PSoC Creator\3.3\PSoC Creator\psoc\content\cycomponentlibrary\CyComponentLibrary.cylib\CortexM3\ARM_GCC_493\Release\CyComponentLibrary.a
END GROUP
START GROUP
LOAD c:/program files (x86)/cypress/psoc creator/3.3/psoc creator/import/gnu/arm/4.9.3/bin/../lib/gcc/arm-none-eabi/4.9.3/armv7-m\libgcc.a
LOAD c:/program files (x86)/cypress/psoc creator/3.3/psoc creator/import/gnu/arm/4.9.3/bin/../lib/gcc/arm-none-eabi/4.9.3/../../../../arm-none-eabi/lib/armv7-m\libg_nano.a
LOAD c:/program files (x86)/cypress/psoc creator/3.3/psoc creator/import/gnu/arm/4.9.3/bin/../lib/gcc/arm-none-eabi/4.9.3/../../../../arm-none-eabi/lib/armv7-m\libc_nano.a
END GROUP
START GROUP
LOAD c:/program files (x86)/cypress/psoc creator/3.3/psoc creator/import/gnu/arm/4.9.3/bin/../lib/gcc/arm-none-eabi/4.9.3/armv7-m\libgcc.a
LOAD c:/program files (x86)/cypress/psoc creator/3.3/psoc creator/import/gnu/arm/4.9.3/bin/../lib/gcc/arm-none-eabi/4.9.3/../../../../arm-none-eabi/lib/armv7-m\libc_nano.a
END GROUP
LOAD c:/program files (x86)/cypress/psoc creator/3.3/psoc creator/import/gnu/arm/4.9.3/bin/../lib/gcc/arm-none-eabi/4.9.3/armv7-m/crtend.o
LOAD c:/program files (x86)/cypress/psoc creator/3.3/psoc creator/import/gnu/arm/4.9.3/bin/../lib/gcc/arm-none-eabi/4.9.3/armv7-m/crtn.o
START GROUP
LOAD c:/program files (x86)/cypress/psoc creator/3.3/psoc creator/import/gnu/arm/4.9.3/bin/../lib/gcc/arm-none-eabi/4.9.3/armv7-m\libgcc.a
LOAD c:/program files (x86)/cypress/psoc creator/3.3/psoc creator/import/gnu/arm/4.9.3/bin/../lib/gcc/arm-none-eabi/4.9.3/../../../../arm-none-eabi/lib/armv7-m\libc.a
LOAD c:/program files (x86)/cypress/psoc creator/3.3/psoc creator/import/gnu/arm/4.9.3/bin/../lib/gcc/arm-none-eabi/4.9.3/../../../../arm-none-eabi/lib/armv7-m\libnosys.a
END GROUP
                0x00000000                CY_APPL_ORIGIN = 0x0
                0x00000100                CY_FLASH_ROW_SIZE = 0x100
                0x00000020                CY_ECC_ROW_SIZE = 0x20
                0x00000000                CY_EE_IN_BTLDR = 0x0
                0x00000000                CY_APPL_LOADABLE = 0x0
                0x00000800                CY_EE_SIZE = 0x800
                0x00000001                CY_APPL_NUM = 0x1
                0x00000001                CY_APPL_MAX = 0x1
                0x00000040                CY_METADATA_SIZE = 0x40
                0x00000000                CY_APPL_LOADABLE = 0x0
                0x00000000                CY_CHECKSUM_EXCLUDE_SIZE = ALIGN (0x0, CY_FLASH_ROW_SIZE)
                0x1fff89d8                PROVIDE (__cy_heap_start, _end)
                0x00000001                PROVIDE (__cy_region_num, ((__cy_regions_end - __cy_regions) / 0x10))
                0x20008000                PROVIDE (__cy_stack, (ORIGIN (ram) + 0x10000))
                0x20007800                PROVIDE (__cy_heap_end, (__cy_stack - 0x800))

.cybootloader   0x00000000        0x0
 *(.cybootloader)
                0x00000000                appl1_start = CY_APPL_ORIGIN?CY_APPL_ORIGIN:ALIGN (CY_FLASH_ROW_SIZE)
                0x0001ff00                appl2_start = (appl1_start + ALIGN ((((0x40000 - appl1_start) - (0x2 * CY_FLASH_ROW_SIZE)) / 0x2), CY_FLASH_ROW_SIZE))
                0x00000000                appl_start = (CY_APPL_NUM == 0x1)?appl1_start:appl2_start
                0x00000000                ecc_offset = ((appl_start / CY_FLASH_ROW_SIZE) * CY_ECC_ROW_SIZE)
                0x00000000                ee_offset = (CY_APPL_LOADABLE && ! (CY_EE_IN_BTLDR))?((CY_EE_SIZE / CY_APPL_MAX) * (CY_APPL_NUM - 0x1)):0x0
                0x00000800                ee_size = (CY_APPL_LOADABLE && ! (CY_EE_IN_BTLDR))?(CY_EE_SIZE / CY_APPL_MAX):CY_EE_SIZE
                0x00000000                PROVIDE (CY_ECC_OFFSET, ecc_offset)

.text           0x00000000     0x64fc
 CREATE_OBJECT_SYMBOLS
                0x00000000                PROVIDE (__cy_interrupt_vector, RomVectors)
 *(.romvectors)
 .romvectors    0x00000000       0x10 .\CortexM3\ARM_GCC_493\Release\Cm3Start.o
                0x00000000                RomVectors
                0x00000001                ASSERT ((. != __cy_interrupt_vector), No interrupt vector)
                0x00000001                ASSERT (CY_APPL_ORIGIN?(SIZEOF (.cybootloader) <= CY_APPL_ORIGIN):0x1, Wrong image location)
                0x00000010                PROVIDE (__cy_reset, Reset)
 *(.text.Reset)
 .text.Reset    0x00000010       0x18 .\CortexM3\ARM_GCC_493\Release\Cm3Start.o
                0x00000010                Reset
                0x00000001                ASSERT ((. != __cy_reset), No reset code)
 *(.dma_init)
                0x00000001                ASSERT ((((appl_start + .) <= 0x10000) || 0x1), DMA Init must be within the first 64k of flash)
 *(.text .text.* .gnu.linkonce.t.*)
 .text          0x00000028       0x5c c:/program files (x86)/cypress/psoc creator/3.3/psoc creator/import/gnu/arm/4.9.3/bin/../lib/gcc/arm-none-eabi/4.9.3/armv7-m/crtbegin.o
 .text.Chk_Bumper
                0x00000084      0x100 .\CortexM3\ARM_GCC_493\Release\main.o
                0x00000084                Chk_Bumper
 .text.rt_OneStep
                0x00000184       0x2c .\CortexM3\ARM_GCC_493\Release\main.o
                0x00000184                rt_OneStep
 .text.pout     0x000001b0       0x20 .\CortexM3\ARM_GCC_493\Release\main.o
                0x000001b0                pout
 .text.Sub_Enc  0x000001d0      0x134 .\CortexM3\ARM_GCC_493\Release\main.o
                0x000001d0                Sub_Enc
 .text.McpuOP   0x00000304      0x158 .\CortexM3\ARM_GCC_493\Release\main.o
                0x00000304                McpuOP
 .text.Sub_Calc1
                0x0000045c      0x40c .\CortexM3\ARM_GCC_493\Release\main.o
                0x0000045c                Sub_Calc1
 .text.Set_PWM  0x00000868      0x138 .\CortexM3\ARM_GCC_493\Release\main.o
                0x00000868                Set_PWM
 .text.McpuOP2  0x000009a0       0xc8 .\CortexM3\ARM_GCC_493\Release\main.o
                0x000009a0                McpuOP2
 .text.main2pc  0x00000a68      0x184 .\CortexM3\ARM_GCC_493\Release\main.o
                0x00000a68                main2pc
 .text.WheelStop
                0x00000bec       0xe0 .\CortexM3\ARM_GCC_493\Release\main.o
                0x00000bec                WheelStop
 .text.spi_drv_init
                0x00000ccc      0x1d0 .\CortexM3\ARM_GCC_493\Release\main.o
                0x00000ccc                spi_drv_init
 .text.spi_drv_read
                0x00000e9c      0x15c .\CortexM3\ARM_GCC_493\Release\main.o
                0x00000e9c                spi_drv_read
 .text.spi_drv_set
                0x00000ff8      0x178 .\CortexM3\ARM_GCC_493\Release\main.o
                0x00000ff8                spi_drv_set
 .text.pc2main  0x00001170      0x8c8 .\CortexM3\ARM_GCC_493\Release\main.o
                0x00001170                pc2main
 .text.InterruptHandler
                0x00001a38      0x108 .\CortexM3\ARM_GCC_493\Release\main.o
                0x00001a38                InterruptHandler
 .text.variable_initialize
                0x00001b40      0x248 .\CortexM3\ARM_GCC_493\Release\main.o
                0x00001b40                variable_initialize
 .text.start_get_die_temp
                0x00001d88       0x30 .\CortexM3\ARM_GCC_493\Release\main.o
                0x00001d88                start_get_die_temp
 .text.get_die_temp
                0x00001db8       0x98 .\CortexM3\ARM_GCC_493\Release\main.o
                0x00001db8                get_die_temp
 .text.get_adc_value
                0x00001e50       0x3c .\CortexM3\ARM_GCC_493\Release\main.o
                0x00001e50                get_adc_value
 .text.spi_read_bytes
                0x00001e8c       0x88 .\CortexM3\ARM_GCC_493\Release\main.o
                0x00001e8c                spi_read_bytes
 .text.diag_sense
                0x00001f14      0x5f8 .\CortexM3\ARM_GCC_493\Release\main.o
                0x00001f14                diag_sense
 .text.spi2_clr_buff
                0x0000250c       0x46 .\CortexM3\ARM_GCC_493\Release\main.o
                0x0000250c                spi2_clr_buff
 .text.spi_write_byte
                0x00002552       0x42 .\CortexM3\ARM_GCC_493\Release\main.o
                0x00002552                spi_write_byte
 .text.ini_spi2
                0x00002594       0xac .\CortexM3\ARM_GCC_493\Release\main.o
                0x00002594                ini_spi2
 .text.subp_init
                0x00002640      0x180 .\CortexM3\ARM_GCC_493\Release\main.o
                0x00002640                subp_init
 .text.main_init
                0x000027c0      0x260 .\CortexM3\ARM_GCC_493\Release\main.o
                0x000027c0                main_init
 .text.startup.main
                0x00002a20      0x118 .\CortexM3\ARM_GCC_493\Release\main.o
                0x00002a20                main
 .text.Motor_Contl4_3_derivatives
                0x00002b38      0x118 .\CortexM3\ARM_GCC_493\Release\Motor_Contl4_3.o
                0x00002b38                Motor_Contl4_3_derivatives
 .text.Motor_Contl4_3_step
                0x00002c50      0x510 .\CortexM3\ARM_GCC_493\Release\Motor_Contl4_3.o
                0x00002c50                Motor_Contl4_3_step
 .text.Motor_Contl4_3_initialize
                0x00003160       0xf8 .\CortexM3\ARM_GCC_493\Release\Motor_Contl4_3.o
                0x00003160                Motor_Contl4_3_initialize
 .text.SelfTest_CPU_Registers
                0x00003258        0x4 .\CortexM3\ARM_GCC_493\Release\SelfTest_CPU.o
                0x00003258                SelfTest_CPU_Registers
 .text.CPU_PSoC_Asm
                0x0000325c      0x164 .\CortexM3\ARM_GCC_493\Release\SelfTest_CPU_asm.o
                0x0000325c                CPU_PSoC_Asm
 .text.IntDefaultHandler
                0x000033c0        0x2 .\CortexM3\ARM_GCC_493\Release\Cm3Start.o
                0x000033c0                IntDefaultHandler
 *fill*         0x000033c2        0x2 
 .text.Start_c  0x000033c4       0x50 .\CortexM3\ARM_GCC_493\Release\Cm3Start.o
                0x000033c4                Start_c
 .text.startup.initialize_psoc
                0x00003414       0x70 .\CortexM3\ARM_GCC_493\Release\Cm3Start.o
                0x00003414                initialize_psoc
 .text.AMux_1_Set
                0x00003484       0x38 .\CortexM3\ARM_GCC_493\Release\trobot6_cir2_2wd.a(cyfitter_cfg.o)
                0x00003484                AMux_1_Set
 .text.AMux_1_Unset
                0x000034bc       0x3c .\CortexM3\ARM_GCC_493\Release\trobot6_cir2_2wd.a(cyfitter_cfg.o)
                0x000034bc                AMux_1_Unset
 .text.cyfitter_cfg
                0x000034f8      0x324 .\CortexM3\ARM_GCC_493\Release\trobot6_cir2_2wd.a(cyfitter_cfg.o)
                0x000034f8                cyfitter_cfg
 .text.motor_contl_reg_0_Write
                0x0000381c        0xc .\CortexM3\ARM_GCC_493\Release\trobot6_cir2_2wd.a(motor_contl_reg_0.o)
                0x0000381c                motor_contl_reg_0_Write
 .text.USBUART_1_Init
                0x00003828      0x13c .\CortexM3\ARM_GCC_493\Release\trobot6_cir2_2wd.a(USBUART_1.o)
                0x00003828                USBUART_1_Init
 .text.USBUART_1_InitComponent
                0x00003964       0xa4 .\CortexM3\ARM_GCC_493\Release\trobot6_cir2_2wd.a(USBUART_1.o)
                0x00003964                USBUART_1_InitComponent
 .text.USBUART_1_Start
                0x00003a08       0x24 .\CortexM3\ARM_GCC_493\Release\trobot6_cir2_2wd.a(USBUART_1.o)
                0x00003a08                USBUART_1_Start
 .text.USBUART_1_ReInitComponent
                0x00003a2c       0x4c .\CortexM3\ARM_GCC_493\Release\trobot6_cir2_2wd.a(USBUART_1.o)
                0x00003a2c                USBUART_1_ReInitComponent
 .text.USBUART_1_GetConfiguration
                0x00003a78        0xc .\CortexM3\ARM_GCC_493\Release\trobot6_cir2_2wd.a(USBUART_1.o)
                0x00003a78                USBUART_1_GetConfiguration
 .text.USBUART_1_GetEPState
                0x00003a84       0x10 .\CortexM3\ARM_GCC_493\Release\trobot6_cir2_2wd.a(USBUART_1.o)
                0x00003a84                USBUART_1_GetEPState
 .text.USBUART_1_GetEPCount
                0x00003a94       0x2c .\CortexM3\ARM_GCC_493\Release\trobot6_cir2_2wd.a(USBUART_1.o)
                0x00003a94                USBUART_1_GetEPCount
 .text.USBUART_1_LoadInEP
                0x00003ac0       0x7c .\CortexM3\ARM_GCC_493\Release\trobot6_cir2_2wd.a(USBUART_1.o)
                0x00003ac0                USBUART_1_LoadInEP
 .text.USBUART_1_EnableOutEP
                0x00003b3c       0x28 .\CortexM3\ARM_GCC_493\Release\trobot6_cir2_2wd.a(USBUART_1.o)
                0x00003b3c                USBUART_1_EnableOutEP
 .text.USBUART_1_ReadOutEP
                0x00003b64       0x4c .\CortexM3\ARM_GCC_493\Release\trobot6_cir2_2wd.a(USBUART_1.o)
                0x00003b64                USBUART_1_ReadOutEP
 .text.USBUART_1_GetInterfaceComPort
                0x00003bb0       0x30 .\CortexM3\ARM_GCC_493\Release\trobot6_cir2_2wd.a(USBUART_1_cdc.o)
                0x00003bb0                USBUART_1_GetInterfaceComPort
 .text.USBUART_1_DispatchCDCClassRqst
                0x00003be0       0x90 .\CortexM3\ARM_GCC_493\Release\trobot6_cir2_2wd.a(USBUART_1_cdc.o)
                0x00003be0                USBUART_1_DispatchCDCClassRqst
 .text.USBUART_1_CDC_Init
                0x00003c70       0x70 .\CortexM3\ARM_GCC_493\Release\trobot6_cir2_2wd.a(USBUART_1_cdc.o)
                0x00003c70                USBUART_1_CDC_Init
 .text.USBUART_1_PutData
                0x00003ce0       0x3c .\CortexM3\ARM_GCC_493\Release\trobot6_cir2_2wd.a(USBUART_1_cdc.o)
                0x00003ce0                USBUART_1_PutData
 .text.USBUART_1_DataIsReady
                0x00003d1c       0x14 .\CortexM3\ARM_GCC_493\Release\trobot6_cir2_2wd.a(USBUART_1_cdc.o)
                0x00003d1c                USBUART_1_DataIsReady
 .text.USBUART_1_CDCIsReady
                0x00003d30       0x14 .\CortexM3\ARM_GCC_493\Release\trobot6_cir2_2wd.a(USBUART_1_cdc.o)
                0x00003d30                USBUART_1_CDCIsReady
 .text.USBUART_1_GetAll
                0x00003d44       0x28 .\CortexM3\ARM_GCC_493\Release\trobot6_cir2_2wd.a(USBUART_1_cdc.o)
                0x00003d44                USBUART_1_GetAll
 .text.USBUART_1_Cdc_EpInit
                0x00003d6c       0x50 .\CortexM3\ARM_GCC_493\Release\trobot6_cir2_2wd.a(USBUART_1_cdc.o)
                0x00003d6c                USBUART_1_Cdc_EpInit
 .text.USBUART_1_LoadEP0
                0x00003dbc       0x8c .\CortexM3\ARM_GCC_493\Release\trobot6_cir2_2wd.a(USBUART_1_drv.o)
                0x00003dbc                USBUART_1_LoadEP0
 .text.USBUART_1_InitZeroLengthControlTransfer
                0x00003e48       0x34 .\CortexM3\ARM_GCC_493\Release\trobot6_cir2_2wd.a(USBUART_1_drv.o)
                0x00003e48                USBUART_1_InitZeroLengthControlTransfer
 .text.USBUART_1_ControlWriteDataStage
                0x00003e7c       0x78 .\CortexM3\ARM_GCC_493\Release\trobot6_cir2_2wd.a(USBUART_1_drv.o)
                0x00003e7c                USBUART_1_ControlWriteDataStage
 .text.USBUART_1_InitNoDataControlTransfer
                0x00003ef4       0x2c .\CortexM3\ARM_GCC_493\Release\trobot6_cir2_2wd.a(USBUART_1_drv.o)
                0x00003ef4                USBUART_1_InitNoDataControlTransfer
 .text.USBUART_1_UpdateStatusBlock
                0x00003f20       0x20 .\CortexM3\ARM_GCC_493\Release\trobot6_cir2_2wd.a(USBUART_1_drv.o)
                0x00003f20                USBUART_1_UpdateStatusBlock
 .text.USBUART_1_HandleSetup
                0x00003f40       0x58 .\CortexM3\ARM_GCC_493\Release\trobot6_cir2_2wd.a(USBUART_1_drv.o)
                0x00003f40                USBUART_1_HandleSetup
 .text.USBUART_1_ControlReadStatusStage
                0x00003f98       0x34 .\CortexM3\ARM_GCC_493\Release\trobot6_cir2_2wd.a(USBUART_1_drv.o)
                0x00003f98                USBUART_1_ControlReadStatusStage
 .text.USBUART_1_HandleOUT
                0x00003fcc       0x3c .\CortexM3\ARM_GCC_493\Release\trobot6_cir2_2wd.a(USBUART_1_drv.o)
                0x00003fcc                USBUART_1_HandleOUT
 .text.USBUART_1_ControlWriteStatusStage
                0x00004008       0x20 .\CortexM3\ARM_GCC_493\Release\trobot6_cir2_2wd.a(USBUART_1_drv.o)
                0x00004008                USBUART_1_ControlWriteStatusStage
 .text.USBUART_1_NoDataControlStatusStage
                0x00004028       0x3c .\CortexM3\ARM_GCC_493\Release\trobot6_cir2_2wd.a(USBUART_1_drv.o)
                0x00004028                USBUART_1_NoDataControlStatusStage
 .text.USBUART_1_HandleIN
                0x00004064       0x24 .\CortexM3\ARM_GCC_493\Release\trobot6_cir2_2wd.a(USBUART_1_drv.o)
                0x00004064                USBUART_1_HandleIN
 .text.USBUART_1_EP_0_ISR
                0x00004088       0x8c .\CortexM3\ARM_GCC_493\Release\trobot6_cir2_2wd.a(USBUART_1_drv.o)
                0x00004088                USBUART_1_EP_0_ISR
 .text.USBUART_1_InitializeStatusBlock
                0x00004114       0x20 .\CortexM3\ARM_GCC_493\Release\trobot6_cir2_2wd.a(USBUART_1_drv.o)
                0x00004114                USBUART_1_InitializeStatusBlock
 .text.USBUART_1_InitControlRead
                0x00004134       0x4c .\CortexM3\ARM_GCC_493\Release\trobot6_cir2_2wd.a(USBUART_1_drv.o)
                0x00004134                USBUART_1_InitControlRead
 .text.USBUART_1_InitControlWrite
                0x00004180       0x48 .\CortexM3\ARM_GCC_493\Release\trobot6_cir2_2wd.a(USBUART_1_drv.o)
                0x00004180                USBUART_1_InitControlWrite
 .text.USBUART_1_EP_1_ISR
                0x000041c8       0x34 .\CortexM3\ARM_GCC_493\Release\trobot6_cir2_2wd.a(USBUART_1_episr.o)
                0x000041c8                USBUART_1_EP_1_ISR
 .text.USBUART_1_EP_2_ISR
                0x000041fc       0x38 .\CortexM3\ARM_GCC_493\Release\trobot6_cir2_2wd.a(USBUART_1_episr.o)
                0x000041fc                USBUART_1_EP_2_ISR
 .text.USBUART_1_EP_3_ISR
                0x00004234       0x40 .\CortexM3\ARM_GCC_493\Release\trobot6_cir2_2wd.a(USBUART_1_episr.o)
                0x00004234                USBUART_1_EP_3_ISR
 .text.USBUART_1_SOF_ISR
                0x00004274        0x2 .\CortexM3\ARM_GCC_493\Release\trobot6_cir2_2wd.a(USBUART_1_episr.o)
                0x00004274                USBUART_1_SOF_ISR
 .text.USBUART_1_BUS_RESET_ISR
                0x00004276        0x4 .\CortexM3\ARM_GCC_493\Release\trobot6_cir2_2wd.a(USBUART_1_episr.o)
                0x00004276                USBUART_1_BUS_RESET_ISR
 .text.USBUART_1_DP_ISR
                0x0000427a        0x4 .\CortexM3\ARM_GCC_493\Release\trobot6_cir2_2wd.a(USBUART_1_pm.o)
                0x0000427a                USBUART_1_DP_ISR
 *fill*         0x0000427e        0x2 
 .text.USBUART_1_ReadDieID
                0x00004280       0x70 .\CortexM3\ARM_GCC_493\Release\trobot6_cir2_2wd.a(USBUART_1_std.o)
                0x00004280                USBUART_1_ReadDieID
 .text.USBUART_1_ConfigReg
                0x000042f0       0x70 .\CortexM3\ARM_GCC_493\Release\trobot6_cir2_2wd.a(USBUART_1_std.o)
                0x000042f0                USBUART_1_ConfigReg
 .text.USBUART_1_GetConfigTablePtr
                0x00004360       0x24 .\CortexM3\ARM_GCC_493\Release\trobot6_cir2_2wd.a(USBUART_1_std.o)
                0x00004360                USBUART_1_GetConfigTablePtr
 .text.USBUART_1_ConfigAltChanged
                0x00004384       0xe8 .\CortexM3\ARM_GCC_493\Release\trobot6_cir2_2wd.a(USBUART_1_std.o)
                0x00004384                USBUART_1_ConfigAltChanged
 .text.USBUART_1_GetInterfaceClassTablePtr
                0x0000446c       0x20 .\CortexM3\ARM_GCC_493\Release\trobot6_cir2_2wd.a(USBUART_1_std.o)
                0x0000446c                USBUART_1_GetInterfaceClassTablePtr
 .text.USBUART_1_Config
                0x0000448c      0x16c .\CortexM3\ARM_GCC_493\Release\trobot6_cir2_2wd.a(USBUART_1_std.o)
                0x0000448c                USBUART_1_Config
 .text.USBUART_1_SetEndpointHalt
                0x000045f8       0x54 .\CortexM3\ARM_GCC_493\Release\trobot6_cir2_2wd.a(USBUART_1_std.o)
                0x000045f8                USBUART_1_SetEndpointHalt
 .text.USBUART_1_ClearEndpointHalt
                0x0000464c       0x70 .\CortexM3\ARM_GCC_493\Release\trobot6_cir2_2wd.a(USBUART_1_std.o)
                0x0000464c                USBUART_1_ClearEndpointHalt
 .text.USBUART_1_ValidateAlternateSetting
                0x000046bc       0x48 .\CortexM3\ARM_GCC_493\Release\trobot6_cir2_2wd.a(USBUART_1_std.o)
                0x000046bc                USBUART_1_ValidateAlternateSetting
 .text.USBUART_1_HandleStandardRqst
                0x00004704      0x274 .\CortexM3\ARM_GCC_493\Release\trobot6_cir2_2wd.a(USBUART_1_std.o)
                0x00004704                USBUART_1_HandleStandardRqst
 .text.USBUART_1_HandleVendorRqst
                0x00004978       0x2c .\CortexM3\ARM_GCC_493\Release\trobot6_cir2_2wd.a(USBUART_1_vnd.o)
                0x00004978                USBUART_1_HandleVendorRqst
 .text.sub_cycle_int_StartEx
                0x000049a4       0x2c .\CortexM3\ARM_GCC_493\Release\trobot6_cir2_2wd.a(sub_cycle_int.o)
                0x000049a4                sub_cycle_int_StartEx
 .text.P_out_Write
                0x000049d0       0x18 .\CortexM3\ARM_GCC_493\Release\trobot6_cir2_2wd.a(P_out.o)
                0x000049d0                P_out_Write
 .text.P_out_Read
                0x000049e8        0xc .\CortexM3\ARM_GCC_493\Release\trobot6_cir2_2wd.a(P_out.o)
                0x000049e8                P_out_Read
 .text.Timer_PWM_Enable
                0x000049f4       0x10 .\CortexM3\ARM_GCC_493\Release\trobot6_cir2_2wd.a(Timer_PWM.o)
                0x000049f4                Timer_PWM_Enable
 .text.Timer_PWM_ClearFIFO
                0x00004a04       0x18 .\CortexM3\ARM_GCC_493\Release\trobot6_cir2_2wd.a(Timer_PWM.o)
                0x00004a04                Timer_PWM_ClearFIFO
 .text.Timer_PWM_Init
                0x00004a1c       0x38 .\CortexM3\ARM_GCC_493\Release\trobot6_cir2_2wd.a(Timer_PWM.o)
                0x00004a1c                Timer_PWM_Init
 .text.Timer_PWM_Start
                0x00004a54       0x1c .\CortexM3\ARM_GCC_493\Release\trobot6_cir2_2wd.a(Timer_PWM.o)
                0x00004a54                Timer_PWM_Start
 .text.Timer_cycle_Enable
                0x00004a70       0x10 .\CortexM3\ARM_GCC_493\Release\trobot6_cir2_2wd.a(Timer_cycle.o)
                0x00004a70                Timer_cycle_Enable
 .text.Timer_cycle_WriteCounter
                0x00004a80        0xc .\CortexM3\ARM_GCC_493\Release\trobot6_cir2_2wd.a(Timer_cycle.o)
                0x00004a80                Timer_cycle_WriteCounter
 .text.Timer_cycle_ClearFIFO
                0x00004a8c       0x18 .\CortexM3\ARM_GCC_493\Release\trobot6_cir2_2wd.a(Timer_cycle.o)
                0x00004a8c                Timer_cycle_ClearFIFO
 .text.Timer_cycle_Init
                0x00004aa4       0x38 .\CortexM3\ARM_GCC_493\Release\trobot6_cir2_2wd.a(Timer_cycle.o)
                0x00004aa4                Timer_cycle_Init
 .text.Timer_cycle_Start
                0x00004adc       0x1c .\CortexM3\ARM_GCC_493\Release\trobot6_cir2_2wd.a(Timer_cycle.o)
                0x00004adc                Timer_cycle_Start
 .text.FirstLine_Write
                0x00004af8       0x18 .\CortexM3\ARM_GCC_493\Release\trobot6_cir2_2wd.a(FirstLine.o)
                0x00004af8                FirstLine_Write
 .text.ADC_SAR_1_Enable
                0x00004b10       0x98 .\CortexM3\ARM_GCC_493\Release\trobot6_cir2_2wd.a(ADC_SAR_1.o)
                0x00004b10                ADC_SAR_1_Enable
 .text.ADC_SAR_1_SetResolution
                0x00004ba8       0x60 .\CortexM3\ARM_GCC_493\Release\trobot6_cir2_2wd.a(ADC_SAR_1.o)
                0x00004ba8                ADC_SAR_1_SetResolution
 .text.ADC_SAR_1_Init
                0x00004c08       0x3c .\CortexM3\ARM_GCC_493\Release\trobot6_cir2_2wd.a(ADC_SAR_1.o)
                0x00004c08                ADC_SAR_1_Init
 .text.ADC_SAR_1_Start
                0x00004c44       0x1c .\CortexM3\ARM_GCC_493\Release\trobot6_cir2_2wd.a(ADC_SAR_1.o)
                0x00004c44                ADC_SAR_1_Start
 .text.ADC_SAR_1_StartConvert
                0x00004c60       0x18 .\CortexM3\ARM_GCC_493\Release\trobot6_cir2_2wd.a(ADC_SAR_1.o)
                0x00004c60                ADC_SAR_1_StartConvert
 .text.ADC_SAR_1_IsEndConversion
                0x00004c78       0x24 .\CortexM3\ARM_GCC_493\Release\trobot6_cir2_2wd.a(ADC_SAR_1.o)
                0x00004c78                ADC_SAR_1_IsEndConversion
 .text.ADC_SAR_1_GetResult16
                0x00004c9c       0x18 .\CortexM3\ARM_GCC_493\Release\trobot6_cir2_2wd.a(ADC_SAR_1.o)
                0x00004c9c                ADC_SAR_1_GetResult16
 .text.ADC_SAR_1_ISR
                0x00004cb4        0x2 .\CortexM3\ARM_GCC_493\Release\trobot6_cir2_2wd.a(ADC_SAR_1_INT.o)
                0x00004cb4                ADC_SAR_1_ISR
 *fill*         0x00004cb6        0x2 
 .text.AMux_1_Start
                0x00004cb8       0x1c .\CortexM3\ARM_GCC_493\Release\trobot6_cir2_2wd.a(AMux_1.o)
                0x00004cb8                AMux_1_Start
 .text.AMux_1_FastSelect
                0x00004cd4       0x20 .\CortexM3\ARM_GCC_493\Release\trobot6_cir2_2wd.a(AMux_1.o)
                0x00004cd4                AMux_1_FastSelect
 .text.VDAC8_1_Enable
                0x00004cf4       0x18 .\CortexM3\ARM_GCC_493\Release\trobot6_cir2_2wd.a(VDAC8_1.o)
                0x00004cf4                VDAC8_1_Enable
 .text.VDAC8_1_SetSpeed
                0x00004d0c       0x1c .\CortexM3\ARM_GCC_493\Release\trobot6_cir2_2wd.a(VDAC8_1.o)
                0x00004d0c                VDAC8_1_SetSpeed
 .text.VDAC8_1_DacTrim
                0x00004d28       0x24 .\CortexM3\ARM_GCC_493\Release\trobot6_cir2_2wd.a(VDAC8_1.o)
                0x00004d28                VDAC8_1_DacTrim
 .text.VDAC8_1_SetRange
                0x00004d4c       0x1c .\CortexM3\ARM_GCC_493\Release\trobot6_cir2_2wd.a(VDAC8_1.o)
                0x00004d4c                VDAC8_1_SetRange
 .text.VDAC8_1_Init
                0x00004d68       0x20 .\CortexM3\ARM_GCC_493\Release\trobot6_cir2_2wd.a(VDAC8_1.o)
                0x00004d68                VDAC8_1_Init
 .text.VDAC8_1_Start
                0x00004d88       0x24 .\CortexM3\ARM_GCC_493\Release\trobot6_cir2_2wd.a(VDAC8_1.o)
                0x00004d88                VDAC8_1_Start
 .text.DieTemp_1_Start
                0x00004dac       0x28 .\CortexM3\ARM_GCC_493\Release\trobot6_cir2_2wd.a(DieTemp_1.o)
                0x00004dac                DieTemp_1_Start
 .text.DieTemp_1_Query
                0x00004dd4       0x4c .\CortexM3\ARM_GCC_493\Release\trobot6_cir2_2wd.a(DieTemp_1.o)
                0x00004dd4                DieTemp_1_Query
 .text.P_out_1_Write
                0x00004e20       0x18 .\CortexM3\ARM_GCC_493\Release\trobot6_cir2_2wd.a(P_out_1.o)
                0x00004e20                P_out_1_Write
 .text.P_out_1_Read
                0x00004e38       0x10 .\CortexM3\ARM_GCC_493\Release\trobot6_cir2_2wd.a(P_out_1.o)
                0x00004e38                P_out_1_Read
 .text.Timer_sub_cycle_Init
                0x00004e48       0x88 .\CortexM3\ARM_GCC_493\Release\trobot6_cir2_2wd.a(Timer_sub_cycle.o)
                0x00004e48                Timer_sub_cycle_Init
 .text.Timer_sub_cycle_Enable
                0x00004ed0       0x24 .\CortexM3\ARM_GCC_493\Release\trobot6_cir2_2wd.a(Timer_sub_cycle.o)
                0x00004ed0                Timer_sub_cycle_Enable
 .text.Timer_sub_cycle_Start
                0x00004ef4       0x1c .\CortexM3\ARM_GCC_493\Release\trobot6_cir2_2wd.a(Timer_sub_cycle.o)
                0x00004ef4                Timer_sub_cycle_Start
 .text.P_out_2_Write
                0x00004f10       0x18 .\CortexM3\ARM_GCC_493\Release\trobot6_cir2_2wd.a(P_out_2.o)
                0x00004f10                P_out_2_Write
 .text.P_out_2_Read
                0x00004f28        0xc .\CortexM3\ARM_GCC_493\Release\trobot6_cir2_2wd.a(P_out_2.o)
                0x00004f28                P_out_2_Read
 .text.SPIM_1_Enable
                0x00004f34       0x38 .\CortexM3\ARM_GCC_493\Release\trobot6_cir2_2wd.a(SPIM_1.o)
                0x00004f34                SPIM_1_Enable
 .text.SPIM_1_ReadTxStatus
                0x00004f6c        0xc .\CortexM3\ARM_GCC_493\Release\trobot6_cir2_2wd.a(SPIM_1.o)
                0x00004f6c                SPIM_1_ReadTxStatus
 .text.SPIM_1_ReadRxStatus
                0x00004f78        0xc .\CortexM3\ARM_GCC_493\Release\trobot6_cir2_2wd.a(SPIM_1.o)
                0x00004f78                SPIM_1_ReadRxStatus
 .text.SPIM_1_WriteTxData
                0x00004f84       0x18 .\CortexM3\ARM_GCC_493\Release\trobot6_cir2_2wd.a(SPIM_1.o)
                0x00004f84                SPIM_1_WriteTxData
 .text.SPIM_1_ReadRxData
                0x00004f9c        0xc .\CortexM3\ARM_GCC_493\Release\trobot6_cir2_2wd.a(SPIM_1.o)
                0x00004f9c                SPIM_1_ReadRxData
 .text.SPIM_1_GetRxBufferSize
                0x00004fa8       0x10 .\CortexM3\ARM_GCC_493\Release\trobot6_cir2_2wd.a(SPIM_1.o)
                0x00004fa8                SPIM_1_GetRxBufferSize
 .text.SPIM_1_ClearRxBuffer
                0x00004fb8       0x18 .\CortexM3\ARM_GCC_493\Release\trobot6_cir2_2wd.a(SPIM_1.o)
                0x00004fb8                SPIM_1_ClearRxBuffer
 .text.SPIM_1_ClearTxBuffer
                0x00004fd0       0x34 .\CortexM3\ARM_GCC_493\Release\trobot6_cir2_2wd.a(SPIM_1.o)
                0x00004fd0                SPIM_1_ClearTxBuffer
 .text.SPIM_1_ClearFIFO
                0x00005004       0x4c .\CortexM3\ARM_GCC_493\Release\trobot6_cir2_2wd.a(SPIM_1.o)
                0x00005004                SPIM_1_ClearFIFO
 .text.SPIM_1_Init
                0x00005050       0x34 .\CortexM3\ARM_GCC_493\Release\trobot6_cir2_2wd.a(SPIM_1.o)
                0x00005050                SPIM_1_Init
 .text.SPIM_1_Start
                0x00005084       0x1c .\CortexM3\ARM_GCC_493\Release\trobot6_cir2_2wd.a(SPIM_1.o)
                0x00005084                SPIM_1_Start
 .text.SS0_B_Write
                0x000050a0        0xc .\CortexM3\ARM_GCC_493\Release\trobot6_cir2_2wd.a(SS0_B.o)
                0x000050a0                SS0_B_Write
 .text.SS0_B_Read
                0x000050ac        0xc .\CortexM3\ARM_GCC_493\Release\trobot6_cir2_2wd.a(SS0_B.o)
                0x000050ac                SS0_B_Read
 .text.motor_en_reg_Write
                0x000050b8        0xc .\CortexM3\ARM_GCC_493\Release\trobot6_cir2_2wd.a(motor_en_reg.o)
                0x000050b8                motor_en_reg_Write
 .text.motor_en_reg_Read
                0x000050c4        0xc .\CortexM3\ARM_GCC_493\Release\trobot6_cir2_2wd.a(motor_en_reg.o)
                0x000050c4                motor_en_reg_Read
 .text.motor_contl_reg_1_Write
                0x000050d0        0xc .\CortexM3\ARM_GCC_493\Release\trobot6_cir2_2wd.a(motor_contl_reg_1.o)
                0x000050d0                motor_contl_reg_1_Write
 .text.BMP_SW_Read
                0x000050dc        0xc .\CortexM3\ARM_GCC_493\Release\trobot6_cir2_2wd.a(BMP_SW.o)
                0x000050dc                BMP_SW_Read
 .text.MOTOR_FAULT_Read
                0x000050e8       0x10 .\CortexM3\ARM_GCC_493\Release\trobot6_cir2_2wd.a(MOTOR_FAULT.o)
                0x000050e8                MOTOR_FAULT_Read
 .text.USBUART_1_Dp_ClearInterrupt
                0x000050f8       0x10 .\CortexM3\ARM_GCC_493\Release\trobot6_cir2_2wd.a(USBUART_1_Dp.o)
                0x000050f8                USBUART_1_Dp_ClearInterrupt
 .text.ADC_SAR_1_theACLK_SetModeRegister
                0x00005108       0x14 .\CortexM3\ARM_GCC_493\Release\trobot6_cir2_2wd.a(ADC_SAR_1_theACLK.o)
                0x00005108                ADC_SAR_1_theACLK_SetModeRegister
 .text.SPIM_1_IntClock_Start
                0x0000511c       0x18 .\CortexM3\ARM_GCC_493\Release\trobot6_cir2_2wd.a(SPIM_1_IntClock.o)
                0x0000511c                SPIM_1_IntClock_Start
 *fill*         0x00005134        0x4 
 .text          0x00005138       0x20 .\CortexM3\ARM_GCC_493\Release\trobot6_cir2_2wd.a(CyBootAsmGnu.o)
                0x00005138                CyDelayCycles
                0x00005148                CyEnterCriticalSection
                0x00005150                CyExitCriticalSection
 .text.CyDelayUs
                0x00005158       0x10 .\CortexM3\ARM_GCC_493\Release\trobot6_cir2_2wd.a(CyLib.o)
                0x00005158                CyDelayUs
 .text.CyWdtStart
                0x00005168       0x40 .\CortexM3\ARM_GCC_493\Release\trobot6_cir2_2wd.a(CyLib.o)
                0x00005168                CyWdtStart
 .text.CyWdtClear
                0x000051a8        0xc .\CortexM3\ARM_GCC_493\Release\trobot6_cir2_2wd.a(CyLib.o)
                0x000051a8                CyWdtClear
 .text.CyIntSetVector
                0x000051b4       0x1c .\CortexM3\ARM_GCC_493\Release\trobot6_cir2_2wd.a(CyLib.o)
                0x000051b4                CyIntSetVector
 .text.CyIntSetPriority
                0x000051d0       0x14 .\CortexM3\ARM_GCC_493\Release\trobot6_cir2_2wd.a(CyLib.o)
                0x000051d0                CyIntSetPriority
 .text.CyGetUniqueId
                0x000051e4       0x70 .\CortexM3\ARM_GCC_493\Release\trobot6_cir2_2wd.a(CyLib.o)
                0x000051e4                CyGetUniqueId
 .text.CySpcStart
                0x00005254       0x24 .\CortexM3\ARM_GCC_493\Release\trobot6_cir2_2wd.a(CySpc.o)
                0x00005254                CySpcStart
 .text.CySpcReadData
                0x00005278       0x34 .\CortexM3\ARM_GCC_493\Release\trobot6_cir2_2wd.a(CySpc.o)
                0x00005278                CySpcReadData
 .text.CySpcGetTemp
                0x000052ac       0x34 .\CortexM3\ARM_GCC_493\Release\trobot6_cir2_2wd.a(CySpc.o)
                0x000052ac                CySpcGetTemp
 .text.CySpcLock
                0x000052e0       0x40 .\CortexM3\ARM_GCC_493\Release\trobot6_cir2_2wd.a(CySpc.o)
                0x000052e0                CySpcLock
 .text.CySpcUnlock
                0x00005320       0x34 .\CortexM3\ARM_GCC_493\Release\trobot6_cir2_2wd.a(CySpc.o)
                0x00005320                CySpcUnlock
 .text.SPIM_2_Enable
                0x00005354       0x38 .\CortexM3\ARM_GCC_493\Release\trobot6_cir2_2wd.a(SPIM_2.o)
                0x00005354                SPIM_2_Enable
 .text.SPIM_2_ReadTxStatus
                0x0000538c        0xc .\CortexM3\ARM_GCC_493\Release\trobot6_cir2_2wd.a(SPIM_2.o)
                0x0000538c                SPIM_2_ReadTxStatus
 .text.SPIM_2_ReadRxStatus
                0x00005398        0xc .\CortexM3\ARM_GCC_493\Release\trobot6_cir2_2wd.a(SPIM_2.o)
                0x00005398                SPIM_2_ReadRxStatus
 .text.SPIM_2_WriteTxData
                0x000053a4       0x18 .\CortexM3\ARM_GCC_493\Release\trobot6_cir2_2wd.a(SPIM_2.o)
                0x000053a4                SPIM_2_WriteTxData
 .text.SPIM_2_ReadRxData
                0x000053bc        0xc .\CortexM3\ARM_GCC_493\Release\trobot6_cir2_2wd.a(SPIM_2.o)
                0x000053bc                SPIM_2_ReadRxData
 .text.SPIM_2_ClearRxBuffer
                0x000053c8       0x18 .\CortexM3\ARM_GCC_493\Release\trobot6_cir2_2wd.a(SPIM_2.o)
                0x000053c8                SPIM_2_ClearRxBuffer
 .text.SPIM_2_ClearTxBuffer
                0x000053e0       0x24 .\CortexM3\ARM_GCC_493\Release\trobot6_cir2_2wd.a(SPIM_2.o)
                0x000053e0                SPIM_2_ClearTxBuffer
 .text.SPIM_2_ClearFIFO
                0x00005404       0x3c .\CortexM3\ARM_GCC_493\Release\trobot6_cir2_2wd.a(SPIM_2.o)
                0x00005404                SPIM_2_ClearFIFO
 .text.SPIM_2_Init
                0x00005440       0x30 .\CortexM3\ARM_GCC_493\Release\trobot6_cir2_2wd.a(SPIM_2.o)
                0x00005440                SPIM_2_Init
 .text.SPIM_2_Start
                0x00005470       0x1c .\CortexM3\ARM_GCC_493\Release\trobot6_cir2_2wd.a(SPIM_2.o)
                0x00005470                SPIM_2_Start
 .text.SPIM_2_IntClock_Start
                0x0000548c       0x18 .\CortexM3\ARM_GCC_493\Release\trobot6_cir2_2wd.a(SPIM_2_IntClock.o)
                0x0000548c                SPIM_2_IntClock_Start
 .text.dist8_SW_DET_Read
                0x000054a4       0x10 .\CortexM3\ARM_GCC_493\Release\trobot6_cir2_2wd.a(dist8_SW_DET.o)
                0x000054a4                dist8_SW_DET_Read
 .text.Sonr_TRG_x4_Write
                0x000054b4       0x18 .\CortexM3\ARM_GCC_493\Release\trobot6_cir2_2wd.a(Sonr_TRG_x4.o)
                0x000054b4                Sonr_TRG_x4_Write
 .text.USBUART_1_DispatchClassRqst
                0x000054cc       0x4c .\CortexM3\ARM_GCC_493\Release\trobot6_cir2_2wd.a(USBUART_1_cls.o)
                0x000054cc                USBUART_1_DispatchClassRqst
 .text          0x00005518      0x370 c:/program files (x86)/cypress/psoc creator/3.3/psoc creator/import/gnu/arm/4.9.3/bin/../lib/gcc/arm-none-eabi/4.9.3/armv7-m\libgcc.a(_arm_addsubdf3.o)
                0x00005518                __aeabi_drsub
                0x00005520                __aeabi_dsub
                0x00005520                __subdf3
                0x00005524                __aeabi_dadd
                0x00005524                __adddf3
                0x0000579c                __floatunsidf
                0x0000579c                __aeabi_ui2d
                0x000057bc                __floatsidf
                0x000057bc                __aeabi_i2d
                0x000057e0                __aeabi_f2d
                0x000057e0                __extendsfdf2
                0x0000581c                __floatundidf
                0x0000581c                __aeabi_ul2d
                0x0000582c                __floatdidf
                0x0000582c                __aeabi_l2d
 .text          0x00005888      0x424 c:/program files (x86)/cypress/psoc creator/3.3/psoc creator/import/gnu/arm/4.9.3/bin/../lib/gcc/arm-none-eabi/4.9.3/armv7-m\libgcc.a(_arm_muldivdf3.o)
                0x00005888                __aeabi_dmul
                0x00005888                __muldf3
                0x00005adc                __divdf3
                0x00005adc                __aeabi_ddiv
 .text          0x00005cac      0x110 c:/program files (x86)/cypress/psoc creator/3.3/psoc creator/import/gnu/arm/4.9.3/bin/../lib/gcc/arm-none-eabi/4.9.3/armv7-m\libgcc.a(_arm_cmpdf2.o)
                0x00005cac                __gtdf2
                0x00005cac                __gedf2
                0x00005cb4                __ltdf2
                0x00005cb4                __ledf2
                0x00005cbc                __nedf2
                0x00005cbc                __eqdf2
                0x00005cbc                __cmpdf2
                0x00005d38                __aeabi_cdrcmple
                0x00005d48                __aeabi_cdcmpeq
                0x00005d48                __aeabi_cdcmple
                0x00005d58                __aeabi_dcmpeq
                0x00005d6c                __aeabi_dcmplt
                0x00005d80                __aeabi_dcmple
                0x00005d94                __aeabi_dcmpge
                0x00005da8                __aeabi_dcmpgt
 .text          0x00005dbc       0x50 c:/program files (x86)/cypress/psoc creator/3.3/psoc creator/import/gnu/arm/4.9.3/bin/../lib/gcc/arm-none-eabi/4.9.3/armv7-m\libgcc.a(_arm_fixdfsi.o)
                0x00005dbc                __aeabi_d2iz
                0x00005dbc                __fixdfsi
 .text          0x00005e0c       0xa0 c:/program files (x86)/cypress/psoc creator/3.3/psoc creator/import/gnu/arm/4.9.3/bin/../lib/gcc/arm-none-eabi/4.9.3/armv7-m\libgcc.a(_arm_truncdfsf2.o)
                0x00005e0c                __truncdfsf2
                0x00005e0c                __aeabi_d2f
 .text          0x00005eac      0x21c c:/program files (x86)/cypress/psoc creator/3.3/psoc creator/import/gnu/arm/4.9.3/bin/../lib/gcc/arm-none-eabi/4.9.3/armv7-m\libgcc.a(_arm_addsubsf3.o)
                0x00005eac                __aeabi_frsub
                0x00005eb4                __subsf3
                0x00005eb4                __aeabi_fsub
                0x00005eb8                __aeabi_fadd
                0x00005eb8                __addsf3
                0x00006018                __aeabi_ui2f
                0x00006018                __floatunsisf
                0x00006020                __aeabi_i2f
                0x00006020                __floatsisf
                0x0000603c                __aeabi_ul2f
                0x0000603c                __floatundisf
                0x0000604c                __aeabi_l2f
                0x0000604c                __floatdisf
 .text          0x000060c8      0x2a0 c:/program files (x86)/cypress/psoc creator/3.3/psoc creator/import/gnu/arm/4.9.3/bin/../lib/gcc/arm-none-eabi/4.9.3/armv7-m\libgcc.a(_arm_muldivsf3.o)
                0x000060c8                __mulsf3
                0x000060c8                __aeabi_fmul
                0x00006230                __aeabi_fdiv
                0x00006230                __divsf3
 .text          0x00006368       0xec c:/program files (x86)/cypress/psoc creator/3.3/psoc creator/import/gnu/arm/4.9.3/bin/../lib/gcc/arm-none-eabi/4.9.3/armv7-m\libgcc.a(_arm_cmpsf2.o)
                0x00006368                __gesf2
                0x00006368                __gtsf2
                0x00006370                __lesf2
                0x00006370                __ltsf2
                0x00006378                __nesf2
                0x00006378                __eqsf2
                0x00006378                __cmpsf2
                0x000063d8                __aeabi_cfrcmple
                0x000063e0                __aeabi_cfcmpeq
                0x000063e0                __aeabi_cfcmple
                0x000063f0                __aeabi_fcmpeq
                0x00006404                __aeabi_fcmplt
                0x00006418                __aeabi_fcmple
                0x0000642c                __aeabi_fcmpge
                0x00006440                __aeabi_fcmpgt
 .text          0x00006454       0x4c c:/program files (x86)/cypress/psoc creator/3.3/psoc creator/import/gnu/arm/4.9.3/bin/../lib/gcc/arm-none-eabi/4.9.3/armv7-m\libgcc.a(_arm_fixsfsi.o)
                0x00006454                __aeabi_f2iz
                0x00006454                __fixsfsi
 .text.__libc_init_array
                0x000064a0       0x4c c:/program files (x86)/cypress/psoc creator/3.3/psoc creator/import/gnu/arm/4.9.3/bin/../lib/gcc/arm-none-eabi/4.9.3/../../../../arm-none-eabi/lib/armv7-m\libg_nano.a(lib_a-init.o)
                0x000064a0                __libc_init_array
 .text.memset   0x000064ec       0x10 c:/program files (x86)/cypress/psoc creator/3.3/psoc creator/import/gnu/arm/4.9.3/bin/../lib/gcc/arm-none-eabi/4.9.3/../../../../arm-none-eabi/lib/armv7-m\libg_nano.a(lib_a-memset.o)
                0x000064ec                memset
 *(.plt)
 *(.gnu.warning)
 *(.glue_7t)
 .glue_7t       0x00000000        0x0 linker stubs
 *(.glue_7)
 .glue_7        0x00000000        0x0 linker stubs
 *(.vfp11_veneer)
 .vfp11_veneer  0x00000000        0x0 linker stubs
 *(.bootloader)
 *(.ARM.extab* .gnu.linkonce.armextab.*)
 *(.gcc_except_table)

.v4_bx          0x000064fc        0x0
 .v4_bx         0x00000000        0x0 linker stubs

.iplt           0x000064fc        0x0
 .iplt          0x00000000        0x0 c:/program files (x86)/cypress/psoc creator/3.3/psoc creator/import/gnu/arm/4.9.3/bin/../lib/gcc/arm-none-eabi/4.9.3/armv7-m/crtbegin.o

.eh_frame_hdr
 *(.eh_frame_hdr)

.eh_frame       0x000064fc        0x4
 *(.eh_frame)
 .eh_frame      0x000064fc        0x0 c:/program files (x86)/cypress/psoc creator/3.3/psoc creator/import/gnu/arm/4.9.3/bin/../lib/gcc/arm-none-eabi/4.9.3/armv7-m/crtbegin.o
 .eh_frame      0x000064fc        0x4 c:/program files (x86)/cypress/psoc creator/3.3/psoc creator/import/gnu/arm/4.9.3/bin/../lib/gcc/arm-none-eabi/4.9.3/armv7-m/crtend.o
                0x00006500                PROVIDE (__exidx_start, .)

.ARM.exidx
 *(.ARM.exidx* .gnu.linkonce.armexidx.*)
                0x00006500                __exidx_end = .

.rodata         0x00006500      0x270
 *(.rodata .rodata.* .gnu.linkonce.r.*)
 .rodata.str1.1
                0x00006500        0x8 .\CortexM3\ARM_GCC_493\Release\main.o
 .rodata        0x00006508        0x4 .\CortexM3\ARM_GCC_493\Release\Motor_Contl4_3.o
                0x00006508                Motor_Contl4_3_M
 .rodata.str1.1
                0x0000650c        0x5 .\CortexM3\ARM_GCC_493\Release\Motor_Contl4_3.o
 *fill*         0x00006511        0x3 
 .rodata        0x00006514       0x74 .\CortexM3\ARM_GCC_493\Release\trobot6_cir2_2wd.a(cyfitter_cfg.o)
                0x00006514                AMux_1__addrTable
                0x00006554                AMux_1__maskTable
 .rodata.str1.1
                0x00006588       0x11 .\CortexM3\ARM_GCC_493\Release\trobot6_cir2_2wd.a(USBUART_1_std.o)
 *fill*         0x00006599        0x1 
 .rodata        0x0000659a        0xa .\CortexM3\ARM_GCC_493\Release\trobot6_cir2_2wd.a(ADC_SAR_1.o)
 .rodata        0x000065a4      0x194 .\CortexM3\ARM_GCC_493\Release\trobot6_cir2_2wd.a(USBUART_1_descr.o)
                0x000065a4                USBUART_1_MSOS_CONFIGURATION_DESCR
                0x000065cc                USBUART_1_MSOS_DESCRIPTOR
                0x000065e0                USBUART_1_TABLE
                0x000065e8                USBUART_1_DEVICE0_TABLE
                0x00006600                USBUART_1_DEVICE0_CONFIGURATION0_TABLE
                0x00006628                USBUART_1_DEVICE0_CONFIGURATION0_INTERFACE_CLASS
                0x0000662a                USBUART_1_DEVICE0_CONFIGURATION0_EP_SETTINGS_TABLE
                0x00006642                USBUART_1_SN_STRING_DESCRIPTOR
                0x00006644                USBUART_1_STRING_DESCRIPTORS
                0x000066e3                USBUART_1_DEVICE0_CONFIGURATION0_DESCR
                0x00006726                USBUART_1_DEVICE0_DESCR
                0x00006738                . = ALIGN (0x4)
 *(.init)
 .init          0x00006738        0x4 c:/program files (x86)/cypress/psoc creator/3.3/psoc creator/import/gnu/arm/4.9.3/bin/../lib/gcc/arm-none-eabi/4.9.3/armv7-m/crti.o
                0x00006738                _init
 .init          0x0000673c        0x8 c:/program files (x86)/cypress/psoc creator/3.3/psoc creator/import/gnu/arm/4.9.3/bin/../lib/gcc/arm-none-eabi/4.9.3/armv7-m/crtn.o
                0x00006744                . = ALIGN (0x4)
                0x00006744                __preinit_array_start = .
 *(.preinit_array)
                0x00006744                __preinit_array_end = .
                0x00006744                . = ALIGN (0x4)
                0x00006744                __init_array_start = .
 *(SORT(.init_array.*))
 *(.init_array)
 .init_array    0x00006744        0x4 c:/program files (x86)/cypress/psoc creator/3.3/psoc creator/import/gnu/arm/4.9.3/bin/../lib/gcc/arm-none-eabi/4.9.3/armv7-m/crtbegin.o
 .init_array    0x00006748        0x4 .\CortexM3\ARM_GCC_493\Release\Cm3Start.o
                0x0000674c                __init_array_end = .
                0x0000674c                . = ALIGN (0x4)
 *(.fini)
 .fini          0x0000674c        0x4 c:/program files (x86)/cypress/psoc creator/3.3/psoc creator/import/gnu/arm/4.9.3/bin/../lib/gcc/arm-none-eabi/4.9.3/armv7-m/crti.o
                0x0000674c                _fini
 .fini          0x00006750        0x8 c:/program files (x86)/cypress/psoc creator/3.3/psoc creator/import/gnu/arm/4.9.3/bin/../lib/gcc/arm-none-eabi/4.9.3/armv7-m/crtn.o
                0x00006758                . = ALIGN (0x4)
                0x00006758                __fini_array_start = .
 *(.fini_array)
 .fini_array    0x00006758        0x4 c:/program files (x86)/cypress/psoc creator/3.3/psoc creator/import/gnu/arm/4.9.3/bin/../lib/gcc/arm-none-eabi/4.9.3/armv7-m/crtbegin.o
 *(SORT(.fini_array.*))
                0x0000675c                __fini_array_end = .
                0x0000675c                . = ALIGN (0x4)
 *crtbegin.o(.ctors)
 *(EXCLUDE_FILE(*crtend.o) .ctors)
 *(SORT(.ctors.*))
 *crtend.o(.ctors)
                0x0000675c                . = ALIGN (0x4)
 *crtbegin.o(.dtors)
 *(EXCLUDE_FILE(*crtend.o) .dtors)
 *(SORT(.dtors.*))
 *crtend.o(.dtors)
                0x0000675c                . = ALIGN (0x4)
                0x0000675c                __cy_regions = .
                0x0000675c        0x4 LONG 0x6770 __cy_region_init_ram
                0x00006760        0x4 LONG 0x1fff8108 __cy_region_start_data
                0x00006764        0x4 LONG 0x110 __cy_region_init_size_ram
                0x00006768        0x4 LONG 0x7c0 __cy_region_zero_size_ram
                0x0000676c                __cy_regions_end = .
                0x00006770                . = ALIGN (0x8)
 *fill*         0x0000676c        0x4 
                0x00006770                _etext = .

.cy_checksum_exclude
                0x00006770        0x0
 *(.cy_checksum_exclude)

.ramvectors     0x1fff8000      0x100
                0x1fff8000                __cy_region_start_ram = .
 *(.ramvectors)
 .ramvectors    0x1fff8000      0x100 .\CortexM3\ARM_GCC_493\Release\Cm3Start.o
                0x1fff8000                CyRamVectors

.noinit         0x1fff8100        0x5
 *(.noinit)
 .noinit        0x1fff8100        0x4 .\CortexM3\ARM_GCC_493\Release\Cm3Start.o
 .noinit        0x1fff8104        0x1 .\CortexM3\ARM_GCC_493\Release\trobot6_cir2_2wd.a(CyLib.o)
                0x1fff8104                CyResetStatus

.data           0x1fff8108      0x110 load address 0x00006770
                0x1fff8108                __cy_region_start_data = .
 *(.jcr)
 .jcr           0x1fff8108        0x0 c:/program files (x86)/cypress/psoc creator/3.3/psoc creator/import/gnu/arm/4.9.3/bin/../lib/gcc/arm-none-eabi/4.9.3/armv7-m/crtbegin.o
 .jcr           0x1fff8108        0x4 c:/program files (x86)/cypress/psoc creator/3.3/psoc creator/import/gnu/arm/4.9.3/bin/../lib/gcc/arm-none-eabi/4.9.3/armv7-m/crtend.o
 *(.got.plt)
 *(.got)
 *(.shdata)
 *(.data .data.* .gnu.linkonce.d.*)
 .data          0x1fff810c       0x3c .\CortexM3\ARM_GCC_493\Release\main.o
                0x1fff810c                encd0
                0x1fff810d                encd2
                0x1fff810e                encassign
                0x1fff8112                logmode
                0x1fff8113                trans_line
                0x1fff8114                getcom_watch
                0x1fff8118                use_smooth_chg
                0x1fff8119                state
                0x1fff811a                pwm_period
                0x1fff811c                speedratio
                0x1fff811e                motorassign
                0x1fff8122                cw0
                0x1fff8123                cw2
                0x1fff8124                drive_wheels
                0x1fff8125                blk1
                0x1fff8126                blk0
                0x1fff8127                blk3
                0x1fff8128                blk2
                0x1fff8129                sub_cycle_count
                0x1fff812a                max_spd_chg
                0x1fff812c                no_getcom_loop_cnt
                0x1fff8130                em_stop_en
                0x1fff8131                measure_sensor
                0x1fff8132                max_rpm
                0x1fff8134                samp_rate
                0x1fff8136                enc_count
                0x1fff8138                gear_ratio
                0x1fff813c                dim_wheel
                0x1fff8140                dist_wheel
                0x1fff8144                calc_ratio
                0x1fff8145                Status
 .data          0x1fff8148       0xa0 .\CortexM3\ARM_GCC_493\Release\Motor_Contl4_3_data.o
                0x1fff8148                Motor_Contl4_3_P
 .data          0x1fff81e8       0x18 .\CortexM3\ARM_GCC_493\Release\trobot6_cir2_2wd.a(USBUART_1_cdc.o)
                0x1fff81e8                USBUART_1_linesCoding
 .data          0x1fff8200        0x1 .\CortexM3\ARM_GCC_493\Release\trobot6_cir2_2wd.a(AMux_1.o)
 *fill*         0x1fff8201        0x3 
 .data          0x1fff8204       0x10 .\CortexM3\ARM_GCC_493\Release\trobot6_cir2_2wd.a(CyLib.o)
                0x1fff8204                cydelay_32k_ms
                0x1fff8208                cydelay_freq_khz
                0x1fff820c                cydelay_freq_mhz
                0x1fff8210                cydelay_freq_hz
                0x1fff8218                . = ALIGN (0x8)
 *fill*         0x1fff8214        0x4 
 *(.ram)
                0x1fff8218                _edata = .

.igot.plt       0x1fff8218        0x0 load address 0x00006880
 .igot.plt      0x00000000        0x0 c:/program files (x86)/cypress/psoc creator/3.3/psoc creator/import/gnu/arm/4.9.3/bin/../lib/gcc/arm-none-eabi/4.9.3/armv7-m/crtbegin.o

.bss            0x1fff8218      0x7c0 load address 0x00006880
                0x1fff8218                PROVIDE (__bss_start__, .)
 *(.shbss)
 *(.bss .bss.* .gnu.linkonce.b.*)
 .bss           0x1fff8218       0x1c c:/program files (x86)/cypress/psoc creator/3.3/psoc creator/import/gnu/arm/4.9.3/bin/../lib/gcc/arm-none-eabi/4.9.3/armv7-m/crtbegin.o
 .bss           0x1fff8234       0xb0 .\CortexM3\ARM_GCC_493\Release\main.o
                0x1fff8234                speed_lf_buf
                0x1fff8238                speed_rf_buf
                0x1fff823c                speed_lr_buf
                0x1fff8240                speed_rr_buf
                0x1fff8245                encd1
                0x1fff8246                encd3
                0x1fff8248                enc_malti
                0x1fff824c                speed_lf
                0x1fff8250                speed_rf
                0x1fff8254                speed_lr
                0x1fff8258                speed_rr
                0x1fff825c                cycle_count_pre
                0x1fff825d                cycle_count
                0x1fff825e                cycle_count_buf
                0x1fff8260                speed_lf_pre
                0x1fff8264                speed_rf_pre
                0x1fff8268                speed_lr_pre
                0x1fff826c                speed_rr_pre
                0x1fff8270                speed_lf_delta
                0x1fff8274                speed_rf_delta
                0x1fff8278                speed_lr_delta
                0x1fff827c                speed_rr_delta
                0x1fff8280                ms00_pw
                0x1fff8284                ms01_pw
                0x1fff8288                ms02_pw
                0x1fff828c                ms03_pw
                0x1fff8290                direct_cnt
                0x1fff8291                cw1
                0x1fff8292                cw3
                0x1fff8293                pwm_width0
                0x1fff8294                sign0
                0x1fff8295                pwm_width1
                0x1fff8296                sign1
                0x1fff8297                pwm_width2
                0x1fff8298                sign2
                0x1fff8299                pwm_width3
                0x1fff829a                sign3
                0x1fff829b                direct
                0x1fff829c                out2_tag_cycle
                0x1fff82a0                getcom_flag
                0x1fff82a4                sendcom_flag
                0x1fff82a8                out2_tagpos
                0x1fff82b0                getcom_count_buf
                0x1fff82b4                getcom_count
                0x1fff82b8                getcom_count_para
                0x1fff82bc                status1
                0x1fff82c0                interruptcnt
                0x1fff82c4                frame_count
                0x1fff82c5                sense_diagflag
                0x1fff82c8                irqt1
                0x1fff82cc                status0
                0x1fff82cd                diag_count
                0x1fff82ce                die_temp_16
                0x1fff82d0                flt_dtm_tmover
                0x1fff82d2                v_bat_16
                0x1fff82d4                flt_bat_tmover
                0x1fff82d5                flt_msw_tmover
                0x1fff82d6                ems_sig_tmover
                0x1fff82d8                pvm1_16
                0x1fff82da                ems_pvm_tmover
                0x1fff82dc                pvm2_16
                0x1fff82de                ems_drv_tmover
                0x1fff82df                ems_osp_tmover
                0x1fff82e0                status2_tset
                0x1fff82e1                status1_test
 .bss           0x1fff82e4        0x1 .\CortexM3\ARM_GCC_493\Release\trobot6_cir2_2wd.a(USBUART_1.o)
                0x1fff82e4                USBUART_1_initVar
 .bss           0x1fff82e5        0x1 .\CortexM3\ARM_GCC_493\Release\trobot6_cir2_2wd.a(USBUART_1_cdc.o)
 .bss           0x1fff82e6        0x2 .\CortexM3\ARM_GCC_493\Release\trobot6_cir2_2wd.a(USBUART_1_std.o)
 .bss           0x1fff82e8        0x1 .\CortexM3\ARM_GCC_493\Release\trobot6_cir2_2wd.a(Timer_PWM.o)
                0x1fff82e8                Timer_PWM_initVar
 .bss           0x1fff82e9        0x1 .\CortexM3\ARM_GCC_493\Release\trobot6_cir2_2wd.a(Timer_cycle.o)
                0x1fff82e9                Timer_cycle_initVar
 .bss           0x1fff82ea        0x1 .\CortexM3\ARM_GCC_493\Release\trobot6_cir2_2wd.a(ADC_SAR_1.o)
                0x1fff82ea                ADC_SAR_1_initVar
 .bss           0x1fff82eb        0x1 .\CortexM3\ARM_GCC_493\Release\trobot6_cir2_2wd.a(VDAC8_1.o)
                0x1fff82eb                VDAC8_1_initVar
 .bss           0x1fff82ec        0x1 .\CortexM3\ARM_GCC_493\Release\trobot6_cir2_2wd.a(Timer_sub_cycle.o)
                0x1fff82ec                Timer_sub_cycle_initVar
 .bss           0x1fff82ed        0x1 .\CortexM3\ARM_GCC_493\Release\trobot6_cir2_2wd.a(SPIM_1.o)
                0x1fff82ed                SPIM_1_initVar
 *fill*         0x1fff82ee        0x2 
 .bss           0x1fff82f0        0x8 .\CortexM3\ARM_GCC_493\Release\trobot6_cir2_2wd.a(CySpc.o)
                0x1fff82f0                SpcLockState
 .bss           0x1fff82f8        0x1 .\CortexM3\ARM_GCC_493\Release\trobot6_cir2_2wd.a(SPIM_2.o)
                0x1fff82f8                SPIM_2_initVar
 *(COMMON)
 *fill*         0x1fff82f9        0x3 
 COMMON         0x1fff82fc      0x37c .\CortexM3\ARM_GCC_493\Release\main.o
                0x1fff82fc                acc_limit_f
                0x1fff8300                tmp
                0x1fff8304                seq_code
                0x1fff8305                adin
                0x1fff8306                dim_wheel_i16
                0x1fff8308                acc_limit_r_i16
                0x1fff830a                err_wdt_sa_ocp
                0x1fff830e                kdl_i16
                0x1fff8310                err_wdt_atm_spi
                0x1fff8312                MS_RF_MAIN
                0x1fff8318                bwp_sw
                0x1fff8319                err_wdt_ov_spd
                0x1fff831d                output2_tag
                0x1fff833e                kcp_i16
                0x1fff8340                com_status
                0x1fff8344                acc_limit_s
                0x1fff8348                speed_const_i16
                0x1fff834a                err_wdt_mot_fault
                0x1fff834b                err_wdt_otw
                0x1fff834f                err_wdt_pvm_low
                0x1fff8352                acc_limit_s_i16
                0x1fff8354                kdl
                0x1fff8358                speed_const
                0x1fff835c                kci
                0x1fff8360                kdr
                0x1fff8364                ms_rf_com_tx
                0x1fff8368                toruque_const
                0x1fff836c                dist_fl
                0x1fff836e                kvi_i16
                0x1fff8370                command
                0x1fff83b0                satv_i16
                0x1fff83b2                ms_lr_pc
                0x1fff83b4                dist_wheel_i16
                0x1fff83b6                err_wdt_die_otp
                0x1fff83b8                gear_motor
                0x1fff83ba                err_wdt_pvm_ocur
                0x1fff83bc                spd_torq_grad
                0x1fff83c0                err_wdt_uvlo
                0x1fff83c4                dist_rear
                0x1fff83c6                kvp_i16
                0x1fff83c8                ratio_rpm
                0x1fff83cc                rpm2velo_ratio
                0x1fff83d0                safty_const
                0x1fff83d4                kvi
                0x1fff83d8                toruque_const_i16
                0x1fff83da                err_wdt_sa_ocpat
                0x1fff83e0                satv
                0x1fff83e4                MS_LR_MAIN
                0x1fff83ea                outbuff3
                0x1fff8408                outbuff1
                0x1fff8444                ms_rr_com_tx
                0x1fff8446                ms_lf_pc
                0x1fff8448                err_wdt_vbat_low
                0x1fff8449                die_status
                0x1fff844a                acc_limit_f_i16
                0x1fff844c                trobot_status1
                0x1fff8450                kcp
                0x1fff8454                err_wdt_em_stop_out
                0x1fff8455                err_wdt_usb_if
                0x1fff8456                spi_sel
                0x1fff8458                spd_torq_grad_i16
                0x1fff845c                out2len
                0x1fff8460                kci_i16
                0x1fff8462                motor_para_1
                0x1fff8472                MS_RR_MAIN
                0x1fff8478                err_wdt_pvm_ocpat
                0x1fff847a                mes_adc_val
                0x1fff847c                die_temp
                0x1fff847e                pvm1
                0x1fff847f                err_wdt_vds_ocp
                0x1fff8483                err_wdt_gdf
                0x1fff8488                gear_ratio_i16
                0x1fff848a                trobot_status2
                0x1fff848c                kvp
                0x1fff8490                output_tmp
                0x1fff84a0                axis9
                0x1fff84c8                err_wdt_otsd
                0x1fff84cc                safty_const_i16
                0x1fff84ce                dist_st
                0x1fff84d0                command_buf
                0x1fff8510                satc_i16
                0x1fff8512                dist_fr
                0x1fff8514                MS_LF_MAIN
                0x1fff851a                err_wdt_cpuv
                0x1fff851e                ms_rr_pc
                0x1fff8520                ms_rf_pc
                0x1fff8522                err_wdt_axis9_spi
                0x1fff8524                gear_output
                0x1fff8526                kdr_i16
                0x1fff8528                err_wdt_drv_dis
                0x1fff852c                satc
                0x1fff8530                pvm2
                0x1fff8531                pwm_control
                0x1fff8532                err_wdt_body_oh
                0x1fff8535                err_wdt_sw_dt
                0x1fff8536                outbuff2
                0x1fff856e                output2
                0x1fff85e0                acc_limit_r
                0x1fff85e4                motor_parag_1
                0x1fff8624                ms_lf_com_tx
                0x1fff8626                loop_max
                0x1fff8627                command_para
                0x1fff8667                output2_tag_head
                0x1fff866a                dist_front
                0x1fff866c                out2pos
                0x1fff8670                err_wdt_drv_spi
                0x1fff8674                die_temp_flag
                0x1fff8676                ms_lr_com_tx
 COMMON         0x1fff8678      0x288 .\CortexM3\ARM_GCC_493\Release\Motor_Contl4_3.o
                0x1fff8678                Motor_Contl4_3_M_
                0x1fff8840                Motor_Contl4_3_Y
                0x1fff8880                Motor_Contl4_3_U
                0x1fff88c0                Motor_Contl4_3_B
                0x1fff88e0                Motor_Contl4_3_X
 COMMON         0x1fff8900       0x10 .\CortexM3\ARM_GCC_493\Release\trobot6_cir2_2wd.a(USBUART_1_cdc.o)
                0x1fff8900                USBUART_1_cdcDataInEp
                0x1fff8902                USBUART_1_cdcDataOutEp
                0x1fff8904                USBUART_1_cdcCommInInterruptEp
                0x1fff8906                USBUART_1_serialStateBitmap
                0x1fff890a                USBUART_1_linesChanged
                0x1fff890c                USBUART_1_linesControlBitmap
 COMMON         0x1fff8910       0x95 .\CortexM3\ARM_GCC_493\Release\trobot6_cir2_2wd.a(USBUART_1_drv.o)
                0x1fff8910                USBUART_1_interfaceSettingLast
                0x1fff8912                USBUART_1_ep0Mode
                0x1fff8913                USBUART_1_lastPacketSize
                0x1fff8914                USBUART_1_configurationChanged
                0x1fff8915                USBUART_1_configuration
                0x1fff8916                USBUART_1_interfaceNumber
                0x1fff8917                USBUART_1_deviceStatus
                0x1fff8918                USBUART_1_ep0Toggle
                0x1fff891c                USBUART_1_interfaceClass
                0x1fff8920                USBUART_1_interfaceSetting
                0x1fff8924                USBUART_1_currentTD
                0x1fff8930                USBUART_1_ep0Count
                0x1fff8932                USBUART_1_EP
                0x1fff899e                USBUART_1_transferByteCount
                0x1fff89a0                USBUART_1_transferState
                0x1fff89a1                USBUART_1_device
                0x1fff89a2                USBUART_1_interfaceStatus
                0x1fff89a4                USBUART_1_deviceAddress
 *fill*         0x1fff89a5        0x3 
 COMMON         0x1fff89a8        0xa .\CortexM3\ARM_GCC_493\Release\trobot6_cir2_2wd.a(ADC_SAR_1.o)
                0x1fff89a8                ADC_SAR_1_countsPerVolt
                0x1fff89aa                ADC_SAR_1_shift
                0x1fff89ac                ADC_SAR_1_countsPer10Volt
                0x1fff89b0                ADC_SAR_1_offset
 COMMON         0x1fff89b2       0x22 .\CortexM3\ARM_GCC_493\Release\trobot6_cir2_2wd.a(USBUART_1_descr.o)
                0x1fff89b2                USBUART_1_idSerialNumberStringDescriptor
                0x1fff89d8                . = ALIGN (0x8)
 *fill*         0x1fff89d4        0x4 
 *(.ram.b)
                0x1fff89d8                _end = .
                0x1fff89d8                __end = .
                0x1fff89d8                PROVIDE (end, .)
                0x1fff89d8                PROVIDE (__bss_end__, .)
                0x00006770                __cy_region_init_ram = LOADADDR (.data)
                0x00000110                __cy_region_init_size_ram = (_edata - ADDR (.data))
                0x000007c0                __cy_region_zero_size_ram = (_end - _edata)

.heap           0x1fff89d8       0x80 load address 0x00006880
                0x1fff89d8                . = _end
                0x1fff8a58                . = (. + 0x80)
 *fill*         0x1fff89d8       0x80 
                0x1fff8a58                __cy_heap_limit = .

.stack          0x20007800      0x800
                0x20007800                __cy_stack_limit = .
                0x20008000                . = (. + 0x800)
 *fill*         0x20007800      0x800 
                0x00000001                ASSERT ((__cy_stack_limit >= __cy_heap_limit), region RAM overflowed with stack)
                0x00000000                cy_checksum_exclude_size = (CY_APPL_LOADABLE == 0x1)?SIZEOF (.cy_checksum_exclude):0x0
                0x00000001                ASSERT ((cy_checksum_exclude_size <= CY_CHECKSUM_EXCLUDE_SIZE), CY_BOOT: Section .cy_checksum_exclude size exceedes specified limit.)

.cyloadermeta
 *(.cyloadermeta)

.cyloadablemeta
 *(.cyloadablemeta)

.cyconfigecc    0x80000000     0x11c0
 *(.cyconfigecc)
 .cyconfigecc   0x80000000     0x11c0 .\CortexM3\ARM_GCC_493\Release\cymetadata.o
                0x80000000                cy_meta_configecc

.cycustnvl      0x90000000        0x4
 *(.cycustnvl)
 .cycustnvl     0x90000000        0x4 .\CortexM3\ARM_GCC_493\Release\cymetadata.o
                0x90000000                cy_meta_custnvl

.cywolatch      0x90100000        0x4
 *(.cywolatch)
 .cywolatch     0x90100000        0x4 .\CortexM3\ARM_GCC_493\Release\cymetadata.o
                0x90100000                cy_meta_wonvl

.cyeeprom       0x90200000        0x0
 *(.cyeeprom)
                0x00000001                ASSERT ((. <= ((0x90200000 + ee_offset) + ee_size)), .cyeeprom data will not fit in EEPROM)

.cyflashprotect
                0x90400000      0x100
 *(.cyflashprotect)
 .cyflashprotect
                0x90400000      0x100 .\CortexM3\ARM_GCC_493\Release\cymetadata.o
                0x90400000                cy_meta_flashprotect

.cymeta         0x90500000        0xc
 *(.cymeta)
 .cymeta        0x90500000        0xc .\CortexM3\ARM_GCC_493\Release\cymetadata.o
                0x90500000                cy_metadata

.rel.dyn        0x00006880        0x0 load address 0x9050000c
 .rel.iplt      0x00000000        0x0 c:/program files (x86)/cypress/psoc creator/3.3/psoc creator/import/gnu/arm/4.9.3/bin/../lib/gcc/arm-none-eabi/4.9.3/armv7-m/crtbegin.o

.stab
 *(.stab)

.stabstr
 *(.stabstr)

.debug
 *(.debug)

.line
 *(.line)

.debug_srcinfo
 *(.debug_srcinfo)

.debug_sfnames
 *(.debug_sfnames)

.debug_aranges  0x00000000     0x1340
 *(.debug_aranges)
 .debug_aranges
                0x00000000      0x100 .\CortexM3\ARM_GCC_493\Release\main.o
 .debug_aranges
                0x00000100       0x38 .\CortexM3\ARM_GCC_493\Release\Motor_Contl4_3.o
 .debug_aranges
                0x00000138       0x18 .\CortexM3\ARM_GCC_493\Release\Motor_Contl4_3_data.o
 .debug_aranges
                0x00000150       0x38 .\CortexM3\ARM_GCC_493\Release\SelfTest_CPU.o
 .debug_aranges
                0x00000188       0x20 .\CortexM3\ARM_GCC_493\Release\SelfTest_CPU_asm.o
 .debug_aranges
                0x000001a8       0x18 .\CortexM3\ARM_GCC_493\Release\cymetadata.o
 .debug_aranges
                0x000001c0       0x48 .\CortexM3\ARM_GCC_493\Release\Cm3Start.o
 .debug_aranges
                0x00000208       0x38 .\CortexM3\ARM_GCC_493\Release\trobot6_cir2_2wd.a(cyfitter_cfg.o)
 .debug_aranges
                0x00000240       0x28 .\CortexM3\ARM_GCC_493\Release\trobot6_cir2_2wd.a(motor_contl_reg_0.o)
 .debug_aranges
                0x00000268       0xc8 .\CortexM3\ARM_GCC_493\Release\trobot6_cir2_2wd.a(USBUART_1.o)
 .debug_aranges
                0x00000330       0xe0 .\CortexM3\ARM_GCC_493\Release\trobot6_cir2_2wd.a(USBUART_1_cdc.o)
 .debug_aranges
                0x00000410       0x98 .\CortexM3\ARM_GCC_493\Release\trobot6_cir2_2wd.a(USBUART_1_drv.o)
 .debug_aranges
                0x000004a8       0x40 .\CortexM3\ARM_GCC_493\Release\trobot6_cir2_2wd.a(USBUART_1_episr.o)
 .debug_aranges
                0x000004e8       0x40 .\CortexM3\ARM_GCC_493\Release\trobot6_cir2_2wd.a(USBUART_1_pm.o)
 .debug_aranges
                0x00000528       0x80 .\CortexM3\ARM_GCC_493\Release\trobot6_cir2_2wd.a(USBUART_1_std.o)
 .debug_aranges
                0x000005a8       0x20 .\CortexM3\ARM_GCC_493\Release\trobot6_cir2_2wd.a(USBUART_1_vnd.o)
 .debug_aranges
                0x000005c8       0x80 .\CortexM3\ARM_GCC_493\Release\trobot6_cir2_2wd.a(sub_cycle_int.o)
 .debug_aranges
                0x00000648       0x38 .\CortexM3\ARM_GCC_493\Release\trobot6_cir2_2wd.a(P_out.o)
 .debug_aranges
                0x00000680       0x90 .\CortexM3\ARM_GCC_493\Release\trobot6_cir2_2wd.a(Timer_PWM.o)
 .debug_aranges
                0x00000710       0x90 .\CortexM3\ARM_GCC_493\Release\trobot6_cir2_2wd.a(Timer_cycle.o)
 .debug_aranges
                0x000007a0       0x38 .\CortexM3\ARM_GCC_493\Release\trobot6_cir2_2wd.a(FirstLine.o)
 .debug_aranges
                0x000007d8       0xa0 .\CortexM3\ARM_GCC_493\Release\trobot6_cir2_2wd.a(ADC_SAR_1.o)
 .debug_aranges
                0x00000878       0x20 .\CortexM3\ARM_GCC_493\Release\trobot6_cir2_2wd.a(ADC_SAR_1_INT.o)
 .debug_aranges
                0x00000898       0x30 .\CortexM3\ARM_GCC_493\Release\trobot6_cir2_2wd.a(AMux_1.o)
 .debug_aranges
                0x000008c8       0x58 .\CortexM3\ARM_GCC_493\Release\trobot6_cir2_2wd.a(VDAC8_1.o)
 .debug_aranges
                0x00000920       0x38 .\CortexM3\ARM_GCC_493\Release\trobot6_cir2_2wd.a(DieTemp_1.o)
 .debug_aranges
                0x00000958       0x38 .\CortexM3\ARM_GCC_493\Release\trobot6_cir2_2wd.a(P_out_1.o)
 .debug_aranges
                0x00000990       0x88 .\CortexM3\ARM_GCC_493\Release\trobot6_cir2_2wd.a(Timer_sub_cycle.o)
 .debug_aranges
                0x00000a18       0x38 .\CortexM3\ARM_GCC_493\Release\trobot6_cir2_2wd.a(P_out_2.o)
 .debug_aranges
                0x00000a50       0xd8 .\CortexM3\ARM_GCC_493\Release\trobot6_cir2_2wd.a(SPIM_1.o)
 .debug_aranges
                0x00000b28       0x28 .\CortexM3\ARM_GCC_493\Release\trobot6_cir2_2wd.a(SS0_B.o)
 .debug_aranges
                0x00000b50       0x28 .\CortexM3\ARM_GCC_493\Release\trobot6_cir2_2wd.a(motor_en_reg.o)
 .debug_aranges
                0x00000b78       0x28 .\CortexM3\ARM_GCC_493\Release\trobot6_cir2_2wd.a(motor_contl_reg_1.o)
 .debug_aranges
                0x00000ba0       0x40 .\CortexM3\ARM_GCC_493\Release\trobot6_cir2_2wd.a(BMP_SW.o)
 .debug_aranges
                0x00000be0       0x38 .\CortexM3\ARM_GCC_493\Release\trobot6_cir2_2wd.a(MOTOR_FAULT.o)
 .debug_aranges
                0x00000c18       0x48 .\CortexM3\ARM_GCC_493\Release\trobot6_cir2_2wd.a(USBUART_1_Dp.o)
 .debug_aranges
                0x00000c60       0x70 .\CortexM3\ARM_GCC_493\Release\trobot6_cir2_2wd.a(ADC_SAR_1_theACLK.o)
 .debug_aranges
                0x00000cd0       0x70 .\CortexM3\ARM_GCC_493\Release\trobot6_cir2_2wd.a(SPIM_1_IntClock.o)
 .debug_aranges
                0x00000d40       0x20 .\CortexM3\ARM_GCC_493\Release\trobot6_cir2_2wd.a(CyBootAsmGnu.o)
 .debug_aranges
                0x00000d60      0x290 .\CortexM3\ARM_GCC_493\Release\trobot6_cir2_2wd.a(CyLib.o)
 .debug_aranges
                0x00000ff0       0x78 .\CortexM3\ARM_GCC_493\Release\trobot6_cir2_2wd.a(cyPm.o)
 .debug_aranges
                0x00001068       0x78 .\CortexM3\ARM_GCC_493\Release\trobot6_cir2_2wd.a(CySpc.o)
 .debug_aranges
                0x000010e0       0xd8 .\CortexM3\ARM_GCC_493\Release\trobot6_cir2_2wd.a(SPIM_2.o)
 .debug_aranges
                0x000011b8       0x70 .\CortexM3\ARM_GCC_493\Release\trobot6_cir2_2wd.a(SPIM_2_IntClock.o)
 .debug_aranges
                0x00001228       0x38 .\CortexM3\ARM_GCC_493\Release\trobot6_cir2_2wd.a(dist8_SW_DET.o)
 .debug_aranges
                0x00001260       0x38 .\CortexM3\ARM_GCC_493\Release\trobot6_cir2_2wd.a(Sonr_TRG_x4.o)
 .debug_aranges
                0x00001298       0x20 .\CortexM3\ARM_GCC_493\Release\trobot6_cir2_2wd.a(USBUART_1_cls.o)
 .debug_aranges
                0x000012b8       0x18 .\CortexM3\ARM_GCC_493\Release\trobot6_cir2_2wd.a(USBUART_1_descr.o)
 .debug_aranges
                0x000012d0       0x70 .\CortexM3\ARM_GCC_493\Release\trobot6_cir2_2wd.a(CyFlash.o)

.debug_pubnames
 *(.debug_pubnames)

.debug_info     0x00000000     0xf4bb
 *(.debug_info .gnu.linkonce.wi.*)
 .debug_info    0x00000000     0x40fb .\CortexM3\ARM_GCC_493\Release\main.o
 .debug_info    0x000040fb      0xdc3 .\CortexM3\ARM_GCC_493\Release\Motor_Contl4_3.o
 .debug_info    0x00004ebe      0x1a4 .\CortexM3\ARM_GCC_493\Release\Motor_Contl4_3_data.o
 .debug_info    0x00005062      0x1a8 .\CortexM3\ARM_GCC_493\Release\SelfTest_CPU.o
 .debug_info    0x0000520a       0xd0 .\CortexM3\ARM_GCC_493\Release\SelfTest_CPU_asm.o
 .debug_info    0x000052da      0x13f .\CortexM3\ARM_GCC_493\Release\cymetadata.o
 .debug_info    0x00005419      0x39f .\CortexM3\ARM_GCC_493\Release\Cm3Start.o
 .debug_info    0x000057b8      0x805 .\CortexM3\ARM_GCC_493\Release\trobot6_cir2_2wd.a(cyfitter_cfg.o)
 .debug_info    0x00005fbd       0xd6 .\CortexM3\ARM_GCC_493\Release\trobot6_cir2_2wd.a(motor_contl_reg_0.o)
 .debug_info    0x00006093      0x9de .\CortexM3\ARM_GCC_493\Release\trobot6_cir2_2wd.a(USBUART_1.o)
 .debug_info    0x00006a71      0xae4 .\CortexM3\ARM_GCC_493\Release\trobot6_cir2_2wd.a(USBUART_1_cdc.o)
 .debug_info    0x00007555      0x68d .\CortexM3\ARM_GCC_493\Release\trobot6_cir2_2wd.a(USBUART_1_drv.o)
 .debug_info    0x00007be2      0x244 .\CortexM3\ARM_GCC_493\Release\trobot6_cir2_2wd.a(USBUART_1_episr.o)
 .debug_info    0x00007e26      0x2e8 .\CortexM3\ARM_GCC_493\Release\trobot6_cir2_2wd.a(USBUART_1_pm.o)
 .debug_info    0x0000810e      0xba8 .\CortexM3\ARM_GCC_493\Release\trobot6_cir2_2wd.a(USBUART_1_std.o)
 .debug_info    0x00008cb6      0x1b2 .\CortexM3\ARM_GCC_493\Release\trobot6_cir2_2wd.a(USBUART_1_vnd.o)
 .debug_info    0x00008e68      0x377 .\CortexM3\ARM_GCC_493\Release\trobot6_cir2_2wd.a(sub_cycle_int.o)
 .debug_info    0x000091df      0x121 .\CortexM3\ARM_GCC_493\Release\trobot6_cir2_2wd.a(P_out.o)
 .debug_info    0x00009300      0x32d .\CortexM3\ARM_GCC_493\Release\trobot6_cir2_2wd.a(Timer_PWM.o)
 .debug_info    0x0000962d      0x32d .\CortexM3\ARM_GCC_493\Release\trobot6_cir2_2wd.a(Timer_cycle.o)
 .debug_info    0x0000995a      0x121 .\CortexM3\ARM_GCC_493\Release\trobot6_cir2_2wd.a(FirstLine.o)
 .debug_info    0x00009a7b      0x5c9 .\CortexM3\ARM_GCC_493\Release\trobot6_cir2_2wd.a(ADC_SAR_1.o)
 .debug_info    0x0000a044       0x92 .\CortexM3\ARM_GCC_493\Release\trobot6_cir2_2wd.a(ADC_SAR_1_INT.o)
 .debug_info    0x0000a0d6      0x166 .\CortexM3\ARM_GCC_493\Release\trobot6_cir2_2wd.a(AMux_1.o)
 .debug_info    0x0000a23c      0x1f9 .\CortexM3\ARM_GCC_493\Release\trobot6_cir2_2wd.a(VDAC8_1.o)
 .debug_info    0x0000a435      0x312 .\CortexM3\ARM_GCC_493\Release\trobot6_cir2_2wd.a(DieTemp_1.o)
 .debug_info    0x0000a747      0x121 .\CortexM3\ARM_GCC_493\Release\trobot6_cir2_2wd.a(P_out_1.o)
 .debug_info    0x0000a868      0x2e7 .\CortexM3\ARM_GCC_493\Release\trobot6_cir2_2wd.a(Timer_sub_cycle.o)
 .debug_info    0x0000ab4f      0x121 .\CortexM3\ARM_GCC_493\Release\trobot6_cir2_2wd.a(P_out_2.o)
 .debug_info    0x0000ac70      0x535 .\CortexM3\ARM_GCC_493\Release\trobot6_cir2_2wd.a(SPIM_1.o)
 .debug_info    0x0000b1a5       0xd6 .\CortexM3\ARM_GCC_493\Release\trobot6_cir2_2wd.a(SS0_B.o)
 .debug_info    0x0000b27b       0xd6 .\CortexM3\ARM_GCC_493\Release\trobot6_cir2_2wd.a(motor_en_reg.o)
 .debug_info    0x0000b351       0xd6 .\CortexM3\ARM_GCC_493\Release\trobot6_cir2_2wd.a(motor_contl_reg_1.o)
 .debug_info    0x0000b427      0x178 .\CortexM3\ARM_GCC_493\Release\trobot6_cir2_2wd.a(BMP_SW.o)
 .debug_info    0x0000b59f      0x121 .\CortexM3\ARM_GCC_493\Release\trobot6_cir2_2wd.a(MOTOR_FAULT.o)
 .debug_info    0x0000b6c0      0x174 .\CortexM3\ARM_GCC_493\Release\trobot6_cir2_2wd.a(USBUART_1_Dp.o)
 .debug_info    0x0000b834      0x29d .\CortexM3\ARM_GCC_493\Release\trobot6_cir2_2wd.a(ADC_SAR_1_theACLK.o)
 .debug_info    0x0000bad1      0x29d .\CortexM3\ARM_GCC_493\Release\trobot6_cir2_2wd.a(SPIM_1_IntClock.o)
 .debug_info    0x0000bd6e       0x93 .\CortexM3\ARM_GCC_493\Release\trobot6_cir2_2wd.a(CyBootAsmGnu.o)
 .debug_info    0x0000be01     0x133c .\CortexM3\ARM_GCC_493\Release\trobot6_cir2_2wd.a(CyLib.o)
 .debug_info    0x0000d13d      0x9a5 .\CortexM3\ARM_GCC_493\Release\trobot6_cir2_2wd.a(cyPm.o)
 .debug_info    0x0000dae2      0x4ea .\CortexM3\ARM_GCC_493\Release\trobot6_cir2_2wd.a(CySpc.o)
 .debug_info    0x0000dfcc      0x51c .\CortexM3\ARM_GCC_493\Release\trobot6_cir2_2wd.a(SPIM_2.o)
 .debug_info    0x0000e4e8      0x29d .\CortexM3\ARM_GCC_493\Release\trobot6_cir2_2wd.a(SPIM_2_IntClock.o)
 .debug_info    0x0000e785      0x121 .\CortexM3\ARM_GCC_493\Release\trobot6_cir2_2wd.a(dist8_SW_DET.o)
 .debug_info    0x0000e8a6      0x121 .\CortexM3\ARM_GCC_493\Release\trobot6_cir2_2wd.a(Sonr_TRG_x4.o)
 .debug_info    0x0000e9c7      0x1cf .\CortexM3\ARM_GCC_493\Release\trobot6_cir2_2wd.a(USBUART_1_cls.o)
 .debug_info    0x0000eb96      0x2cb .\CortexM3\ARM_GCC_493\Release\trobot6_cir2_2wd.a(USBUART_1_descr.o)
 .debug_info    0x0000ee61      0x65a .\CortexM3\ARM_GCC_493\Release\trobot6_cir2_2wd.a(CyFlash.o)

.debug_abbrev   0x00000000     0x4399
 *(.debug_abbrev)
 .debug_abbrev  0x00000000      0x3ba .\CortexM3\ARM_GCC_493\Release\main.o
 .debug_abbrev  0x000003ba      0x241 .\CortexM3\ARM_GCC_493\Release\Motor_Contl4_3.o
 .debug_abbrev  0x000005fb       0x62 .\CortexM3\ARM_GCC_493\Release\Motor_Contl4_3_data.o
 .debug_abbrev  0x0000065d       0xda .\CortexM3\ARM_GCC_493\Release\SelfTest_CPU.o
 .debug_abbrev  0x00000737       0x76 .\CortexM3\ARM_GCC_493\Release\SelfTest_CPU_asm.o
 .debug_abbrev  0x000007ad       0x77 .\CortexM3\ARM_GCC_493\Release\cymetadata.o
 .debug_abbrev  0x00000824      0x200 .\CortexM3\ARM_GCC_493\Release\Cm3Start.o
 .debug_abbrev  0x00000a24      0x2c9 .\CortexM3\ARM_GCC_493\Release\trobot6_cir2_2wd.a(cyfitter_cfg.o)
 .debug_abbrev  0x00000ced       0x81 .\CortexM3\ARM_GCC_493\Release\trobot6_cir2_2wd.a(motor_contl_reg_0.o)
 .debug_abbrev  0x00000d6e      0x2cf .\CortexM3\ARM_GCC_493\Release\trobot6_cir2_2wd.a(USBUART_1.o)
 .debug_abbrev  0x0000103d      0x2ef .\CortexM3\ARM_GCC_493\Release\trobot6_cir2_2wd.a(USBUART_1_cdc.o)
 .debug_abbrev  0x0000132c      0x1ff .\CortexM3\ARM_GCC_493\Release\trobot6_cir2_2wd.a(USBUART_1_drv.o)
 .debug_abbrev  0x0000152b      0x11e .\CortexM3\ARM_GCC_493\Release\trobot6_cir2_2wd.a(USBUART_1_episr.o)
 .debug_abbrev  0x00001649      0x149 .\CortexM3\ARM_GCC_493\Release\trobot6_cir2_2wd.a(USBUART_1_pm.o)
 .debug_abbrev  0x00001792      0x2ec .\CortexM3\ARM_GCC_493\Release\trobot6_cir2_2wd.a(USBUART_1_std.o)
 .debug_abbrev  0x00001a7e       0xe6 .\CortexM3\ARM_GCC_493\Release\trobot6_cir2_2wd.a(USBUART_1_vnd.o)
 .debug_abbrev  0x00001b64      0x21b .\CortexM3\ARM_GCC_493\Release\trobot6_cir2_2wd.a(sub_cycle_int.o)
 .debug_abbrev  0x00001d7f       0x90 .\CortexM3\ARM_GCC_493\Release\trobot6_cir2_2wd.a(P_out.o)
 .debug_abbrev  0x00001e0f      0x1c7 .\CortexM3\ARM_GCC_493\Release\trobot6_cir2_2wd.a(Timer_PWM.o)
 .debug_abbrev  0x00001fd6      0x1c7 .\CortexM3\ARM_GCC_493\Release\trobot6_cir2_2wd.a(Timer_cycle.o)
 .debug_abbrev  0x0000219d       0x90 .\CortexM3\ARM_GCC_493\Release\trobot6_cir2_2wd.a(FirstLine.o)
 .debug_abbrev  0x0000222d      0x225 .\CortexM3\ARM_GCC_493\Release\trobot6_cir2_2wd.a(ADC_SAR_1.o)
 .debug_abbrev  0x00002452       0x42 .\CortexM3\ARM_GCC_493\Release\trobot6_cir2_2wd.a(ADC_SAR_1_INT.o)
 .debug_abbrev  0x00002494       0xcb .\CortexM3\ARM_GCC_493\Release\trobot6_cir2_2wd.a(AMux_1.o)
 .debug_abbrev  0x0000255f      0x14e .\CortexM3\ARM_GCC_493\Release\trobot6_cir2_2wd.a(VDAC8_1.o)
 .debug_abbrev  0x000026ad      0x1ce .\CortexM3\ARM_GCC_493\Release\trobot6_cir2_2wd.a(DieTemp_1.o)
 .debug_abbrev  0x0000287b       0x90 .\CortexM3\ARM_GCC_493\Release\trobot6_cir2_2wd.a(P_out_1.o)
 .debug_abbrev  0x0000290b      0x18a .\CortexM3\ARM_GCC_493\Release\trobot6_cir2_2wd.a(Timer_sub_cycle.o)
 .debug_abbrev  0x00002a95       0x90 .\CortexM3\ARM_GCC_493\Release\trobot6_cir2_2wd.a(P_out_2.o)
 .debug_abbrev  0x00002b25      0x1f7 .\CortexM3\ARM_GCC_493\Release\trobot6_cir2_2wd.a(SPIM_1.o)
 .debug_abbrev  0x00002d1c       0x81 .\CortexM3\ARM_GCC_493\Release\trobot6_cir2_2wd.a(SS0_B.o)
 .debug_abbrev  0x00002d9d       0x81 .\CortexM3\ARM_GCC_493\Release\trobot6_cir2_2wd.a(motor_en_reg.o)
 .debug_abbrev  0x00002e1e       0x81 .\CortexM3\ARM_GCC_493\Release\trobot6_cir2_2wd.a(motor_contl_reg_1.o)
 .debug_abbrev  0x00002e9f       0xd4 .\CortexM3\ARM_GCC_493\Release\trobot6_cir2_2wd.a(BMP_SW.o)
 .debug_abbrev  0x00002f73       0x90 .\CortexM3\ARM_GCC_493\Release\trobot6_cir2_2wd.a(MOTOR_FAULT.o)
 .debug_abbrev  0x00003003       0x9f .\CortexM3\ARM_GCC_493\Release\trobot6_cir2_2wd.a(USBUART_1_Dp.o)
 .debug_abbrev  0x000030a2      0x144 .\CortexM3\ARM_GCC_493\Release\trobot6_cir2_2wd.a(ADC_SAR_1_theACLK.o)
 .debug_abbrev  0x000031e6      0x144 .\CortexM3\ARM_GCC_493\Release\trobot6_cir2_2wd.a(SPIM_1_IntClock.o)
 .debug_abbrev  0x0000332a       0x14 .\CortexM3\ARM_GCC_493\Release\trobot6_cir2_2wd.a(CyBootAsmGnu.o)
 .debug_abbrev  0x0000333e      0x3c9 .\CortexM3\ARM_GCC_493\Release\trobot6_cir2_2wd.a(CyLib.o)
 .debug_abbrev  0x00003707      0x217 .\CortexM3\ARM_GCC_493\Release\trobot6_cir2_2wd.a(cyPm.o)
 .debug_abbrev  0x0000391e      0x1cf .\CortexM3\ARM_GCC_493\Release\trobot6_cir2_2wd.a(CySpc.o)
 .debug_abbrev  0x00003aed      0x211 .\CortexM3\ARM_GCC_493\Release\trobot6_cir2_2wd.a(SPIM_2.o)
 .debug_abbrev  0x00003cfe      0x144 .\CortexM3\ARM_GCC_493\Release\trobot6_cir2_2wd.a(SPIM_2_IntClock.o)
 .debug_abbrev  0x00003e42       0x90 .\CortexM3\ARM_GCC_493\Release\trobot6_cir2_2wd.a(dist8_SW_DET.o)
 .debug_abbrev  0x00003ed2       0x90 .\CortexM3\ARM_GCC_493\Release\trobot6_cir2_2wd.a(Sonr_TRG_x4.o)
 .debug_abbrev  0x00003f62       0xf5 .\CortexM3\ARM_GCC_493\Release\trobot6_cir2_2wd.a(USBUART_1_cls.o)
 .debug_abbrev  0x00004057       0xb4 .\CortexM3\ARM_GCC_493\Release\trobot6_cir2_2wd.a(USBUART_1_descr.o)
 .debug_abbrev  0x0000410b      0x28e .\CortexM3\ARM_GCC_493\Release\trobot6_cir2_2wd.a(CyFlash.o)

.debug_line     0x00000000     0x558b
 *(.debug_line)
 .debug_line    0x00000000      0xeeb .\CortexM3\ARM_GCC_493\Release\main.o
 .debug_line    0x00000eeb      0x1f1 .\CortexM3\ARM_GCC_493\Release\Motor_Contl4_3.o
 .debug_line    0x000010dc       0x7a .\CortexM3\ARM_GCC_493\Release\Motor_Contl4_3_data.o
 .debug_line    0x00001156      0x1ea .\CortexM3\ARM_GCC_493\Release\SelfTest_CPU.o
 .debug_line    0x00001340      0x17a .\CortexM3\ARM_GCC_493\Release\SelfTest_CPU_asm.o
 .debug_line    0x000014ba       0x53 .\CortexM3\ARM_GCC_493\Release\cymetadata.o
 .debug_line    0x0000150d      0x21e .\CortexM3\ARM_GCC_493\Release\Cm3Start.o
 .debug_line    0x0000172b      0x20c .\CortexM3\ARM_GCC_493\Release\trobot6_cir2_2wd.a(cyfitter_cfg.o)
 .debug_line    0x00001937       0x7b .\CortexM3\ARM_GCC_493\Release\trobot6_cir2_2wd.a(motor_contl_reg_0.o)
 .debug_line    0x000019b2      0x2f2 .\CortexM3\ARM_GCC_493\Release\trobot6_cir2_2wd.a(USBUART_1.o)
 .debug_line    0x00001ca4      0x2f8 .\CortexM3\ARM_GCC_493\Release\trobot6_cir2_2wd.a(USBUART_1_cdc.o)
 .debug_line    0x00001f9c      0x237 .\CortexM3\ARM_GCC_493\Release\trobot6_cir2_2wd.a(USBUART_1_drv.o)
 .debug_line    0x000021d3       0xed .\CortexM3\ARM_GCC_493\Release\trobot6_cir2_2wd.a(USBUART_1_episr.o)
 .debug_line    0x000022c0      0x149 .\CortexM3\ARM_GCC_493\Release\trobot6_cir2_2wd.a(USBUART_1_pm.o)
 .debug_line    0x00002409      0x3a5 .\CortexM3\ARM_GCC_493\Release\trobot6_cir2_2wd.a(USBUART_1_std.o)
 .debug_line    0x000027ae       0x8f .\CortexM3\ARM_GCC_493\Release\trobot6_cir2_2wd.a(USBUART_1_vnd.o)
 .debug_line    0x0000283d      0x176 .\CortexM3\ARM_GCC_493\Release\trobot6_cir2_2wd.a(sub_cycle_int.o)
 .debug_line    0x000029b3       0x97 .\CortexM3\ARM_GCC_493\Release\trobot6_cir2_2wd.a(P_out.o)
 .debug_line    0x00002a4a      0x191 .\CortexM3\ARM_GCC_493\Release\trobot6_cir2_2wd.a(Timer_PWM.o)
 .debug_line    0x00002bdb      0x193 .\CortexM3\ARM_GCC_493\Release\trobot6_cir2_2wd.a(Timer_cycle.o)
 .debug_line    0x00002d6e       0x9c .\CortexM3\ARM_GCC_493\Release\trobot6_cir2_2wd.a(FirstLine.o)
 .debug_line    0x00002e0a      0x221 .\CortexM3\ARM_GCC_493\Release\trobot6_cir2_2wd.a(ADC_SAR_1.o)
 .debug_line    0x0000302b       0x58 .\CortexM3\ARM_GCC_493\Release\trobot6_cir2_2wd.a(ADC_SAR_1_INT.o)
 .debug_line    0x00003083       0xa8 .\CortexM3\ARM_GCC_493\Release\trobot6_cir2_2wd.a(AMux_1.o)
 .debug_line    0x0000312b       0xf6 .\CortexM3\ARM_GCC_493\Release\trobot6_cir2_2wd.a(VDAC8_1.o)
 .debug_line    0x00003221       0xf0 .\CortexM3\ARM_GCC_493\Release\trobot6_cir2_2wd.a(DieTemp_1.o)
 .debug_line    0x00003311       0x9b .\CortexM3\ARM_GCC_493\Release\trobot6_cir2_2wd.a(P_out_1.o)
 .debug_line    0x000033ac      0x16d .\CortexM3\ARM_GCC_493\Release\trobot6_cir2_2wd.a(Timer_sub_cycle.o)
 .debug_line    0x00003519       0x97 .\CortexM3\ARM_GCC_493\Release\trobot6_cir2_2wd.a(P_out_2.o)
 .debug_line    0x000035b0      0x26e .\CortexM3\ARM_GCC_493\Release\trobot6_cir2_2wd.a(SPIM_1.o)
 .debug_line    0x0000381e       0x6f .\CortexM3\ARM_GCC_493\Release\trobot6_cir2_2wd.a(SS0_B.o)
 .debug_line    0x0000388d       0x76 .\CortexM3\ARM_GCC_493\Release\trobot6_cir2_2wd.a(motor_en_reg.o)
 .debug_line    0x00003903       0x7b .\CortexM3\ARM_GCC_493\Release\trobot6_cir2_2wd.a(motor_contl_reg_1.o)
 .debug_line    0x0000397e       0xb5 .\CortexM3\ARM_GCC_493\Release\trobot6_cir2_2wd.a(BMP_SW.o)
 .debug_line    0x00003a33       0x9c .\CortexM3\ARM_GCC_493\Release\trobot6_cir2_2wd.a(MOTOR_FAULT.o)
 .debug_line    0x00003acf       0xc3 .\CortexM3\ARM_GCC_493\Release\trobot6_cir2_2wd.a(USBUART_1_Dp.o)
 .debug_line    0x00003b92      0x1d1 .\CortexM3\ARM_GCC_493\Release\trobot6_cir2_2wd.a(ADC_SAR_1_theACLK.o)
 .debug_line    0x00003d63      0x1cf .\CortexM3\ARM_GCC_493\Release\trobot6_cir2_2wd.a(SPIM_1_IntClock.o)
 .debug_line    0x00003f32       0x68 .\CortexM3\ARM_GCC_493\Release\trobot6_cir2_2wd.a(CyBootAsmGnu.o)
 .debug_line    0x00003f9a      0x7e9 .\CortexM3\ARM_GCC_493\Release\trobot6_cir2_2wd.a(CyLib.o)
 .debug_line    0x00004783      0x3b3 .\CortexM3\ARM_GCC_493\Release\trobot6_cir2_2wd.a(cyPm.o)
 .debug_line    0x00004b36      0x224 .\CortexM3\ARM_GCC_493\Release\trobot6_cir2_2wd.a(CySpc.o)
 .debug_line    0x00004d5a      0x262 .\CortexM3\ARM_GCC_493\Release\trobot6_cir2_2wd.a(SPIM_2.o)
 .debug_line    0x00004fbc      0x1cf .\CortexM3\ARM_GCC_493\Release\trobot6_cir2_2wd.a(SPIM_2_IntClock.o)
 .debug_line    0x0000518b       0x9f .\CortexM3\ARM_GCC_493\Release\trobot6_cir2_2wd.a(dist8_SW_DET.o)
 .debug_line    0x0000522a       0x9e .\CortexM3\ARM_GCC_493\Release\trobot6_cir2_2wd.a(Sonr_TRG_x4.o)
 .debug_line    0x000052c8       0x9a .\CortexM3\ARM_GCC_493\Release\trobot6_cir2_2wd.a(USBUART_1_cls.o)
 .debug_line    0x00005362       0x67 .\CortexM3\ARM_GCC_493\Release\trobot6_cir2_2wd.a(USBUART_1_descr.o)
 .debug_line    0x000053c9      0x1c2 .\CortexM3\ARM_GCC_493\Release\trobot6_cir2_2wd.a(CyFlash.o)

.debug_frame    0x00000000     0x2f2c
 *(.debug_frame)
 .debug_frame   0x00000000      0x4f0 .\CortexM3\ARM_GCC_493\Release\main.o
 .debug_frame   0x000004f0       0xa4 .\CortexM3\ARM_GCC_493\Release\Motor_Contl4_3.o
 .debug_frame   0x00000594       0x60 .\CortexM3\ARM_GCC_493\Release\SelfTest_CPU.o
 .debug_frame   0x000005f4       0x20 .\CortexM3\ARM_GCC_493\Release\SelfTest_CPU_asm.o
 .debug_frame   0x00000614       0xac .\CortexM3\ARM_GCC_493\Release\Cm3Start.o
 .debug_frame   0x000006c0       0x80 .\CortexM3\ARM_GCC_493\Release\trobot6_cir2_2wd.a(cyfitter_cfg.o)
 .debug_frame   0x00000740       0x30 .\CortexM3\ARM_GCC_493\Release\trobot6_cir2_2wd.a(motor_contl_reg_0.o)
 .debug_frame   0x00000770      0x1f0 .\CortexM3\ARM_GCC_493\Release\trobot6_cir2_2wd.a(USBUART_1.o)
 .debug_frame   0x00000960      0x280 .\CortexM3\ARM_GCC_493\Release\trobot6_cir2_2wd.a(USBUART_1_cdc.o)
 .debug_frame   0x00000be0      0x19c .\CortexM3\ARM_GCC_493\Release\trobot6_cir2_2wd.a(USBUART_1_drv.o)
 .debug_frame   0x00000d7c       0x60 .\CortexM3\ARM_GCC_493\Release\trobot6_cir2_2wd.a(USBUART_1_episr.o)